command: yarn test
exit: 0
at: 2026-10-05T01:31:58Z
head: cc7b27dcacf3ef4b83c740e31a4ae3d79e19de96
tests: 134
---

   • turbo 2.11.6
   • Packages in scope: @pem/auth, @pem/brand, @pem/catalog, @pem/config, @pem/constants, @pem/db, @pem/email, @pem/env, @pem/observability, @pem/services, @pem/ui, @pem/validators, docs, web
   • Running test in 14 packages
   • Remote caching disabled

cache miss, executing 1174f84e9de57cb8
cache hit, replaying logs 6ef119bceda7d959
cache hit, replaying logs 5e77f193db959013
cache hit, replaying logs 849504f249227d6b
cache hit, replaying logs aa384e5d27aadcd2
cache hit, replaying logs ef64d0e4184780c1
cache hit, replaying logs dcba7b99ae836aa9
TAP version 13
# Subtest: C1: brand.ts theme colours equal the preset's values
ok 1 - C1: brand.ts theme colours equal the preset's values
  ---
  duration_ms: 0.986208
  type: 'test'
  ...
# Subtest: C1: a changed preset value is a mismatch
ok 2 - C1: a changed preset value is a mismatch
  ---
  duration_ms: 0.198417
  type: 'test'
  ...
# Subtest: C1: a changed brand.ts value is a mismatch
ok 3 - C1: a changed brand.ts value is a mismatch
  ---
  duration_ms: 0.727709
  type: 'test'
  ...
# Subtest: every asset path in brand.ts exists in the package
ok 4 - every asset path in brand.ts exists in the package
  ---
  duration_ms: 0.14525
  type: 'test'
  ...
# Subtest: white, black and the sRGB primaries
ok 5 - white, black and the sRGB primaries
  ---
  duration_ms: 0.653583
  type: 'test'
  ...
# Subtest: lightness as a percentage, and an alpha, are accepted
ok 6 - lightness as a percentage, and an alpha, are accepted
  ---
  duration_ms: 0.075125
  type: 'test'
  ...
# Subtest: the preset's neutral steps
ok 7 - the preset's neutral steps
  ---
  duration_ms: 0.135625
  type: 'test'
  ...
# Subtest: anything but oklch() is refused
ok 8 - anything but oklch() is refused
  ---
  duration_ms: 0.194209
  type: 'test'
  ...
1..8
# tests 8
# suites 0
# pass 8
# fail 0
# cancelled 0
# skipped 0
# todo 0
# duration_ms 69.837625
TAP version 13
# Subtest: C2: a live-mode key on local or staging fails with the variable named
ok 1 - C2: a live-mode key on local or staging fails with the variable named
  ---
  duration_ms: 0.59375
  type: 'test'
  ...
cache hit, replaying logs c41a0020c0637068
# Subtest: C2: a test-mode key on production fails with the variable named
ok 2 - C2: a test-mode key on production fails with the variable named
  ---
  duration_ms: 0.082709
  type: 'test'
  ...
# Subtest: C2: matching modes pass
TAP version 13
TAP version 13
TAP version 13
# Subtest: the admin client holds no session: nothing persisted, refreshed or read from a URL
TAP version 13
# Subtest: each kind of DDL or write against auth is caught
ok 1 - each kind of DDL or write against auth is caught
# Subtest: C2: an empty or whitespace body fails on body
  ---
ok 3 - C2: matching modes pass
  ---
  duration_ms: 0.078083
  type: 'test'
  ...
# Subtest: C2: a key with no mode prefix fails on every tier
  duration_ms: 1.110875
ok 1 - the admin client holds no session: nothing persisted, refreshed or read from a URL
  type: 'test'
  ---
ok 1 - C2: an empty or whitespace body fails on body
ok 4 - C2: a key with no mode prefix fails on every tier
  ---
  duration_ms: 0.172125
  ...
  type: 'test'
  ...
# Subtest: public names pass, and unset values are left out
ok 5 - public names pass, and unset values are left out
# Subtest: a foreign key to auth.users and a call to auth.uid() are allowed
ok 2 - a foreign key to auth.users and a call to auth.uid() are allowed
  ---
  duration_ms: 0.072708
  type: 'test'
  ...
# Subtest: a migration with DDL against auth fails, numbered by statement
ok 3 - a migration with DDL against auth fails, numbered by statement
  ---
  duration_ms: 0.666541
cache hit, replaying logs 25d403db458402fe
  ---
  duration_ms: 0.919167
  type: 'test'
  ...
# Subtest: a server-only name is refused, by name
ok 6 - a server-only name is refused, by name
  ---
  duration_ms: 0.243833
  type: 'test'
  ...
# Subtest: C1: each tier reads its own variable
ok 7 - C1: each tier reads its own variable
  ---
  duration_ms: 0.475417
  type: 'test'
  ...
# Subtest: C1: a tier whose own value is absent or empty reads the unsuffixed value
ok 8 - C1: a tier whose own value is absent or empty reads the unsuffixed value
  ---
  duration_ms: 0.090792
  type: 'test'
  ...
# Subtest: C1: nothing set picks undefined
  type: 'test'
  ...
  ---
  duration_ms: 1.991
  type: 'test'
  ...
# Subtest: C2: a body over the limit fails on body
ok 2 - C2: a body over the limit fails on body
  ---
  duration_ms: 0.24
  type: 'test'
  ...
# Subtest: C2: a malformed id fails on id; a list limit out of range fails on limit
# Subtest: C1: getNote throws NotFound when the scoped db withholds the row
  duration_ms: 15.026958
TAP version 13
# Subtest: track is a no-op until a vendor is wired
ok 9 - C1: nothing set picks undefined
ok 1 - C1: getNote throws NotFound when the scoped db withholds the row
  ---
  duration_ms: 4.88175
  type: 'test'
  ...
# Subtest: C1: createNote throws Forbidden when a policy rejects the insert
ok 2 - C1: createNote throws Forbidden when a policy rejects the insert
  ---
  duration_ms: 1.09025
  type: 'test'
  ...
  ---
  duration_ms: 0.066042
  type: 'test'
  ...
# Subtest: C1: production never reads a suffixed value
ok 10 - C1: production never reads a suffixed value
  ---
  duration_ms: 0.05625
  type: 'test'
  ...
# Subtest: C1: the suffix grammar names each form
ok 11 - C1: the suffix grammar names each form
  ---
  duration_ms: 0.367875
  type: 'test'
  ...
# Subtest: C1: the switch defaults to local, never production, and names itself when wrong
ok 12 - C1: the switch defaults to local, never production, and names itself when wrong
  ---
  duration_ms: 0.214333
# Subtest: the generated migration set passes, and it does reference auth.users
ok 4 - the generated migration set passes, and it does reference auth.users
  type: 'test'
ok 1 - track is a no-op until a vendor is wired
ok 3 - C2: a malformed id fails on id; a list limit out of range fails on limit
  type: 'test'
  ---
  ...
  duration_ms: 0.707375
  type: 'test'
  ...
  ---
# Subtest: only the local auth mirror writes to auth.users
  duration_ms: 0.5395
ok 5 - only the local auth mirror writes to auth.users
  ---
  duration_ms: 7.478334
  type: 'test'
  ...
# Subtest: C1: a policy refusal wrapped by drizzle is still Forbidden
ok 3 - C1: a policy refusal wrapped by drizzle is still Forbidden
  ---
  ---
# Subtest: outside a deployment the site URL is localhost, whatever is configured
  duration_ms: 0.358583
  type: 'test'
TAP version 13
ok 13 - outside a deployment the site URL is localhost, whatever is configured
  ---
  duration_ms: 0.598041
  type: 'test'
  ...
# Subtest: C2: the HTML part carries the brand's name, support address, home URL and colours
ok 1 - C2: the HTML part carries the brand's name, support address, home URL and colours
  ---
  duration_ms: 0.672042
  type: 'test'
  ...
# Subtest: C1: createNote writes the caller as owner and returns the note
ok 4 - C1: createNote writes the caller as owner and returns the note
  ---
# Subtest: the pattern catches each kind of write
  duration_ms: 0.466417
ok 6 - the pattern catches each kind of write
  type: 'test'
  ---
  ...
  ...
  duration_ms: 0.13075
# Subtest: every subpath is classed as client-safe or server
# Subtest: in a deployment the configured URL is used, without a trailing slash
  type: 'test'
  duration_ms: 0.806125
ok 2 - every subpath is classed as client-safe or server
  type: 'test'
# Subtest: C2: the text part carries the brand and the action as a link
  ...
# Subtest: C1: logger.error passes the error, tags and user id to the registered reporter
ok 2 - C2: the text part carries the brand and the action as a link
  ...
  type: 'test'
ok 2 - C1: logger.error passes the error, tags and user id to the registered reporter
ok 14 - in a deployment the configured URL is used, without a trailing slash
  ---
  duration_ms: 0.135958
  ...
  ---
# Subtest: seedLocalUsers
    # Subtest: refuses a non-loopback auth URL before sending anything
  duration_ms: 0.922292
  type: 'test'
  ---
  duration_ms: 0.1215
  ---
  type: 'test'
  duration_ms: 1.978875
  ...
  ...
# Subtest: C2: every caller value is escaped
  type: 'test'
  type: 'test'
  ...
ok 3 - C2: every caller value is escaped
1..14
  ---
  ...
  duration_ms: 0.131791
  type: 'test'
  ...
# Subtest: C2: an action URL that is not http(s) is refused
# Subtest: ./config reaches no server module, built-in or workspace package
ok 4 - C2: an action URL that is not http(s) is refused
ok 3 - ./config reaches no server module, built-in or workspace package
    ok 1 - refuses a non-loopback auth URL before sending anything
  ...
  ---
# tests 14
  duration_ms: 0.508709
# suites 0
# pass 14
# Subtest: C1: getNote returns the row the scoped db shows; listNotes returns the list
      ---
ok 5 - C1: getNote returns the row the scoped db shows; listNotes returns the list
  ---
  duration_ms: 0.843833
# Subtest: C1: logger.error with no error hands the reporter one named for the event
  type: 'test'
  ...
      duration_ms: 0.925542
  ---
  duration_ms: 0.201084
# fail 0
  type: 'test'
# cancelled 0
  ...
# skipped 0
# Subtest: C2: no source file in @pem/email writes a brand value or a colour literal
      type: 'test'
ok 5 - C2: no source file in @pem/email writes a brand value or a colour literal
      ...
  ---
  type: 'test'
  duration_ms: 0.860292
  ...
# Subtest: valid input parses, trimmed and defaulted
# Subtest: C2: invalid input throws Invalid naming the field, before any query
ok 4 - valid input parses, trimmed and defaulted
  ---
# Subtest: ./browser reaches no server module, built-in or workspace package
  duration_ms: 0.215208
ok 4 - ./browser reaches no server module, built-in or workspace package
  type: 'test'
  ---
  ...
  duration_ms: 0.480375
1..4
  type: 'test'
    # Subtest: refuses a missing service-role key before sending anything
    ok 2 - refuses a missing service-role key before sending anything
      ---
# todo 0
      duration_ms: 0.14275
      type: 'test'
      ...
    # Subtest: creates each synthetic user through the local admin API
    ok 3 - creates each synthetic user through the local admin API
      ---
ok 3 - C1: logger.error with no error hands the reporter one named for the event
  ...
  ---
# tests 4
  type: 'test'
      duration_ms: 15.014791
  ...
      type: 'test'
# Subtest: C2: a subject with a line break stays one header line
      ...
    # Subtest: treats an existing email as done
# Subtest: ./redirect reaches no server module, built-in or workspace package
    ok 4 - treats an existing email as done
      ---
ok 6 - C2: a subject with a line break stays one header line
# duration_ms 74.684875
# suites 0
ok 5 - ./redirect reaches no server module, built-in or workspace package
# pass 4
  ---
# fail 0
# cancelled 0
# skipped 0
# todo 0
  duration_ms: 0.204209
# duration_ms 136.008209
  type: 'test'
  ---
  duration_ms: 0.513584
  type: 'test'
  ...
ok 6 - C2: invalid input throws Invalid naming the field, before any query
      duration_ms: 0.951958
      type: 'test'
      ...
# Subtest: C1: a send on the local tier logs the rendered message and does not call the vendor
    1..4
ok 7 - C1: a send on the local tier logs the rendered message and does not call the vendor
  ---
  ...
ok 7 - seedLocalUsers
# Subtest: C1: a reporter that throws is swallowed, and the line still prints
  duration_ms: 1.205667
ok 4 - C1: a reporter that throws is swallowed, and the line still prints
  duration_ms: 0.274916
  type: 'test'
  ---
  ...
  duration_ms: 0.6225
# Subtest: the walk sees a server import when there is one
  ---
ok 6 - the walk sees a server import when there is one
  ---
  duration_ms: 1.001625
  type: 'test'
  type: 'test'
  ...
# Subtest: ./server is marked server-only, so a client component cannot import it
ok 7 - ./server is marked server-only, so a client component cannot import it
  ---
  type: 'test'
  ...
# Subtest: an error that is no domain error is not turned into one
ok 7 - an error that is no domain error is not turned into one
  ---
  duration_ms: 0.705333
  type: 'test'
  ...
  duration_ms: 0.824541
  ---
  ...
  duration_ms: 0.113542
# Subtest: C1: a dashboard template on the local tier logs its id and variable names, not their values
  duration_ms: 17.643709
  type: 'suite'
  type: 'test'
  ...
  type: 'test'
  ...
1..7
# tests 7
# suites 0
# Subtest: C1: a reporter that rejects is swallowed
# Subtest: db:local:reset
# pass 7
# fail 0
# cancelled 0
# skipped 0
# todo 0
# duration_ms 430.27225
    # Subtest: refuses staging before resolving a URL
  ...
# Subtest: ./admin is marked server-only, so a client component cannot import it
ok 8 - ./admin is marked server-only, so a client component cannot import it
  ---
  duration_ms: 0.140042
  type: 'test'
  ...
# Subtest: ./session is marked server-only, so a client component cannot import it
ok 9 - ./session is marked server-only, so a client component cannot import it
  ---
  duration_ms: 0.076708
ok 5 - C1: a reporter that rejects is swallowed
  type: 'test'
  ...
# Subtest: ./context is marked server-only, so a client component cannot import it
ok 10 - ./context is marked server-only, so a client component cannot import it
    ok 1 - refuses staging before resolving a URL
ok 8 - C1: a dashboard template on the local tier logs its id and variable names, not their values
  ---
      ---
      duration_ms: 312.221125
      type: 'test'
      ...
    # Subtest: refuses staging before connecting, with its URLs set
    ok 2 - refuses staging before connecting, with its URLs set
      ---
      duration_ms: 283.854416
      type: 'test'
      ...
    # Subtest: refuses production before resolving a URL
    ok 3 - refuses production before resolving a URL
  duration_ms: 0.300583
  type: 'test'
  ...
# Subtest: a secret key in the public slot is refused, naming the variable
  ---
  duration_ms: 2.879958
      ---
  type: 'test'
  ...
# Subtest: C1: the default reporter is a no-op
ok 6 - C1: the default reporter is a no-op
  ---
  duration_ms: 0.110625
  type: 'test'
      duration_ms: 313.202375
  ...
ok 11 - a secret key in the public slot is refused, naming the variable
# Subtest: C1: the local tier needs no key
ok 9 - C1: the local tier needs no key
  ---
  duration_ms: 0.421458
  type: 'test'
  ...
# Subtest: C2: a secret-like key is redacted at any depth, whatever its case
ok 7 - C2: a secret-like key is redacted at any depth, whatever its case
  ---
  duration_ms: 0.283666
      type: 'test'
      ...
    # Subtest: refuses production before connecting, with its URLs set
    ok 4 - refuses production before connecting, with its URLs set
      ---
  ---
  ---
  duration_ms: 0.078416
  duration_ms: 0.620792
      duration_ms: 318.300292
      type: 'test'
      ...
    # Subtest: refuses a local URL that is not this machine, before connecting
    ok 5 - refuses a local URL that is not this machine, before connecting
  type: 'test'
      ---
      duration_ms: 300.604875
  type: 'test'
  ...
# Subtest: the publishable key and the legacy anon key pass
      type: 'test'
ok 12 - the publishable key and the legacy anon key pass
  ...
  type: 'test'
  ...
# Subtest: C1: staging and production call the vendor once, with the brand's sender and reply-to
# Subtest: C2: request bodies and personal data are redacted too
ok 8 - C2: request bodies and personal data are redacted too
  ---
ok 10 - C1: staging and production call the vendor once, with the brand's sender and reply-to
  duration_ms: 0.13025
  type: 'test'
  ...
# Subtest: the cookie stem the purge uses is the storage key the installed SDK writes
ok 13 - the cookie stem the purge uses is the storage key the installed SDK writes
  ---
  duration_ms: 22.243583
  type: 'test'
  ...
      ...
    # Subtest: refuses a malformed tier
  ---
  duration_ms: 0.151125
  type: 'test'
    ok 6 - refuses a malformed tier
  ...
      ---
# Subtest: C2: the reporter's context is redacted; the error itself is passed as caught
ok 9 - C2: the reporter's context is redacted; the error itself is passed as caught
  ---
  duration_ms: 0.216083
# Using the user object as returned from supabase.auth.getSession() or from some supabase.auth.onAuthStateChange() events could be insecure! This value comes directly from the storage medium (usually cookies on the server) and may not be authentic. Use supabase.auth.getUser() instead which authenticates the data by contacting the Supabase Auth server.
  ---
# Subtest: C1: returns the user's id, email and app_metadata role from getUser
  duration_ms: 0.25275
  type: 'test'
      duration_ms: 284.996833
  ...
  type: 'test'
# Subtest: C1: a dashboard template is sent by its id, and EMAIL_FROM replaces the brand's address
ok 11 - C1: a dashboard template is sent by its id, and EMAIL_FROM replaces the brand's address
ok 14 - C1: returns the user's id, email and app_metadata role from getUser
  ---
  ...
  duration_ms: 0.875833
  type: 'test'
  ...
# Subtest: C1: a user without a known app_metadata role is a user; user_metadata is never read
# Subtest: C2: personal data and request bodies are redacted under their common compound names
ok 15 - C1: a user without a known app_metadata role is a user; user_metadata is never read
      type: 'test'
      ...
ok 10 - C2: personal data and request bodies are redacted under their common compound names
  ---
  ---
  duration_ms: 0.311125
  type: 'test'
  ...
# Subtest: C1: a secret-like tag is redacted before it reaches the reporter
  duration_ms: 0.105292
  type: 'test'
  ...
# Subtest: C1: refuses when getUser returns an error, even with a user beside it
ok 11 - C1: a secret-like tag is redacted before it reaches the reporter
    1..6
  ---
ok 8 - db:local:reset
  ---
  duration_ms: 1813.916583
ok 16 - C1: refuses when getUser returns an error, even with a user beside it
  ---
  type: 'suite'
  duration_ms: 0.145125
  ...
  duration_ms: 0.236334
# Subtest: nonLoopbackBindings
  type: 'test'
  ...
# Subtest: C2: free text is scrubbed of addresses, credentials, JWTs and OAuth codes
  ---
  duration_ms: 0.098709
  type: 'test'
    # Subtest: names every interface and a specific LAN address
  type: 'test'
  ...
ok 12 - C2: free text is scrubbed of addresses, credentials, JWTs and OAuth codes
    ok 1 - names every interface and a specific LAN address
      ---
# Subtest: C1: a forged session cookie is refused when Supabase cannot fetch its user
ok 17 - C1: a forged session cookie is refused when Supabase cannot fetch its user
  ---
  duration_ms: 16.405375
  type: 'test'
  ...
  ...
# Subtest: C1: staging without a key refuses to send, naming the variable
ok 12 - C1: staging without a key refuses to send, naming the variable
# Subtest: C1: the same cookie passes once Supabase returns its user, with the role from that answer
  ---
ok 18 - C1: the same cookie passes once Supabase returns its user, with the role from that answer
  ---
  duration_ms: 1.911208
  duration_ms: 0.153666
  type: 'test'
      duration_ms: 1.541625
      type: 'test'
  type: 'test'
      ...
  ---
    # Subtest: passes loopback-only bindings
  ...
    ok 2 - passes loopback-only bindings
      ---
# Subtest: C1: the mirror is called once per user per process, and again after a refusal, a failure or an email change
ok 19 - C1: the mirror is called once per user per process, and again after a refusal, a failure or an email change
  ---
  duration_ms: 0.888209
  type: 'test'
      duration_ms: 1.070292
      type: 'test'
      ...
    1..2
ok 9 - nonLoopbackBindings
  duration_ms: 0.23125
  type: 'test'
  ...
# Subtest: C1: a vendor error is thrown, not swallowed
ok 13 - C1: a vendor error is thrown, not swallowed
  ...
# Subtest: C1: concurrent requests for one user share one mirror call
ok 20 - C1: concurrent requests for one user share one mirror call
  ...
# Subtest: C2: an error's message and stack are scrubbed on the printed line
ok 13 - C2: an error's message and stack are scrubbed on the printed line
  ---
  duration_ms: 0.564583
  type: 'test'
  ...
# Subtest: C2: secret-named values in free text follow the key rule, in every common form
ok 14 - C2: secret-named values in free text follow the key rule, in every common form
  ---
  duration_ms: 0.162167
  type: 'test'
  ---
  ---
  duration_ms: 0.142459
  type: 'test'
  ...
# Subtest: maskAddress keeps the first letter and the domain only
  duration_ms: 10.459791
  ---
  type: 'test'
  ...
# Subtest: C1: an anonymous or refused request never reaches the mirror
ok 14 - maskAddress keeps the first letter and the domain only
  ...
# Subtest: C2: prose, versions and error codes survive the scrub
  duration_ms: 4.504042
  type: 'suite'
ok 21 - C1: an anonymous or refused request never reaches the mirror
ok 15 - C2: prose, versions and error codes survive the scrub
  ---
  duration_ms: 0.084667
  type: 'test'
  ...
  ...
# Subtest: runtime takes the transaction pooler on a hosted tier
ok 10 - runtime takes the transaction pooler on a hosted tier
  ---
  duration_ms: 0.834458
  ---
  ---
  type: 'test'
  ...
# Subtest: migrations take the session pooler on a hosted tier
ok 11 - migrations take the session pooler on a hosted tier
  ---
  duration_ms: 0.230417
  type: 'test'
  ...
# Subtest: the local tier is not checked beyond the scheme
ok 12 - the local tier is not checked beyond the scheme
  ---
  duration_ms: 0.385167
  type: 'test'
  duration_ms: 0.042083
  duration_ms: 0.184584
# Subtest: C2: scrubbing a long run without a match stays linear
  ...
# Subtest: errors and descriptions never carry credentials
ok 13 - errors and descriptions never carry credentials
  ---
  duration_ms: 0.145375
  type: 'test'
  ...
# Subtest: applyLocalAuthMirror
    # Subtest: refuses a non-loopback host before connecting
  type: 'test'
  ...
# Subtest: a sign-in on localhost lands back on localhost, at next
ok 22 - a sign-in on localhost lands back on localhost, at next
  ---
    ok 1 - refuses a non-loopback host before connecting
      ---
      duration_ms: 4.721375
  type: 'test'
  ...
      type: 'test'
      ...
    # Subtest: passes the host check on loopback and only then connects
  duration_ms: 0.567959
  type: 'test'
  ...
# Subtest: next that leaves the origin becomes /
ok 23 - next that leaves the origin becomes /
  ---
  duration_ms: 0.205375
ok 16 - C2: scrubbing a long run without a match stays linear
  type: 'test'
    ok 2 - passes the host check on loopback and only then connects
  ...
# Subtest: C1: a deployment left on the local tier neither sends nor logs the body
      ---
      duration_ms: 2.842916
      type: 'test'
# Subtest: the callback URL is on the site's origin and carries next only when it is a path
  ---
      ...
ok 24 - the callback URL is on the site's origin and carries next only when it is a path
  ---
  duration_ms: 8.267417
  type: 'test'
  ...
  duration_ms: 0.107375
  type: 'test'
ok 15 - C1: a deployment left on the local tier neither sends nor logs the body
  ...
# @supabase/ssr: chunked cookie decoded to invalid JSON, treating as absent. This usually indicates that cookie chunks from different writes were combined (e.g. response committed before all Set-Cookie headers were sent).
# Subtest: C1: an invalid Date is logged, never thrown
# @supabase/ssr: chunked cookie decoded to invalid JSON, treating as absent. This usually indicates that cookie chunks from different writes were combined (e.g. response committed before all Set-Cookie headers were sent).
    1..2
ok 14 - applyLocalAuthMirror
  ---
  duration_ms: 8.192875
ok 17 - C1: an invalid Date is logged, never thrown
  ---
  duration_ms: 0.098375
  type: 'test'
  ...
1..17
# tests 17
  type: 'suite'
# @supabase/ssr: chunked cookie decoded to invalid JSON, treating as absent. This usually indicates that cookie chunks from different writes were combined (e.g. response committed before all Set-Cookie headers were sent).
# Subtest: C2: on the local stack, updateSession deletes every staging session cookie and nothing else
# suites 0
ok 25 - C2: on the local stack, updateSession deletes every staging session cookie and nothing else
  ---
  ---
  duration_ms: 24.07975
  ...
# Subtest: isLoopbackHost
    # Subtest: accepts localhost, 127.0.0.0/8 and ::1
  type: 'test'
  duration_ms: 0.324875
  ...
# Subtest: C2: the project's own cookies are never purged
# pass 17
  type: 'test'
  ...
# Subtest: C1: a send logs its Resend id and recipient count, never the address or body
# fail 0
# cancelled 0
# skipped 0
# todo 0
# duration_ms 104.66925
    ok 1 - accepts localhost, 127.0.0.0/8 and ::1
      ---
ok 26 - C2: the project's own cookies are never purged
  ---
  duration_ms: 0.900166
ok 16 - C1: a send logs its Resend id and recipient count, never the address or body
  ---
  type: 'test'
  ...
  duration_ms: 0.326375
  type: 'test'
      duration_ms: 1.287333
      type: 'test'
      ...
    # Subtest: refuses every other host, including look-alikes
# Subtest: C2: switching back to staging purges the local stack's cookies
ok 27 - C2: switching back to staging purges the local stack's cookies
  ---
    ok 2 - refuses every other host, including look-alikes
      ---
      duration_ms: 0.094333
      type: 'test'
      ...
    # Subtest: isLoopbackUrl reads the URL's host and refuses an unparseable URL
  ...
# Subtest: formatSender keeps a display name and address on one line
    ok 3 - isLoopbackUrl reads the URL's host and refuses an unparseable URL
      ---
      duration_ms: 0.158625
      type: 'test'
      ...
    1..3
ok 15 - isLoopbackHost
  ---
ok 17 - formatSender keeps a display name and address on one line
  ---
  duration_ms: 0.466334
  type: 'test'
  ...
# Subtest: C2: with no foreign cookie, nothing is written
  duration_ms: 2.481708
  type: 'suite'
ok 28 - C2: with no foreign cookie, nothing is written
  ---
  ...
# Subtest: the bridge accepts a UUID user and a known role
  duration_ms: 0.333291
  duration_ms: 0.098834
  type: 'test'
ok 16 - the bridge accepts a UUID user and a known role
  ---
  duration_ms: 0.7745
  type: 'test'
  type: 'test'
  ...
1..17
# tests 17
# suites 0
# pass 17
# fail 0
  ...
# Subtest: the bridge refuses a partial or forged identity before any SQL
ok 17 - the bridge refuses a partial or forged identity before any SQL
  ---
  duration_ms: 0.279291
  ...
# Subtest: C2: the purge reads every cookie form Supabase writes
ok 29 - C2: the purge reads every cookie form Supabase writes
  ---
  duration_ms: 0.082125
  type: 'test'
  type: 'test'
  ...
  ...
# Subtest: C2: switching to a tier with no project clears every Supabase session cookie
ok 30 - C2: switching to a tier with no project clears every Supabase session cookie
# cancelled 0
# skipped 0
  ---
  duration_ms: 0.108875
# Subtest: the schema exports tables, and none of them outside public
ok 18 - the schema exports tables, and none of them outside public
# todo 0
# duration_ms 101.991833
  type: 'test'
  ---
  duration_ms: 0.802167
  type: 'test'
  ...
# Subtest: authUsers is never exported from the schema
ok 19 - authUsers is never exported from the schema
  ---
  duration_ms: 0.069375
  type: 'test'
  ...
  ...
1..30
# tests 30
# suites 0
# pass 30
# fail 0
# cancelled 0
# skipped 0
# todo 0
# duration_ms 314.55125
# Subtest: every table carries its policies beside it
ok 20 - every table carries its policies beside it
  ---
  duration_ms: 0.211833
  type: 'test'
  ...
1..20
# tests 32
# suites 5
# pass 32
# fail 0
# cancelled 0
# skipped 0
# todo 0
# duration_ms 1914.974333

 RUN  v5.0.3 ./packages/ui

 ✓ .storybook/story-coverage.test.ts (5 tests) 7ms
stderr | .storybook/stories.test.ts > Composed/Control/Theme toggle > System
Encountered a script tag while rendering React component. Scripts inside React components are never executed when rendering on the client. Consider using template tag instead (https://developer.mozilla.org/en-US/docs/Web/HTML/Element/template).

Not implemented: Window's getComputedStyle() method: with pseudo-elements
Not implemented: Window's getComputedStyle() method: with pseudo-elements
Not implemented: Window's getComputedStyle() method: with pseudo-elements
Not implemented: Window's getComputedStyle() method: with pseudo-elements
Not implemented: Window's getComputedStyle() method: with pseudo-elements
Not implemented: Window's getComputedStyle() method: with pseudo-elements
Not implemented: Window's getComputedStyle() method: with pseudo-elements
Not implemented: Window's getComputedStyle() method: with pseudo-elements
Not implemented: Window's getComputedStyle() method: with pseudo-elements
Not implemented: Window's getComputedStyle() method: with pseudo-elements
Not implemented: Window's getComputedStyle() method: with pseudo-elements
Not implemented: Window's getComputedStyle() method: with pseudo-elements
Not implemented: Window's getComputedStyle() method: with pseudo-elements
Not implemented: Window's getComputedStyle() method: with pseudo-elements
Not implemented: Window's getComputedStyle() method: with pseudo-elements
Not implemented: Window's getComputedStyle() method: with pseudo-elements
Not implemented: Window's getComputedStyle() method: with pseudo-elements
Not implemented: Window's getComputedStyle() method: with pseudo-elements
Not implemented: Window's getComputedStyle() method: with pseudo-elements
Not implemented: Window's getComputedStyle() method: with pseudo-elements
Not implemented: Window's getComputedStyle() method: with pseudo-elements
Not implemented: Window's getComputedStyle() method: with pseudo-elements
Not implemented: Window's getComputedStyle() method: with pseudo-elements
Not implemented: Window's getComputedStyle() method: with pseudo-elements
Not implemented: Window's getComputedStyle() method: with pseudo-elements
Not implemented: Window's getComputedStyle() method: with pseudo-elements
Not implemented: Window's getComputedStyle() method: with pseudo-elements
Not implemented: Window's getComputedStyle() method: with pseudo-elements
Not implemented: Window's getComputedStyle() method: with pseudo-elements
Not implemented: Window's getComputedStyle() method: with pseudo-elements
Not implemented: Window's getComputedStyle() method: with pseudo-elements
Not implemented: Window's getComputedStyle() method: with pseudo-elements
Not implemented: Window's getComputedStyle() method: with pseudo-elements
Not implemented: Window's getComputedStyle() method: with pseudo-elements
Not implemented: Window's getComputedStyle() method: with pseudo-elements
Not implemented: Window's getComputedStyle() method: with pseudo-elements
Not implemented: Window's getComputedStyle() method: with pseudo-elements
Not implemented: Window's getComputedStyle() method: with pseudo-elements
Not implemented: Window's getComputedStyle() method: with pseudo-elements
Not implemented: Window's getComputedStyle() method: with pseudo-elements
Not implemented: Window's getComputedStyle() method: with pseudo-elements
Not implemented: Window's getComputedStyle() method: with pseudo-elements
Not implemented: Window's getComputedStyle() method: with pseudo-elements
Not implemented: Window's getComputedStyle() method: with pseudo-elements
Not implemented: Window's getComputedStyle() method: with pseudo-elements
Not implemented: Window's getComputedStyle() method: with pseudo-elements
Not implemented: Window's getComputedStyle() method: with pseudo-elements
Not implemented: Window's getComputedStyle() method: with pseudo-elements
Not implemented: Window's getComputedStyle() method: with pseudo-elements
Not implemented: Window's getComputedStyle() method: with pseudo-elements
Not implemented: Window's getComputedStyle() method: with pseudo-elements
Not implemented: Window's getComputedStyle() method: with pseudo-elements
Not implemented: Window's getComputedStyle() method: with pseudo-elements
Not implemented: Window's getComputedStyle() method: with pseudo-elements
Not implemented: Window's getComputedStyle() method: with pseudo-elements
Not implemented: Window's getComputedStyle() method: with pseudo-elements
Not implemented: Window's getComputedStyle() method: with pseudo-elements
Not implemented: Window's getComputedStyle() method: with pseudo-elements
Not implemented: Window's getComputedStyle() method: with pseudo-elements
Not implemented: Window's getComputedStyle() method: with pseudo-elements
Not implemented: Window's getComputedStyle() method: with pseudo-elements
Not implemented: Window's getComputedStyle() method: with pseudo-elements
Not implemented: Window's getComputedStyle() method: with pseudo-elements
Not implemented: Window's getComputedStyle() method: with pseudo-elements
Not implemented: Window's getComputedStyle() method: with pseudo-elements
Not implemented: Window's getComputedStyle() method: with pseudo-elements
Not implemented: Window's getComputedStyle() method: with pseudo-elements
Not implemented: Window's getComputedStyle() method: with pseudo-elements
Not implemented: Window's getComputedStyle() method: with pseudo-elements
Not implemented: Window's getComputedStyle() method: with pseudo-elements
Not implemented: Window's getComputedStyle() method: with pseudo-elements
Not implemented: Window's getComputedStyle() method: with pseudo-elements
Not implemented: Window's getComputedStyle() method: with pseudo-elements
Not implemented: Window's getComputedStyle() method: with pseudo-elements
Not implemented: Window's getComputedStyle() method: with pseudo-elements
Not implemented: Window's getComputedStyle() method: with pseudo-elements
Not implemented: Window's getComputedStyle() method: with pseudo-elements
Not implemented: Window's getComputedStyle() method: with pseudo-elements
Not implemented: Window's getComputedStyle() method: with pseudo-elements
Not implemented: Window's getComputedStyle() method: with pseudo-elements
Not implemented: Window's getComputedStyle() method: with pseudo-elements
Not implemented: Window's getComputedStyle() method: with pseudo-elements
Not implemented: Window's getComputedStyle() method: with pseudo-elements
Not implemented: Window's getComputedStyle() method: with pseudo-elements
Not implemented: Window's getComputedStyle() method: with pseudo-elements
Not implemented: Window's getComputedStyle() method: with pseudo-elements
Not implemented: Window's getComputedStyle() method: with pseudo-elements
Not implemented: Window's getComputedStyle() method: with pseudo-elements
Not implemented: Window's getComputedStyle() method: with pseudo-elements
Not implemented: Window's getComputedStyle() method: with pseudo-elements
Not implemented: Window's getComputedStyle() method: with pseudo-elements
Not implemented: Window's getComputedStyle() method: with pseudo-elements
Not implemented: Window's getComputedStyle() method: with pseudo-elements
Not implemented: Window's getComputedStyle() method: with pseudo-elements
Not implemented: Window's getComputedStyle() method: with pseudo-elements
Not implemented: Window's getComputedStyle() method: with pseudo-elements
Not implemented: Window's getComputedStyle() method: with pseudo-elements
Not implemented: Window's getComputedStyle() method: with pseudo-elements
Not implemented: Window's getComputedStyle() method: with pseudo-elements
Not implemented: Window's getComputedStyle() method: with pseudo-elements
Not implemented: Window's getComputedStyle() method: with pseudo-elements
Not implemented: Window's getComputedStyle() method: with pseudo-elements
Not implemented: Window's getComputedStyle() method: with pseudo-elements
Not implemented: Window's getComputedStyle() method: with pseudo-elements
Not implemented: Window's getComputedStyle() method: with pseudo-elements
Not implemented: Window's getComputedStyle() method: with pseudo-elements
Not implemented: Window's getComputedStyle() method: with pseudo-elements
Not implemented: Window's getComputedStyle() method: with pseudo-elements
Not implemented: Window's getComputedStyle() method: with pseudo-elements
Not implemented: Window's getComputedStyle() method: with pseudo-elements
Not implemented: Window's getComputedStyle() method: with pseudo-elements
Not implemented: Window's getComputedStyle() method: with pseudo-elements
Not implemented: Window's getComputedStyle() method: with pseudo-elements
Not implemented: Window's getComputedStyle() method: with pseudo-elements
Not implemented: Window's getComputedStyle() method: with pseudo-elements
Not implemented: Window's getComputedStyle() method: with pseudo-elements
Not implemented: Window's getComputedStyle() method: with pseudo-elements
Not implemented: Window's getComputedStyle() method: with pseudo-elements
Not implemented: Window's getComputedStyle() method: with pseudo-elements
Not implemented: Window's getComputedStyle() method: with pseudo-elements
Not implemented: Window's getComputedStyle() method: with pseudo-elements
Not implemented: Window's getComputedStyle() method: with pseudo-elements
Not implemented: Window's getComputedStyle() method: with pseudo-elements
Not implemented: Window's getComputedStyle() method: with pseudo-elements
Not implemented: Window's getComputedStyle() method: with pseudo-elements
Not implemented: Window's getComputedStyle() method: with pseudo-elements
Not implemented: Window's getComputedStyle() method: with pseudo-elements
Not implemented: Window's getComputedStyle() method: with pseudo-elements
Not implemented: Window's getComputedStyle() method: with pseudo-elements
Not implemented: Window's getComputedStyle() method: with pseudo-elements
Not implemented: Window's getComputedStyle() method: with pseudo-elements
Not implemented: Window's getComputedStyle() method: with pseudo-elements
Not implemented: Window's getComputedStyle() method: with pseudo-elements
Not implemented: Window's getComputedStyle() method: with pseudo-elements
Not implemented: Window's getComputedStyle() method: with pseudo-elements
Not implemented: Window's getComputedStyle() method: with pseudo-elements
Not implemented: Window's getComputedStyle() method: with pseudo-elements
Not implemented: Window's getComputedStyle() method: with pseudo-elements
Not implemented: Window's getComputedStyle() method: with pseudo-elements
Not implemented: Window's getComputedStyle() method: with pseudo-elements
Not implemented: Window's getComputedStyle() method: with pseudo-elements
Not implemented: Window's getComputedStyle() method: with pseudo-elements
Not implemented: Window's getComputedStyle() method: with pseudo-elements
Not implemented: Window's getComputedStyle() method: with pseudo-elements
Not implemented: Window's getComputedStyle() method: with pseudo-elements
Not implemented: Window's getComputedStyle() method: with pseudo-elements
Not implemented: Window's getComputedStyle() method: with pseudo-elements
Not implemented: Window's getComputedStyle() method: with pseudo-elements
Not implemented: Window's getComputedStyle() method: with pseudo-elements
Not implemented: Window's getComputedStyle() method: with pseudo-elements
Not implemented: Window's getComputedStyle() method: with pseudo-elements
Not implemented: Window's getComputedStyle() method: with pseudo-elements
Not implemented: Window's getComputedStyle() method: with pseudo-elements
Not implemented: Window's getComputedStyle() method: with pseudo-elements
Not implemented: Window's getComputedStyle() method: with pseudo-elements
Not implemented: Window's getComputedStyle() method: with pseudo-elements
Not implemented: Window's getComputedStyle() method: with pseudo-elements
Not implemented: Window's getComputedStyle() method: with pseudo-elements
Not implemented: Window's getComputedStyle() method: with pseudo-elements
Not implemented: Window's getComputedStyle() method: with pseudo-elements
Not implemented: Window's getComputedStyle() method: with pseudo-elements
Not implemented: Window's getComputedStyle() method: with pseudo-elements
 ✓ .storybook/stories.test.ts (161 tests) 3726ms

 Test Files  2 passed (2)
      Tests  166 passed (166)
   Start at  18:32:00
   Duration  6.42s (tests 47%, transform 29%, environment 14%, setup 8%, import 3%)

  Transform  transforming modules took 2.27s · 29% of tracked time, re-done on every run
             persist transforms across runs with fsModuleCache: true
             learn more: https://vitest.dev/guide/improving-performance#caching-between-reruns


 Tasks:    9 successful, 9 total
Cached:    8 cached, 9 total
  Time:    7.735s 

