command: yarn check-types
exit: 0
at: 2026-10-05T01:32:16Z
head: cc7b27dcacf3ef4b83c740e31a4ae3d79e19de96
---

   • turbo 2.11.6
   • Packages in scope: @pem/auth, @pem/brand, @pem/catalog, @pem/config, @pem/constants, @pem/db, @pem/email, @pem/env, @pem/observability, @pem/services, @pem/ui, @pem/validators, docs, web
   • Running check-types in 14 packages
   • Remote caching disabled

@pem/env:check-types: cache hit, replaying logs c0c7975b63568d4d
@pem/validators:check-types: cache hit, replaying logs 52c1676789ced259
@pem/observability:check-types: cache hit, replaying logs d6572b8eae8dda9b
@pem/brand:check-types: cache hit, replaying logs 1e0a342560f41a7d
@pem/constants:check-types: cache hit, replaying logs e9f65d2e702e5580
@pem/ui:check-types: cache miss, executing dbda352c9d6f0a45
@pem/db:check-types: cache hit, replaying logs 106ae29b72cb208e
@pem/email:check-types: cache hit, replaying logs f1ff3729214d62ec
@pem/auth:check-types: cache hit, replaying logs 8c03f44f3e6ce6f3
@pem/services:check-types: cache hit, replaying logs 1efd36e3a6012434
docs:check-types: cache miss, executing f722adb80cda11ca
web:check-types: cache miss, executing 40b293444552ad52
@pem/catalog:check-types: cache miss, executing aa1547a418dbad66
docs:check-types: Generating route types...
docs:check-types: ✓ Types generated successfully
web:check-types: Generating route types...
web:check-types: ✓ Types generated successfully

 Tasks:    13 successful, 13 total
Cached:    9 cached, 13 total
  Time:    5.044s 

