command: yarn check-types
exit: 0
at: 2026-10-04T07:19:33Z
head: dade61ec5d1d9714518f0d5f659ff2fac06e2d72
---

   • turbo 2.11.6
   • Packages in scope: @pem/brand, @pem/config, @pem/db, @pem/env, @pem/ui, docs, web
   • Running check-types in 7 packages
   • Remote caching disabled

@pem/brand:check-types: cache hit, replaying logs 6215cdbc80593989
@pem/ui:check-types: cache hit, replaying logs 8d647e0abbc1a69c
@pem/env:check-types: cache hit, replaying logs f328cab08842b847
docs:check-types: cache hit, replaying logs a01a299742cab541
web:check-types: cache hit, replaying logs 6f909870ebc06d5b
docs:check-types: Generating route types...
docs:check-types: ✓ Types generated successfully
web:check-types: Generating route types...
web:check-types: ✓ Types generated successfully
@pem/db:check-types: cache hit, replaying logs fa429ba679d7b87d

 Tasks:    6 successful, 6 total
Cached:    6 cached, 6 total
  Time:    68ms >>> FULL TURBO

