command: yarn build
exit: 0
at: 2026-10-04T07:19:34Z
head: dade61ec5d1d9714518f0d5f659ff2fac06e2d72
---

   • turbo 2.11.6
   • Packages in scope: @pem/brand, @pem/config, @pem/db, @pem/env, @pem/ui, docs, web
   • Running build in 7 packages
   • Remote caching disabled

web:build: cache miss, executing dd9f2234d91e94a5
docs:build: cache miss, executing 75a64a46ddd1d787
docs:build: ▲ Next.js 16.3.8 (Turbopack)
docs:build: ✓ Running next.config.ts took 17ms
web:build: ▲ Next.js 16.3.8 (Turbopack)
docs:build: 
docs:build:   Creating an optimized production build ...
web:build: ✓ Running next.config.ts took 150ms
web:build: 
web:build:   Creating an optimized production build ...
docs:build: ✓ Compiled successfully in 902ms
docs:build:   Running TypeScript ...
web:build: ✓ Compiled successfully in 789ms
web:build:   Running TypeScript ...
docs:build:   Finished TypeScript in 920ms ...
docs:build:   Collecting page data using 5 workers ...
web:build:   Finished TypeScript in 914ms ...
web:build:   Collecting page data using 6 workers ...
web:build:   Generating static pages using 6 workers (0/5) ...
docs:build:   Generating static pages using 5 workers (0/194) ...
web:build:   Generating static pages using 6 workers (1/5) 
web:build:   Generating static pages using 6 workers (2/5) 
web:build:   Generating static pages using 6 workers (3/5) 
web:build: ✓ Generating static pages using 6 workers (5/5) in 803ms
web:build:   Finalizing page optimization ...
web:build: 
web:build: Route (app)
web:build: ┌ ○ /
web:build: ├ ○ /_not-found
web:build: ├ ○ /manifest.webmanifest
web:build: └ ○ /opengraph-image
web:build: 
web:build: 
web:build: ○  (Static)  prerendered as static content
web:build: 
docs:build:   Generating static pages using 5 workers (48/194) 
docs:build:   Generating static pages using 5 workers (96/194) 
docs:build:   Generating static pages using 5 workers (145/194) 
docs:build: ✓ Generating static pages using 5 workers (194/194) in 4.4s
docs:build:   Finalizing page optimization ...
docs:build: 
docs:build: Route (app)
docs:build: ┌ ○ /_not-found
docs:build: ├   /[[...slug]]
docs:build: │ ├ ● /readme
docs:build: │ ├ ● /
docs:build: │ ├ ● /agents
docs:build: │ └ ● [+188 more paths]
docs:build: └ ○ /search-index.json
docs:build: 
docs:build: 
docs:build: ○  (Static)  prerendered as static content
docs:build: ●  (SSG)     prerendered as static HTML (uses generateStaticParams)
docs:build: 

 Tasks:    2 successful, 2 total
Cached:    0 cached, 2 total
  Time:    8.385s 

