command: yarn test
exit: 0
at: 2026-10-05T04:22:49Z
head: f47897ca3cec2a6fe3667a417d0061ae1a26206c
tests: 204
---

   • turbo 2.11.6
   • Packages in scope: @pem/ai, @pem/api, @pem/auth, @pem/brand, @pem/catalog, @pem/config, @pem/constants, @pem/db, @pem/email, @pem/env, @pem/observability, @pem/services, @pem/ui, @pem/validators, docs, web
   • Running test in 16 packages
   • Remote caching disabled

cache hit, replaying logs c3f388a2b8f5e185
cache hit, replaying logs dfa15e772add56ac
cache hit, replaying logs 28b764b05782767d
cache hit, replaying logs 8fbcad4a36ddd4d9
cache hit, replaying logs 2ab8220a3547a1e2
cache hit, replaying logs c81a410173b4514b
TAP version 13
# Subtest: a user's text turn is accepted
ok 1 - a user's text turn is accepted
  ---
  duration_ms: 4.763
  type: 'test'
  ...
# Subtest: a body with no messages, or malformed ones, is refused
ok 2 - a body with no messages, or malformed ones, is refused
  ---
  duration_ms: 0.989917
  type: 'test'
  ...
# Subtest: file, tool and system content is refused
ok 3 - file, tool and system content is refused
  ---
  duration_ms: 1.027
  type: 'test'
  ...
# Subtest: reasoning parts are refused: their text would escape the character cap
ok 4 - reasoning parts are refused: their text would escape the character cap
  ---
  duration_ms: 0.131417
TAP version 13
# Subtest: track is a no-op until a vendor is wired
  type: 'test'
  ...
# Subtest: the last turn must be the user's
ok 5 - the last turn must be the user's
  ---
  duration_ms: 0.275167
  type: 'test'
TAP version 13
  ...
# Subtest: C2: the HTML part carries the brand's name, support address, home URL and colours
cache hit, replaying logs 892b4cd593d88714
cache hit, replaying logs 9ef0b0351de453e0
ok 1 - C2: the HTML part carries the brand's name, support address, home URL and colours
  ---
ok 1 - track is a no-op until a vendor is wired
  duration_ms: 0.684125
  ---
  duration_ms: 0.942625
  type: 'test'
  ...
  type: 'test'
  ...
# Subtest: C1: logger.error passes the error, tags and user id to the registered reporter
# Subtest: too many turns or too much text is refused
ok 2 - C1: logger.error passes the error, tags and user id to the registered reporter
TAP version 13
  ---
# Subtest: the admin client holds no session: nothing persisted, refreshed or read from a URL
ok 6 - too many turns or too much text is refused
ok 1 - the admin client holds no session: nothing persisted, refreshed or read from a URL
  ---
  ---
cache hit, replaying logs 3b5dbdfdffb3ed30
  duration_ms: 2.148084
  type: 'test'
# Subtest: C2: the text part carries the brand and the action as a link
  ...
TAP version 13
# Subtest: C1: logger.error with no error hands the reporter one named for the event
ok 3 - C1: logger.error with no error hands the reporter one named for the event
  ---
cache hit, replaying logs 95bf6b0b89aaf261
  duration_ms: 0.219625
ok 2 - C2: the text part carries the brand and the action as a link
TAP version 13
# Subtest: C1: brand.ts theme colours equal the preset's values
  duration_ms: 17.083583
ok 1 - C1: brand.ts theme colours equal the preset's values
TAP version 13
  ---
  duration_ms: 0.289459
TAP version 13
  type: 'test'
# Subtest: C2: a live-mode key on local or staging fails with the variable named
# Subtest: C2: an empty or whitespace body fails on body
  type: 'test'
ok 1 - C2: a live-mode key on local or staging fails with the variable named
  ...
  ---
  ...
# Subtest: every subpath is classed as client-safe or server
  ---
# Subtest: C1: getNote throws NotFound when the scoped db withholds the row
ok 1 - C1: getNote throws NotFound when the scoped db withholds the row

  type: 'test'
  ---
  ...
 RUN  v5.0.3 ./packages/ui
  duration_ms: 3.397458
# Subtest: with a key and nobody signed in: 401, and the vendor is never called
  type: 'test'
ok 7 - with a key and nobody signed in: 401, and the vendor is never called
  ...
  ---
# Subtest: C1: createNote throws Forbidden when a policy rejects the insert
  duration_ms: 0.5975
  duration_ms: 1.042125
ok 2 - C1: createNote throws Forbidden when a policy rejects the insert

  duration_ms: 0.116875
  ---
  type: 'test'
TAP version 13
ok 2 - every subpath is classed as client-safe or server
# Subtest: each kind of DDL or write against auth is caught
  duration_ms: 12.276666
ok 1 - each kind of DDL or write against auth is caught
  type: 'test'
 ✓ .storybook/story-coverage.test.ts (5 tests) 8ms
  ---
  ...
stderr | .storybook/stories.test.ts > Composed/Control/Theme toggle > System
  duration_ms: 1.121959
Encountered a script tag while rendering React component. Scripts inside React components are never executed when rendering on the client. Consider using template tag instead (https://developer.mozilla.org/en-US/docs/Web/HTML/Element/template).
  type: 'test'
  ...
# Subtest: a foreign key to auth.users and a call to auth.uid() are allowed
ok 2 - a foreign key to auth.users and a call to auth.uid() are allowed
  ---
  ...
  duration_ms: 1.09075
  duration_ms: 0.076833
  type: 'test'
  type: 'test'
  ...
  ...
# Subtest: C1: a policy refusal wrapped by drizzle is still Forbidden
ok 3 - C1: a policy refusal wrapped by drizzle is still Forbidden
  ---
# Subtest: a migration with DDL against auth fails, numbered by statement
  duration_ms: 0.371916
ok 3 - a migration with DDL against auth fails, numbered by statement
  type: 'test'
  ---
  ...
  ---
# Subtest: C1: createNote writes the caller as owner and returns the note
  duration_ms: 0.643875
  duration_ms: 0.861958
  type: 'test'
ok 4 - C1: createNote writes the caller as owner and returns the note
  ...
  type: 'test'
  ...
ok 1 - C2: an empty or whitespace body fails on body
  ---
  type: 'test'
# Subtest: C1: a reporter that throws is swallowed, and the line still prints
  ...
# Subtest: C2: a test-mode key on production fails with the variable named
ok 4 - C1: a reporter that throws is swallowed, and the line still prints
# Subtest: C2: every caller value is escaped
ok 2 - C2: a test-mode key on production fails with the variable named
ok 3 - C2: every caller value is escaped
  duration_ms: 1.904666
  ---
  ---
  duration_ms: 0.13525
  type: 'test'
  ...
  type: 'test'
  ...
# Subtest: ./config reaches no server module, built-in or workspace package
ok 3 - ./config reaches no server module, built-in or workspace package
# Subtest: C2: an action URL that is not http(s) is refused
  duration_ms: 0.879667
  ---
ok 4 - C2: an action URL that is not http(s) is refused
  ---
  duration_ms: 0.440333
# Subtest: C2: a body over the limit fails on body
  ---
  type: 'test'
  ...
  duration_ms: 0.464375
  duration_ms: 0.08675
ok 2 - C2: a body over the limit fails on body
  type: 'test'
# Subtest: the generated migration set passes, and it does reference auth.users
  type: 'test'
ok 4 - the generated migration set passes, and it does reference auth.users
  ...
# Subtest: C1: a changed preset value is a mismatch
  ---

ok 2 - C1: a changed preset value is a mismatch
  type: 'test'
  ---
# Subtest: C1: getNote returns the row the scoped db shows; listNotes returns the list
  ...
# Subtest: ./browser reaches no server module, built-in or workspace package
  duration_ms: 0.212959
  ...
  type: 'test'
Not implemented: Window's getComputedStyle() method: with pseudo-elements
# Subtest: with a key and a user: the call reaches the vendor and is logged with the user's id
Not implemented: Window's getComputedStyle() method: with pseudo-elements
  type: 'test'
ok 8 - with a key and a user: the call reaches the vendor and is logged with the user's id
Not implemented: Window's getComputedStyle() method: with pseudo-elements
  ...
Not implemented: Window's getComputedStyle() method: with pseudo-elements
Not implemented: Window's getComputedStyle() method: with pseudo-elements
ok 5 - C1: getNote returns the row the scoped db shows; listNotes returns the list
# Subtest: C1: a changed brand.ts value is a mismatch
  ---
  duration_ms: 21.954708
  duration_ms: 0.803292
  type: 'test'
ok 3 - C1: a changed brand.ts value is a mismatch
  ...
  type: 'test'
# Subtest: fixtures answer anyone, without asking who is signed in
ok 9 - fixtures answer anyone, without asking who is signed in
  ---
  duration_ms: 30.714833
# Subtest: C2: matching modes pass
  ---
  ---
ok 4 - ./browser reaches no server module, built-in or workspace package
  ---
  ---
  ...
  duration_ms: 0.314417
  type: 'test'
# Subtest: only the local auth mirror writes to auth.users
  duration_ms: 0.731291
ok 5 - only the local auth mirror writes to auth.users
  type: 'test'
  ---
  ...
  duration_ms: 4.204459
# Subtest: every asset path in brand.ts exists in the package
Not implemented: Window's getComputedStyle() method: with pseudo-elements
  duration_ms: 0.201167
  type: 'test'
  type: 'test'
  ...
  duration_ms: 0.250042
  ...
# Subtest: the pattern catches each kind of write
# Subtest: C2: no source file in @pem/email writes a brand value or a colour literal
ok 6 - the pattern catches each kind of write
  ...
# Subtest: ./redirect reaches no server module, built-in or workspace package
Not implemented: Window's getComputedStyle() method: with pseudo-elements
  type: 'test'
Not implemented: Window's getComputedStyle() method: with pseudo-elements
  ...
Not implemented: Window's getComputedStyle() method: with pseudo-elements
  ---
Not implemented: Window's getComputedStyle() method: with pseudo-elements
  duration_ms: 0.799208
Not implemented: Window's getComputedStyle() method: with pseudo-elements
  type: 'test'
Not implemented: Window's getComputedStyle() method: with pseudo-elements
  ...
Not implemented: Window's getComputedStyle() method: with pseudo-elements
# Subtest: C2: invalid input throws Invalid naming the field, before any query
ok 3 - C2: matching modes pass
ok 6 - C2: invalid input throws Invalid naming the field, before any query
  ---
  ---
  duration_ms: 0.073458
ok 4 - every asset path in brand.ts exists in the package
  duration_ms: 0.590542
  ---
  type: 'test'
  duration_ms: 0.149375
  type: 'test'
  ...
ok 5 - C2: no source file in @pem/email writes a brand value or a colour literal
  type: 'test'
Not implemented: Window's getComputedStyle() method: with pseudo-elements
  ...
  ---
# Subtest: an error that is no domain error is not turned into one
Not implemented: Window's getComputedStyle() method: with pseudo-elements
Not implemented: Window's getComputedStyle() method: with pseudo-elements
Not implemented: Window's getComputedStyle() method: with pseudo-elements
ok 7 - an error that is no domain error is not turned into one
Not implemented: Window's getComputedStyle() method: with pseudo-elements
  ...
# Subtest: C2: a key with no mode prefix fails on every tier
  ---
Not implemented: Window's getComputedStyle() method: with pseudo-elements
# Subtest: C2: a malformed id fails on id; a list limit out of range fails on limit
ok 4 - C2: a key with no mode prefix fails on every tier
Not implemented: Window's getComputedStyle() method: with pseudo-elements
  ---
Not implemented: Window's getComputedStyle() method: with pseudo-elements
  duration_ms: 0.163375
Not implemented: Window's getComputedStyle() method: with pseudo-elements
ok 3 - C2: a malformed id fails on id; a list limit out of range fails on limit
  type: 'test'
  ---
  ...
  duration_ms: 0.376083
# Subtest: public names pass, and unset values are left out
ok 5 - public names pass, and unset values are left out
  ---
  ---
  duration_ms: 0.799791
  duration_ms: 0.90525
  duration_ms: 0.275416
  type: 'test'
  type: 'test'
  type: 'test'
ok 5 - ./redirect reaches no server module, built-in or workspace package
  ...
  ---
  ...
  duration_ms: 0.141833
# Subtest: white, black and the sRGB primaries
  type: 'test'
# Subtest: a server-only name is refused, by name
  type: 'test'
  ...
  ...
# Subtest: C2: a subject with a line break stays one header line
# Subtest: the walk sees a server import when there is one
ok 5 - white, black and the sRGB primaries
ok 6 - the walk sees a server import when there is one
  ---
  type: 'test'
Not implemented: Window's getComputedStyle() method: with pseudo-elements
  ...
ok 6 - C2: a subject with a line break stays one header line
  duration_ms: 0.657209
  ---
  ...
  type: 'test'
# Subtest: C1: a reporter that rejects is swallowed
  ...
  ...
Not implemented: Window's getComputedStyle() method: with pseudo-elements
# Subtest: lightness as a percentage, and an alpha, are accepted
ok 6 - lightness as a percentage, and an alpha, are accepted
Not implemented: Window's getComputedStyle() method: with pseudo-elements
  duration_ms: 0.559667
  type: 'test'
  ---
  ---
Not implemented: Window's getComputedStyle() method: with pseudo-elements
  duration_ms: 0.072417
Not implemented: Window's getComputedStyle() method: with pseudo-elements
  ...
  type: 'test'
Not implemented: Window's getComputedStyle() method: with pseudo-elements
# Subtest: a body the gate refuses is 400, before any model is called
Not implemented: Window's getComputedStyle() method: with pseudo-elements
  ...
# Subtest: seedLocalUsers
# Subtest: C1: a send on the local tier logs the rendered message and does not call the vendor
    # Subtest: refuses a non-loopback auth URL before sending anything
ok 7 - C1: a send on the local tier logs the rendered message and does not call the vendor
1..7
    ok 1 - refuses a non-loopback auth URL before sending anything
ok 5 - C1: a reporter that rejects is swallowed
# tests 7
  ---
      ---
ok 10 - a body the gate refuses is 400, before any model is called
Not implemented: Window's getComputedStyle() method: with pseudo-elements
      duration_ms: 1.000209
      type: 'test'
      ...
Not implemented: Window's getComputedStyle() method: with pseudo-elements
    # Subtest: refuses a missing service-role key before sending anything
  duration_ms: 2.780792
    ok 2 - refuses a missing service-role key before sending anything
  type: 'test'
Not implemented: Window's getComputedStyle() method: with pseudo-elements
  ...
ok 6 - a server-only name is refused, by name
# Subtest: C1: the default reporter is a no-op
# Subtest: the preset's neutral steps
  duration_ms: 0.536458
# suites 0
ok 7 - the preset's neutral steps
  ---
  ---
  duration_ms: 0.240667
      ---
  duration_ms: 0.137917
  type: 'test'
      duration_ms: 0.478042
# pass 7
  type: 'test'
  ...
  ...
# Subtest: C1: each tier reads its own variable
ok 7 - C1: each tier reads its own variable
# Subtest: anything but oklch() is refused
ok 8 - anything but oklch() is refused
  type: 'test'
  ...
  ---
  duration_ms: 0.195291
# Subtest: valid input parses, trimmed and defaulted
ok 4 - valid input parses, trimmed and defaulted
  ---
  duration_ms: 0.486708
  type: 'test'
  ---
  duration_ms: 0.217
  type: 'test'
  ...
# Subtest: C1: a tier whose own value is absent or empty reads the unsuffixed value
  ...
1..8
  type: 'test'
      type: 'test'
ok 8 - C1: a tier whose own value is absent or empty reads the unsuffixed value
# tests 8
      ...
    # Subtest: creates each synthetic user through the local admin API
# suites 0
# pass 8
  ...
1..4
# fail 0
# cancelled 0
# skipped 0
# tests 4
  ---
# todo 0
# suites 0
    ok 3 - creates each synthetic user through the local admin API
  duration_ms: 0.092292
# duration_ms 73.574625
      ---
  type: 'test'
      duration_ms: 35.185875
  ...
# pass 4
      type: 'test'
# Subtest: C1: nothing set picks undefined
  ---
ok 9 - C1: nothing set picks undefined
  ---
  duration_ms: 0.063959
ok 6 - C1: the default reporter is a no-op
      ...
  ---
    # Subtest: treats an existing email as done
  duration_ms: 0.451875
  type: 'test'
  ...
# Subtest: C2: a secret-like key is redacted at any depth, whatever its case
# fail 0
ok 7 - C2: a secret-like key is redacted at any depth, whatever its case
  ---
  duration_ms: 0.300625
  duration_ms: 0.803833
  type: 'test'
  type: 'test'
Not implemented: Window's getComputedStyle() method: with pseudo-elements
  ...
Not implemented: Window's getComputedStyle() method: with pseudo-elements
# Subtest: ./server is marked server-only, so a client component cannot import it
ok 7 - ./server is marked server-only, so a client component cannot import it
  ---
  duration_ms: 0.134875
  type: 'test'
  type: 'test'
  ...
# cancelled 0
# Subtest: C1: production never reads a suffixed value
# skipped 0
ok 10 - C1: production never reads a suffixed value
# todo 0
# duration_ms 122.967917
  ...
  ---
# Subtest: ./admin is marked server-only, so a client component cannot import it
  duration_ms: 1.313709
ok 8 - ./admin is marked server-only, so a client component cannot import it
  type: 'test'
  ...
  ---
# Subtest: C1: a dashboard template on the local tier logs its id and variable names, not their values
  ...
  ---
ok 8 - C1: a dashboard template on the local tier logs its id and variable names, not their values
Not implemented: Window's getComputedStyle() method: with pseudo-elements
  duration_ms: 0.155791
  duration_ms: 1.241375
Not implemented: Window's getComputedStyle() method: with pseudo-elements
  type: 'test'
# Subtest: C2: request bodies and personal data are redacted too
  ...
ok 8 - C2: request bodies and personal data are redacted too
  ---
# fail 0
  type: 'test'
  duration_ms: 0.057291
  ...
  type: 'test'
# Subtest: no key on a hosted tier is 503, naming nothing about the configuration
  ...
# Subtest: C1: the suffix grammar names each form
ok 11 - no key on a hosted tier is 503, naming nothing about the configuration
ok 11 - C1: the suffix grammar names each form
  ---
  ---
  duration_ms: 0.7955
    ok 4 - treats an existing email as done
  type: 'test'
      ---
  ...
      duration_ms: 1.021625
# Subtest: past the per-user window a vendor call is 429, before any model is called; the window then reopens
Not implemented: Window's getComputedStyle() method: with pseudo-elements
  duration_ms: 0.372167
Not implemented: Window's getComputedStyle() method: with pseudo-elements
Not implemented: Window's getComputedStyle() method: with pseudo-elements
Not implemented: Window's getComputedStyle() method: with pseudo-elements
# cancelled 0
# skipped 0
# todo 0
# duration_ms 442.799625
  type: 'test'
  ...
  duration_ms: 0.124625
Not implemented: Window's getComputedStyle() method: with pseudo-elements
Not implemented: Window's getComputedStyle() method: with pseudo-elements
Not implemented: Window's getComputedStyle() method: with pseudo-elements
cache hit, replaying logs 145cdd7d87f5df9e
  ---
# Subtest: ./session is marked server-only, so a client component cannot import it
  duration_ms: 0.156291
# Subtest: C1: the switch defaults to local, never production, and names itself when wrong
  type: 'test'
ok 12 - C1: the switch defaults to local, never production, and names itself when wrong
Not implemented: Window's getComputedStyle() method: with pseudo-elements
  ---
ok 12 - past the per-user window a vendor call is 429, before any model is called; the window then reopens
  ...
Not implemented: Window's getComputedStyle() method: with pseudo-elements
Not implemented: Window's getComputedStyle() method: with pseudo-elements
Not implemented: Window's getComputedStyle() method: with pseudo-elements
  duration_ms: 0.215084
Not implemented: Window's getComputedStyle() method: with pseudo-elements
  type: 'test'
Not implemented: Window's getComputedStyle() method: with pseudo-elements
  ...
Not implemented: Window's getComputedStyle() method: with pseudo-elements
  ---
Not implemented: Window's getComputedStyle() method: with pseudo-elements
  type: 'test'
  ...
# Subtest: C1: the local tier needs no key
ok 9 - ./session is marked server-only, so a client component cannot import it
ok 9 - C1: the local tier needs no key
  ---
  ---
  duration_ms: 0.085792
  duration_ms: 0.08675
  type: 'test'
  type: 'test'
  ...
# Subtest: C1: staging and production call the vendor once, with the brand's sender and reply-to
ok 10 - C1: staging and production call the vendor once, with the brand's sender and reply-to
# Subtest: outside a deployment the site URL is localhost, whatever is configured
  ...
ok 13 - outside a deployment the site URL is localhost, whatever is configured
# Subtest: ./context is marked server-only, so a client component cannot import it
  ---
TAP version 13
# Subtest: C1: a cookie session and a bearer token for one user resolve to the same ctx.user
  duration_ms: 10.036459
ok 1 - C1: a cookie session and a bearer token for one user resolve to the same ctx.user
  type: 'test'
  ---
  ...
  duration_ms: 11.155208
  type: 'test'
  ...
# Subtest: C1: a Bearer header decides alone: a refused token is anonymous even beside a good cookie
      type: 'test'
ok 2 - C1: a Bearer header decides alone: a refused token is anonymous even beside a good cookie
  ---
  ---
      ...
  duration_ms: 0.181666
    1..4
ok 7 - seedLocalUsers
  ---
  duration_ms: 39.13625
  type: 'suite'
  duration_ms: 0.380209
  duration_ms: 0.544875
  ...
# Subtest: db:local:reset
cache hit, replaying logs 8421fb848c8733fa
  type: 'test'
  ...
# Subtest: C1: a dashboard template is sent by its id, and EMAIL_FROM replaces the brand's address
ok 10 - ./context is marked server-only, so a client component cannot import it
# Subtest: C2: the reporter's context is redacted; the error itself is passed as caught
ok 9 - C2: the reporter's context is redacted; the error itself is passed as caught
  ---
  type: 'test'
  duration_ms: 0.229417
  type: 'test'
  type: 'test'
  ---
    # Subtest: refuses staging before resolving a URL
# Subtest: a refused request does not use the window
  ...
ok 13 - a refused request does not use the window
# Subtest: C1: an empty Bearer token is anonymous even beside a good cookie
ok 11 - C1: a dashboard template is sent by its id, and EMAIL_FROM replaces the brand's address
ok 3 - C1: an empty Bearer token is anonymous even beside a good cookie
  ---
  ---
  duration_ms: 0.23025
  ---
  duration_ms: 0.169583
  type: 'test'
  duration_ms: 3.119875
  ...
  type: 'test'
  type: 'test'
  duration_ms: 0.340583
  ...
  type: 'test'
# Subtest: C2: personal data and request bodies are redacted under their common compound names
  ...
ok 10 - C2: personal data and request bodies are redacted under their common compound names
# Subtest: a secret key in the public slot is refused, naming the variable
  ---
ok 11 - a secret key in the public slot is refused, naming the variable
  ...
  ...
Not implemented: Window's getComputedStyle() method: with pseudo-elements
# Subtest: C1: a scheme other than Bearer (a staging site's HTTP Basic) leaves the cookie session to decide
Not implemented: Window's getComputedStyle() method: with pseudo-elements
ok 4 - C1: a scheme other than Bearer (a staging site's HTTP Basic) leaves the cookie session to decide
TAP version 13
  ---
# Subtest: in a deployment the configured URL is used, without a trailing slash
  duration_ms: 0.179666
ok 14 - in a deployment the configured URL is used, without a trailing slash
  type: 'test'
# Subtest: C1: staging without a key refuses to send, naming the variable
  ...
ok 12 - C1: staging without a key refuses to send, naming the variable
# Subtest: C1: a protected procedure refuses an anonymous caller with UNAUTHORIZED
  ---
Not implemented: Window's getComputedStyle() method: with pseudo-elements
  duration_ms: 0.304833
Not implemented: Window's getComputedStyle() method: with pseudo-elements
  ...
Not implemented: Window's getComputedStyle() method: with pseudo-elements
# Subtest: a body over the size cap is 413, before it is parsed
Not implemented: Window's getComputedStyle() method: with pseudo-elements
    ok 1 - refuses staging before resolving a URL
ok 14 - a body over the size cap is 413, before it is parsed
      ---
  ---
  ---
      duration_ms: 423.2375
  duration_ms: 0.609292
  duration_ms: 0.139583
  type: 'test'
  type: 'test'
  type: 'test'
  ---
  duration_ms: 0.500125
  duration_ms: 0.322542
  type: 'test'
  type: 'test'
ok 5 - C1: a protected procedure refuses an anonymous caller with UNAUTHORIZED
  ...
# Subtest: C1: each fixture answers its prompt's current version on the case's model
ok 15 - C1: each fixture answers its prompt's current version on the case's model
  ...
  ...
# Subtest: C1: a secret-like tag is redacted before it reaches the reporter
1..14
ok 11 - C1: a secret-like tag is redacted before it reaches the reporter
# tests 14
  ---
# suites 0
  duration_ms: 0.315458
# pass 14
  type: 'test'
# fail 0
  ...
# cancelled 0
# Subtest: C2: free text is scrubbed of addresses, credentials, JWTs and OAuth codes
# skipped 0
ok 12 - C2: free text is scrubbed of addresses, credentials, JWTs and OAuth codes
# todo 0
      type: 'test'
      ...
  ---
    # Subtest: refuses staging before connecting, with its URLs set
  duration_ms: 0.603125
  ---
# duration_ms 83.365292
  ...
# Subtest: the publishable key and the legacy anon key pass
  ...
# Subtest: C1: a vendor error is thrown, not swallowed
ok 13 - C1: a vendor error is thrown, not swallowed
  ---
  ---
  duration_ms: 0.539542
Not implemented: Window's getComputedStyle() method: with pseudo-elements
  type: 'test'
ok 12 - the publishable key and the legacy anon key pass
  ---
    ok 2 - refuses staging before connecting, with its URLs set
  duration_ms: 0.1675
  type: 'test'
  ...
# Subtest: maskAddress keeps the first letter and the domain only
  type: 'test'
ok 14 - maskAddress keeps the first letter and the domain only
  ...
  ---
  duration_ms: 0.050667
  type: 'test'
  ...
  ...
# [billing] webhook.rejected {
# Subtest: C1: a deployment left on the local tier neither sends nor logs the body
      ---
  duration_ms: 0.1895
Not implemented: Window's getComputedStyle() method: with pseudo-elements
Not implemented: Window's getComputedStyle() method: with pseudo-elements
Not implemented: Window's getComputedStyle() method: with pseudo-elements
# Subtest: C1: a protected procedure hands the service a context for the caller, by cookie or by token
Not implemented: Window's getComputedStyle() method: with pseudo-elements
Not implemented: Window's getComputedStyle() method: with pseudo-elements
  duration_ms: 0.1395
Not implemented: Window's getComputedStyle() method: with pseudo-elements
  type: 'test'
Not implemented: Window's getComputedStyle() method: with pseudo-elements
  ...
Not implemented: Window's getComputedStyle() method: with pseudo-elements
# Subtest: C2: an error's message and stack are scrubbed on the printed line
ok 13 - C2: an error's message and stack are scrubbed on the printed line
# Subtest: C1: extraction returns a Zod-validated contact that passes its eval
ok 6 - C1: a protected procedure hands the service a context for the caller, by cookie or by token
Not implemented: Window's getComputedStyle() method: with pseudo-elements
Not implemented: Window's getComputedStyle() method: with pseudo-elements
Not implemented: Window's getComputedStyle() method: with pseudo-elements
Not implemented: Window's getComputedStyle() method: with pseudo-elements
Not implemented: Window's getComputedStyle() method: with pseudo-elements
Not implemented: Window's getComputedStyle() method: with pseudo-elements
Not implemented: Window's getComputedStyle() method: with pseudo-elements
  ---
ok 15 - C1: a deployment left on the local tier neither sends nor logs the body
  type: 'test'
  ...
# Subtest: the cookie stem the purge uses is the storage key the installed SDK writes
  ---
ok 16 - C1: extraction returns a Zod-validated contact that passes its eval
Not implemented: Window's getComputedStyle() method: with pseudo-elements
  ---
Not implemented: Window's getComputedStyle() method: with pseudo-elements
  duration_ms: 20.337083
Not implemented: Window's getComputedStyle() method: with pseudo-elements
  type: 'test'
Not implemented: Window's getComputedStyle() method: with pseudo-elements
  ...
#   reason: 'No signatures found matching the expected signature for payload. Are you passing the raw request body you received from Stripe? \\n' +
# Subtest: C1: an extraction answer that breaks the schema is refused
  duration_ms: 0.539709
#     ' If a webhook request is being forwarded by a third-party tool, ensure that the exact request body, including JSON formatting and new line style, is preserved.\\n' +
  duration_ms: 0.176292
#     '\\n' +
  type: 'test'
ok 17 - C1: an extraction answer that breaks the schema is refused
  ---
  ...
  duration_ms: 3.839833
# Subtest: C1: an admin procedure refuses a non-admin with FORBIDDEN and serves an admin
  type: 'test'
  type: 'test'
  ...
  ---
ok 7 - C1: an admin procedure refuses a non-admin with FORBIDDEN and serves an admin
  duration_ms: 0.37475
# Subtest: C1: the one-shot generate returns a summary that passes its eval
ok 18 - C1: the one-shot generate returns a summary that passes its eval
  ---
  duration_ms: 1.66775
Not implemented: Window's getComputedStyle() method: with pseudo-elements
      duration_ms: 288.292334
Not implemented: Window's getComputedStyle() method: with pseudo-elements
#     'Learn more about webhook signing and explore webhook integration examples for various frameworks at https://docs.stripe.com/webhooks/signature\\n'
Not implemented: Window's getComputedStyle() method: with pseudo-elements
  type: 'test'
  type: 'test'
  ...
  ...
# Subtest: C1: the chat streams a UI message response that passes its eval
# Subtest: C1: a send logs its Resend id and recipient count, never the address or body
Not implemented: Window's getComputedStyle() method: with pseudo-elements
ok 16 - C1: a send logs its Resend id and recipient count, never the address or body
ok 19 - C1: the chat streams a UI message response that passes its eval
  ---
  ---
Not implemented: Window's getComputedStyle() method: with pseudo-elements
  duration_ms: 0.356125
Not implemented: Window's getComputedStyle() method: with pseudo-elements
  type: 'test'
Not implemented: Window's getComputedStyle() method: with pseudo-elements
  duration_ms: 35.114375
  type: 'test'
  ---
  ...
  ...
# Subtest: formatSender keeps a display name and address on one line
Not implemented: Window's getComputedStyle() method: with pseudo-elements
ok 17 - formatSender keeps a display name and address on one line
Not implemented: Window's getComputedStyle() method: with pseudo-elements
Not implemented: Window's getComputedStyle() method: with pseudo-elements
  ...
Not implemented: Window's getComputedStyle() method: with pseudo-elements
# Subtest: C2: secret-named values in free text follow the key rule, in every common form
Not implemented: Window's getComputedStyle() method: with pseudo-elements
ok 14 - C2: secret-named values in free text follow the key rule, in every common form
Not implemented: Window's getComputedStyle() method: with pseudo-elements
  ---
      type: 'test'
  duration_ms: 0.108167
Not implemented: Window's getComputedStyle() method: with pseudo-elements
      ...
  type: 'test'
Not implemented: Window's getComputedStyle() method: with pseudo-elements
  ...
Not implemented: Window's getComputedStyle() method: with pseudo-elements
1..17
Not implemented: Window's getComputedStyle() method: with pseudo-elements
# tests 17
# suites 0
# pass 17
# fail 0
# }
  ---
  duration_ms: 0.327125
  duration_ms: 0.62475
  type: 'test'
  ...
ok 13 - the cookie stem the purge uses is the storage key the installed SDK writes
# [api] api.fault {
  ---
#   error: {
  duration_ms: 20.566
Not implemented: Window's getComputedStyle() method: with pseudo-elements
    # Subtest: refuses production before resolving a URL
  type: 'test'
    ok 3 - refuses production before resolving a URL
Not implemented: Window's getComputedStyle() method: with pseudo-elements
      ---
# cancelled 0
  type: 'test'
# skipped 0
  ...
# todo 0
# Subtest: C2: prose, versions and error codes survive the scrub
# duration_ms 97.210209
ok 15 - C2: prose, versions and error codes survive the scrub
# [billing] webhook.rejected {
#   reason: 'No signatures found matching the expected signature for payload. Are you passing the raw request body you received from Stripe? \\n' +
#     ' If a webhook request is being forwarded by a third-party tool, ensure that the exact request body, including JSON formatting and new line style, is preserved.\\n' +
#     name: 'Error',
  ...
  ---
# Using the user object as returned from supabase.auth.getSession() or from some supabase.auth.onAuthStateChange() events could be insecure! This value comes directly from the storage medium (usually cookies on the server) and may not be authentic. Use supabase.auth.getUser() instead which authenticates the data by contacting the Supabase Auth server.
Not implemented: Window's getComputedStyle() method: with pseudo-elements
# Subtest: C1: returns the user's id, email and app_metadata role from getUser
Not implemented: Window's getComputedStyle() method: with pseudo-elements
ok 14 - C1: returns the user's id, email and app_metadata role from getUser
Not implemented: Window's getComputedStyle() method: with pseudo-elements
  ---
Not implemented: Window's getComputedStyle() method: with pseudo-elements
#     message: 'Failed query: select "id", "body", "created_at", "updated_at" from "notes" where "notes"."id" = $1 limit $2\\n' +
Not implemented: Window's getComputedStyle() method: with pseudo-elements
      duration_ms: 276.44675
#       'params: 00000000-0000-4000-8000-0000000000aa,1',
      type: 'test'
# Subtest: C2: no key on the local tier replays every fixture and never calls the vendor
#     stack: 'Error: Failed query: select "id", "body", "created_at", "updated_at" from "notes" where "notes"."id" = $1 limit $2\\n' +
#       'params: 00000000-0000-4000-8000-0000000000aa,1\\n' +
#       '    at PreparedQuery.queryWithCache (file://./node_modules/drizzle-orm/pg-core/session.js:41:15)\\n' +
      ...
#       '    at async file://./node_modules/drizzle-orm/pg-proxy/session.js:80:33\\n' +
#       '    at async file://./node_modules/drizzle-orm/pg-proxy/session.js:75:20\\n' +
#       '    at async file://./packages/services/src/notes/notes.ts:66:21\\n' +
#       '    at async guarded (file://./packages/services/src/notes/notes.ts:33:12)\\n' +
Not implemented: Window's getComputedStyle() method: with pseudo-elements
  duration_ms: 3.2375
ok 20 - C2: no key on the local tier replays every fixture and never calls the vendor
  ---
  type: 'test'
  duration_ms: 12.720791
  ...
#       '    at async resolveMiddleware (file://./node_modules/@trpc/server/dist/initTRPC-B259os3T.mjs:203:17)\\n' +
# Subtest: C1: a user without a known app_metadata role is a user; user_metadata is never read
Not implemented: Window's getComputedStyle() method: with pseudo-elements
ok 15 - C1: a user without a known app_metadata role is a user; user_metadata is never read
  type: 'test'
  ---
  duration_ms: 0.132625
  type: 'test'
  ...
# Subtest: C1: refuses when getUser returns an error, even with a user beside it
ok 16 - C1: refuses when getUser returns an error, even with a user beside it
  ---
  duration_ms: 0.11025
  type: 'test'
  ...
# Subtest: C1: a forged session cookie is refused when Supabase cannot fetch its user
ok 17 - C1: a forged session cookie is refused when Supabase cannot fetch its user
  ...
  ---
Not implemented: Window's getComputedStyle() method: with pseudo-elements
  duration_ms: 15.539375
  type: 'test'
#     '\\n' +
  ...
# Subtest: C2: with a key, the same call goes to the vendor (the stand-in sees it)
# Subtest: C1: the same cookie passes once Supabase returns its user, with the role from that answer
    # Subtest: refuses production before connecting, with its URLs set
ok 18 - C1: the same cookie passes once Supabase returns its user, with the role from that answer
  ---
#       '    at async callRecursive (file://./node_modules/@trpc/server/dist/initTRPC-B259os3T.mjs:238:10)\\n' +
  duration_ms: 1.220542
#       '    at async callRecursive (file://./node_modules/@trpc/server/dist/initTRPC-B259os3T.mjs:238:10)\\n' +
  type: 'test'
  ...
# Subtest: C1: the mirror is called once per user per process, and again after a refusal, a failure or an email change
ok 19 - C1: the mirror is called once per user per process, and again after a refusal, a failure or an email change
  ---
  duration_ms: 0.336167
  type: 'test'
  ...
# Subtest: C1: concurrent requests for one user share one mirror call
ok 21 - C2: with a key, the same call goes to the vendor (the stand-in sees it)
ok 20 - C1: concurrent requests for one user share one mirror call
  ---
#       '    at async callRecursive (file://./node_modules/@trpc/server/dist/initTRPC-B259os3T.mjs:238:10)\\n' +
  ---
  duration_ms: 25.141458
  type: 'test'
  duration_ms: 3.983333
  duration_ms: 0.112625
  type: 'test'
#       '    at async file://./packages/api/src/trpc.ts:38:18',
#     'Learn more about webhook signing and explore webhook integration examples for various frameworks at https://docs.stripe.com/webhooks/signature\\n'
#     cause: {
# }
#       name: 'Error',
  ...
# Subtest: C1: an anonymous or refused request never reaches the mirror
ok 21 - C1: an anonymous or refused request never reaches the mirror
  ---
#       message: 'relation "notes" does not exist',
Not implemented: Window's getComputedStyle() method: with pseudo-elements
#       stack: 'Error: relation "notes" does not exist\\n' +
Not implemented: Window's getComputedStyle() method: with pseudo-elements
Not implemented: Window's getComputedStyle() method: with pseudo-elements
    ok 4 - refuses production before connecting, with its URLs set
Not implemented: Window's getComputedStyle() method: with pseudo-elements
  duration_ms: 0.486375
Not implemented: Window's getComputedStyle() method: with pseudo-elements
Not implemented: Window's getComputedStyle() method: with pseudo-elements
  type: 'test'
Not implemented: Window's getComputedStyle() method: with pseudo-elements
      ---
Not implemented: Window's getComputedStyle() method: with pseudo-elements
Not implemented: Window's getComputedStyle() method: with pseudo-elements
#         '    at file://./packages/api/src/errors.test.ts:148:22\\n' +
Not implemented: Window's getComputedStyle() method: with pseudo-elements
  ...
Not implemented: Window's getComputedStyle() method: with pseudo-elements
Not implemented: Window's getComputedStyle() method: with pseudo-elements
  type: 'test'
Not implemented: Window's getComputedStyle() method: with pseudo-elements
#         '    at file://./packages/api/src/test-helpers.ts:83:20\\n' +
Not implemented: Window's getComputedStyle() method: with pseudo-elements
Not implemented: Window's getComputedStyle() method: with pseudo-elements
      duration_ms: 278.082792
      type: 'test'
      ...
    # Subtest: refuses a local URL that is not this machine, before connecting
    ok 5 - refuses a local URL that is not this machine, before connecting
      ---
      duration_ms: 276.390792
      type: 'test'
      ...
    # Subtest: refuses a malformed tier
    ok 6 - refuses a malformed tier
      ---
      duration_ms: 281.744958
      type: 'test'
      ...
    1..6
ok 8 - db:local:reset
  ---
  ...
Not implemented: Window's getComputedStyle() method: with pseudo-elements
# Subtest: C2: scrubbing a long run without a match stays linear
Not implemented: Window's getComputedStyle() method: with pseudo-elements
#         '    at file://./node_modules/drizzle-orm/pg-proxy/session.js:81:24\\n' +
Not implemented: Window's getComputedStyle() method: with pseudo-elements
#         '    at PreparedQuery.queryWithCache (file://./node_modules/drizzle-orm/pg-core/session.js:39:22)\\n' +
#         '    at file://./node_modules/drizzle-orm/pg-proxy/session.js:80:44\\n' +
# Subtest: C2: no key in a deployment or on a hosted tier throws, and never replays a fixture
#         '    at Object.startActiveSpan (file://./node_modules/drizzle-orm/tracing.js:8:14)\\n' +
ok 22 - C2: no key in a deployment or on a hosted tier throws, and never replays a fixture
  ...
# Subtest: a sign-in on localhost lands back on localhost, at next
ok 22 - a sign-in on localhost lands back on localhost, at next
Not implemented: Window's getComputedStyle() method: with pseudo-elements
  ---
  duration_ms: 1.132334
  type: 'test'
# [billing] webhook.rejected { reason: 'no stripe-signature header' }
ok 16 - C2: scrubbing a long run without a match stays linear
  ---
  duration_ms: 8.615375
  type: 'test'
  ...
  ...
# [billing] webhook.processed { eventId: 'evt_replayed', eventType: 'checkout.session.completed' }
# [billing] webhook.duplicate { eventId: 'evt_replayed', eventType: 'checkout.session.completed' }
Not implemented: Window's getComputedStyle() method: with pseudo-elements
# [billing] webhook.in_flight { eventId: 'evt_busy', eventType: 'checkout.session.completed' }
Not implemented: Window's getComputedStyle() method: with pseudo-elements
# [billing] webhook.wrong_mode {
  ---
#   eventId: 'evt_live',
  duration_ms: 0.390791
#   eventType: 'checkout.session.completed',
  type: 'test'
#   reason: "a live-mode event reached a test tier; this endpoint's secret belongs to production"
  ...
#         '    at file://./node_modules/drizzle-orm/pg-proxy/session.js:75:33\\n' +
# Subtest: with a key, the request names the case's model, its effort, the output cap and the versioned prompt
  duration_ms: 1824.878041
ok 23 - with a key, the request names the case's model, its effort, the output cap and the versioned prompt
  type: 'suite'
  ---
  ...
  duration_ms: 5.170208
# Subtest: nonLoopbackBindings
  type: 'test'
Not implemented: Window's getComputedStyle() method: with pseudo-elements
  ...
Not implemented: Window's getComputedStyle() method: with pseudo-elements
# Subtest: the client module is server-only, so a client component cannot import the keyed client
Not implemented: Window's getComputedStyle() method: with pseudo-elements
# Subtest: C1: an invalid Date is logged, never thrown
#         '    at Object.startActiveSpan (file://./node_modules/drizzle-orm/tracing.js:8:14)\\n' +
ok 24 - the client module is server-only, so a client component cannot import the keyed client
Not implemented: Window's getComputedStyle() method: with pseudo-elements
  ---
Not implemented: Window's getComputedStyle() method: with pseudo-elements
  duration_ms: 0.662292
Not implemented: Window's getComputedStyle() method: with pseudo-elements
# }
Not implemented: Window's getComputedStyle() method: with pseudo-elements
# [billing] webhook.wrong_mode {
Not implemented: Window's getComputedStyle() method: with pseudo-elements
    # Subtest: names every interface and a specific LAN address
#   eventId: 'evt_test',
#   eventType: 'checkout.session.completed',
Not implemented: Window's getComputedStyle() method: with pseudo-elements
  type: 'test'
Not implemented: Window's getComputedStyle() method: with pseudo-elements
# Subtest: next that leaves the origin becomes /
Not implemented: Window's getComputedStyle() method: with pseudo-elements
ok 17 - C1: an invalid Date is logged, never thrown
Not implemented: Window's getComputedStyle() method: with pseudo-elements
  ---
Not implemented: Window's getComputedStyle() method: with pseudo-elements
Not implemented: Window's getComputedStyle() method: with pseudo-elements
Not implemented: Window's getComputedStyle() method: with pseudo-elements
Not implemented: Window's getComputedStyle() method: with pseudo-elements
Not implemented: Window's getComputedStyle() method: with pseudo-elements
Not implemented: Window's getComputedStyle() method: with pseudo-elements
  ...
#         '    at PreparedQuery.execute (file://./node_modules/drizzle-orm/pg-proxy/session.js:59:19)\\n' +
  duration_ms: 0.192667
  type: 'test'
#   reason: "a test-mode event reached production; this endpoint's secret is a test endpoint's"
  ...
    ok 1 - names every interface and a specific LAN address
1..17
1..24
# tests 17
# tests 24
# suites 0
# suites 0
# pass 17
# pass 24
# fail 0
# fail 0
# cancelled 0
# }
# skipped 0
ok 23 - next that leaves the origin becomes /
# todo 0
  ---
# duration_ms 244.352792
  duration_ms: 0.57375
# [billing] webhook.unconfigured {
  type: 'test'
# cancelled 0
      ---
#   reason: 'STRIPE_WEBHOOK_SECRET is unset for this tier (STRIPE_WEBHOOK_SECRET_LOCAL off a deployment)'
#         '    at file://./node_modules/drizzle-orm/pg-core/query-builders/select.js:797:30'
      duration_ms: 1.0025
#     }
#   },
#   path: 'notes.get'
# }
  ...
Not implemented: Window's getComputedStyle() method: with pseudo-elements
# skipped 0
      type: 'test'
# todo 0
      ...
Not implemented: Window's getComputedStyle() method: with pseudo-elements
Not implemented: Window's getComputedStyle() method: with pseudo-elements
# }
Not implemented: Window's getComputedStyle() method: with pseudo-elements
Not implemented: Window's getComputedStyle() method: with pseudo-elements
Not implemented: Window's getComputedStyle() method: with pseudo-elements
# Subtest: the callback URL is on the site's origin and carries next only when it is a path
Not implemented: Window's getComputedStyle() method: with pseudo-elements
ok 24 - the callback URL is on the site's origin and carries next only when it is a path
Not implemented: Window's getComputedStyle() method: with pseudo-elements
Not implemented: Window's getComputedStyle() method: with pseudo-elements
# [billing] webhook.processed { eventId: 'evt_sub', eventType: 'customer.subscription.deleted' }
Not implemented: Window's getComputedStyle() method: with pseudo-elements
# [billing] webhook.processed { eventId: 'evt_cs', eventType: 'checkout.session.completed' }
Not implemented: Window's getComputedStyle() method: with pseudo-elements
Not implemented: Window's getComputedStyle() method: with pseudo-elements
# Subtest: C2: the mapper turns each domain error into its tRPC code and keeps the message
Not implemented: Window's getComputedStyle() method: with pseudo-elements
  ---
# [billing] webhook.ignored { eventId: 'evt_other', eventType: 'invoice.paid' }
# [billing] webhook.ignored { eventId: 'evt_proto', eventType: 'constructor' }
# [billing] webhook.handler_failed {
ok 8 - C2: the mapper turns each domain error into its tRPC code and keeps the message
Not implemented: Window's getComputedStyle() method: with pseudo-elements
  duration_ms: 0.224375
  type: 'test'
  ...
# @supabase/ssr: chunked cookie decoded to invalid JSON, treating as absent. This usually indicates that cookie chunks from different writes were combined (e.g. response committed before all Set-Cookie headers were sent).
  ---
    # Subtest: passes loopback-only bindings
    ok 2 - passes loopback-only bindings
# duration_ms 106.634041
  duration_ms: 0.550292
  type: 'test'
#   eventId: 'evt_flaky',
#   eventType: 'checkout.session.completed',
#   error: {
#     name: 'Error',
#     message: 'synthetic failure',
#     stack: 'Error: synthetic failure\\n' +
#       '    at checkout.session.completed (file://./apps/web/lib/billing/webhook/handle.test.ts:69:46)\\n' +
# @supabase/ssr: chunked cookie decoded to invalid JSON, treating as absent. This usually indicates that cookie chunks from different writes were combined (e.g. response committed before all Set-Cookie headers were sent).
  ...
# Subtest: C2: a service's domain error leaves a procedure as its tRPC code
      ---
      duration_ms: 0.072583
      type: 'test'
Not implemented: Window's getComputedStyle() method: with pseudo-elements
      ...
#       '    at handleStripeWebhook (file://./apps/web/lib/billing/webhook/handle.ts:134:11)\\n' +
# @supabase/ssr: chunked cookie decoded to invalid JSON, treating as absent. This usually indicates that cookie chunks from different writes were combined (e.g. response committed before all Set-Cookie headers were sent).
ok 9 - C2: a service's domain error leaves a procedure as its tRPC code
Not implemented: Window's getComputedStyle() method: with pseudo-elements
    1..2
ok 9 - nonLoopbackBindings
# Subtest: C2: on the local stack, updateSession deletes every staging session cookie and nothing else
  ---
ok 25 - C2: on the local stack, updateSession deletes every staging session cookie and nothing else
  duration_ms: 11.696334
  ---
#       '    at async TestContext.<anonymous> (file://./apps/web/lib/billing/webhook/handle.test.ts:302:20)\\n' +
Not implemented: Window's getComputedStyle() method: with pseudo-elements
#       '    at async Test.run (node:internal/test_runner/test:1054:7)\\n' +
#       '    at async Promise.all (index 0)\\n' +
  type: 'test'
#       '    at async Suite.run (node:internal/test_runner/test:1442:7)\\n' +
#       '    at async Test.processPendingSubtests (node:internal/test_runner/test:744:7)'
  duration_ms: 29.886959
#   }
# }
# [billing] webhook.processed { eventId: 'evt_flaky', eventType: 'checkout.session.completed' }
  ...
# [billing] webhook.ledger_failed {
  ---
#   eventId: 'evt_nodb',
  type: 'test'
# Subtest: C2: over HTTP, a note row-level security withholds is NOT_FOUND (404)
  ...
ok 10 - C2: over HTTP, a note row-level security withholds is NOT_FOUND (404)
Not implemented: Window's getComputedStyle() method: with pseudo-elements
  ---
#   eventType: 'checkout.session.completed',
Not implemented: Window's getComputedStyle() method: with pseudo-elements
Not implemented: Window's getComputedStyle() method: with pseudo-elements
Not implemented: Window's getComputedStyle() method: with pseudo-elements
Not implemented: Window's getComputedStyle() method: with pseudo-elements
Not implemented: Window's getComputedStyle() method: with pseudo-elements
Not implemented: Window's getComputedStyle() method: with pseudo-elements
Not implemented: Window's getComputedStyle() method: with pseudo-elements
Not implemented: Window's getComputedStyle() method: with pseudo-elements
#   error: {
Not implemented: Window's getComputedStyle() method: with pseudo-elements
  duration_ms: 1.640792
Not implemented: Window's getComputedStyle() method: with pseudo-elements
Not implemented: Window's getComputedStyle() method: with pseudo-elements
  duration_ms: 6.903125
Not implemented: Window's getComputedStyle() method: with pseudo-elements
  type: 'suite'
Not implemented: Window's getComputedStyle() method: with pseudo-elements
Not implemented: Window's getComputedStyle() method: with pseudo-elements
Not implemented: Window's getComputedStyle() method: with pseudo-elements
#     name: 'Error',
Not implemented: Window's getComputedStyle() method: with pseudo-elements
  ...
Not implemented: Window's getComputedStyle() method: with pseudo-elements
Not implemented: Window's getComputedStyle() method: with pseudo-elements
Not implemented: Window's getComputedStyle() method: with pseudo-elements
Not implemented: Window's getComputedStyle() method: with pseudo-elements
Not implemented: Window's getComputedStyle() method: with pseudo-elements
stderr | .storybook/stories.test.ts > Primitives/Display/Chart > Bars
The width(0) and height(0) of chart should be greater than 0,
# Subtest: runtime takes the transaction pooler on a hosted tier
       please check the style of container, or the props width(100%) and height(100%),
       or add a minWidth(0) or minHeight(undefined) or use aspect(undefined) to control the
       height and width.

ok 10 - runtime takes the transaction pooler on a hosted tier
stderr | .storybook/stories.test.ts > Primitives/Display/Chart > WithLegend
# Subtest: C2: the project's own cookies are never purged
  type: 'test'
  ...
#     message: 'synthetic: database unreachable',
#     stack: 'Error: synthetic: database unreachable\\n' +
ok 26 - C2: the project's own cookies are never purged
#       '    at Object.claim (file://./apps/web/lib/billing/webhook/handle.test.ts:332:15)\\n' +
# Subtest: C2: over HTTP, a policy's refusal is FORBIDDEN (403) and a unique violation CONFLICT (409)
#       '    at handleStripeWebhook (file://./apps/web/lib/billing/webhook/handle.ts:119:31)\\n' +
#       '    at async TestContext.<anonymous> (file://./apps/web/lib/billing/webhook/handle.test.ts:335:20)\\n' +
  ---
#       '    at async Test.run (node:internal/test_runner/test:1054:7)\\n' +
  ---
#       '    at async Suite.processPendingSubtests (node:internal/test_runner/test:744:7)'
#   },
The width(0) and height(0) of chart should be greater than 0,
#   step: 'claim'
       please check the style of container, or the props width(100%) and height(100%),
# }
# Subtest: C1: an unverified webhook is rejected and a replay is ignored
  duration_ms: 1.075125
    # Subtest: a signature made with another secret is rejected before anything is read or written
       or add a minWidth(0) or minHeight(undefined) or use aspect(undefined) to control the
    ok 1 - a signature made with another secret is rejected before anything is read or written
      ---
      duration_ms: 2.348375
ok 11 - C2: over HTTP, a policy's refusal is FORBIDDEN (403) and a unique violation CONFLICT (409)
  type: 'test'
  ...
# Subtest: C2: switching back to staging purges the local stack's cookies
      type: 'test'
      ...
    # Subtest: a body changed after signing is rejected
  duration_ms: 0.800958
  type: 'test'
  ---
  ...
  duration_ms: 3.101041
  type: 'test'
  ...
    ok 2 - a body changed after signing is rejected
# Subtest: migrations take the session pooler on a hosted tier
# Subtest: C2: over HTTP, input that fails its validator is BAD_REQUEST (400) with the failed fields
ok 11 - migrations take the session pooler on a hosted tier
ok 12 - C2: over HTTP, input that fails its validator is BAD_REQUEST (400) with the failed fields
  ---
  duration_ms: 1.638583
  type: 'test'
  ...
# Subtest: C2: a fault is INTERNAL_SERVER_ERROR (500) and neither its message nor its stack leaves the server
ok 13 - C2: a fault is INTERNAL_SERVER_ERROR (500) and neither its message nor its stack leaves the server
  ---
       height and width.
ok 27 - C2: switching back to staging purges the local stack's cookies
  ---
  duration_ms: 0.502125
  type: 'test'
  ...
# Subtest: C2: with no foreign cookie, nothing is written
ok 28 - C2: with no foreign cookie, nothing is written
  ---
  duration_ms: 0.339041
  type: 'test'
  ---
  ...
  duration_ms: 0.120667
  type: 'test'
  ...
# Subtest: the local tier is not checked beyond the scheme
ok 12 - the local tier is not checked beyond the scheme

      ---
stderr | .storybook/stories.test.ts > Primitives/Display/Chart > StillByDefault
The width(0) and height(0) of chart should be greater than 0,
  duration_ms: 2.558458
       please check the style of container, or the props width(100%) and height(100%),
       or add a minWidth(0) or minHeight(undefined) or use aspect(undefined) to control the
       height and width.

 ✓ .storybook/stories.test.ts (377 tests) 19908ms
   ✓ Catalog/Navigation/Sidebar 10/shadcn (4)
     ✓ Collapsed 308ms
  type: 'test'
      duration_ms: 0.434166
  ...
      type: 'test'
      ...
1..13
# tests 13
    # Subtest: a delivery with no signature header is rejected
  ---
  duration_ms: 0.091291
  type: 'test'
# Subtest: C2: the purge reads every cookie form Supabase writes
  ...
# Subtest: errors and descriptions never carry credentials
    ok 3 - a delivery with no signature header is rejected
ok 13 - errors and descriptions never carry credentials
  ---
  duration_ms: 0.08725
     ✓ SectionToggle 318ms
ok 29 - C2: the purge reads every cookie form Supabase writes
   ✓ Catalog/Navigation/Sidebar 15/shadcn (5)
      ---
  type: 'test'
      duration_ms: 0.175208
  ...
# Subtest: applyLocalAuthMirror
    # Subtest: refuses a non-loopback host before connecting
      type: 'test'
# suites 0
# pass 13
# fail 0
  ---
    ok 1 - refuses a non-loopback host before connecting
      ---
      duration_ms: 3.286
      type: 'test'
      ...
    # Subtest: passes the host check on loopback and only then connects
      ...
    # Subtest: a replayed event id is acknowledged and its handler does not run again
    ok 4 - a replayed event id is acknowledged and its handler does not run again
  duration_ms: 0.080958
      ---
    ok 2 - passes the host check on loopback and only then connects
      duration_ms: 0.595
      ---
      type: 'test'
      ...
# cancelled 0
# skipped 0
# todo 0
    # Subtest: an event another delivery is still handling gets a retryable non-2xx
# duration_ms 546.185834
     ✓ Default 359ms
      duration_ms: 2.454666
     ✓ Collapsed 431ms
     ✓ MenuOpen 426ms
  type: 'test'
  ...
    ok 5 - an event another delivery is still handling gets a retryable non-2xx
      ---
      duration_ms: 0.606166
      type: 'test'
      ...
    # Subtest: an event whose mode is not the tier's is rejected before anything is written
    ok 6 - an event whose mode is not the tier's is rejected before anything is written
      ---
      duration_ms: 0.71225
      type: 'test'
      ...
# Subtest: C2: switching to a tier with no project clears every Supabase session cookie
    # Subtest: with no signing secret configured nothing is verified, Stripe is told to retry, and the response names no configuration
      type: 'test'
     ✓ SectionToggle 381ms
ok 30 - C2: switching to a tier with no project clears every Supabase session cookie
  ---
    ok 7 - with no signing secret configured nothing is verified, Stripe is told to retry, and the response names no configuration
      ---
      duration_ms: 0.475666
      ...
    1..2
ok 14 - applyLocalAuthMirror
  ---
  duration_ms: 0.101709
  type: 'test'
      type: 'test'
      ...
    1..7
ok 1 - C1: an unverified webhook is rejected and a replay is ignored
  ---
     ✓ PickDay 454ms
  ...
  duration_ms: 6.364083
  duration_ms: 5.888625
  type: 'suite'
  ...
1..30
# tests 30
# suites 0
# pass 30
# fail 0
# cancelled 0

 Test Files  2 passed (2)
  type: 'suite'
# Subtest: isLoopbackHost
# skipped 0
    # Subtest: accepts localhost, 127.0.0.0/8 and ::1
    ok 1 - accepts localhost, 127.0.0.0/8 and ::1
  ...
# Subtest: C2: a signed event reaches the handler its type maps to
    # Subtest: each type goes to its own handler, and the id is recorded only after
    ok 1 - each type goes to its own handler, and the id is recorded only after
# todo 0
      ---
      Tests  382 passed (382)
      duration_ms: 0.334834
      type: 'test'
      ...
   Start at  21:17:55
      ---
      duration_ms: 1.508167
      type: 'test'
    1..1
ok 2 - C2: a signed event reaches the handler its type maps to
  ---
  duration_ms: 0.441542
  type: 'suite'
   Duration  26.65s (tests 70%, transform 15%, import 7%, environment 6%, setup 2%)
# duration_ms 483.702208
      ...
    # Subtest: refuses every other host, including look-alikes
    ok 2 - refuses every other host, including look-alikes
  ...
# Subtest: C3: an event type with no handler is acknowledged and dispatched nowhere

    # Subtest: a 2xx, no handler runs, and the ledger is not touched
    ok 1 - a 2xx, no handler runs, and the ledger is not touched
      ---
      duration_ms: 0.446958
      type: 'test'
      ...
    # Subtest: a type named like an object property is not a handler
    ok 2 - a type named like an object property is not a handler
      ---
      duration_ms: 0.221625
      type: 'test'
      ...
    1..2
ok 3 - C3: an event type with no handler is acknowledged and dispatched nowhere
  ---
  duration_ms: 0.761458
  type: 'suite'
  ...
# Subtest: C4: a handler that throws gets a retryable 5xx and is not recorded
    # Subtest: the claim is released, the id is not processed, and the retry runs the handler
    ok 1 - the claim is released, the id is not processed, and the retry runs the handler
      ---
      duration_ms: 0.089875
      ---
      duration_ms: 0.557208
      type: 'test'
      ...
    # Subtest: a ledger that cannot be written is retryable too
      type: 'test'
      ...
    # Subtest: isLoopbackUrl reads the URL's host and refuses an unparseable URL
    ok 2 - a ledger that cannot be written is retryable too
    ok 3 - isLoopbackUrl reads the URL's host and refuses an unparseable URL
      ---
      duration_ms: 0.15825
      ---
      duration_ms: 0.288792
      type: 'test'
      type: 'test'
      ...
    1..3
ok 15 - isLoopbackHost
  ---
  duration_ms: 2.301042
  type: 'suite'
  ...
# Subtest: the bridge accepts a UUID user and a known role
ok 16 - the bridge accepts a UUID user and a known role
  ---
  duration_ms: 0.843541
  type: 'test'
  ...
# Subtest: the bridge refuses a partial or forged identity before any SQL
ok 17 - the bridge refuses a partial or forged identity before any SQL
  ---
  duration_ms: 0.280958
  type: 'test'
  ...
# Subtest: the schema exports tables, and none of them outside public
ok 18 - the schema exports tables, and none of them outside public
  ---
  duration_ms: 0.887333
  type: 'test'
  ...
# Subtest: authUsers is never exported from the schema
ok 19 - authUsers is never exported from the schema
  ---
  duration_ms: 0.077875
  type: 'test'
  ...
# Subtest: every table carries its policies beside it
ok 20 - every table carries its policies beside it
  ---
      ...
    1..2
ok 4 - C4: a handler that throws gets a retryable 5xx and is not recorded
  ---
  duration_ms: 0.890209
  type: 'suite'
  ...
# Subtest: a build without SENTRY_AUTH_TOKEN skips the upload and names no credential
ok 5 - a build without SENTRY_AUTH_TOKEN skips the upload and names no credential
  ---
  duration_ms: 0.487042
  type: 'test'
  duration_ms: 0.226791
  type: 'test'
  ...
1..20
# tests 32
# suites 5
# pass 32
  ...
# Subtest: a local build with a token still skips the upload
# fail 0
# cancelled 0
# skipped 0
# todo 0
# duration_ms 2010.446209
ok 6 - a local build with a token still skips the upload
  ---
  duration_ms: 0.068417
  type: 'test'
  ...
# Subtest: a deployment with the token, org and project uploads under the commit release
ok 7 - a deployment with the token, org and project uploads under the commit release
  ---
  duration_ms: 0.067083
  type: 'test'
  ...
# Subtest: there is no tunnel route, so the app relays no one's events
ok 8 - there is no tunnel route, so the app relays no one's events
  ---
  duration_ms: 0.103583
  type: 'test'
  ...
# Subtest: on local nothing registers, though production's and staging's DSNs are set
ok 9 - on local nothing registers, though production's and staging's DSNs are set
  ---
  duration_ms: 0.674625
  type: 'test'
  ...
# Subtest: each tier reads only its own DSN, never production's
ok 10 - each tier reads only its own DSN, never production's
  ---
  duration_ms: 0.089458
  type: 'test'
  ...
# Subtest: a local DSN set on purpose registers
ok 11 - a local DSN set on purpose registers
  ---
  duration_ms: 0.145916
  type: 'test'
  ...
# Subtest: with a DSN, the SDK starts with every data category off and the reporter is registered
ok 12 - with a DSN, the SDK starts with every data category off and the reporter is registered
  ---
  duration_ms: 0.567083
  type: 'test'
  ...
# Subtest: every dataCollection category is set explicitly
ok 13 - every dataCollection category is set explicitly
  ---
  duration_ms: 0.070541
  type: 'test'
  ...
# Subtest: beforeSend drops cookies, body, headers and query, keeping url path and method
ok 14 - beforeSend drops cookies, body, headers and query, keeping url path and method
  ---
  duration_ms: 1.418125
  type: 'test'
  ...
# Subtest: the user is reduced to an opaque id
ok 15 - the user is reduced to an opaque id
  ---
  duration_ms: 0.113958
  type: 'test'
  ...
# Subtest: an address passed as the id does not survive
ok 16 - an address passed as the id does not survive
  ---
  duration_ms: 0.139916
  type: 'test'
  ...
# Subtest: contexts keep their facts but lose secrets and addresses
ok 17 - contexts keep their facts but lose secrets and addresses
  ---
  duration_ms: 0.155167
  type: 'test'
  ...
# Subtest: a user without an id is dropped whole
ok 18 - a user without an id is dropped whole
  ---
  duration_ms: 0.07975
  type: 'test'
  ...
# Subtest: free text is scrubbed and extra and breadcrumb data are dropped
ok 19 - free text is scrubbed and extra and breadcrumb data are dropped
  ---
  duration_ms: 0.125584
  type: 'test'
  ...
# Subtest: the input event is not mutated
ok 20 - the input event is not mutated
  ---
  duration_ms: 0.432583
  type: 'test'
  ...
# Subtest: stack frames keep their place but lose their local variables
ok 21 - stack frames keep their place but lose their local variables
  ---
  duration_ms: 0.122417
  type: 'test'
  ...
1..21
# tests 29
# suites 4
# pass 29
# fail 0
# cancelled 0
# skipped 0
# todo 0
# duration_ms 159.177042

 Tasks:    12 successful, 12 total
Cached:    12 cached, 12 total
  Time:    367ms >>> FULL TURBO

