command: yarn lint
exit: 0
at: 2026-10-05T03:49:21Z
head: 5cd5e9f32fab9f9f0afd1bd77a6ba5249e631e90
---

   • turbo 2.11.6
   • Packages in scope: @pem/ai, @pem/api, @pem/auth, @pem/brand, @pem/catalog, @pem/config, @pem/constants, @pem/db, @pem/email, @pem/env, @pem/observability, @pem/services, @pem/ui, @pem/validators, docs, web
   • Running lint in 16 packages
   • Remote caching disabled

@pem/observability:lint: cache miss, executing a6a66d9905539660
@pem/validators:lint: cache miss, executing 685f949db83004aa
@pem/brand:lint: cache miss, executing b9761a75804b3de3
@pem/env:lint: cache miss, executing 67cd57c21a597ae8
@pem/constants:lint: cache miss, executing 2dfc5568932dc534
@pem/db:lint: cache miss, executing 3b92b576a3da681d
@pem/ui:lint: cache miss, executing 277f1e7a0d3df2af
@pem/email:lint: cache miss, executing afef563feaf861ae
@pem/ai:lint: cache miss, executing f6c10e127a138357
@pem/auth:lint: cache miss, executing 1c773c3aff32af89
@pem/services:lint: cache miss, executing 4edd1bee3a5d8e0b
@pem/catalog:lint: cache miss, executing e5efbdde46ed46d4
docs:lint: cache miss, executing 5b0a3cb6b0be6e61
@pem/api:lint: cache miss, executing 64d169cd68e92978
web:lint: cache miss, executing fcb64669bfbe56e2

 Tasks:    15 successful, 15 total
Cached:    0 cached, 15 total
  Time:    8.438s 

