command: yarn test
exit: 0
at: 2026-10-05T00:41:59Z
head: 8f2e32a6c461edc40ee2accdef4beb6ecfa698cd
tests: 134
---

   • turbo 2.11.6
   • Packages in scope: @pem/auth, @pem/brand, @pem/catalog, @pem/config, @pem/constants, @pem/db, @pem/email, @pem/env, @pem/observability, @pem/services, @pem/ui, @pem/validators, docs, web
   • Running test in 14 packages
   • Remote caching disabled

cache miss, executing 25d403db458402fe
cache hit, replaying logs 5e77f193db959013
cache hit, replaying logs 6ef119bceda7d959
cache hit, replaying logs c41a0020c0637068
cache hit, replaying logs ef64d0e4184780c1
TAP version 13
# Subtest: C2: an empty or whitespace body fails on body
ok 1 - C2: an empty or whitespace body fails on body
  ---
  duration_ms: 1.991
  type: 'test'
  ...
# Subtest: C2: a body over the limit fails on body
ok 2 - C2: a body over the limit fails on body
  ---
  duration_ms: 0.24
  type: 'test'
  ...
# Subtest: C2: a malformed id fails on id; a list limit out of range fails on limit
ok 3 - C2: a malformed id fails on id; a list limit out of range fails on limit
  ---
  duration_ms: 0.5395
  type: 'test'
  ...
# Subtest: valid input parses, trimmed and defaulted
ok 4 - valid input parses, trimmed and defaulted
cache hit, replaying logs 849504f249227d6b
  ---
  duration_ms: 0.215208
  type: 'test'
  ...
1..4
# tests 4
# suites 0
# pass 4
# fail 0
# cancelled 0
# skipped 0
# todo 0
# duration_ms 136.008209
TAP version 13
# Subtest: track is a no-op until a vendor is wired
ok 1 - track is a no-op until a vendor is wired
  ---
  duration_ms: 0.806125
  type: 'test'
  ...
# Subtest: C1: logger.error passes the error, tags and user id to the registered reporter
ok 2 - C1: logger.error passes the error, tags and user id to the registered reporter
  ---
  duration_ms: 1.978875
  type: 'test'
  ...
# Subtest: C1: logger.error with no error hands the reporter one named for the event
ok 3 - C1: logger.error with no error hands the reporter one named for the event
  ---
  duration_ms: 0.204209
  type: 'test'
  ...
cache hit, replaying logs aa384e5d27aadcd2
cache hit, replaying logs dcba7b99ae836aa9
# Subtest: C1: a reporter that throws is swallowed, and the line still prints
ok 4 - C1: a reporter that throws is swallowed, and the line still prints
  ---
TAP version 13
# Subtest: C2: a live-mode key on local or staging fails with the variable named
  duration_ms: 0.824541
TAP version 13
# Subtest: C1: brand.ts theme colours equal the preset's values
ok 1 - C2: a live-mode key on local or staging fails with the variable named
  type: 'test'
  ...
# Subtest: C1: a reporter that rejects is swallowed
  ---
ok 1 - C1: brand.ts theme colours equal the preset's values
ok 5 - C1: a reporter that rejects is swallowed
  ---
  duration_ms: 2.879958
  type: 'test'
  ...
# Subtest: C1: the default reporter is a no-op
ok 6 - C1: the default reporter is a no-op
  ---
  duration_ms: 0.59375
  type: 'test'
  ---
  duration_ms: 0.421458
  type: 'test'
cache hit, replaying logs 60803617c54035c6
  ...
  ...
# Subtest: C2: a test-mode key on production fails with the variable named
# Subtest: C2: a secret-like key is redacted at any depth, whatever its case
ok 7 - C2: a secret-like key is redacted at any depth, whatever its case
  ---
TAP version 13
  duration_ms: 0.986208
  type: 'test'
ok 2 - C2: a test-mode key on production fails with the variable named
  ...
  duration_ms: 0.283666
  ---
  type: 'test'
  ...
# Subtest: C2: request bodies and personal data are redacted too
# Subtest: C1: a changed preset value is a mismatch
ok 2 - C1: a changed preset value is a mismatch
  ---
  duration_ms: 0.198417
TAP version 13
# Subtest: the admin client holds no session: nothing persisted, refreshed or read from a URL
TAP version 13
ok 1 - the admin client holds no session: nothing persisted, refreshed or read from a URL
# Subtest: each kind of DDL or write against auth is caught
  ---
  duration_ms: 15.026958
  type: 'test'
  ...
ok 1 - each kind of DDL or write against auth is caught
# Subtest: C1: getNote throws NotFound when the scoped db withholds the row
  type: 'test'
  ...
# Subtest: every subpath is classed as client-safe or server
  duration_ms: 0.082709
ok 2 - every subpath is classed as client-safe or server
  type: 'test'
  ---
  duration_ms: 0.922292
  type: 'test'
  ...
  ---
  duration_ms: 1.110875
ok 8 - C2: request bodies and personal data are redacted too
ok 1 - C1: getNote throws NotFound when the scoped db withholds the row
  ---
  duration_ms: 0.151125
  ---
  type: 'test'
  ...
  duration_ms: 4.88175
  type: 'test'
  ...
  type: 'test'
# Subtest: C1: a changed brand.ts value is a mismatch
  ...
ok 3 - C1: a changed brand.ts value is a mismatch
# Subtest: ./config reaches no server module, built-in or workspace package
# Subtest: C2: the reporter's context is redacted; the error itself is passed as caught
ok 9 - C2: the reporter's context is redacted; the error itself is passed as caught
  ---
# Subtest: a foreign key to auth.users and a call to auth.uid() are allowed
  ...
# Subtest: C2: matching modes pass
ok 3 - C2: matching modes pass
  duration_ms: 0.216083
# Subtest: C1: createNote throws Forbidden when a policy rejects the insert
ok 2 - a foreign key to auth.users and a call to auth.uid() are allowed
ok 3 - ./config reaches no server module, built-in or workspace package
  ---
  duration_ms: 0.727709
  type: 'test'
ok 2 - C1: createNote throws Forbidden when a policy rejects the insert
  ---
  ---
  ---
  duration_ms: 1.09025
  type: 'test'
  ...
  ---
# Subtest: C2: personal data and request bodies are redacted under their common compound names
  duration_ms: 0.508709
  duration_ms: 0.072708

  type: 'test'
  type: 'test'
  ...
  ...
  duration_ms: 0.078083
 RUN  v5.0.3 ./packages/ui
# Subtest: C1: a policy refusal wrapped by drizzle is still Forbidden
  ...
ok 3 - C1: a policy refusal wrapped by drizzle is still Forbidden
# Subtest: a migration with DDL against auth fails, numbered by statement
  type: 'test'
ok 3 - a migration with DDL against auth fails, numbered by statement
  ...
  ---
# Subtest: ./browser reaches no server module, built-in or workspace package
  duration_ms: 0.666541
ok 4 - ./browser reaches no server module, built-in or workspace package
ok 10 - C2: personal data and request bodies are redacted under their common compound names
  type: 'test'
  ---
  ---

  duration_ms: 0.311125
  type: 'test'
# Subtest: every asset path in brand.ts exists in the package
  ...
ok 4 - every asset path in brand.ts exists in the package
# Subtest: C1: a secret-like tag is redacted before it reaches the reporter
  ---
  duration_ms: 0.14525
  type: 'test'
  ...
  ---
 ✓ .storybook/story-coverage.test.ts (5 tests) 6ms
  duration_ms: 0.358583
stderr | .storybook/stories.test.ts > Composed/Control/Theme toggle > System
  type: 'test'
Encountered a script tag while rendering React component. Scripts inside React components are never executed when rendering on the client. Consider using template tag instead (https://developer.mozilla.org/en-US/docs/Web/HTML/Element/template).
  ...

  type: 'test'
Not implemented: Window's getComputedStyle() method: with pseudo-elements
  ...
Not implemented: Window's getComputedStyle() method: with pseudo-elements
# Subtest: C1: createNote writes the caller as owner and returns the note
Not implemented: Window's getComputedStyle() method: with pseudo-elements
ok 4 - C1: createNote writes the caller as owner and returns the note
Not implemented: Window's getComputedStyle() method: with pseudo-elements
  ---
Not implemented: Window's getComputedStyle() method: with pseudo-elements
  duration_ms: 0.466417
Not implemented: Window's getComputedStyle() method: with pseudo-elements
  type: 'test'
Not implemented: Window's getComputedStyle() method: with pseudo-elements
ok 11 - C1: a secret-like tag is redacted before it reaches the reporter
Not implemented: Window's getComputedStyle() method: with pseudo-elements
# Subtest: white, black and the sRGB primaries
Not implemented: Window's getComputedStyle() method: with pseudo-elements
ok 5 - white, black and the sRGB primaries
Not implemented: Window's getComputedStyle() method: with pseudo-elements
  ---
Not implemented: Window's getComputedStyle() method: with pseudo-elements
  duration_ms: 0.236334
Not implemented: Window's getComputedStyle() method: with pseudo-elements
  type: 'test'
Not implemented: Window's getComputedStyle() method: with pseudo-elements
  duration_ms: 0.480375
Not implemented: Window's getComputedStyle() method: with pseudo-elements
  type: 'test'
Not implemented: Window's getComputedStyle() method: with pseudo-elements
  ...
Not implemented: Window's getComputedStyle() method: with pseudo-elements
# Subtest: ./redirect reaches no server module, built-in or workspace package
  ...
  ...
ok 5 - ./redirect reaches no server module, built-in or workspace package
# Subtest: C1: getNote returns the row the scoped db shows; listNotes returns the list
  ---
# Subtest: C2: a key with no mode prefix fails on every tier
  duration_ms: 0.274916
ok 4 - C2: a key with no mode prefix fails on every tier
  type: 'test'
  ---
  ...
# Subtest: C2: free text is scrubbed of addresses, credentials, JWTs and OAuth codes
  ...
  ---
# Subtest: the generated migration set passes, and it does reference auth.users
  duration_ms: 0.653583
Not implemented: Window's getComputedStyle() method: with pseudo-elements
# Subtest: the walk sees a server import when there is one
ok 6 - the walk sees a server import when there is one
ok 12 - C2: free text is scrubbed of addresses, credentials, JWTs and OAuth codes
  ---
  ---
  duration_ms: 1.001625
  duration_ms: 0.153666
ok 5 - C1: getNote returns the row the scoped db shows; listNotes returns the list
Not implemented: Window's getComputedStyle() method: with pseudo-elements
  ---
  duration_ms: 0.843833
  type: 'test'
  type: 'test'
  ...
  ...
# Subtest: C2: invalid input throws Invalid naming the field, before any query
# Subtest: C2: an error's message and stack are scrubbed on the printed line
ok 6 - C2: invalid input throws Invalid naming the field, before any query
ok 13 - C2: an error's message and stack are scrubbed on the printed line
  type: 'test'
  ---
  duration_ms: 0.172125
  duration_ms: 0.564583
  type: 'test'
  type: 'test'
  ...
# Subtest: lightness as a percentage, and an alpha, are accepted
  ...
# Subtest: C2: secret-named values in free text follow the key rule, in every common form
  ...
ok 4 - the generated migration set passes, and it does reference auth.users
# Subtest: ./server is marked server-only, so a client component cannot import it
ok 7 - ./server is marked server-only, so a client component cannot import it
  ---
  duration_ms: 0.113542
ok 14 - C2: secret-named values in free text follow the key rule, in every common form
  type: 'test'
  ---
  duration_ms: 0.707375
  type: 'test'
  ...
# Subtest: only the local auth mirror writes to auth.users
  ---
  duration_ms: 0.162167
  ---
  duration_ms: 0.6225
  type: 'test'
  type: 'test'
Not implemented: Window's getComputedStyle() method: with pseudo-elements
  ...
Not implemented: Window's getComputedStyle() method: with pseudo-elements
# Subtest: an error that is no domain error is not turned into one
Not implemented: Window's getComputedStyle() method: with pseudo-elements
ok 6 - lightness as a percentage, and an alpha, are accepted
Not implemented: Window's getComputedStyle() method: with pseudo-elements
  ...
Not implemented: Window's getComputedStyle() method: with pseudo-elements
# Subtest: public names pass, and unset values are left out
ok 5 - public names pass, and unset values are left out
ok 7 - an error that is no domain error is not turned into one
ok 5 - only the local auth mirror writes to auth.users
  type: 'test'
  ---
Not implemented: Window's getComputedStyle() method: with pseudo-elements
  ---
  ...
  duration_ms: 0.705333
# Subtest: C2: prose, versions and error codes survive the scrub
  type: 'test'
  duration_ms: 7.478334
  ---
  ...
  duration_ms: 0.075125
Not implemented: Window's getComputedStyle() method: with pseudo-elements
  type: 'test'
Not implemented: Window's getComputedStyle() method: with pseudo-elements
ok 15 - C2: prose, versions and error codes survive the scrub
  ---
  ---
  duration_ms: 0.919167
  type: 'test'
Not implemented: Window's getComputedStyle() method: with pseudo-elements
  ...
  duration_ms: 0.084667
# Subtest: a server-only name is refused, by name
  type: 'test'
ok 6 - a server-only name is refused, by name
  ...
  ---
  ...
  ...
# Subtest: ./admin is marked server-only, so a client component cannot import it
1..7
ok 8 - ./admin is marked server-only, so a client component cannot import it
Not implemented: Window's getComputedStyle() method: with pseudo-elements
Not implemented: Window's getComputedStyle() method: with pseudo-elements
# Subtest: the preset's neutral steps
  type: 'test'
  ...
# Subtest: the pattern catches each kind of write
ok 6 - the pattern catches each kind of write
  ---
Not implemented: Window's getComputedStyle() method: with pseudo-elements
  duration_ms: 0.13075
ok 7 - the preset's neutral steps
  ---
# Subtest: C2: scrubbing a long run without a match stays linear
  duration_ms: 0.135625
ok 16 - C2: scrubbing a long run without a match stays linear
  type: 'test'
  ...
  type: 'test'
# Subtest: anything but oklch() is refused
  ...
  duration_ms: 0.243833
# Subtest: seedLocalUsers
  type: 'test'
    # Subtest: refuses a non-loopback auth URL before sending anything
  ---
    ok 1 - refuses a non-loopback auth URL before sending anything
  ---
      ---
  duration_ms: 8.267417
  type: 'test'
  ...
# Subtest: C1: an invalid Date is logged, never thrown
ok 17 - C1: an invalid Date is logged, never thrown
  ---
  duration_ms: 0.098375
  type: 'test'
  ...
1..17
Not implemented: Window's getComputedStyle() method: with pseudo-elements
  duration_ms: 0.140042
      duration_ms: 0.925542
      type: 'test'
      ...
# tests 7
# tests 17
# suites 0
# suites 0
# pass 7
# pass 17
# fail 0
  type: 'test'
# cancelled 0
# skipped 0
  ...
# todo 0
# Subtest: ./session is marked server-only, so a client component cannot import it
# duration_ms 430.27225
ok 9 - ./session is marked server-only, so a client component cannot import it
# fail 0
  ---
ok 8 - anything but oklch() is refused
  duration_ms: 0.076708
  ---
  duration_ms: 0.194209
  type: 'test'
  ...
1..8
# tests 8
# suites 0
  type: 'test'
# pass 8
  ...
# Subtest: ./context is marked server-only, so a client component cannot import it
ok 10 - ./context is marked server-only, so a client component cannot import it
  ---
  duration_ms: 0.300583
# cancelled 0
  type: 'test'
# skipped 0
  ...
# Subtest: a secret key in the public slot is refused, naming the variable
ok 11 - a secret key in the public slot is refused, naming the variable
  ...
  ---
  duration_ms: 0.620792
  type: 'test'
    # Subtest: refuses a missing service-role key before sending anything
# todo 0
    ok 2 - refuses a missing service-role key before sending anything
      ---
      duration_ms: 0.14275
      type: 'test'
  ...
      ...
# Subtest: the publishable key and the legacy anon key pass
    # Subtest: creates each synthetic user through the local admin API
ok 12 - the publishable key and the legacy anon key pass
    ok 3 - creates each synthetic user through the local admin API
  ---
  duration_ms: 0.13025
      ---
# fail 0
# cancelled 0
      duration_ms: 15.014791
# skipped 0
  type: 'test'
# Subtest: C1: each tier reads its own variable
ok 7 - C1: each tier reads its own variable
  ---
  duration_ms: 0.475417
# duration_ms 104.66925
      type: 'test'
# todo 0
      ...
  type: 'test'
# duration_ms 69.837625
  ...
  ...
Not implemented: Window's getComputedStyle() method: with pseudo-elements
# Subtest: C1: a tier whose own value is absent or empty reads the unsuffixed value
ok 8 - C1: a tier whose own value is absent or empty reads the unsuffixed value
    # Subtest: treats an existing email as done
# Subtest: the cookie stem the purge uses is the storage key the installed SDK writes
ok 13 - the cookie stem the purge uses is the storage key the installed SDK writes
    ok 4 - treats an existing email as done
      ---
      duration_ms: 0.951958
      type: 'test'
  ---
  duration_ms: 0.090792
  type: 'test'
  ...
# Subtest: C1: nothing set picks undefined
  ---
ok 9 - C1: nothing set picks undefined
  duration_ms: 22.243583
Not implemented: Window's getComputedStyle() method: with pseudo-elements
  type: 'test'
  ...
      ...
# Using the user object as returned from supabase.auth.getSession() or from some supabase.auth.onAuthStateChange() events could be insecure! This value comes directly from the storage medium (usually cookies on the server) and may not be authentic. Use supabase.auth.getUser() instead which authenticates the data by contacting the Supabase Auth server.
Not implemented: Window's getComputedStyle() method: with pseudo-elements
# Subtest: C1: returns the user's id, email and app_metadata role from getUser
  ---
  duration_ms: 0.066042
Not implemented: Window's getComputedStyle() method: with pseudo-elements
ok 14 - C1: returns the user's id, email and app_metadata role from getUser
    1..4
  ---
  duration_ms: 0.875833
  type: 'test'
  ...
ok 7 - seedLocalUsers
# Subtest: C1: a user without a known app_metadata role is a user; user_metadata is never read
ok 15 - C1: a user without a known app_metadata role is a user; user_metadata is never read
  ---
  duration_ms: 0.105292
  type: 'test'
  ...
  type: 'test'
# Subtest: C1: refuses when getUser returns an error, even with a user beside it
ok 16 - C1: refuses when getUser returns an error, even with a user beside it
  ---
  duration_ms: 0.098709
  ---
  type: 'test'
Not implemented: Window's getComputedStyle() method: with pseudo-elements
  ...
# Subtest: C1: production never reads a suffixed value
Not implemented: Window's getComputedStyle() method: with pseudo-elements
  duration_ms: 17.643709
ok 10 - C1: production never reads a suffixed value
  ...
# Subtest: C1: a forged session cookie is refused when Supabase cannot fetch its user
ok 17 - C1: a forged session cookie is refused when Supabase cannot fetch its user
  ---
  duration_ms: 16.405375
  type: 'test'
  ...
Not implemented: Window's getComputedStyle() method: with pseudo-elements
# Subtest: C1: the same cookie passes once Supabase returns its user, with the role from that answer
  type: 'suite'
  ...
# Subtest: db:local:reset
ok 18 - C1: the same cookie passes once Supabase returns its user, with the role from that answer
  ---
  duration_ms: 1.911208
  type: 'test'
  ...
# Subtest: C1: the mirror is called once per user per process, and again after a refusal, a failure or an email change
    # Subtest: refuses staging before resolving a URL
    ok 1 - refuses staging before resolving a URL
      ---
      duration_ms: 312.221125
      type: 'test'
Not implemented: Window's getComputedStyle() method: with pseudo-elements
      ...
    # Subtest: refuses staging before connecting, with its URLs set
    ok 2 - refuses staging before connecting, with its URLs set
      ---
      duration_ms: 283.854416
      type: 'test'
      ...
Not implemented: Window's getComputedStyle() method: with pseudo-elements
    # Subtest: refuses production before resolving a URL
    ok 3 - refuses production before resolving a URL
      ---
      duration_ms: 313.202375
ok 19 - C1: the mirror is called once per user per process, and again after a refusal, a failure or an email change
Not implemented: Window's getComputedStyle() method: with pseudo-elements
  ---
  ---
  duration_ms: 0.888209
Not implemented: Window's getComputedStyle() method: with pseudo-elements
  type: 'test'
  ...
      type: 'test'
# Subtest: C1: concurrent requests for one user share one mirror call
      ...
  duration_ms: 0.05625
  type: 'test'
  ...
# Subtest: C1: the suffix grammar names each form
ok 20 - C1: concurrent requests for one user share one mirror call
  ---
    # Subtest: refuses production before connecting, with its URLs set
    ok 4 - refuses production before connecting, with its URLs set
      ---
      duration_ms: 318.300292
ok 11 - C1: the suffix grammar names each form
Not implemented: Window's getComputedStyle() method: with pseudo-elements
Not implemented: Window's getComputedStyle() method: with pseudo-elements
  duration_ms: 10.459791
      type: 'test'
  ---
      ...
Not implemented: Window's getComputedStyle() method: with pseudo-elements
  duration_ms: 0.367875
  type: 'test'
    # Subtest: refuses a local URL that is not this machine, before connecting
    ok 5 - refuses a local URL that is not this machine, before connecting
      ---
      duration_ms: 300.604875
      type: 'test'
Not implemented: Window's getComputedStyle() method: with pseudo-elements
Not implemented: Window's getComputedStyle() method: with pseudo-elements
Not implemented: Window's getComputedStyle() method: with pseudo-elements
Not implemented: Window's getComputedStyle() method: with pseudo-elements
Not implemented: Window's getComputedStyle() method: with pseudo-elements
Not implemented: Window's getComputedStyle() method: with pseudo-elements
Not implemented: Window's getComputedStyle() method: with pseudo-elements
Not implemented: Window's getComputedStyle() method: with pseudo-elements
Not implemented: Window's getComputedStyle() method: with pseudo-elements
Not implemented: Window's getComputedStyle() method: with pseudo-elements
Not implemented: Window's getComputedStyle() method: with pseudo-elements
Not implemented: Window's getComputedStyle() method: with pseudo-elements
Not implemented: Window's getComputedStyle() method: with pseudo-elements
Not implemented: Window's getComputedStyle() method: with pseudo-elements
Not implemented: Window's getComputedStyle() method: with pseudo-elements
Not implemented: Window's getComputedStyle() method: with pseudo-elements
  type: 'test'
  ...
      ...
    # Subtest: refuses a malformed tier
    ok 6 - refuses a malformed tier
      ---
      duration_ms: 284.996833
      type: 'test'
      ...
    1..6
ok 8 - db:local:reset
  ---
Not implemented: Window's getComputedStyle() method: with pseudo-elements
  duration_ms: 1813.916583
  type: 'suite'
Not implemented: Window's getComputedStyle() method: with pseudo-elements
Not implemented: Window's getComputedStyle() method: with pseudo-elements
# Subtest: C1: the switch defaults to local, never production, and names itself when wrong
Not implemented: Window's getComputedStyle() method: with pseudo-elements
  ...
Not implemented: Window's getComputedStyle() method: with pseudo-elements
Not implemented: Window's getComputedStyle() method: with pseudo-elements
  ...
ok 12 - C1: the switch defaults to local, never production, and names itself when wrong
# Subtest: nonLoopbackBindings
    # Subtest: names every interface and a specific LAN address
# Subtest: C1: an anonymous or refused request never reaches the mirror
ok 21 - C1: an anonymous or refused request never reaches the mirror
  ---
  duration_ms: 0.184584
Not implemented: Window's getComputedStyle() method: with pseudo-elements
    ok 1 - names every interface and a specific LAN address
      ---
      duration_ms: 1.541625
      type: 'test'
      ...
    # Subtest: passes loopback-only bindings
    ok 2 - passes loopback-only bindings
      ---
      duration_ms: 1.070292
      type: 'test'
      ...
    1..2
ok 9 - nonLoopbackBindings
  ---
  duration_ms: 4.504042
  type: 'suite'
  ...
# Subtest: runtime takes the transaction pooler on a hosted tier
ok 10 - runtime takes the transaction pooler on a hosted tier
  ---
  type: 'test'
  duration_ms: 0.834458
  type: 'test'
  ...
  ---
  duration_ms: 0.214333
  ...
  type: 'test'
# Subtest: migrations take the session pooler on a hosted tier
Not implemented: Window's getComputedStyle() method: with pseudo-elements
# Subtest: a sign-in on localhost lands back on localhost, at next
Not implemented: Window's getComputedStyle() method: with pseudo-elements
Not implemented: Window's getComputedStyle() method: with pseudo-elements
ok 22 - a sign-in on localhost lands back on localhost, at next
Not implemented: Window's getComputedStyle() method: with pseudo-elements
Not implemented: Window's getComputedStyle() method: with pseudo-elements
Not implemented: Window's getComputedStyle() method: with pseudo-elements
ok 11 - migrations take the session pooler on a hosted tier
  ---
  ---
  ...
  duration_ms: 0.567959
  type: 'test'
  ...
Not implemented: Window's getComputedStyle() method: with pseudo-elements
Not implemented: Window's getComputedStyle() method: with pseudo-elements
  duration_ms: 0.230417
# Subtest: next that leaves the origin becomes /
  type: 'test'
Not implemented: Window's getComputedStyle() method: with pseudo-elements
  ...
# Subtest: the local tier is not checked beyond the scheme
# Subtest: outside a deployment the site URL is localhost, whatever is configured
Not implemented: Window's getComputedStyle() method: with pseudo-elements
ok 23 - next that leaves the origin becomes /
Not implemented: Window's getComputedStyle() method: with pseudo-elements
Not implemented: Window's getComputedStyle() method: with pseudo-elements
Not implemented: Window's getComputedStyle() method: with pseudo-elements
ok 13 - outside a deployment the site URL is localhost, whatever is configured
  ---
ok 12 - the local tier is not checked beyond the scheme
  ---
Not implemented: Window's getComputedStyle() method: with pseudo-elements
  duration_ms: 0.205375
  duration_ms: 0.598041
  type: 'test'
  ---
  duration_ms: 0.385167
  ...
# Subtest: in a deployment the configured URL is used, without a trailing slash
Not implemented: Window's getComputedStyle() method: with pseudo-elements
  type: 'test'
  type: 'test'
  ...
# Subtest: errors and descriptions never carry credentials
  ...
# Subtest: the callback URL is on the site's origin and carries next only when it is a path
Not implemented: Window's getComputedStyle() method: with pseudo-elements
ok 13 - errors and descriptions never carry credentials
  ---
Not implemented: Window's getComputedStyle() method: with pseudo-elements
Not implemented: Window's getComputedStyle() method: with pseudo-elements
  duration_ms: 0.145375
Not implemented: Window's getComputedStyle() method: with pseudo-elements
ok 24 - the callback URL is on the site's origin and carries next only when it is a path
Not implemented: Window's getComputedStyle() method: with pseudo-elements
  type: 'test'
Not implemented: Window's getComputedStyle() method: with pseudo-elements
  ---
Not implemented: Window's getComputedStyle() method: with pseudo-elements
Not implemented: Window's getComputedStyle() method: with pseudo-elements
Not implemented: Window's getComputedStyle() method: with pseudo-elements
Not implemented: Window's getComputedStyle() method: with pseudo-elements
Not implemented: Window's getComputedStyle() method: with pseudo-elements
Not implemented: Window's getComputedStyle() method: with pseudo-elements
Not implemented: Window's getComputedStyle() method: with pseudo-elements
ok 14 - in a deployment the configured URL is used, without a trailing slash
  ---
  duration_ms: 0.107375
  type: 'test'
  ...
# @supabase/ssr: chunked cookie decoded to invalid JSON, treating as absent. This usually indicates that cookie chunks from different writes were combined (e.g. response committed before all Set-Cookie headers were sent).
Not implemented: Window's getComputedStyle() method: with pseudo-elements
# @supabase/ssr: chunked cookie decoded to invalid JSON, treating as absent. This usually indicates that cookie chunks from different writes were combined (e.g. response committed before all Set-Cookie headers were sent).
  ...
# Subtest: applyLocalAuthMirror
Not implemented: Window's getComputedStyle() method: with pseudo-elements
  duration_ms: 0.135958
  type: 'test'
  ...
Not implemented: Window's getComputedStyle() method: with pseudo-elements
1..14
    # Subtest: refuses a non-loopback host before connecting
# @supabase/ssr: chunked cookie decoded to invalid JSON, treating as absent. This usually indicates that cookie chunks from different writes were combined (e.g. response committed before all Set-Cookie headers were sent).
# Subtest: C2: on the local stack, updateSession deletes every staging session cookie and nothing else
# tests 14
    ok 1 - refuses a non-loopback host before connecting
      ---
ok 25 - C2: on the local stack, updateSession deletes every staging session cookie and nothing else
  ---
  duration_ms: 24.07975
  type: 'test'
  ...
# Subtest: C2: the project's own cookies are never purged
ok 26 - C2: the project's own cookies are never purged
  ---
  duration_ms: 0.900166
  type: 'test'
  ...
# Subtest: C2: switching back to staging purges the local stack's cookies
ok 27 - C2: switching back to staging purges the local stack's cookies
  ---
  duration_ms: 0.466334
  type: 'test'
  ...
# Subtest: C2: with no foreign cookie, nothing is written
ok 28 - C2: with no foreign cookie, nothing is written
  ---
  duration_ms: 0.333291
  type: 'test'
  ...
# Subtest: C2: the purge reads every cookie form Supabase writes
ok 29 - C2: the purge reads every cookie form Supabase writes
# suites 0
  ---
  duration_ms: 0.082125
  type: 'test'
  ...
# Subtest: C2: switching to a tier with no project clears every Supabase session cookie
ok 30 - C2: switching to a tier with no project clears every Supabase session cookie
  ---
  duration_ms: 0.108875
  type: 'test'
  ...
1..30
# tests 30
# suites 0
# pass 30
# fail 0
# cancelled 0
# pass 14
# skipped 0
# todo 0
# duration_ms 314.55125
      duration_ms: 4.721375
      type: 'test'
      ...
    # Subtest: passes the host check on loopback and only then connects
    ok 2 - passes the host check on loopback and only then connects
      ---
      duration_ms: 2.842916
      type: 'test'
      ...
    1..2
# fail 0
# cancelled 0
# skipped 0
# todo 0
# duration_ms 74.684875
Not implemented: Window's getComputedStyle() method: with pseudo-elements
Not implemented: Window's getComputedStyle() method: with pseudo-elements
Not implemented: Window's getComputedStyle() method: with pseudo-elements
Not implemented: Window's getComputedStyle() method: with pseudo-elements
Not implemented: Window's getComputedStyle() method: with pseudo-elements
ok 14 - applyLocalAuthMirror
  ---
  duration_ms: 8.192875
  type: 'suite'
  ...
# Subtest: isLoopbackHost
    # Subtest: accepts localhost, 127.0.0.0/8 and ::1
    ok 1 - accepts localhost, 127.0.0.0/8 and ::1
      ---
      duration_ms: 1.287333
      type: 'test'
      ...
    # Subtest: refuses every other host, including look-alikes
    ok 2 - refuses every other host, including look-alikes
      ---
      duration_ms: 0.094333
      type: 'test'
      ...
Not implemented: Window's getComputedStyle() method: with pseudo-elements
Not implemented: Window's getComputedStyle() method: with pseudo-elements
Not implemented: Window's getComputedStyle() method: with pseudo-elements
Not implemented: Window's getComputedStyle() method: with pseudo-elements
Not implemented: Window's getComputedStyle() method: with pseudo-elements
Not implemented: Window's getComputedStyle() method: with pseudo-elements
Not implemented: Window's getComputedStyle() method: with pseudo-elements
Not implemented: Window's getComputedStyle() method: with pseudo-elements
Not implemented: Window's getComputedStyle() method: with pseudo-elements
Not implemented: Window's getComputedStyle() method: with pseudo-elements
Not implemented: Window's getComputedStyle() method: with pseudo-elements
Not implemented: Window's getComputedStyle() method: with pseudo-elements
Not implemented: Window's getComputedStyle() method: with pseudo-elements
Not implemented: Window's getComputedStyle() method: with pseudo-elements
Not implemented: Window's getComputedStyle() method: with pseudo-elements
Not implemented: Window's getComputedStyle() method: with pseudo-elements
Not implemented: Window's getComputedStyle() method: with pseudo-elements
Not implemented: Window's getComputedStyle() method: with pseudo-elements
    # Subtest: isLoopbackUrl reads the URL's host and refuses an unparseable URL
Not implemented: Window's getComputedStyle() method: with pseudo-elements
    ok 3 - isLoopbackUrl reads the URL's host and refuses an unparseable URL
      ---
      duration_ms: 0.158625
Not implemented: Window's getComputedStyle() method: with pseudo-elements
Not implemented: Window's getComputedStyle() method: with pseudo-elements
Not implemented: Window's getComputedStyle() method: with pseudo-elements
Not implemented: Window's getComputedStyle() method: with pseudo-elements
Not implemented: Window's getComputedStyle() method: with pseudo-elements
Not implemented: Window's getComputedStyle() method: with pseudo-elements
Not implemented: Window's getComputedStyle() method: with pseudo-elements
      type: 'test'
      ...
Not implemented: Window's getComputedStyle() method: with pseudo-elements
Not implemented: Window's getComputedStyle() method: with pseudo-elements
Not implemented: Window's getComputedStyle() method: with pseudo-elements
Not implemented: Window's getComputedStyle() method: with pseudo-elements
Not implemented: Window's getComputedStyle() method: with pseudo-elements
Not implemented: Window's getComputedStyle() method: with pseudo-elements
Not implemented: Window's getComputedStyle() method: with pseudo-elements
Not implemented: Window's getComputedStyle() method: with pseudo-elements
    1..3
ok 15 - isLoopbackHost
  ---
Not implemented: Window's getComputedStyle() method: with pseudo-elements
Not implemented: Window's getComputedStyle() method: with pseudo-elements
Not implemented: Window's getComputedStyle() method: with pseudo-elements
Not implemented: Window's getComputedStyle() method: with pseudo-elements
Not implemented: Window's getComputedStyle() method: with pseudo-elements
Not implemented: Window's getComputedStyle() method: with pseudo-elements
Not implemented: Window's getComputedStyle() method: with pseudo-elements
Not implemented: Window's getComputedStyle() method: with pseudo-elements
Not implemented: Window's getComputedStyle() method: with pseudo-elements
Not implemented: Window's getComputedStyle() method: with pseudo-elements
Not implemented: Window's getComputedStyle() method: with pseudo-elements
Not implemented: Window's getComputedStyle() method: with pseudo-elements
Not implemented: Window's getComputedStyle() method: with pseudo-elements
Not implemented: Window's getComputedStyle() method: with pseudo-elements
Not implemented: Window's getComputedStyle() method: with pseudo-elements
  duration_ms: 2.481708
  type: 'suite'
  ...
# Subtest: the bridge accepts a UUID user and a known role
ok 16 - the bridge accepts a UUID user and a known role
Not implemented: Window's getComputedStyle() method: with pseudo-elements
Not implemented: Window's getComputedStyle() method: with pseudo-elements
Not implemented: Window's getComputedStyle() method: with pseudo-elements
Not implemented: Window's getComputedStyle() method: with pseudo-elements
Not implemented: Window's getComputedStyle() method: with pseudo-elements
Not implemented: Window's getComputedStyle() method: with pseudo-elements
Not implemented: Window's getComputedStyle() method: with pseudo-elements
Not implemented: Window's getComputedStyle() method: with pseudo-elements
Not implemented: Window's getComputedStyle() method: with pseudo-elements
 ✓ .storybook/stories.test.ts (108 tests) 3093ms
  ---

  duration_ms: 0.7745
  type: 'test'
  ...
# Subtest: the bridge refuses a partial or forged identity before any SQL
ok 17 - the bridge refuses a partial or forged identity before any SQL
  ---
  duration_ms: 0.279291
  type: 'test'
  ...
# Subtest: the schema exports tables, and none of them outside public
ok 18 - the schema exports tables, and none of them outside public
  ---
  duration_ms: 0.802167
  type: 'test'
  ...
# Subtest: authUsers is never exported from the schema
ok 19 - authUsers is never exported from the schema
  ---
  duration_ms: 0.069375
  type: 'test'
  ...
# Subtest: every table carries its policies beside it
ok 20 - every table carries its policies beside it
 Test Files  2 passed (2)
  ---
  duration_ms: 0.211833
  type: 'test'
  ...
1..20
      Tests  113 passed (113)
   Start at  17:30:26
   Duration  5.71s (tests 43%, transform 30%, environment 16%, setup 9%, import 3%)
# tests 32

# suites 5
# pass 32
# fail 0
# cancelled 0
# skipped 0
# todo 0
# duration_ms 1914.974333
  Transform  transforming modules took 2.20s · 30% of tracked time, re-done on every run
             persist transforms across runs with fsModuleCache: true
             learn more: https://vitest.dev/guide/improving-performance#caching-between-reruns

TAP version 13
# Subtest: C2: the HTML part carries the brand's name, support address, home URL and colours
ok 1 - C2: the HTML part carries the brand's name, support address, home URL and colours
  ---
  duration_ms: 0.672042
  type: 'test'
  ...
# Subtest: C2: the text part carries the brand and the action as a link
ok 2 - C2: the text part carries the brand and the action as a link
  ---
  duration_ms: 0.1215
  type: 'test'
  ...
# Subtest: C2: every caller value is escaped
ok 3 - C2: every caller value is escaped
  ---
  duration_ms: 0.131791
  type: 'test'
  ...
# Subtest: C2: an action URL that is not http(s) is refused
ok 4 - C2: an action URL that is not http(s) is refused
  ---
  duration_ms: 0.201084
  type: 'test'
  ...
# Subtest: C2: no source file in @pem/email writes a brand value or a colour literal
ok 5 - C2: no source file in @pem/email writes a brand value or a colour literal
  ---
  duration_ms: 0.860292
  type: 'test'
  ...
# Subtest: C2: a subject with a line break stays one header line
ok 6 - C2: a subject with a line break stays one header line
  ---
  duration_ms: 0.513584
  type: 'test'
  ...
# Subtest: C1: a send on the local tier logs the rendered message and does not call the vendor
ok 7 - C1: a send on the local tier logs the rendered message and does not call the vendor
  ---
  duration_ms: 1.205667
  type: 'test'
  ...
# Subtest: C1: a dashboard template on the local tier logs its id and variable names, not their values
ok 8 - C1: a dashboard template on the local tier logs its id and variable names, not their values
  ---
  duration_ms: 0.110625
  type: 'test'
  ...
# Subtest: C1: the local tier needs no key
ok 9 - C1: the local tier needs no key
  ---
  duration_ms: 0.078416
  type: 'test'
  ...
# Subtest: C1: staging and production call the vendor once, with the brand's sender and reply-to
ok 10 - C1: staging and production call the vendor once, with the brand's sender and reply-to
  ---
  duration_ms: 0.25275
  type: 'test'
  ...
# Subtest: C1: a dashboard template is sent by its id, and EMAIL_FROM replaces the brand's address
ok 11 - C1: a dashboard template is sent by its id, and EMAIL_FROM replaces the brand's address
  ---
  duration_ms: 0.145125
  type: 'test'
  ...
# Subtest: C1: staging without a key refuses to send, naming the variable
ok 12 - C1: staging without a key refuses to send, naming the variable
  ---
  duration_ms: 0.23125
  type: 'test'
  ...
# Subtest: C1: a vendor error is thrown, not swallowed
ok 13 - C1: a vendor error is thrown, not swallowed
  ---
  duration_ms: 0.142459
  type: 'test'
  ...
# Subtest: maskAddress keeps the first letter and the domain only
ok 14 - maskAddress keeps the first letter and the domain only
  ---
  duration_ms: 0.042083
  type: 'test'
  ...
# Subtest: C1: a deployment left on the local tier neither sends nor logs the body
ok 15 - C1: a deployment left on the local tier neither sends nor logs the body
  ---
  duration_ms: 0.324875
  type: 'test'
  ...
# Subtest: C1: a send logs its Resend id and recipient count, never the address or body
ok 16 - C1: a send logs its Resend id and recipient count, never the address or body
  ---
  duration_ms: 0.326375
  type: 'test'
  ...
# Subtest: formatSender keeps a display name and address on one line
ok 17 - formatSender keeps a display name and address on one line
  ---
  duration_ms: 0.098834
  type: 'test'
  ...
1..17
# tests 17
# suites 0
# pass 17
# fail 0
# cancelled 0
# skipped 0
# todo 0
# duration_ms 101.991833

 Tasks:    9 successful, 9 total
Cached:    8 cached, 9 total
  Time:    863ms 

