command: yarn test:tooling
exit: 0
at: 2026-10-04T19:10:47Z
head: 9dd86e12db3428e3ee4b1d3176397285670355b4
tests: 51
---
TAP version 13
# Subtest: C5: a client chunk holding a server-only sentinel fails, naming the variable and the chunk
ok 1 - C5: a client chunk holding a server-only sentinel fails, naming the variable and the chunk
  ---
  duration_ms: 104.599834
  type: 'test'
  ...
# Subtest: C5: no build output fails
ok 2 - C5: no build output fails
  ---
  duration_ms: 217.219167
  type: 'test'
  ...
# Subtest: C5: clean client chunks pass
ok 3 - C5: clean client chunks pass
  ---
  duration_ms: 114.554084
  type: 'test'
  ...
# Subtest: C5: a scan with no sentinel named is refused
ok 4 - C5: a scan with no sentinel named is refused
  ---
  duration_ms: 78.26475
  type: 'test'
  ...
# Subtest: the plan plants server-only names from .env.example and turbo.json, and fails on drift, naming it
ok 5 - the plan plants server-only names from .env.example and turbo.json, and fails on drift, naming it
  ---
  duration_ms: 94.217125
  type: 'test'
  ...
# Subtest: a pending entry that now exists is stale
ok 6 - a pending entry that now exists is stale
  ---
  duration_ms: 282.783416
  type: 'test'
  ...
# Subtest: a git-ignored pending entry is machine-local and never stale
ok 7 - a git-ignored pending entry is machine-local and never stale
  ---
  duration_ms: 234.432791
  type: 'test'
  ...
# Subtest: C1: a present module missing a listed file fails, naming the module and the file
ok 8 - C1: a present module missing a listed file fails, naming the module and the file
  ---
  duration_ms: 119.683709
  type: 'test'
  ...
# Subtest: C2: a removed module with a leftover file, variable or dependency fails, naming each leftover
ok 9 - C2: a removed module with a leftover file, variable or dependency fails, naming each leftover
  ---
  duration_ms: 460.159584
  type: 'test'
  ...
# Subtest: C2: a clean removal passes, and near-miss names are not leftovers
ok 10 - C2: a clean removal passes, and near-miss names are not leftovers
  ---
  duration_ms: 101.426167
  type: 'test'
  ...
# Subtest: C3: a locked module marked removed fails
ok 11 - C3: a locked module marked removed fails
  ---
  duration_ms: 89.588667
  type: 'test'
  ...
# Subtest: C4: an entry missing any of files, env, dependencies, boundaries, locked or runbook fails, naming the field
ok 12 - C4: an entry missing any of files, env, dependencies, boundaries, locked or runbook fails, naming the field
  ---
  duration_ms: 102.866083
  type: 'test'
  ...
# Subtest: C5: a runbook path that does not exist fails, naming the path
ok 13 - C5: a runbook path that does not exist fails, naming the path
  ---
  duration_ms: 89.781875
  type: 'test'
  ...
# Subtest: C1: a conforming tree passes
ok 14 - C1: a conforming tree passes
  ---
  duration_ms: 10.960666
  type: 'test'
  ...
# Subtest: C1: a stray top-level folder fails, naming it
ok 15 - C1: a stray top-level folder fails, naming it
  ---
  duration_ms: 4.911708
  type: 'test'
  ...
# Subtest: C1: an unknown kind fails, naming it
ok 16 - C1: an unknown kind fails, naming it
  ---
  duration_ms: 3.424416
  type: 'test'
  ...
# Subtest: C1: a component folder without <name>.tsx fails, naming it
ok 17 - C1: a component folder without <name>.tsx fails, naming it
  ---
  duration_ms: 2.88975
  type: 'test'
  ...
# Subtest: C1: a component folder without index.ts fails, naming it
ok 18 - C1: a component folder without index.ts fails, naming it
  ---
  duration_ms: 9.343958
  type: 'test'
  ...
# Subtest: C1: a cva() in the component file fails, naming the file
ok 19 - C1: a cva() in the component file fails, naming the file
  ---
  duration_ms: 2.540083
  type: 'test'
  ...
# Subtest: C1: an export whose target is missing fails, naming the export
ok 20 - C1: an export whose target is missing fails, naming the export
  ---
  duration_ms: 2.303875
  type: 'test'
  ...
# Subtest: review S1: cva in a second file of the folder fails; a comment naming cva() passes
ok 21 - review S1: cva in a second file of the folder fails; a comment naming cva() passes
  ---
  duration_ms: 4.368209
  type: 'test'
  ...
# Subtest: review S3: a primitive with copy.ts fails
ok 22 - review S3: a primitive with copy.ts fails
  ---
  duration_ms: 3.107125
  type: 'test'
  ...
# Subtest: review S3: a primitive importing another component fails
ok 23 - review S3: a primitive importing another component fails
  ---
  duration_ms: 2.702208
  type: 'test'
  ...
# Subtest: review N6: conditional exports resolve; a wildcard export fails
ok 24 - review N6: conditional exports resolve; a wildcard export fails
  ---
  duration_ms: 8.031958
  type: 'test'
  ...
# Subtest: review N7: the command exits 1 and names the path
ok 25 - review N7: the command exits 1 and names the path
  ---
  duration_ms: 94.41275
  type: 'test'
  ...
# Subtest: a merged as-built is immutable except applied:
ok 26 - a merged as-built is immutable except applied:
  ---
  duration_ms: 5541.780042
  type: 'test'
  ...
# Subtest: A9 commit-msg: an agent branch needs a work-id; another branch does not
ok 27 - A9 commit-msg: an agent branch needs a work-id; another branch does not
  ---
  duration_ms: 1976.950542
  type: 'test'
  ...
# Subtest: A9 pre-commit: staging a hand-edited results.json is refused
ok 28 - A9 pre-commit: staging a hand-edited results.json is refused
  ---
  duration_ms: 2164.943708
  type: 'test'
  ...
# Subtest: A4 contract:init allocates sequential ids, from the template, then starts with every criterion FAIL
ok 29 - A4 contract:init allocates sequential ids, from the template, then starts with every criterion FAIL
  ---
  duration_ms: 1466.530292
  type: 'test'
  ...
# Subtest: the protected branch refuses a start; the operator picks the work branch
ok 30 - the protected branch refuses a start; the operator picks the work branch
  ---
  duration_ms: 920.813667
  type: 'test'
  ...
# Subtest: parallel tickets: a second item starts on the same branch while the first is open
ok 31 - parallel tickets: a second item starts on the same branch while the first is open
  ---
  duration_ms: 2269.067834
  type: 'test'
  ...
# Subtest: parallel tickets: another ticket's uncommitted file does not block a run, its own does
ok 32 - parallel tickets: another ticket's uncommitted file does not block a run, its own does
  ---
  duration_ms: 3211.720084
  type: 'test'
  ...
# Subtest: parallel tickets: another ticket's commit leaves this ticket's proof fresh
ok 33 - parallel tickets: another ticket's commit leaves this ticket's proof fresh
  ---
  duration_ms: 3571.32525
  type: 'test'
  ...
# Subtest: stacking: a dependent ticket starts on the same branch once its predecessor is built, before any as-built or review
ok 34 - stacking: a dependent ticket starts on the same branch once its predecessor is built, before any as-built or review
  ---
  duration_ms: 3993.560042
  type: 'test'
  ...
# Subtest: a dependency that has not started refuses the start
ok 35 - a dependency that has not started refuses the start
  ---
  duration_ms: 1073.545458
  type: 'test'
  ...
# Subtest: A6: a cited file not approved, or holding a BLOCKING marker, is refused; a plain open marker is listed
ok 36 - A6: a cited file not approved, or holding a BLOCKING marker, is refused; a plain open marker is listed
  ---
  duration_ms: 2741.399083
  type: 'test'
  ...
# Subtest: PR-15 tiers: code is tier 1 with no reviewer; contract:tier 2 adds the review, and a lower tier drops it
ok 37 - PR-15 tiers: code is tier 1 with no reviewer; contract:tier 2 adds the review, and a lower tier drops it
  ---
  duration_ms: 4020.287041
  type: 'test'
  ...
# Subtest: PR-15: check-specs warns on a ticket still closing, and fails it only with --strict
ok 38 - PR-15: check-specs warns on a ticket still closing, and fails it only with --strict
  ---
  duration_ms: 2260.309542
  type: 'test'
  ...
# Subtest: Vigil 9 and 10, tier 2 epic ticket: pre-flight gates the start, review:run follows the as-built, truth:promote follows
ok 39 - Vigil 9 and 10, tier 2 epic ticket: pre-flight gates the start, review:run follows the as-built, truth:promote follows
  ---
  duration_ms: 12018.088167
  type: 'test'
  ...
# Subtest: a fixture reviewer's PASS does not count outside the harness
ok 40 - a fixture reviewer's PASS does not count outside the harness
  ---
  duration_ms: 4739.365125
  type: 'test'
  ...
# Subtest: a pre-flight written by the fixture reviewer does not start a ticket outside the harness
ok 41 - a pre-flight written by the fixture reviewer does not start a ticket outside the harness
  ---
  duration_ms: 1168.086958
  type: 'test'
  ...
# Subtest: contract:run refuses an uncommitted tree, then records run records with HEAD and evidence hashes
ok 42 - contract:run refuses an uncommitted tree, then records run records with HEAD and evidence hashes
  ---
  duration_ms: 3288.97325
  type: 'test'
  ...
# Subtest: contract:run FAILs a test criterion whose runner matched zero tests
ok 43 - contract:run FAILs a test criterion whose runner matched zero tests
  ---
  duration_ms: 2092.817208
  type: 'test'
  ...
# Subtest: Vigil 10, one-off: init, run, as-built, status and check-specs close with nothing left
ok 44 - Vigil 10, one-off: init, run, as-built, status and check-specs close with nothing left
  ---
  duration_ms: 5463.931166
  type: 'test'
  ...
# Subtest: Vigil 3: a PASS recorded at X goes stale when a planned path changes at X+1
ok 45 - Vigil 3: a PASS recorded at X goes stale when a planned path changes at X+1
  ---
  duration_ms: 3885.74925
  type: 'test'
  ...
# Subtest: C1: the repo's preset passes every pair in both themes
ok 46 - C1: the repo's preset passes every pair in both themes
  ---
  duration_ms: 94.193792
  type: 'test'
  ...
# Subtest: C1: black on white measures 21:1, the WCAG maximum
ok 47 - C1: black on white measures 21:1, the WCAG maximum
  ---
  duration_ms: 115.078417
  type: 'test'
  ...
# Subtest: C1: a text pair below 4.5:1 fails and is named
ok 48 - C1: a text pair below 4.5:1 fails and is named
  ---
  duration_ms: 132.444042
  type: 'test'
  ...
# Subtest: C1: a focus ring below 3:1 fails in the theme it is set in
ok 49 - C1: a focus ring below 3:1 fails in the theme it is set in
  ---
  duration_ms: 106.646041
  type: 'test'
  ...
# Subtest: C1: see-through text is composited as the browser does
ok 50 - C1: see-through text is composited as the browser does
  ---
  duration_ms: 88.008583
  type: 'test'
  ...
# Subtest: C1: a missing token fails rather than passing silently
ok 51 - C1: a missing token fails rather than passing silently
  ---
  duration_ms: 102.790708
  type: 'test'
  ...
1..51
# tests 51
# suites 0
# pass 51
# fail 0
# cancelled 0
# skipped 0
# todo 0
# duration_ms 27032.595292
