command: yarn lint
exit: 0
at: 2026-10-05T00:01:52Z
head: ed3f0a25cff27c9c81f307bccff368669cebf4b2
---

   • turbo 2.11.6
   • Packages in scope: @pem/auth, @pem/brand, @pem/catalog, @pem/config, @pem/constants, @pem/db, @pem/email, @pem/env, @pem/observability, @pem/ui, docs, web
   • Running lint in 12 packages
   • Remote caching disabled

@pem/constants:lint: cache miss, executing 87cb2a7d556b879f
@pem/brand:lint: cache hit, replaying logs 98075018aad00924
@pem/observability:lint: cache hit, replaying logs 320b6c0b2ea568ea
@pem/env:lint: cache hit, replaying logs ccac9e9f293043b3
@pem/ui:lint: cache hit, replaying logs 707d8702806119c0
@pem/catalog:lint: cache miss, executing 15fb75cc087874b8
docs:lint: cache miss, executing f72604e99af4813e
@pem/db:lint: cache hit, replaying logs 129e6b5d04ed948a
@pem/email:lint: cache hit, replaying logs 1057ad8568d28ae5
@pem/auth:lint: cache hit, replaying logs 24ed49e84a382335
web:lint: cache hit, replaying logs 898c17e67f953065

 Tasks:    11 successful, 11 total
Cached:    8 cached, 11 total
  Time:    1.854s 

