command: yarn test
exit: 0
at: 2026-10-04T23:18:32Z
head: 02c09c89390bc71b5c92d03d66e13f01f6b0b6ee
tests: 114
---

   • turbo 2.11.6
   • Packages in scope: @pem/auth, @pem/brand, @pem/config, @pem/constants, @pem/db, @pem/email, @pem/env, @pem/observability, @pem/ui, docs, web
   • Running test in 11 packages
   • Remote caching disabled

cache hit, replaying logs b34918f830261cac
cache hit, replaying logs 8ba96b6923ee8157
cache hit, replaying logs 562c3ef08a574c5c
cache hit, replaying logs 0556ecb1e50de00a
cache hit, replaying logs e3548cd6f0e79529
TAP version 13
# Subtest: C2: a live-mode key on local or staging fails with the variable named
ok 1 - C2: a live-mode key on local or staging fails with the variable named
  ---
  duration_ms: 0.632875
  type: 'test'
  ...
# Subtest: C2: a test-mode key on production fails with the variable named
ok 2 - C2: a test-mode key on production fails with the variable named
  ---
TAP version 13
# Subtest: C1: brand.ts theme colours equal the preset's values

cache hit, replaying logs 1b213132d01c6cbf
cache hit, replaying logs b46cc5a3a75b24ee
 RUN  v5.0.3 ./packages/ui

 ✓ .storybook/story-coverage.test.ts (5 tests) 9ms
stderr | .storybook/stories.test.ts > Composed/Control/Theme toggle > System
Encountered a script tag while rendering React component. Scripts inside React components are never executed when rendering on the client. Consider using template tag instead (https://developer.mozilla.org/en-US/docs/Web/HTML/Element/template).

 ✓ .storybook/stories.test.ts (20 tests) 691ms

 Test Files  2 passed (2)
      Tests  25 passed (25)
   Start at  16:17:26
   Duration  2.51s (transform 37%, environment 29%, tests 17%, setup 16%)

ok 1 - C1: brand.ts theme colours equal the preset's values
  ---
  duration_ms: 1.07125
  type: 'test'
  duration_ms: 0.086083
  type: 'test'
  ...
# Subtest: C2: matching modes pass
ok 3 - C2: matching modes pass
  ---
  duration_ms: 0.074583
  type: 'test'
  ...
TAP version 13
# Subtest: C2: a key with no mode prefix fails on every tier
ok 4 - C2: a key with no mode prefix fails on every tier
  ---
  duration_ms: 0.1655
  type: 'test'
  ...
# Subtest: public names pass, and unset values are left out
ok 5 - public names pass, and unset values are left out
TAP version 13
  ...
# Subtest: C1: a changed preset value is a mismatch
  ---
# Subtest: C2: the HTML part carries the brand's name, support address, home URL and colours
# Subtest: track is a no-op until a vendor is wired
ok 2 - C1: a changed preset value is a mismatch
  duration_ms: 0.98075
  type: 'test'
  ...
# Subtest: a server-only name is refused, by name
ok 1 - track is a no-op until a vendor is wired
  ---
  duration_ms: 0.873708
  ---
  duration_ms: 0.24
  type: 'test'
  ...
# Subtest: C1: logger.error passes the error, tags and user id to the registered reporter
ok 1 - C2: the HTML part carries the brand's name, support address, home URL and colours
  ---
ok 2 - C1: logger.error passes the error, tags and user id to the registered reporter
  duration_ms: 0.683459
  type: 'test'
  ---
  duration_ms: 1.551625
  type: 'test'
  ...
# Subtest: C1: logger.error with no error hands the reporter one named for the event
ok 3 - C1: logger.error with no error hands the reporter one named for the event
  ---
  duration_ms: 0.153792
  type: 'test'
  ...
# Subtest: C1: a reporter that throws is swallowed, and the line still prints
ok 4 - C1: a reporter that throws is swallowed, and the line still prints
  ---
  duration_ms: 0.225875
  type: 'test'
  ...
# Subtest: C1: a reporter that rejects is swallowed
ok 5 - C1: a reporter that rejects is swallowed
  ...
# Subtest: C2: the text part carries the brand and the action as a link
ok 2 - C2: the text part carries the brand and the action as a link
  ---
  duration_ms: 0.104167
  type: 'test'
  ...
# Subtest: C2: every caller value is escaped
ok 6 - a server-only name is refused, by name
  ---
  ---
  duration_ms: 0.879667
  type: 'test'
  ...
# Subtest: C1: each tier reads its own variable
ok 7 - C1: each tier reads its own variable
  ---
  duration_ms: 0.508542
  type: 'test'
  ...
# Subtest: C1: a tier whose own value is absent or empty reads the unsuffixed value
  type: 'test'
  ...
# Subtest: C1: a changed brand.ts value is a mismatch
ok 8 - C1: a tier whose own value is absent or empty reads the unsuffixed value
  duration_ms: 3.1265
  type: 'test'
  ...
# Subtest: C1: the default reporter is a no-op
ok 3 - C1: a changed brand.ts value is a mismatch
  ---
  duration_ms: 0.702625
  type: 'test'
ok 6 - C1: the default reporter is a no-op
ok 3 - C2: every caller value is escaped
  ---
  duration_ms: 0.479334
  type: 'test'
  ---
  duration_ms: 0.095292
  type: 'test'
  ...
  ---
  duration_ms: 0.130208
  type: 'test'
  ...
# Subtest: C2: an action URL that is not http(s) is refused
  ...
# Subtest: C2: a secret-like key is redacted at any depth, whatever its case
# Subtest: C1: nothing set picks undefined
  ...
ok 7 - C2: a secret-like key is redacted at any depth, whatever its case
# Subtest: every asset path in brand.ts exists in the package
ok 4 - every asset path in brand.ts exists in the package
  ---
ok 9 - C1: nothing set picks undefined
  ---
  ---
  duration_ms: 0.155333
  type: 'test'
ok 4 - C2: an action URL that is not http(s) is refused
  ---
  duration_ms: 0.202042
  type: 'test'
  duration_ms: 0.066625
  type: 'test'
  ...
# Subtest: C1: production never reads a suffixed value
ok 10 - C1: production never reads a suffixed value
  ...
# Subtest: C2: no source file in @pem/email writes a brand value or a colour literal
ok 5 - C2: no source file in @pem/email writes a brand value or a colour literal
  ---
  duration_ms: 0.058834
  type: 'test'
  ...
  ...
# Subtest: C1: the suffix grammar names each form
ok 11 - C1: the suffix grammar names each form
  ---
  duration_ms: 0.391791
# Subtest: white, black and the sRGB primaries
  duration_ms: 0.353917
  ---
  duration_ms: 0.567792
ok 5 - white, black and the sRGB primaries
  type: 'test'
  ---
  duration_ms: 0.668625
  type: 'test'
  ...
  type: 'test'
  type: 'test'
  ...
  ...
# Subtest: lightness as a percentage, and an alpha, are accepted
  ...
# Subtest: C1: a send on the local tier logs the rendered message and does not call the vendor
ok 6 - C1: a send on the local tier logs the rendered message and does not call the vendor
# Subtest: C2: request bodies and personal data are redacted too
ok 8 - C2: request bodies and personal data are redacted too
  ---
  duration_ms: 0.116
ok 6 - lightness as a percentage, and an alpha, are accepted
  ---
  ---
  duration_ms: 1.491125
  type: 'test'
  duration_ms: 0.087708
  type: 'test'
  ...
# Subtest: the preset's neutral steps
ok 7 - the preset's neutral steps
  ---
  duration_ms: 0.13825
  type: 'test'
  ...
# Subtest: anything but oklch() is refused
ok 8 - anything but oklch() is refused
  ---
  duration_ms: 0.213
  type: 'test'
  ...
1..8
# tests 8
# suites 0
# pass 8
# fail 0
# cancelled 0
# skipped 0
# todo 0
# duration_ms 73.454791
  type: 'test'
  ...
# Subtest: C2: the reporter's context is redacted; the error itself is passed as caught
ok 9 - C2: the reporter's context is redacted; the error itself is passed as caught
  ---
  duration_ms: 0.228459
  type: 'test'
  ...
# Subtest: C2: personal data and request bodies are redacted under their common compound names
# Subtest: C1: the switch defaults to local, never production, and names itself when wrong
ok 12 - C1: the switch defaults to local, never production, and names itself when wrong
ok 10 - C2: personal data and request bodies are redacted under their common compound names
  ---
  duration_ms: 0.331625
  type: 'test'
  ...
# Subtest: C1: a secret-like tag is redacted before it reaches the reporter
ok 11 - C1: a secret-like tag is redacted before it reaches the reporter
  ---
  duration_ms: 0.235625
  type: 'test'
  ...
1..11
# tests 11
# suites 0
# pass 11
# fail 0
# cancelled 0
# skipped 0
# todo 0
# duration_ms 91.087208
  ---
  duration_ms: 0.215292
  type: 'test'
  ...
# Subtest: outside a deployment the site URL is localhost, whatever is configured
ok 13 - outside a deployment the site URL is localhost, whatever is configured
  ---
  duration_ms: 0.587792
  type: 'test'
  ...
# Subtest: in a deployment the configured URL is used, without a trailing slash
ok 14 - in a deployment the configured URL is used, without a trailing slash
  ---
  duration_ms: 0.152875
  type: 'test'
  ...
1..14
# tests 14
# suites 0
# pass 14
# fail 0
# cancelled 0
# skipped 0
# todo 0
# duration_ms 128.95325
  ...
# Subtest: C1: a dashboard template on the local tier logs its id and variable names, not their values
ok 7 - C1: a dashboard template on the local tier logs its id and variable names, not their values
  ---
  duration_ms: 0.162542
  type: 'test'
  ...
# Subtest: C1: the local tier needs no key
ok 8 - C1: the local tier needs no key
  ---
  duration_ms: 0.086416
  type: 'test'
  ...
# Subtest: C1: staging and production call the vendor once, with the brand's sender and reply-to
ok 9 - C1: staging and production call the vendor once, with the brand's sender and reply-to
  ---
  duration_ms: 0.213083
  type: 'test'
  ...
# Subtest: C1: a dashboard template is sent by its id, and EMAIL_FROM replaces the brand's address
ok 10 - C1: a dashboard template is sent by its id, and EMAIL_FROM replaces the brand's address
  ---
  duration_ms: 0.147542
  type: 'test'
  ...
# Subtest: C1: staging without a key refuses to send, naming the variable
ok 11 - C1: staging without a key refuses to send, naming the variable
  ---
  duration_ms: 0.2585
  type: 'test'
  ...
# Subtest: C1: a vendor error is thrown, not swallowed
ok 12 - C1: a vendor error is thrown, not swallowed
  ---
  duration_ms: 0.162083
  type: 'test'
  ...
# Subtest: maskAddress keeps the first letter and the domain only
ok 13 - maskAddress keeps the first letter and the domain only
  ---
  duration_ms: 0.047875
  type: 'test'
  ...
# Subtest: C1: a deployment left on the local tier neither sends nor logs the body
ok 14 - C1: a deployment left on the local tier neither sends nor logs the body
  ---
  duration_ms: 0.33225
  type: 'test'
  ...
1..14
# tests 14
# suites 0
# pass 14
# fail 0
# cancelled 0
# skipped 0
# todo 0
# duration_ms 96.189667
TAP version 13
# Subtest: the admin client holds no session: nothing persisted, refreshed or read from a URL
ok 1 - the admin client holds no session: nothing persisted, refreshed or read from a URL
  ---
  duration_ms: 19.052917
  type: 'test'
  ...
# Subtest: every subpath is classed as client-safe or server
ok 2 - every subpath is classed as client-safe or server
  ---
  duration_ms: 1.544709
TAP version 13
# Subtest: each kind of DDL or write against auth is caught
ok 1 - each kind of DDL or write against auth is caught
  ---
  type: 'test'
  ...
# Subtest: ./config reaches no server module, built-in or workspace package
ok 3 - ./config reaches no server module, built-in or workspace package
  duration_ms: 1.214875
  type: 'test'
  ...
# Subtest: a foreign key to auth.users and a call to auth.uid() are allowed
ok 2 - a foreign key to auth.users and a call to auth.uid() are allowed
  ---
  duration_ms: 0.078792
  type: 'test'
  ...
# Subtest: a migration with DDL against auth fails, numbered by statement
ok 3 - a migration with DDL against auth fails, numbered by statement
  ---
  duration_ms: 0.599375
  type: 'test'
  ...
# Subtest: the generated migration set passes, and it does reference auth.users
ok 4 - the generated migration set passes, and it does reference auth.users
  ---
  duration_ms: 0.682958
  type: 'test'
  ...
# Subtest: only the local auth mirror writes to auth.users
ok 5 - only the local auth mirror writes to auth.users
  ---
  duration_ms: 3.998167
  type: 'test'
  ---
  duration_ms: 1.039958
  type: 'test'
  ...
# Subtest: ./browser reaches no server module, built-in or workspace package
ok 4 - ./browser reaches no server module, built-in or workspace package
  ---
  duration_ms: 0.979
  type: 'test'
  ...
# Subtest: ./redirect reaches no server module, built-in or workspace package
ok 5 - ./redirect reaches no server module, built-in or workspace package
  ---
  duration_ms: 0.537291
  type: 'test'
  ...
# Subtest: the walk sees a server import when there is one
ok 6 - the walk sees a server import when there is one
  ---
  duration_ms: 1.423333
  type: 'test'
  ...
# Subtest: ./server is marked server-only, so a client component cannot import it
ok 7 - ./server is marked server-only, so a client component cannot import it
  ---
  duration_ms: 0.1165
  type: 'test'
  ...
# Subtest: ./admin is marked server-only, so a client component cannot import it
ok 8 - ./admin is marked server-only, so a client component cannot import it
  ---
  duration_ms: 0.7685
  type: 'test'
  ...
# Subtest: ./session is marked server-only, so a client component cannot import it
ok 9 - ./session is marked server-only, so a client component cannot import it
  ---
  duration_ms: 0.589666
  type: 'test'
  ...
# Subtest: ./context is marked server-only, so a client component cannot import it
ok 10 - ./context is marked server-only, so a client component cannot import it
  ---
  duration_ms: 1.071292
  type: 'test'
  ...
# Subtest: a secret key in the public slot is refused, naming the variable
ok 11 - a secret key in the public slot is refused, naming the variable
  ---
  duration_ms: 0.656917
  type: 'test'
  ...
# Subtest: the publishable key and the legacy anon key pass
ok 12 - the publishable key and the legacy anon key pass
  ---
  duration_ms: 0.132417
  type: 'test'
  ...
# Subtest: the cookie stem the purge uses is the storage key the installed SDK writes
ok 13 - the cookie stem the purge uses is the storage key the installed SDK writes
  ...
# Subtest: the pattern catches each kind of write
ok 6 - the pattern catches each kind of write
  ---
  duration_ms: 0.132125
  type: 'test'
  ...
# Subtest: seedLocalUsers
    # Subtest: refuses a non-loopback auth URL before sending anything
    ok 1 - refuses a non-loopback auth URL before sending anything
      ---
      duration_ms: 0.888
      type: 'test'
      ...
  ---
  duration_ms: 23.493209
  type: 'test'
  ...
# Using the user object as returned from supabase.auth.getSession() or from some supabase.auth.onAuthStateChange() events could be insecure! This value comes directly from the storage medium (usually cookies on the server) and may not be authentic. Use supabase.auth.getUser() instead which authenticates the data by contacting the Supabase Auth server.
# Subtest: C1: returns the user's id, email and app_metadata role from getUser
ok 14 - C1: returns the user's id, email and app_metadata role from getUser
    # Subtest: refuses a missing service-role key before sending anything
    ok 2 - refuses a missing service-role key before sending anything
      ---
      duration_ms: 1.649083
      type: 'test'
      ...
    # Subtest: creates each synthetic user through the local admin API
    ok 3 - creates each synthetic user through the local admin API
      ---
      duration_ms: 17.369167
      type: 'test'
      ...
  ---
  duration_ms: 0.980542
  type: 'test'
  ...
# Subtest: C1: a user without a known app_metadata role is a user; user_metadata is never read
ok 15 - C1: a user without a known app_metadata role is a user; user_metadata is never read
  ---
  duration_ms: 0.117125
  type: 'test'
  ...
# Subtest: C1: refuses when getUser returns an error, even with a user beside it
ok 16 - C1: refuses when getUser returns an error, even with a user beside it
  ---
  duration_ms: 0.110792
  type: 'test'
  ...
# Subtest: C1: a forged session cookie is refused when Supabase cannot fetch its user
    # Subtest: treats an existing email as done
    ok 4 - treats an existing email as done
      ---
      duration_ms: 0.994125
      type: 'test'
      ...
    1..4
ok 7 - seedLocalUsers
  ---
  duration_ms: 21.729417
ok 17 - C1: a forged session cookie is refused when Supabase cannot fetch its user
  ---
  duration_ms: 15.803417
  type: 'test'
  ...
# Subtest: C1: the same cookie passes once Supabase returns its user, with the role from that answer
  type: 'suite'
ok 18 - C1: the same cookie passes once Supabase returns its user, with the role from that answer
  ---
  duration_ms: 1.10925
  type: 'test'
  ...
# Subtest: C1: the mirror is called once per user per process, and again after a refusal, a failure or an email change
ok 19 - C1: the mirror is called once per user per process, and again after a refusal, a failure or an email change
  ---
  duration_ms: 0.340959
  type: 'test'
  ...
# Subtest: C1: concurrent requests for one user share one mirror call
ok 20 - C1: concurrent requests for one user share one mirror call
  ---
  duration_ms: 10.484
  type: 'test'
  ...
# Subtest: C1: an anonymous or refused request never reaches the mirror
ok 21 - C1: an anonymous or refused request never reaches the mirror
  ---
  duration_ms: 0.264584
  type: 'test'
  ...
# Subtest: a sign-in on localhost lands back on localhost, at next
ok 22 - a sign-in on localhost lands back on localhost, at next
  ---
  duration_ms: 0.741
  type: 'test'
  ...
# Subtest: db:local:reset
    # Subtest: refuses staging before resolving a URL
    ok 1 - refuses staging before resolving a URL
      ---
      duration_ms: 352.982417
      type: 'test'
      ...
    # Subtest: refuses staging before connecting, with its URLs set
    ok 2 - refuses staging before connecting, with its URLs set
      ---
      duration_ms: 278.671
      type: 'test'
      ...
    # Subtest: refuses production before resolving a URL
    ok 3 - refuses production before resolving a URL
      ---
      duration_ms: 282.440667
  ...
# Subtest: next that leaves the origin becomes /
      type: 'test'
      ...
    # Subtest: refuses production before connecting, with its URLs set
    ok 4 - refuses production before connecting, with its URLs set
      ---
      duration_ms: 279.191709
      type: 'test'
      ...
    # Subtest: refuses a local URL that is not this machine, before connecting
    ok 5 - refuses a local URL that is not this machine, before connecting
      ---
      duration_ms: 299.216792
ok 23 - next that leaves the origin becomes /
  ---
  duration_ms: 0.203125
  type: 'test'
  ...
# Subtest: the callback URL is on the site's origin and carries next only when it is a path
ok 24 - the callback URL is on the site's origin and carries next only when it is a path
  ---
  duration_ms: 0.1345
  type: 'test'
  ...
# @supabase/ssr: chunked cookie decoded to invalid JSON, treating as absent. This usually indicates that cookie chunks from different writes were combined (e.g. response committed before all Set-Cookie headers were sent).
      type: 'test'
      ...
    # Subtest: refuses a malformed tier
    ok 6 - refuses a malformed tier
      ---
      duration_ms: 287.88675
      type: 'test'
      ...
    1..6
ok 8 - db:local:reset
  ---
  duration_ms: 1781.064167
  type: 'suite'
  ...
# Subtest: nonLoopbackBindings
    # Subtest: names every interface and a specific LAN address
# @supabase/ssr: chunked cookie decoded to invalid JSON, treating as absent. This usually indicates that cookie chunks from different writes were combined (e.g. response committed before all Set-Cookie headers were sent).
# @supabase/ssr: chunked cookie decoded to invalid JSON, treating as absent. This usually indicates that cookie chunks from different writes were combined (e.g. response committed before all Set-Cookie headers were sent).
# Subtest: C2: on the local stack, updateSession deletes every staging session cookie and nothing else
ok 25 - C2: on the local stack, updateSession deletes every staging session cookie and nothing else
  ---
  duration_ms: 16.583291
  type: 'test'
  ...
# Subtest: C2: the project's own cookies are never purged
ok 26 - C2: the project's own cookies are never purged
  ---
  duration_ms: 1.657375
  type: 'test'
  ...
# Subtest: C2: switching back to staging purges the local stack's cookies
ok 27 - C2: switching back to staging purges the local stack's cookies
  ---
  duration_ms: 1.785958
  type: 'test'
    ok 1 - names every interface and a specific LAN address
      ---
      duration_ms: 1.60375
      type: 'test'
      ...
    # Subtest: passes loopback-only bindings
    ok 2 - passes loopback-only bindings
      ---
      duration_ms: 0.103041
  ...
# Subtest: C2: with no foreign cookie, nothing is written
ok 28 - C2: with no foreign cookie, nothing is written
      type: 'test'
      ...
    1..2
ok 9 - nonLoopbackBindings
  ---
  duration_ms: 0.598792
  type: 'test'
  ---
  duration_ms: 2.351167
  type: 'suite'
  ...
# Subtest: runtime takes the transaction pooler on a hosted tier
  ...
# Subtest: C2: the purge reads every cookie form Supabase writes
ok 29 - C2: the purge reads every cookie form Supabase writes
ok 10 - runtime takes the transaction pooler on a hosted tier
  ---
  duration_ms: 1.282958
  type: 'test'
  ...
# Subtest: migrations take the session pooler on a hosted tier
ok 11 - migrations take the session pooler on a hosted tier
  ---
  duration_ms: 0.160125
  type: 'test'
  ...
# Subtest: the local tier is not checked beyond the scheme
ok 12 - the local tier is not checked beyond the scheme
  ---
  duration_ms: 0.091084
  type: 'test'
  ...
# Subtest: errors and descriptions never carry credentials
ok 13 - errors and descriptions never carry credentials
  ---
  duration_ms: 0.089334
  type: 'test'
  ...
# Subtest: isLoopbackHost
  ---
  duration_ms: 0.36875
  type: 'test'
  ...
# Subtest: C2: switching to a tier with no project clears every Supabase session cookie
ok 30 - C2: switching to a tier with no project clears every Supabase session cookie
  ---
  duration_ms: 0.13825
  type: 'test'
  ...
1..30
# tests 30
# suites 0
    # Subtest: accepts localhost, 127.0.0.0/8 and ::1
    ok 1 - accepts localhost, 127.0.0.0/8 and ::1
      ---
      duration_ms: 0.521958
      type: 'test'
      ...
    # Subtest: refuses every other host, including look-alikes
    ok 2 - refuses every other host, including look-alikes
      ---
      duration_ms: 0.132
      type: 'test'
      ...
    # Subtest: isLoopbackUrl reads the URL's host and refuses an unparseable URL
# pass 30
    ok 3 - isLoopbackUrl reads the URL's host and refuses an unparseable URL
      ---
      duration_ms: 0.096833
      type: 'test'
      ...
    1..3
ok 14 - isLoopbackHost
  ---
  duration_ms: 1.25825
  type: 'suite'
  ...
# Subtest: applyLocalAuthMirror
# fail 0
# cancelled 0
# skipped 0
# todo 0
# duration_ms 350.697042
    # Subtest: refuses a non-loopback host before connecting
    ok 1 - refuses a non-loopback host before connecting
      ---
      duration_ms: 3.412417
      type: 'test'
      ...
    # Subtest: passes the host check on loopback and only then connects
    ok 2 - passes the host check on loopback and only then connects
      ---
      duration_ms: 3.133459
      type: 'test'
      ...
    1..2
ok 15 - applyLocalAuthMirror
  ---
  duration_ms: 6.662
  type: 'suite'
  ...
# Subtest: the bridge accepts a UUID user and a known role
ok 16 - the bridge accepts a UUID user and a known role
  ---
  duration_ms: 0.789375
  type: 'test'
  ...
# Subtest: the bridge refuses a partial or forged identity before any SQL
ok 17 - the bridge refuses a partial or forged identity before any SQL
  ---
  duration_ms: 0.273167
  type: 'test'
  ...
# Subtest: the schema exports tables, and none of them outside public
ok 18 - the schema exports tables, and none of them outside public
  ---
  duration_ms: 0.74575
  type: 'test'
  ...
# Subtest: authUsers is never exported from the schema
ok 19 - authUsers is never exported from the schema
  ---
  duration_ms: 0.061875
  type: 'test'
  ...
# Subtest: every table carries its policies beside it
ok 20 - every table carries its policies beside it
  ---
  duration_ms: 0.205583
  type: 'test'
  ...
1..20
# tests 32
# suites 5
# pass 32
# fail 0
# cancelled 0
# skipped 0
# todo 0
# duration_ms 1883.606209

 Tasks:    7 successful, 7 total
Cached:    7 cached, 7 total
  Time:    130ms >>> FULL TURBO

