command: yarn test
exit: 0
at: 2026-10-04T07:05:54Z
head: f740df0853afec4f73bea6f0169fb338b259a3ba
tests: 47
---

   • turbo 2.11.6
   • Packages in scope: @pem/brand, @pem/config, @pem/db, @pem/env, @pem/ui, docs, web
   • Running test in 7 packages
   • Remote caching disabled

cache hit, replaying logs 7c1b26428e39b33f
cache hit, replaying logs cbd864d33bb9f393
TAP version 13
# Subtest: C1: brand.ts theme colours equal the preset's values
ok 1 - C1: brand.ts theme colours equal the preset's values
  ---
  duration_ms: 1.054958
  type: 'test'
  ...
# Subtest: C1: a changed preset value is a mismatch
ok 2 - C1: a changed preset value is a mismatch
  ---
  duration_ms: 0.17575
  type: 'test'
  ...
# Subtest: C1: a changed brand.ts value is a mismatch
ok 3 - C1: a changed brand.ts value is a mismatch
  ---
  duration_ms: 0.189708
  type: 'test'
  ...
# Subtest: every asset path in brand.ts exists in the package
ok 4 - every asset path in brand.ts exists in the package
  ---
  duration_ms: 0.123292
  type: 'test'
  ...
# Subtest: white, black and the sRGB primaries
ok 5 - white, black and the sRGB primaries
  ---
  duration_ms: 0.675459
  type: 'test'
  ...
# Subtest: lightness as a percentage, and an alpha, are accepted
ok 6 - lightness as a percentage, and an alpha, are accepted
  ---
  duration_ms: 0.076042
  type: 'test'
  ...
# Subtest: the preset's neutral steps
ok 7 - the preset's neutral steps
cache hit, replaying logs 715615b10748c227
  ---
  duration_ms: 0.137333
  type: 'test'
  ...
# Subtest: anything but oklch() is refused
ok 8 - anything but oklch() is refused
  ---
  duration_ms: 0.202708
  type: 'test'
  ...
1..8
# tests 8
# suites 0
# pass 8
# fail 0
# cancelled 0
# skipped 0
# todo 0
# duration_ms 93.0935
TAP version 13
# Subtest: each kind of DDL or write against auth is caught
ok 1 - each kind of DDL or write against auth is caught
  ---
  duration_ms: 1.3
  type: 'test'
  ...
# Subtest: a foreign key to auth.users and a call to auth.uid() are allowed
ok 2 - a foreign key to auth.users and a call to auth.uid() are allowed
  ---
  duration_ms: 0.0785
  type: 'test'
  ...
# Subtest: a migration with DDL against auth fails, numbered by statement
ok 3 - a migration with DDL against auth fails, numbered by statement
  ---
  duration_ms: 0.807708
  type: 'test'
  ...
# Subtest: the generated migration set passes, and it does reference auth.users
ok 4 - the generated migration set passes, and it does reference auth.users
  ---
  duration_ms: 0.981334
  type: 'test'
  ...
# Subtest: seedLocalUsers
    # Subtest: refuses a non-loopback auth URL before sending anything
    ok 1 - refuses a non-loopback auth URL before sending anything
      ---
      duration_ms: 0.860542
      type: 'test'
      ...
    # Subtest: refuses a missing service-role key before sending anything
    ok 2 - refuses a missing service-role key before sending anything
      ---
      duration_ms: 0.14675
      type: 'test'
      ...
    # Subtest: creates each synthetic user through the local admin API
    ok 3 - creates each synthetic user through the local admin API
      ---
      duration_ms: 14.948625
      type: 'test'
      ...
    # Subtest: treats an existing email as done
    ok 4 - treats an existing email as done
      ---
      duration_ms: 0.968959
      type: 'test'
      ...
    1..4
ok 5 - seedLocalUsers
  ---
  duration_ms: 17.550625
  type: 'suite'
  ...
# Subtest: runtime takes the transaction pooler on a hosted tier
ok 6 - runtime takes the transaction pooler on a hosted tier
  ---
  duration_ms: 0.967417
  type: 'test'
  ...
# Subtest: migrations take the session pooler on a hosted tier
ok 7 - migrations take the session pooler on a hosted tier
  ---
  duration_ms: 0.157292
  type: 'test'
  ...
# Subtest: the local tier is not checked beyond the scheme
TAP version 13
# Subtest: C2: a live-mode key on local or staging fails with the variable named
ok 8 - the local tier is not checked beyond the scheme
  ---
  duration_ms: 0.199041
  type: 'test'
  ...
# Subtest: errors and descriptions never carry credentials
ok 9 - errors and descriptions never carry credentials
  ---
  duration_ms: 0.103917
  type: 'test'
  ...
# Subtest: isLoopbackHost
    # Subtest: accepts localhost, 127.0.0.0/8 and ::1
    ok 1 - accepts localhost, 127.0.0.0/8 and ::1
      ---
      duration_ms: 0.501459
      type: 'test'
      ...
    # Subtest: refuses every other host, including look-alikes
    ok 2 - refuses every other host, including look-alikes
      ---
      duration_ms: 0.115
      type: 'test'
      ...
    # Subtest: isLoopbackUrl reads the URL's host and refuses an unparseable URL
ok 1 - C2: a live-mode key on local or staging fails with the variable named
  ---
  duration_ms: 0.63275
  type: 'test'
  ...
# Subtest: C2: a test-mode key on production fails with the variable named
ok 2 - C2: a test-mode key on production fails with the variable named
  ---
  duration_ms: 0.086459
  type: 'test'
  ...
# Subtest: C2: matching modes pass
ok 3 - C2: matching modes pass
  ---
  duration_ms: 0.129
  type: 'test'
    ok 3 - isLoopbackUrl reads the URL's host and refuses an unparseable URL
      ---
      duration_ms: 0.091834
      type: 'test'
      ...
    1..3
ok 10 - isLoopbackHost
  ---
  duration_ms: 1.202916
  type: 'suite'
  ...
# Subtest: applyLocalAuthMirror
    # Subtest: refuses a non-loopback host before connecting
    ok 1 - refuses a non-loopback host before connecting
      ---
      duration_ms: 2.5985
      type: 'test'
      ...
    # Subtest: passes the host check on loopback and only then connects
    ok 2 - passes the host check on loopback and only then connects
      ---
      duration_ms: 3.652083
      type: 'test'
      ...
    1..2
ok 11 - applyLocalAuthMirror
  ---
  duration_ms: 6.377834
  type: 'suite'
  ...
  ...
# Subtest: C2: a key with no mode prefix fails on every tier
ok 4 - C2: a key with no mode prefix fails on every tier
  ---
  duration_ms: 0.199083
  type: 'test'
  ...
# Subtest: public names pass, and unset values are left out
ok 5 - public names pass, and unset values are left out
  ---
  duration_ms: 0.923
  type: 'test'
  ...
# Subtest: a server-only name is refused, by name
ok 6 - a server-only name is refused, by name
  ---
  duration_ms: 0.238167
  type: 'test'
  ...
# Subtest: C1: each tier reads its own variable
ok 7 - C1: each tier reads its own variable
  ---
  duration_ms: 0.566458
  type: 'test'
  ...
# Subtest: C1: a tier whose own value is absent or empty reads the unsuffixed value
ok 8 - C1: a tier whose own value is absent or empty reads the unsuffixed value
  ---
  duration_ms: 0.107125
  type: 'test'
  ...
# Subtest: C1: nothing set picks undefined
# Subtest: the bridge accepts a UUID user and a known role
ok 12 - the bridge accepts a UUID user and a known role
  ---
  duration_ms: 0.82875
  type: 'test'
  ...
# Subtest: the bridge refuses a partial or forged identity before any SQL
ok 13 - the bridge refuses a partial or forged identity before any SQL
  ---
  duration_ms: 0.286625
  type: 'test'
  ...
# Subtest: the schema exports tables, and none of them outside public
ok 14 - the schema exports tables, and none of them outside public
  ---
  duration_ms: 0.921625
  type: 'test'
  ...
# Subtest: authUsers is never exported from the schema
ok 15 - authUsers is never exported from the schema
  ---
ok 9 - C1: nothing set picks undefined
  ---
  duration_ms: 0.072917
  type: 'test'
  ...
# Subtest: C1: production never reads a suffixed value
ok 10 - C1: production never reads a suffixed value
  ---
  duration_ms: 0.079417
  type: 'test'
  ...
# Subtest: C1: the suffix grammar names each form
ok 11 - C1: the suffix grammar names each form
  ---
  duration_ms: 0.394333
  type: 'test'
  ...
# Subtest: C1: the switch defaults to local, never production, and names itself when wrong
  duration_ms: 0.070667
  type: 'test'
  ...
# Subtest: every table carries its policies beside it
ok 16 - every table carries its policies beside it
  ---
  duration_ms: 0.222208
  type: 'test'
  ...
1..16
# tests 22
# suites 3
# pass 22
# fail 0
# cancelled 0
# skipped 0
# todo 0
# duration_ms 346.163
ok 12 - C1: the switch defaults to local, never production, and names itself when wrong
  ---
  duration_ms: 0.24875
  type: 'test'
  ...
# Subtest: outside a deployment the site URL is localhost, whatever is configured
ok 13 - outside a deployment the site URL is localhost, whatever is configured
  ---
  duration_ms: 0.449
  type: 'test'
  ...
# Subtest: in a deployment the configured URL is used, without a trailing slash
ok 14 - in a deployment the configured URL is used, without a trailing slash
  ---
  duration_ms: 0.115625
  type: 'test'
  ...
1..14
# tests 14
# suites 0
# pass 14
# fail 0
# cancelled 0
# skipped 0
# todo 0
# duration_ms 93.922583

 Tasks:    3 successful, 3 total
Cached:    3 cached, 3 total
  Time:    76ms >>> FULL TURBO

