command: yarn test
exit: 0
at: 2026-10-05T04:19:09Z
head: 148dc2b54ea0bb470ab9310b97e0db79a13d3a67
tests: 203
---

   • turbo 2.11.6
   • Packages in scope: @pem/ai, @pem/api, @pem/auth, @pem/brand, @pem/catalog, @pem/config, @pem/constants, @pem/db, @pem/email, @pem/env, @pem/observability, @pem/services, @pem/ui, @pem/validators, docs, web
   • Running test in 16 packages
   • Remote caching disabled

cache hit, replaying logs 3b5dbdfdffb3ed30

 RUN  v5.0.3 ./packages/ui

 ✓ .storybook/story-coverage.test.ts (5 tests) 8ms
stderr | .storybook/stories.test.ts > Composed/Control/Theme toggle > System
Encountered a script tag while rendering React component. Scripts inside React components are never executed when rendering on the client. Consider using template tag instead (https://developer.mozilla.org/en-US/docs/Web/HTML/Element/template).

Not implemented: Window's getComputedStyle() method: with pseudo-elements
Not implemented: Window's getComputedStyle() method: with pseudo-elements
Not implemented: Window's getComputedStyle() method: with pseudo-elements
Not implemented: Window's getComputedStyle() method: with pseudo-elements
Not implemented: Window's getComputedStyle() method: with pseudo-elements
Not implemented: Window's getComputedStyle() method: with pseudo-elements
Not implemented: Window's getComputedStyle() method: with pseudo-elements
Not implemented: Window's getComputedStyle() method: with pseudo-elements
Not implemented: Window's getComputedStyle() method: with pseudo-elements
Not implemented: Window's getComputedStyle() method: with pseudo-elements
Not implemented: Window's getComputedStyle() method: with pseudo-elements
Not implemented: Window's getComputedStyle() method: with pseudo-elements
Not implemented: Window's getComputedStyle() method: with pseudo-elements
Not implemented: Window's getComputedStyle() method: with pseudo-elements
Not implemented: Window's getComputedStyle() method: with pseudo-elements
Not implemented: Window's getComputedStyle() method: with pseudo-elements
Not implemented: Window's getComputedStyle() method: with pseudo-elements
Not implemented: Window's getComputedStyle() method: with pseudo-elements
Not implemented: Window's getComputedStyle() method: with pseudo-elements
Not implemented: Window's getComputedStyle() method: with pseudo-elements
Not implemented: Window's getComputedStyle() method: with pseudo-elements
Not implemented: Window's getComputedStyle() method: with pseudo-elements
Not implemented: Window's getComputedStyle() method: with pseudo-elements
Not implemented: Window's getComputedStyle() method: with pseudo-elements
Not implemented: Window's getComputedStyle() method: with pseudo-elements
Not implemented: Window's getComputedStyle() method: with pseudo-elements
Not implemented: Window's getComputedStyle() method: with pseudo-elements
Not implemented: Window's getComputedStyle() method: with pseudo-elements
Not implemented: Window's getComputedStyle() method: with pseudo-elements
Not implemented: Window's getComputedStyle() method: with pseudo-elements
Not implemented: Window's getComputedStyle() method: with pseudo-elements
Not implemented: Window's getComputedStyle() method: with pseudo-elements
Not implemented: Window's getComputedStyle() method: with pseudo-elements
Not implemented: Window's getComputedStyle() method: with pseudo-elements
Not implemented: Window's getComputedStyle() method: with pseudo-elements
Not implemented: Window's getComputedStyle() method: with pseudo-elements
Not implemented: Window's getComputedStyle() method: with pseudo-elements
Not implemented: Window's getComputedStyle() method: with pseudo-elements
Not implemented: Window's getComputedStyle() method: with pseudo-elements
Not implemented: Window's getComputedStyle() method: with pseudo-elements
Not implemented: Window's getComputedStyle() method: with pseudo-elements
Not implemented: Window's getComputedStyle() method: with pseudo-elements
Not implemented: Window's getComputedStyle() method: with pseudo-elements
Not implemented: Window's getComputedStyle() method: with pseudo-elements
Not implemented: Window's getComputedStyle() method: with pseudo-elements
Not implemented: Window's getComputedStyle() method: with pseudo-elements
Not implemented: Window's getComputedStyle() method: with pseudo-elements
Not implemented: Window's getComputedStyle() method: with pseudo-elements
Not implemented: Window's getComputedStyle() method: with pseudo-elements
Not implemented: Window's getComputedStyle() method: with pseudo-elements
Not implemented: Window's getComputedStyle() method: with pseudo-elements
Not implemented: Window's getComputedStyle() method: with pseudo-elements
Not implemented: Window's getComputedStyle() method: with pseudo-elements
Not implemented: Window's getComputedStyle() method: with pseudo-elements
Not implemented: Window's getComputedStyle() method: with pseudo-elements
Not implemented: Window's getComputedStyle() method: with pseudo-elements
Not implemented: Window's getComputedStyle() method: with pseudo-elements
Not implemented: Window's getComputedStyle() method: with pseudo-elements
Not implemented: Window's getComputedStyle() method: with pseudo-elements
Not implemented: Window's getComputedStyle() method: with pseudo-elements
Not implemented: Window's getComputedStyle() method: with pseudo-elements
Not implemented: Window's getComputedStyle() method: with pseudo-elements
Not implemented: Window's getComputedStyle() method: with pseudo-elements
Not implemented: Window's getComputedStyle() method: with pseudo-elements
Not implemented: Window's getComputedStyle() method: with pseudo-elements
Not implemented: Window's getComputedStyle() method: with pseudo-elements
Not implemented: Window's getComputedStyle() method: with pseudo-elements
Not implemented: Window's getComputedStyle() method: with pseudo-elements
Not implemented: Window's getComputedStyle() method: with pseudo-elements
Not implemented: Window's getComputedStyle() method: with pseudo-elements
Not implemented: Window's getComputedStyle() method: with pseudo-elements
Not implemented: Window's getComputedStyle() method: with pseudo-elements
Not implemented: Window's getComputedStyle() method: with pseudo-elements
Not implemented: Window's getComputedStyle() method: with pseudo-elements
Not implemented: Window's getComputedStyle() method: with pseudo-elements
Not implemented: Window's getComputedStyle() method: with pseudo-elements
Not implemented: Window's getComputedStyle() method: with pseudo-elements
Not implemented: Window's getComputedStyle() method: with pseudo-elements
Not implemented: Window's getComputedStyle() method: with pseudo-elements
Not implemented: Window's getComputedStyle() method: with pseudo-elements
Not implemented: Window's getComputedStyle() method: with pseudo-elements
Not implemented: Window's getComputedStyle() method: with pseudo-elements
Not implemented: Window's getComputedStyle() method: with pseudo-elements
Not implemented: Window's getComputedStyle() method: with pseudo-elements
Not implemented: Window's getComputedStyle() method: with pseudo-elements
Not implemented: Window's getComputedStyle() method: with pseudo-elements
Not implemented: Window's getComputedStyle() method: with pseudo-elements
Not implemented: Window's getComputedStyle() method: with pseudo-elements
Not implemented: Window's getComputedStyle() method: with pseudo-elements
Not implemented: Window's getComputedStyle() method: with pseudo-elements
Not implemented: Window's getComputedStyle() method: with pseudo-elements
Not implemented: Window's getComputedStyle() method: with pseudo-elements
Not implemented: Window's getComputedStyle() method: with pseudo-elements
Not implemented: Window's getComputedStyle() method: with pseudo-elements
Not implemented: Window's getComputedStyle() method: with pseudo-elements
Not implemented: Window's getComputedStyle() method: with pseudo-elements
Not implemented: Window's getComputedStyle() method: with pseudo-elements
Not implemented: Window's getComputedStyle() method: with pseudo-elements
Not implemented: Window's getComputedStyle() method: with pseudo-elements
Not implemented: Window's getComputedStyle() method: with pseudo-elements
Not implemented: Window's getComputedStyle() method: with pseudo-elements
Not implemented: Window's getComputedStyle() method: with pseudo-elements
Not implemented: Window's getComputedStyle() method: with pseudo-elements
Not implemented: Window's getComputedStyle() method: with pseudo-elements
Not implemented: Window's getComputedStyle() method: with pseudo-elements
Not implemented: Window's getComputedStyle() method: with pseudo-elements
Not implemented: Window's getComputedStyle() method: with pseudo-elements
Not implemented: Window's getComputedStyle() method: with pseudo-elements
Not implemented: Window's getComputedStyle() method: with pseudo-elements
Not implemented: Window's getComputedStyle() method: with pseudo-elements
Not implemented: Window's getComputedStyle() method: with pseudo-elements
Not implemented: Window's getComputedStyle() method: with pseudo-elements
Not implemented: Window's getComputedStyle() method: with pseudo-elements
Not implemented: Window's getComputedStyle() method: with pseudo-elements
Not implemented: Window's getComputedStyle() method: with pseudo-elements
Not implemented: Window's getComputedStyle() method: with pseudo-elements
Not implemented: Window's getComputedStyle() method: with pseudo-elements
Not implemented: Window's getComputedStyle() method: with pseudo-elements
Not implemented: Window's getComputedStyle() method: with pseudo-elements
Not implemented: Window's getComputedStyle() method: with pseudo-elements
Not implemented: Window's getComputedStyle() method: with pseudo-elements
Not implemented: Window's getComputedStyle() method: with pseudo-elements
Not implemented: Window's getComputedStyle() method: with pseudo-elements
Not implemented: Window's getComputedStyle() method: with pseudo-elements
Not implemented: Window's getComputedStyle() method: with pseudo-elements
Not implemented: Window's getComputedStyle() method: with pseudo-elements
Not implemented: Window's getComputedStyle() method: with pseudo-elements
Not implemented: Window's getComputedStyle() method: with pseudo-elements
Not implemented: Window's getComputedStyle() method: with pseudo-elements
Not implemented: Window's getComputedStyle() method: with pseudo-elements
Not implemented: Window's getComputedStyle() method: with pseudo-elements
Not implemented: Window's getComputedStyle() method: with pseudo-elements
Not implemented: Window's getComputedStyle() method: with pseudo-elements
Not implemented: Window's getComputedStyle() method: with pseudo-elements
Not implemented: Window's getComputedStyle() method: with pseudo-elements
Not implemented: Window's getComputedStyle() method: with pseudo-elements
Not implemented: Window's getComputedStyle() method: with pseudo-elements
Not implemented: Window's getComputedStyle() method: with pseudo-elements
Not implemented: Window's getComputedStyle() method: with pseudo-elements
Not implemented: Window's getComputedStyle() method: with pseudo-elements
Not implemented: Window's getComputedStyle() method: with pseudo-elements
Not implemented: Window's getComputedStyle() method: with pseudo-elements
Not implemented: Window's getComputedStyle() method: with pseudo-elements
Not implemented: Window's getComputedStyle() method: with pseudo-elements
Not implemented: Window's getComputedStyle() method: with pseudo-elements
Not implemented: Window's getComputedStyle() method: with pseudo-elements
Not implemented: Window's getComputedStyle() method: with pseudo-elements
Not implemented: Window's getComputedStyle() method: with pseudo-elements
Not implemented: Window's getComputedStyle() method: with pseudo-elements
Not implemented: Window's getComputedStyle() method: with pseudo-elements
Not implemented: Window's getComputedStyle() method: with pseudo-elements
Not implemented: Window's getComputedStyle() method: with pseudo-elements
Not implemented: Window's getComputedStyle() method: with pseudo-elements
Not implemented: Window's getComputedStyle() method: with pseudo-elements
Not implemented: Window's getComputedStyle() method: with pseudo-elements
Not implemented: Window's getComputedStyle() method: with pseudo-elements
Not implemented: Window's getComputedStyle() method: with pseudo-elements
Not implemented: Window's getComputedStyle() method: with pseudo-elements
Not implemented: Window's getComputedStyle() method: with pseudo-elements
Not implemented: Window's getComputedStyle() method: with pseudo-elements
Not implemented: Window's getComputedStyle() method: with pseudo-elements
Not implemented: Window's getComputedStyle() method: with pseudo-elements
Not implemented: Window's getComputedStyle() method: with pseudo-elements
Not implemented: Window's getComputedStyle() method: with pseudo-elements
Not implemented: Window's getComputedStyle() method: with pseudo-elements
Not implemented: Window's getComputedStyle() method: with pseudo-elements
Not implemented: Window's getComputedStyle() method: with pseudo-elements
Not implemented: Window's getComputedStyle() method: with pseudo-elements
Not implemented: Window's getComputedStyle() method: with pseudo-elements
Not implemented: Window's getComputedStyle() method: with pseudo-elements
Not implemented: Window's getComputedStyle() method: with pseudo-elements
Not implemented: Window's getComputedStyle() method: with pseudo-elements
Not implemented: Window's getComputedStyle() method: with pseudo-elements
Not implemented: Window's getComputedStyle() method: with pseudo-elements
Not implemented: Window's getComputedStyle() method: with pseudo-elements
Not implemented: Window's getComputedStyle() method: with pseudo-elements
Not implemented: Window's getComputedStyle() method: with pseudo-elements
Not implemented: Window's getComputedStyle() method: with pseudo-elements
Not implemented: Window's getComputedStyle() method: with pseudo-elements
Not implemented: Window's getComputedStyle() method: with pseudo-elements
Not implemented: Window's getComputedStyle() method: with pseudo-elements
Not implemented: Window's getComputedStyle() method: with pseudo-elements
stderr | .storybook/stories.test.ts > Primitives/Display/Chart > Bars
The width(0) and height(0) of chart should be greater than 0,
       please check the style of container, or the props width(100%) and height(100%),
       or add a minWidth(0) or minHeight(undefined) or use aspect(undefined) to control the
       height and width.

stderr | .storybook/stories.test.ts > Primitives/Display/Chart > WithLegend
The width(0) and height(0) of chart should be greater than 0,
       please check the style of container, or the props width(100%) and height(100%),
       or add a minWidth(0) or minHeight(undefined) or use aspect(undefined) to control the
       height and width.

stderr | .storybook/stories.test.ts > Primitives/Display/Chart > StillByDefault
The width(0) and height(0) of chart should be greater than 0,
       please check the style of container, or the props width(100%) and height(100%),
       or add a minWidth(0) or minHeight(undefined) or use aspect(undefined) to control the
       height and width.

 ✓ .storybook/stories.test.ts (377 tests) 19908ms
   ✓ Catalog/Navigation/Sidebar 10/shadcn (4)
     ✓ Collapsed 308ms
     ✓ SectionToggle 318ms
   ✓ Catalog/Navigation/Sidebar 15/shadcn (5)
     ✓ Default 359ms
     ✓ Collapsed 431ms
     ✓ MenuOpen 426ms
     ✓ SectionToggle 381ms
     ✓ PickDay 454ms

 Test Files  2 passed (2)
      Tests  382 passed (382)
   Start at  21:17:55
   Duration  26.65s (tests 70%, transform 15%, import 7%, environment 6%, setup 2%)

cache hit, replaying logs 892b4cd593d88714
cache hit, replaying logs 9ef0b0351de453e0
cache hit, replaying logs 145cdd7d87f5df9e
cache hit, replaying logs 2ab8220a3547a1e2
cache hit, replaying logs 28b764b05782767d
cache hit, replaying logs c81a410173b4514b
TAP version 13
# Subtest: C2: a live-mode key on local or staging fails with the variable named
cache hit, replaying logs 8fbcad4a36ddd4d9
cache hit, replaying logs dfa15e772add56ac
TAP version 13
ok 1 - C2: a live-mode key on local or staging fails with the variable named
# Subtest: C1: brand.ts theme colours equal the preset's values
ok 1 - C1: brand.ts theme colours equal the preset's values
  ---
  duration_ms: 1.042125
  type: 'test'
  ...
# Subtest: C1: a changed preset value is a mismatch
TAP version 13
cache hit, replaying logs c3f388a2b8f5e185
TAP version 13
# Subtest: C2: an empty or whitespace body fails on body
  ---
ok 1 - C2: an empty or whitespace body fails on body
# Subtest: track is a no-op until a vendor is wired
ok 1 - track is a no-op until a vendor is wired
TAP version 13
TAP version 13
ok 2 - C1: a changed preset value is a mismatch
  ---
TAP version 13
TAP version 13
  duration_ms: 1.904666
  duration_ms: 0.5975
cache hit, replaying logs 95bf6b0b89aaf261
# Subtest: C1: getNote throws NotFound when the scoped db withholds the row
# Subtest: C1: a cookie session and a bearer token for one user resolve to the same ctx.user
ok 1 - C1: getNote throws NotFound when the scoped db withholds the row
  type: 'test'
# Subtest: C2: the HTML part carries the brand's name, support address, home URL and colours
ok 1 - C1: a cookie session and a bearer token for one user resolve to the same ctx.user
TAP version 13
  type: 'test'
# Subtest: a user's text turn is accepted
  ...
  ---
ok 1 - a user's text turn is accepted
  ---
  duration_ms: 0.212959
  duration_ms: 11.155208
  type: 'test'
  ...
  type: 'test'
# Subtest: C2: a body over the limit fails on body
ok 2 - C2: a body over the limit fails on body
  ---
  duration_ms: 0.250042
  type: 'test'
  ...
  ---
  ...
  duration_ms: 4.763
# Subtest: C2: a test-mode key on production fails with the variable named
# Subtest: the admin client holds no session: nothing persisted, refreshed or read from a URL
  ---
ok 1 - the admin client holds no session: nothing persisted, refreshed or read from a URL
# Subtest: C2: a malformed id fails on id; a list limit out of range fails on limit
ok 3 - C2: a malformed id fails on id; a list limit out of range fails on limit
  ---
  duration_ms: 0.536458
  type: 'test'
  ...
ok 1 - C2: the HTML part carries the brand's name, support address, home URL and colours
  duration_ms: 0.942625
  ---
  ---
  duration_ms: 17.083583
  type: 'test'
  ...
# Subtest: every subpath is classed as client-safe or server
ok 2 - every subpath is classed as client-safe or server
  ---
  duration_ms: 0.861958
TAP version 13
  type: 'test'
# Subtest: each kind of DDL or write against auth is caught
  ...
# Subtest: valid input parses, trimmed and defaulted
  ---
  type: 'test'
ok 1 - each kind of DDL or write against auth is caught
# Subtest: C1: logger.error passes the error, tags and user id to the registered reporter
  ---
  type: 'test'
ok 2 - C1: logger.error passes the error, tags and user id to the registered reporter
  duration_ms: 1.121959
  type: 'test'
  ...
  ...
  ---
# Subtest: a foreign key to auth.users and a call to auth.uid() are allowed
ok 2 - a foreign key to auth.users and a call to auth.uid() are allowed
  duration_ms: 3.397458
  duration_ms: 2.148084
  ---
  type: 'test'
ok 2 - C2: a test-mode key on production fails with the variable named
  duration_ms: 0.076833
  ---
ok 4 - valid input parses, trimmed and defaulted
  type: 'test'
  ---
  duration_ms: 0.217
# Subtest: a body with no messages, or malformed ones, is refused
  duration_ms: 0.684125
ok 2 - a body with no messages, or malformed ones, is refused
# Subtest: C1: a changed brand.ts value is a mismatch
  ...
  ...
  duration_ms: 0.08675
# Subtest: a migration with DDL against auth fails, numbered by statement
  type: 'test'
  type: 'test'
ok 3 - a migration with DDL against auth fails, numbered by statement
  ...
  ---
  type: 'test'
  duration_ms: 0.989917
  ...
  ...
# Subtest: C2: the text part carries the brand and the action as a link
# Subtest: C2: matching modes pass
ok 2 - C2: the text part carries the brand and the action as a link
  type: 'test'
  type: 'test'
  ---
  ...
  duration_ms: 0.116875
  type: 'test'
# Subtest: file, tool and system content is refused
1..4
ok 3 - C2: matching modes pass
ok 3 - file, tool and system content is refused
# tests 4
  ---
  duration_ms: 0.073458
ok 3 - C1: a changed brand.ts value is a mismatch
  ---
  ---
# Subtest: C1: createNote throws Forbidden when a policy rejects the insert
ok 2 - C1: createNote throws Forbidden when a policy rejects the insert
  ---
  duration_ms: 1.09075
  ...
  type: 'test'
  ---
  ...
  duration_ms: 0.643875
# Subtest: C1: a policy refusal wrapped by drizzle is still Forbidden
  type: 'test'
  ...
# suites 0
  ...
# pass 4
# Subtest: ./config reaches no server module, built-in or workspace package
  ...
ok 3 - ./config reaches no server module, built-in or workspace package
# Subtest: C2: every caller value is escaped
  ---
ok 3 - C2: every caller value is escaped
# Subtest: the generated migration set passes, and it does reference auth.users
  ---
ok 4 - the generated migration set passes, and it does reference auth.users
  duration_ms: 0.13525
  ---
  type: 'test'
  duration_ms: 0.803292
  ...
  type: 'test'
# Subtest: C2: an action URL that is not http(s) is refused
  ...
ok 4 - C2: an action URL that is not http(s) is refused
# Subtest: only the local auth mirror writes to auth.users
  ---
ok 5 - only the local auth mirror writes to auth.users
  duration_ms: 0.201167
  ---
  type: 'test'
  duration_ms: 4.204459
  ...
# Subtest: C2: no source file in @pem/email writes a brand value or a colour literal
  type: 'test'
  type: 'test'
  ...
  ...
  duration_ms: 0.464375
# Subtest: C2: a key with no mode prefix fails on every tier
  type: 'test'
ok 3 - C1: a policy refusal wrapped by drizzle is still Forbidden
  ...
# fail 0
  ---
# cancelled 0
# Subtest: ./browser reaches no server module, built-in or workspace package
# Subtest: C1: logger.error with no error hands the reporter one named for the event
  duration_ms: 0.371916
ok 3 - C1: logger.error with no error hands the reporter one named for the event
  ---
  duration_ms: 0.731291
  type: 'test'
  ...
ok 4 - ./browser reaches no server module, built-in or workspace package
# Subtest: every asset path in brand.ts exists in the package
  ---
ok 4 - every asset path in brand.ts exists in the package
  type: 'test'
  ...
  ---
  duration_ms: 0.219625
# Subtest: C1: createNote writes the caller as owner and returns the note
  type: 'test'
  ...
  duration_ms: 1.027
  duration_ms: 0.314417
# skipped 0
# todo 0
# duration_ms 122.967917
  duration_ms: 0.149375
  type: 'test'
  type: 'test'
  type: 'test'
  ...
# Subtest: reasoning parts are refused: their text would escape the character cap
  ...
ok 4 - C2: a key with no mode prefix fails on every tier
# Subtest: C1: a reporter that throws is swallowed, and the line still prints
ok 4 - C1: a reporter that throws is swallowed, and the line still prints
  ---
ok 5 - C2: no source file in @pem/email writes a brand value or a colour literal
  ...
  ---
# Subtest: the pattern catches each kind of write
  duration_ms: 0.90525
# Subtest: C1: a Bearer header decides alone: a refused token is anonymous even beside a good cookie
  type: 'test'
  ...
# Subtest: C2: a subject with a line break stays one header line
ok 6 - C2: a subject with a line break stays one header line
  ---
ok 2 - C1: a Bearer header decides alone: a refused token is anonymous even beside a good cookie
ok 4 - reasoning parts are refused: their text would escape the character cap
  duration_ms: 0.559667
  type: 'test'
  ...
  ---
  duration_ms: 0.163375
ok 6 - the pattern catches each kind of write
  ---
  ---
  duration_ms: 0.131417
  type: 'test'
# Subtest: ./redirect reaches no server module, built-in or workspace package
  ...
ok 5 - ./redirect reaches no server module, built-in or workspace package
# Subtest: the last turn must be the user's
  ---
  type: 'test'
  duration_ms: 0.141833
  type: 'test'
  ...
# Subtest: the walk sees a server import when there is one
ok 6 - the walk sees a server import when there is one
  ...
ok 5 - the last turn must be the user's
  ---
  ---
# Subtest: C1: a send on the local tier logs the rendered message and does not call the vendor
  duration_ms: 0.879667
ok 7 - C1: a send on the local tier logs the rendered message and does not call the vendor
  duration_ms: 0.275416
  type: 'test'
  ...
# Subtest: seedLocalUsers
    # Subtest: refuses a non-loopback auth URL before sending anything
    ok 1 - refuses a non-loopback auth URL before sending anything
  ...
# Subtest: white, black and the sRGB primaries
  type: 'test'
      ---
ok 5 - white, black and the sRGB primaries
  ...
      duration_ms: 1.000209
  ---
      type: 'test'
  duration_ms: 0.803833
      ...
  type: 'test'
  duration_ms: 0.181666
# Subtest: C1: a reporter that rejects is swallowed
  type: 'test'
  ...
ok 5 - C1: a reporter that rejects is swallowed
  ...
# Subtest: C1: an empty Bearer token is anonymous even beside a good cookie
ok 3 - C1: an empty Bearer token is anonymous even beside a good cookie
# Subtest: ./server is marked server-only, so a client component cannot import it
  ---
ok 7 - ./server is marked server-only, so a client component cannot import it
  duration_ms: 0.169583
  type: 'test'
  ---
  ...
# Subtest: public names pass, and unset values are left out
  ---
  ---
ok 5 - public names pass, and unset values are left out
  duration_ms: 0.657209
  ---
ok 4 - C1: createNote writes the caller as owner and returns the note
  duration_ms: 0.799791
  duration_ms: 0.134875
  type: 'test'
  ...
# Subtest: ./admin is marked server-only, so a client component cannot import it
ok 8 - ./admin is marked server-only, so a client component cannot import it
  ---
  duration_ms: 0.155791
  type: 'test'
  ...
# Subtest: ./session is marked server-only, so a client component cannot import it
ok 9 - ./session is marked server-only, so a client component cannot import it
  ---
  duration_ms: 0.085792
  type: 'test'
  ...
# Subtest: ./context is marked server-only, so a client component cannot import it
ok 10 - ./context is marked server-only, so a client component cannot import it
  ---
  duration_ms: 0.340583
  ---
  ---
  type: 'test'
  ...
# Subtest: lightness as a percentage, and an alpha, are accepted
cache hit, replaying logs e662e5c140835c49
    # Subtest: refuses a missing service-role key before sending anything
    ok 2 - refuses a missing service-role key before sending anything
      ---
      duration_ms: 0.478042
      type: 'test'
  duration_ms: 1.313709
  type: 'test'
  ...
  duration_ms: 2.780792
# Subtest: C1: a dashboard template on the local tier logs its id and variable names, not their values
  type: 'test'
ok 8 - C1: a dashboard template on the local tier logs its id and variable names, not their values
  ---
  duration_ms: 0.124625
  type: 'test'
  ...
# Subtest: C1: the local tier needs no key
  ...
# Subtest: C1: the default reporter is a no-op
ok 6 - C1: the default reporter is a no-op
# Subtest: C1: a scheme other than Bearer (a staging site's HTTP Basic) leaves the cookie session to decide
ok 4 - C1: a scheme other than Bearer (a staging site's HTTP Basic) leaves the cookie session to decide
  ---
  duration_ms: 0.179666
  type: 'test'
  ...
# Subtest: C1: a protected procedure refuses an anonymous caller with UNAUTHORIZED
ok 5 - C1: a protected procedure refuses an anonymous caller with UNAUTHORIZED
  duration_ms: 0.275167
  type: 'test'
  ...
# Subtest: too many turns or too much text is refused
  duration_ms: 0.440333
ok 6 - too many turns or too much text is refused
  ---
  duration_ms: 0.289459
  type: 'test'
  ---
  duration_ms: 0.451875
  type: 'test'
  ...
# Subtest: C2: a secret-like key is redacted at any depth, whatever its case
ok 7 - C2: a secret-like key is redacted at any depth, whatever its case
  ---
  duration_ms: 0.300625
  type: 'test'
  ...
TAP version 13
# [billing] webhook.rejected {
  type: 'test'
  type: 'test'
  ...
# Subtest: C1: getNote returns the row the scoped db shows; listNotes returns the list
# Subtest: C2: request bodies and personal data are redacted too
ok 9 - C1: the local tier needs no key
  ---
  ...
# Subtest: a secret key in the public slot is refused, naming the variable
  ...
# Subtest: with a key and nobody signed in: 401, and the vendor is never called
ok 7 - with a key and nobody signed in: 401, and the vendor is never called
  ---
  duration_ms: 12.276666
  type: 'test'
  ...
# Subtest: a server-only name is refused, by name
ok 6 - a server-only name is refused, by name
  ---
  duration_ms: 0.240667
  type: 'test'
  ...
# Subtest: C1: each tier reads its own variable
  type: 'test'
ok 11 - a secret key in the public slot is refused, naming the variable
  ---
  duration_ms: 0.609292
ok 8 - C2: request bodies and personal data are redacted too
  type: 'test'
  ---
  ...
  duration_ms: 0.156291
# Subtest: the publishable key and the legacy anon key pass
  type: 'test'
  ...
ok 6 - lightness as a percentage, and an alpha, are accepted
ok 7 - C1: each tier reads its own variable
  duration_ms: 0.08675
  type: 'test'
ok 5 - C1: getNote returns the row the scoped db shows; listNotes returns the list
  ---
  ---
  duration_ms: 0.072417
  duration_ms: 0.799208
  type: 'test'
  ...
# Subtest: C2: invalid input throws Invalid naming the field, before any query
ok 6 - C2: invalid input throws Invalid naming the field, before any query
  ---
  duration_ms: 0.590542
  type: 'test'
  ...
      ...
ok 12 - the publishable key and the legacy anon key pass
  ---
  ---
  duration_ms: 0.1395
  duration_ms: 0.603125
  type: 'test'
  type: 'test'
  ...
  type: 'test'
  ...
    # Subtest: creates each synthetic user through the local admin API
# Subtest: an error that is no domain error is not turned into one
    ok 3 - creates each synthetic user through the local admin API
ok 7 - an error that is no domain error is not turned into one
      ---
  ...
  ---
# Subtest: C1: staging and production call the vendor once, with the brand's sender and reply-to
ok 10 - C1: staging and production call the vendor once, with the brand's sender and reply-to
  duration_ms: 0.376083
  ---
  duration_ms: 0.380209
  type: 'test'
# Subtest: the cookie stem the purge uses is the storage key the installed SDK writes
  ...
  type: 'test'
# Subtest: C1: a dashboard template is sent by its id, and EMAIL_FROM replaces the brand's address
  ...
ok 11 - C1: a dashboard template is sent by its id, and EMAIL_FROM replaces the brand's address
1..7
  ---
# tests 7
  ---
  duration_ms: 0.486708
  type: 'test'
  ...
  ...
  duration_ms: 0.23025
  type: 'test'
  ...
# Subtest: C1: staging without a key refuses to send, naming the variable
ok 12 - C1: staging without a key refuses to send, naming the variable
  ---
  duration_ms: 0.304833
# Subtest: C2: the reporter's context is redacted; the error itself is passed as caught
ok 9 - C2: the reporter's context is redacted; the error itself is passed as caught
      duration_ms: 35.185875
      type: 'test'
      ...
  ...
# Subtest: C1: a protected procedure hands the service a context for the caller, by cookie or by token
ok 6 - C1: a protected procedure hands the service a context for the caller, by cookie or by token
  ---
ok 13 - the cookie stem the purge uses is the storage key the installed SDK writes
  ---
  duration_ms: 20.566
  type: 'test'
# Subtest: the preset's neutral steps
  ...
ok 7 - the preset's neutral steps
# Using the user object as returned from supabase.auth.getSession() or from some supabase.auth.onAuthStateChange() events could be insecure! This value comes directly from the storage medium (usually cookies on the server) and may not be authentic. Use supabase.auth.getUser() instead which authenticates the data by contacting the Supabase Auth server.
# suites 0
# pass 7
# fail 0
# cancelled 0
# skipped 0
# Subtest: with a key and a user: the call reaches the vendor and is logged with the user's id
#   reason: 'No signatures found matching the expected signature for payload. Are you passing the raw request body you received from Stripe? \\n' +
  ---
#     ' If a webhook request is being forwarded by a third-party tool, ensure that the exact request body, including JSON formatting and new line style, is preserved.\\n' +
  duration_ms: 0.137917
#     '\\n' +
  ---
#     'Learn more about webhook signing and explore webhook integration examples for various frameworks at https://docs.stripe.com/webhooks/signature\\n'
  type: 'test'
# }
  ...
  duration_ms: 0.539709
# Subtest: anything but oklch() is refused
  type: 'test'
ok 8 - anything but oklch() is refused
  ...
  ---
# Subtest: C1: an admin procedure refuses a non-admin with FORBIDDEN and serves an admin
  duration_ms: 0.195291
ok 7 - C1: an admin procedure refuses a non-admin with FORBIDDEN and serves an admin
  type: 'test'
  ---
  ...
  duration_ms: 0.327125
1..8
  type: 'test'
# tests 8
  ...
# suites 0
# [api] api.fault {
ok 8 - with a key and a user: the call reaches the vendor and is logged with the user's id
  duration_ms: 0.229417
#   error: {
  type: 'test'
  ---
  duration_ms: 21.954708
# Subtest: C1: a tier whose own value is absent or empty reads the unsuffixed value
  ...
ok 8 - C1: a tier whose own value is absent or empty reads the unsuffixed value
# Subtest: C2: personal data and request bodies are redacted under their common compound names
  ---
ok 10 - C2: personal data and request bodies are redacted under their common compound names
  duration_ms: 0.092292
  ---
    # Subtest: treats an existing email as done
  duration_ms: 0.500125
    ok 4 - treats an existing email as done
  type: 'test'
      ---
#     name: 'Error',
  ...
  type: 'test'
  type: 'test'
  ...
# Subtest: C1: a secret-like tag is redacted before it reaches the reporter
# Subtest: C1: a vendor error is thrown, not swallowed
ok 11 - C1: a secret-like tag is redacted before it reaches the reporter
#     message: 'Failed query: select "id", "body", "created_at", "updated_at" from "notes" where "notes"."id" = $1 limit $2\\n' +
  ---
  duration_ms: 0.315458
  type: 'test'
  ...
# Subtest: C1: returns the user's id, email and app_metadata role from getUser
# Subtest: C2: free text is scrubbed of addresses, credentials, JWTs and OAuth codes
ok 14 - C1: returns the user's id, email and app_metadata role from getUser
ok 12 - C2: free text is scrubbed of addresses, credentials, JWTs and OAuth codes
  ---
  ---
  duration_ms: 0.1895
  type: 'test'
  ...
  duration_ms: 3.2375
  type: 'test'
# pass 8
#       'params: 00000000-0000-4000-8000-0000000000aa,1',
# fail 0
# [billing] webhook.rejected {
ok 13 - C1: a vendor error is thrown, not swallowed
  ---
  ...
# Subtest: C1: nothing set picks undefined
ok 9 - C1: nothing set picks undefined
  ---
  duration_ms: 0.063959
  type: 'test'
  ...
# Subtest: C1: production never reads a suffixed value
ok 10 - C1: production never reads a suffixed value
  ---
  duration_ms: 0.057291
  type: 'test'
  ...
# Subtest: C1: the suffix grammar names each form
  ...
ok 11 - C1: the suffix grammar names each form
# Subtest: C1: a user without a known app_metadata role is a user; user_metadata is never read
ok 15 - C1: a user without a known app_metadata role is a user; user_metadata is never read
  ---
  duration_ms: 0.132625
  type: 'test'
# todo 0
#     stack: 'Error: Failed query: select "id", "body", "created_at", "updated_at" from "notes" where "notes"."id" = $1 limit $2\\n' +
#       'params: 00000000-0000-4000-8000-0000000000aa,1\\n' +
#       '    at PreparedQuery.queryWithCache (file://./node_modules/drizzle-orm/pg-core/session.js:41:15)\\n' +
#       '    at async file://./node_modules/drizzle-orm/pg-proxy/session.js:80:33\\n' +
#       '    at async file://./node_modules/drizzle-orm/pg-proxy/session.js:75:20\\n' +
  type: 'test'
#       '    at async file://./packages/services/src/notes/notes.ts:66:21\\n' +
  ...
#       '    at async guarded (file://./packages/services/src/notes/notes.ts:33:12)\\n' +
      duration_ms: 1.021625
# duration_ms 442.799625
      type: 'test'
      ...
    1..4
#   reason: 'No signatures found matching the expected signature for payload. Are you passing the raw request body you received from Stripe? \\n' +
ok 7 - seedLocalUsers
#     ' If a webhook request is being forwarded by a third-party tool, ensure that the exact request body, including JSON formatting and new line style, is preserved.\\n' +
#     '\\n' +
#     'Learn more about webhook signing and explore webhook integration examples for various frameworks at https://docs.stripe.com/webhooks/signature\\n'
  duration_ms: 0.1675
# }
  ...
# [billing] webhook.rejected { reason: 'no stripe-signature header' }
# Subtest: C1: refuses when getUser returns an error, even with a user beside it
# [billing] webhook.processed { eventId: 'evt_replayed', eventType: 'checkout.session.completed' }
#       '    at async resolveMiddleware (file://./node_modules/@trpc/server/dist/initTRPC-B259os3T.mjs:203:17)\\n' +
# Subtest: fixtures answer anyone, without asking who is signed in
#       '    at async callRecursive (file://./node_modules/@trpc/server/dist/initTRPC-B259os3T.mjs:238:10)\\n' +
ok 9 - fixtures answer anyone, without asking who is signed in
#       '    at async callRecursive (file://./node_modules/@trpc/server/dist/initTRPC-B259os3T.mjs:238:10)\\n' +
  ---
#       '    at async callRecursive (file://./node_modules/@trpc/server/dist/initTRPC-B259os3T.mjs:238:10)\\n' +
  duration_ms: 30.714833
#       '    at async file://./packages/api/src/trpc.ts:38:18',
  type: 'test'
#     cause: {
  ...
  ---
# Subtest: a body the gate refuses is 400, before any model is called
# cancelled 0
#       name: 'Error',
#       message: 'relation "notes" does not exist',
  ---
#       stack: 'Error: relation "notes" does not exist\\n' +
  duration_ms: 39.13625
  duration_ms: 0.372167
# Subtest: C2: an error's message and stack are scrubbed on the printed line
  type: 'suite'
# [billing] webhook.duplicate { eventId: 'evt_replayed', eventType: 'checkout.session.completed' }
ok 16 - C1: refuses when getUser returns an error, even with a user beside it
  ...
# [billing] webhook.in_flight { eventId: 'evt_busy', eventType: 'checkout.session.completed' }
  ---
# Subtest: db:local:reset
    # Subtest: refuses staging before resolving a URL
    ok 1 - refuses staging before resolving a URL
      ---
      duration_ms: 423.2375
      type: 'test'
ok 13 - C2: an error's message and stack are scrubbed on the printed line
      ...
  ---
    # Subtest: refuses staging before connecting, with its URLs set
  duration_ms: 0.176292
    ok 2 - refuses staging before connecting, with its URLs set
  type: 'test'
      ---
  ...
      duration_ms: 288.292334
# [billing] webhook.wrong_mode {
# Subtest: maskAddress keeps the first letter and the domain only
ok 10 - a body the gate refuses is 400, before any model is called
#         '    at file://./packages/api/src/errors.test.ts:148:22\\n' +
  ---
#         '    at file://./packages/api/src/test-helpers.ts:83:20\\n' +
# skipped 0
#         '    at file://./node_modules/drizzle-orm/pg-proxy/session.js:81:24\\n' +
ok 14 - maskAddress keeps the first letter and the domain only
#   eventId: 'evt_live',
#         '    at PreparedQuery.queryWithCache (file://./node_modules/drizzle-orm/pg-core/session.js:39:22)\\n' +
  duration_ms: 1.241375
#   eventType: 'checkout.session.completed',
  type: 'test'
  type: 'test'
#   reason: "a live-mode event reached a test tier; this endpoint's secret belongs to production"
  ...
# Subtest: no key on a hosted tier is 503, naming nothing about the configuration
ok 11 - no key on a hosted tier is 503, naming nothing about the configuration
  ---
  duration_ms: 0.7955
# }
  type: 'test'
# [billing] webhook.wrong_mode {
  ---
  duration_ms: 0.050667
#   eventId: 'evt_test',
  type: 'test'
  duration_ms: 0.11025
  ...
  type: 'test'
# Subtest: C1: a deployment left on the local tier neither sends nor logs the body
  ...
ok 15 - C1: a deployment left on the local tier neither sends nor logs the body
      type: 'test'
# Subtest: C1: the switch defaults to local, never production, and names itself when wrong
      ...
  ...
  type: 'test'
  ...
# Subtest: C1: a forged session cookie is refused when Supabase cannot fetch its user
# Subtest: past the per-user window a vendor call is 429, before any model is called; the window then reopens
ok 17 - C1: a forged session cookie is refused when Supabase cannot fetch its user
# todo 0
ok 12 - C1: the switch defaults to local, never production, and names itself when wrong
  ---
#   eventType: 'checkout.session.completed',
#   reason: "a test-mode event reached production; this endpoint's secret is a test endpoint's"
  ...
# Subtest: C2: secret-named values in free text follow the key rule, in every common form
ok 14 - C2: secret-named values in free text follow the key rule, in every common form
  ---
  duration_ms: 0.62475
  type: 'test'
  ---
  ...
  ---
# Subtest: C2: prose, versions and error codes survive the scrub
  duration_ms: 0.37475
ok 15 - C2: prose, versions and error codes survive the scrub
  type: 'test'
  ---
  ...
  duration_ms: 0.112625
# }
    # Subtest: refuses production before resolving a URL
# [billing] webhook.unconfigured {
#   reason: 'STRIPE_WEBHOOK_SECRET is unset for this tier (STRIPE_WEBHOOK_SECRET_LOCAL off a deployment)'
# }
  type: 'test'
#         '    at file://./node_modules/drizzle-orm/pg-proxy/session.js:80:44\\n' +
  duration_ms: 15.539375
# Subtest: C1: a send logs its Resend id and recipient count, never the address or body
  type: 'test'
ok 16 - C1: a send logs its Resend id and recipient count, never the address or body
  duration_ms: 0.215084
  type: 'test'
  ...
# Subtest: outside a deployment the site URL is localhost, whatever is configured
ok 13 - outside a deployment the site URL is localhost, whatever is configured
  ---
  duration_ms: 0.544875
  ---
  type: 'test'
  duration_ms: 0.356125
ok 12 - past the per-user window a vendor call is 429, before any model is called; the window then reopens
  type: 'test'
  ---
  ...
  duration_ms: 10.036459
  type: 'test'
# [billing] webhook.processed { eventId: 'evt_sub', eventType: 'customer.subscription.deleted' }
  ...
  ...
# Subtest: a refused request does not use the window
ok 13 - a refused request does not use the window
  ---
  duration_ms: 3.119875
  type: 'test'
#         '    at Object.startActiveSpan (file://./node_modules/drizzle-orm/tracing.js:8:14)\\n' +
    ok 3 - refuses production before resolving a URL
      ---
      duration_ms: 276.44675
      type: 'test'
      ...
    # Subtest: refuses production before connecting, with its URLs set
    ok 4 - refuses production before connecting, with its URLs set
      ---
      duration_ms: 278.082792
      type: 'test'
      ...
    # Subtest: refuses a local URL that is not this machine, before connecting
    ok 5 - refuses a local URL that is not this machine, before connecting
      ---
      duration_ms: 276.390792
      type: 'test'
      ...
    # Subtest: refuses a malformed tier
    ok 6 - refuses a malformed tier
      ---
      duration_ms: 281.744958
      type: 'test'
      ...
    1..6
ok 8 - db:local:reset
  ---
  duration_ms: 1824.878041
  type: 'suite'
  ...
# Subtest: nonLoopbackBindings
    # Subtest: names every interface and a specific LAN address
# [billing] webhook.processed { eventId: 'evt_cs', eventType: 'checkout.session.completed' }
# [billing] webhook.ignored { eventId: 'evt_other', eventType: 'invoice.paid' }
  ...
# [billing] webhook.ignored { eventId: 'evt_proto', eventType: 'constructor' }
# Subtest: C2: scrubbing a long run without a match stays linear
# Subtest: formatSender keeps a display name and address on one line
# [billing] webhook.handler_failed {
ok 17 - formatSender keeps a display name and address on one line
    ok 1 - names every interface and a specific LAN address
#         '    at file://./node_modules/drizzle-orm/pg-proxy/session.js:75:33\\n' +
ok 16 - C2: scrubbing a long run without a match stays linear
      ---
#         '    at Object.startActiveSpan (file://./node_modules/drizzle-orm/tracing.js:8:14)\\n' +
#         '    at PreparedQuery.execute (file://./node_modules/drizzle-orm/pg-proxy/session.js:59:19)\\n' +
#         '    at file://./node_modules/drizzle-orm/pg-core/query-builders/select.js:797:30'
  ---
  ---
  ...
#     }
# Subtest: in a deployment the configured URL is used, without a trailing slash
#   },
ok 14 - in a deployment the configured URL is used, without a trailing slash
# Subtest: C1: the same cookie passes once Supabase returns its user, with the role from that answer
  duration_ms: 8.615375
#   path: 'notes.get'
# }
# Subtest: C2: the mapper turns each domain error into its tRPC code and keeps the message
ok 8 - C2: the mapper turns each domain error into its tRPC code and keeps the message
  ---
  ...
  ---
  duration_ms: 0.108167
  duration_ms: 0.550292
  type: 'test'
  type: 'test'
  duration_ms: 0.139583
  ...
  type: 'test'
#   eventId: 'evt_flaky',
ok 18 - C1: the same cookie passes once Supabase returns its user, with the role from that answer
  ---
#   eventType: 'checkout.session.completed',
  duration_ms: 1.220542
#   error: {
  ...
# duration_ms 73.574625
  type: 'test'
  ...
  ...
# Subtest: a body over the size cap is 413, before it is parsed
1..17
      duration_ms: 1.0025
# tests 17
ok 14 - a body over the size cap is 413, before it is parsed
1..14
# tests 14
# suites 0
# pass 14
# suites 0
# pass 17
#     name: 'Error',
#     message: 'synthetic failure',
#     stack: 'Error: synthetic failure\\n' +
#       '    at checkout.session.completed (file://./apps/web/lib/billing/webhook/handle.test.ts:69:46)\\n' +
# Subtest: C2: a service's domain error leaves a procedure as its tRPC code
ok 9 - C2: a service's domain error leaves a procedure as its tRPC code
  ---
  duration_ms: 11.696334
  type: 'test'
  ...
      type: 'test'
# Subtest: C2: over HTTP, a note row-level security withholds is NOT_FOUND (404)
      ...
ok 10 - C2: over HTTP, a note row-level security withholds is NOT_FOUND (404)
  ---
  duration_ms: 6.903125
#       '    at handleStripeWebhook (file://./apps/web/lib/billing/webhook/handle.ts:134:11)\\n' +
  type: 'test'
  ...
# Subtest: C1: an invalid Date is logged, never thrown
ok 17 - C1: an invalid Date is logged, never thrown
# Subtest: C1: the mirror is called once per user per process, and again after a refusal, a failure or an email change
  ---
  duration_ms: 0.322542
  type: 'test'
  ...
# Subtest: C1: each fixture answers its prompt's current version on the case's model
ok 15 - C1: each fixture answers its prompt's current version on the case's model
  ---
  duration_ms: 0.539542
  type: 'test'
  ...
ok 19 - C1: the mirror is called once per user per process, and again after a refusal, a failure or an email change
    # Subtest: passes loopback-only bindings
    ok 2 - passes loopback-only bindings
  type: 'test'
  ...
# fail 0
# cancelled 0
  ---
# skipped 0
  duration_ms: 0.336167
# todo 0
  type: 'test'
# duration_ms 97.210209
# Subtest: C2: over HTTP, a policy's refusal is FORBIDDEN (403) and a unique violation CONFLICT (409)
ok 11 - C2: over HTTP, a policy's refusal is FORBIDDEN (403) and a unique violation CONFLICT (409)
#       '    at async TestContext.<anonymous> (file://./apps/web/lib/billing/webhook/handle.test.ts:302:20)\\n' +
  ---
  ...
  ---
  duration_ms: 3.101041
  type: 'test'
#       '    at async Test.run (node:internal/test_runner/test:1054:7)\\n' +
      ---
#       '    at async Promise.all (index 0)\\n' +
      duration_ms: 0.072583
#       '    at async Suite.run (node:internal/test_runner/test:1442:7)\\n' +
#       '    at async Test.processPendingSubtests (node:internal/test_runner/test:744:7)'
#   }
# Subtest: C1: extraction returns a Zod-validated contact that passes its eval
# }
ok 16 - C1: extraction returns a Zod-validated contact that passes its eval
# [billing] webhook.processed { eventId: 'evt_flaky', eventType: 'checkout.session.completed' }
  ---
# fail 0
# [billing] webhook.ledger_failed {
# Subtest: C1: concurrent requests for one user share one mirror call
# cancelled 0
  ...
# skipped 0
# Subtest: C2: over HTTP, input that fails its validator is BAD_REQUEST (400) with the failed fields
# todo 0
ok 12 - C2: over HTTP, input that fails its validator is BAD_REQUEST (400) with the failed fields
# duration_ms 83.365292
ok 20 - C1: concurrent requests for one user share one mirror call
      type: 'test'
      ...
    1..2
ok 9 - nonLoopbackBindings
  duration_ms: 20.337083
  ---
  type: 'test'
  ---
  ...
  duration_ms: 1.638583
# Subtest: C1: an extraction answer that breaks the schema is refused
ok 17 - C1: an extraction answer that breaks the schema is refused
  ---
  duration_ms: 1.640792
  type: 'suite'
  ---
  duration_ms: 25.141458
  type: 'test'
  ...
# Subtest: C1: an anonymous or refused request never reaches the mirror
ok 21 - C1: an anonymous or refused request never reaches the mirror
  ---
  duration_ms: 0.486375
  duration_ms: 3.839833
#   eventId: 'evt_nodb',
#   eventType: 'checkout.session.completed',
  type: 'test'
#   error: {
  type: 'test'
#     name: 'Error',
#     message: 'synthetic: database unreachable',
  ...
  type: 'test'
# Subtest: runtime takes the transaction pooler on a hosted tier
ok 10 - runtime takes the transaction pooler on a hosted tier
  ---
  duration_ms: 0.800958
  ...
  type: 'test'
  ...
  ...
# Subtest: C1: the one-shot generate returns a summary that passes its eval
# Subtest: migrations take the session pooler on a hosted tier
# Subtest: a sign-in on localhost lands back on localhost, at next
ok 11 - migrations take the session pooler on a hosted tier
  ---
  duration_ms: 0.120667
  type: 'test'
  ...
# Subtest: the local tier is not checked beyond the scheme
ok 12 - the local tier is not checked beyond the scheme
  ---
  duration_ms: 0.091291
  type: 'test'
  ...
# Subtest: errors and descriptions never carry credentials
ok 13 - errors and descriptions never carry credentials
ok 18 - C1: the one-shot generate returns a summary that passes its eval
  ---
  duration_ms: 1.66775
  ---
  duration_ms: 0.08725
  type: 'test'
  ...
# Subtest: applyLocalAuthMirror
    # Subtest: refuses a non-loopback host before connecting
    ok 1 - refuses a non-loopback host before connecting
      ---
      duration_ms: 3.286
#     stack: 'Error: synthetic: database unreachable\\n' +
#       '    at Object.claim (file://./apps/web/lib/billing/webhook/handle.test.ts:332:15)\\n' +
#       '    at handleStripeWebhook (file://./apps/web/lib/billing/webhook/handle.ts:119:31)\\n' +
#       '    at async TestContext.<anonymous> (file://./apps/web/lib/billing/webhook/handle.test.ts:335:20)\\n' +
#       '    at async Test.run (node:internal/test_runner/test:1054:7)\\n' +
#       '    at async Suite.processPendingSubtests (node:internal/test_runner/test:744:7)'
#   },
#   step: 'claim'
# }
# Subtest: C1: an unverified webhook is rejected and a replay is ignored
      type: 'test'
    # Subtest: a signature made with another secret is rejected before anything is read or written
      ...
    ok 1 - a signature made with another secret is rejected before anything is read or written
      ---
      duration_ms: 4.265292
      type: 'test'
      ...
    # Subtest: a body changed after signing is rejected
ok 22 - a sign-in on localhost lands back on localhost, at next
  ...
  ---
    # Subtest: passes the host check on loopback and only then connects
  type: 'test'
  ...
# Subtest: C1: the chat streams a UI message response that passes its eval
  duration_ms: 1.132334
  type: 'test'
  ...
# Subtest: next that leaves the origin becomes /
ok 23 - next that leaves the origin becomes /
    ok 2 - a body changed after signing is rejected
ok 19 - C1: the chat streams a UI message response that passes its eval
  duration_ms: 0.192667
  ---
  type: 'test'
  duration_ms: 35.114375
  type: 'test'
  ...
# Subtest: C2: no key on the local tier replays every fixture and never calls the vendor
ok 20 - C2: no key on the local tier replays every fixture and never calls the vendor
  ---
  duration_ms: 12.720791
  type: 'test'
  ...
# Subtest: C2: with a key, the same call goes to the vendor (the stand-in sees it)
  ...
    ok 2 - passes the host check on loopback and only then connects
1..17
      ---
  ---
# Subtest: C2: a fault is INTERNAL_SERVER_ERROR (500) and neither its message nor its stack leaves the server
ok 13 - C2: a fault is INTERNAL_SERVER_ERROR (500) and neither its message nor its stack leaves the server
      duration_ms: 2.454666
  ---
      type: 'test'
  duration_ms: 2.558458
  type: 'test'
      ---
  duration_ms: 0.57375
      ...
  type: 'test'
      duration_ms: 0.68525
  ...
      type: 'test'
# Subtest: the callback URL is on the site's origin and carries next only when it is a path
ok 21 - C2: with a key, the same call goes to the vendor (the stand-in sees it)
  ---
  duration_ms: 3.983333
  type: 'test'
  ...
# Subtest: C2: no key in a deployment or on a hosted tier throws, and never replays a fixture
ok 22 - C2: no key in a deployment or on a hosted tier throws, and never replays a fixture
  ---
  duration_ms: 0.390791
  type: 'test'
  ...
# Subtest: with a key, the request names the case's model, its effort, the output cap and the versioned prompt
ok 24 - the callback URL is on the site's origin and carries next only when it is a path
  ---
      ...
  duration_ms: 0.224375
  type: 'test'
  ...
# @supabase/ssr: chunked cookie decoded to invalid JSON, treating as absent. This usually indicates that cookie chunks from different writes were combined (e.g. response committed before all Set-Cookie headers were sent).
    # Subtest: a delivery with no signature header is rejected
    1..2
ok 23 - with a key, the request names the case's model, its effort, the output cap and the versioned prompt
ok 14 - applyLocalAuthMirror
    ok 3 - a delivery with no signature header is rejected
# tests 17
  ---
  ---
  duration_ms: 5.170208
      ---
  ...
      duration_ms: 0.21525
1..13
      type: 'test'
      ...
    # Subtest: a replayed event id is acknowledged and its handler does not run again
  type: 'test'
    ok 4 - a replayed event id is acknowledged and its handler does not run again
# suites 0
      ---
# tests 13
# pass 17
# suites 0
# pass 13
      duration_ms: 1.71375
# fail 0
  ...
# cancelled 0
# @supabase/ssr: chunked cookie decoded to invalid JSON, treating as absent. This usually indicates that cookie chunks from different writes were combined (e.g. response committed before all Set-Cookie headers were sent).
      type: 'test'
# fail 0
      ...
# skipped 0
    # Subtest: an event another delivery is still handling gets a retryable non-2xx
  duration_ms: 6.364083
# cancelled 0
  type: 'suite'
# skipped 0
    ok 5 - an event another delivery is still handling gets a retryable non-2xx
      ---
      duration_ms: 0.797583
      type: 'test'
      ...
# todo 0
    # Subtest: an event whose mode is not the tier's is rejected before anything is written
    ok 6 - an event whose mode is not the tier's is rejected before anything is written
# todo 0
# duration_ms 106.634041
# Subtest: the client module is server-only, so a client component cannot import the keyed client
      ---
ok 24 - the client module is server-only, so a client component cannot import the keyed client
  ---
  duration_ms: 0.662292
  type: 'test'
# @supabase/ssr: chunked cookie decoded to invalid JSON, treating as absent. This usually indicates that cookie chunks from different writes were combined (e.g. response committed before all Set-Cookie headers were sent).
# Subtest: C2: on the local stack, updateSession deletes every staging session cookie and nothing else
      duration_ms: 0.868292
# duration_ms 546.185834
ok 25 - C2: on the local stack, updateSession deletes every staging session cookie and nothing else
  ...
  ---
1..24
# tests 24
# suites 0
# pass 24
# fail 0
# cancelled 0
# skipped 0
# todo 0
# duration_ms 244.352792
      type: 'test'
      ...
    # Subtest: with no signing secret configured nothing is verified, Stripe is told to retry, and the response names no configuration
    ok 7 - with no signing secret configured nothing is verified, Stripe is told to retry, and the response names no configuration
      ---
      duration_ms: 0.727875
      type: 'test'
      ...
    1..7
ok 1 - C1: an unverified webhook is rejected and a replay is ignored
  ---
  duration_ms: 9.9645
  type: 'suite'
  ...
# Subtest: C2: a signed event reaches the handler its type maps to
  duration_ms: 29.886959
  type: 'test'
  ...
# Subtest: C2: the project's own cookies are never purged
    # Subtest: each type goes to its own handler, and the id is recorded only after
    ok 1 - each type goes to its own handler, and the id is recorded only after
      ---
  ...
# Subtest: isLoopbackHost
    # Subtest: accepts localhost, 127.0.0.0/8 and ::1
    ok 1 - accepts localhost, 127.0.0.0/8 and ::1
      ---
      duration_ms: 1.508167
      duration_ms: 0.556125
      type: 'test'
      type: 'test'
      ...
      ...
    1..1
    # Subtest: refuses every other host, including look-alikes
    ok 2 - refuses every other host, including look-alikes
      ---
ok 26 - C2: the project's own cookies are never purged
ok 2 - C2: a signed event reaches the handler its type maps to
  ---
  ---
  duration_ms: 1.075125
      duration_ms: 0.089875
  duration_ms: 0.769417
  type: 'suite'
  ...
# Subtest: C3: an event type with no handler is acknowledged and dispatched nowhere
    # Subtest: a 2xx, no handler runs, and the ledger is not touched
    ok 1 - a 2xx, no handler runs, and the ledger is not touched
      ---
      duration_ms: 1.014333
      type: 'test'
      ...
    # Subtest: a type named like an object property is not a handler
    ok 2 - a type named like an object property is not a handler
      ---
      duration_ms: 0.731542
      type: 'test'
      ...
    1..2
ok 3 - C3: an event type with no handler is acknowledged and dispatched nowhere
  type: 'test'
  ...
# Subtest: C2: switching back to staging purges the local stack's cookies
ok 27 - C2: switching back to staging purges the local stack's cookies
  ---
  duration_ms: 0.502125
  type: 'test'
  ...
# Subtest: C2: with no foreign cookie, nothing is written
      type: 'test'
      ...
    # Subtest: isLoopbackUrl reads the URL's host and refuses an unparseable URL
    ok 3 - isLoopbackUrl reads the URL's host and refuses an unparseable URL
      ---
      duration_ms: 0.15825
      type: 'test'
      ...
    1..3
ok 15 - isLoopbackHost
  ---
  duration_ms: 2.301042
  type: 'suite'
  ...
# Subtest: the bridge accepts a UUID user and a known role
ok 16 - the bridge accepts a UUID user and a known role
  ---
  duration_ms: 0.843541
  type: 'test'
  ...
# Subtest: the bridge refuses a partial or forged identity before any SQL
ok 17 - the bridge refuses a partial or forged identity before any SQL
  ---
  duration_ms: 0.280958
  type: 'test'
  ...
# Subtest: the schema exports tables, and none of them outside public
ok 18 - the schema exports tables, and none of them outside public
  ---
  duration_ms: 0.887333
  type: 'test'
  ...
# Subtest: authUsers is never exported from the schema
ok 19 - authUsers is never exported from the schema
  ---
  duration_ms: 0.077875
  type: 'test'
  ...
# Subtest: every table carries its policies beside it
ok 20 - every table carries its policies beside it
  ---
  duration_ms: 0.226791
  type: 'test'
  ...
1..20
# tests 32
# suites 5
# pass 32
# fail 0
# cancelled 0
# skipped 0
# todo 0
# duration_ms 2010.446209
  ---
  duration_ms: 1.827208
  type: 'suite'
  ...
# Subtest: C4: a handler that throws gets a retryable 5xx and is not recorded
    # Subtest: the claim is released, the id is not processed, and the retry runs the handler
    ok 1 - the claim is released, the id is not processed, and the retry runs the handler
      ---
      duration_ms: 2.485542
      type: 'test'
      ...
    # Subtest: a ledger that cannot be written is retryable too
    ok 2 - a ledger that cannot be written is retryable too
      ---
      duration_ms: 0.940125
      type: 'test'
      ...
    1..2
ok 4 - C4: a handler that throws gets a retryable 5xx and is not recorded
  ---
  duration_ms: 3.765709
  type: 'suite'
  ...
# Subtest: a build without SENTRY_AUTH_TOKEN skips the upload and names no credential
ok 28 - C2: with no foreign cookie, nothing is written
  ---
  duration_ms: 0.339041
  type: 'test'
  ...
# Subtest: C2: the purge reads every cookie form Supabase writes
ok 29 - C2: the purge reads every cookie form Supabase writes
  ---
  duration_ms: 0.080958
  type: 'test'
  ...
# Subtest: C2: switching to a tier with no project clears every Supabase session cookie
ok 30 - C2: switching to a tier with no project clears every Supabase session cookie
  ---
  duration_ms: 0.101709
ok 5 - a build without SENTRY_AUTH_TOKEN skips the upload and names no credential
  ---
  duration_ms: 0.548917
  type: 'test'
  ...
1..30
# tests 30
# suites 0
# pass 30
# fail 0
# cancelled 0
# skipped 0
# todo 0
# duration_ms 483.702208
  type: 'test'
  ...
# Subtest: a local build with a token still skips the upload
ok 6 - a local build with a token still skips the upload
  ---
  duration_ms: 0.075708
  type: 'test'
  ...
# Subtest: a deployment with the token, org and project uploads under the commit release
ok 7 - a deployment with the token, org and project uploads under the commit release
  ---
  duration_ms: 0.069292
  type: 'test'
  ...
# Subtest: there is no tunnel route, so the app relays no one's events
ok 8 - there is no tunnel route, so the app relays no one's events
  ---
  duration_ms: 0.106083
  type: 'test'
  ...
# Subtest: on local nothing registers, though production's and staging's DSNs are set
ok 9 - on local nothing registers, though production's and staging's DSNs are set
  ---
  duration_ms: 0.514625
  type: 'test'
  ...
# Subtest: each tier reads only its own DSN, never production's
ok 10 - each tier reads only its own DSN, never production's
  ---
  duration_ms: 0.07425
  type: 'test'
  ...
# Subtest: a local DSN set on purpose registers
ok 11 - a local DSN set on purpose registers
  ---
  duration_ms: 0.141459
  type: 'test'
  ...
# Subtest: with a DSN, the SDK starts with every data category off and the reporter is registered
ok 12 - with a DSN, the SDK starts with every data category off and the reporter is registered
  ---
  duration_ms: 0.6045
  type: 'test'
  ...
# Subtest: every dataCollection category is set explicitly
ok 13 - every dataCollection category is set explicitly
  ---
  duration_ms: 0.07775
  type: 'test'
  ...
# Subtest: beforeSend drops cookies, body, headers and query, keeping url path and method
ok 14 - beforeSend drops cookies, body, headers and query, keeping url path and method
  ---
  duration_ms: 1.54775
  type: 'test'
  ...
# Subtest: the user is reduced to an opaque id
ok 15 - the user is reduced to an opaque id
  ---
  duration_ms: 0.118583
  type: 'test'
  ...
# Subtest: an address passed as the id does not survive
ok 16 - an address passed as the id does not survive
  ---
  duration_ms: 0.149041
  type: 'test'
  ...
# Subtest: a user without an id is dropped whole
ok 17 - a user without an id is dropped whole
  ---
  duration_ms: 0.08725
  type: 'test'
  ...
# Subtest: free text is scrubbed and extra and breadcrumb data are dropped
ok 18 - free text is scrubbed and extra and breadcrumb data are dropped
  ---
  duration_ms: 0.138084
  type: 'test'
  ...
# Subtest: the input event is not mutated
ok 19 - the input event is not mutated
  ---
  duration_ms: 0.076625
  type: 'test'
  ...
# Subtest: stack frames keep their place but lose their local variables
ok 20 - stack frames keep their place but lose their local variables
  ---
  duration_ms: 0.078375
  type: 'test'
  ...
1..20
# tests 28
# suites 4
# pass 28
# fail 0
# cancelled 0
# skipped 0
# todo 0
# duration_ms 247.148208

 Tasks:    12 successful, 12 total
Cached:    12 cached, 12 total
  Time:    241ms >>> FULL TURBO

