command: yarn lint
exit: 0
at: 2026-10-05T03:09:34Z
head: 24318b426a1fd77f1a5c498e873db157e4277bf1
---

   • turbo 2.11.6
   • Packages in scope: @pem/ai, @pem/api, @pem/auth, @pem/brand, @pem/catalog, @pem/config, @pem/constants, @pem/db, @pem/email, @pem/env, @pem/observability, @pem/services, @pem/ui, @pem/validators, docs, web
   • Running lint in 16 packages
   • Remote caching disabled

@pem/env:lint: cache miss, executing b2c61f273dab9d39
@pem/constants:lint: cache miss, executing c034f28f4df24423
@pem/observability:lint: cache miss, executing fa0dfa00588e1e33
@pem/brand:lint: cache miss, executing a2a1a027d5378531
@pem/validators:lint: cache miss, executing ba74a3a1f55cad48
@pem/ui:lint: cache miss, executing 33d007807d7b989f
@pem/db:lint: cache miss, executing bae260a6393b6075
@pem/email:lint: cache miss, executing 798ed872177d39a9
@pem/ai:lint: cache miss, executing c8d4d9d36419f3c7
@pem/services:lint: cache miss, executing 79b943aee0ea68f2
@pem/auth:lint: cache miss, executing 5436f101f8660cd0
@pem/catalog:lint: cache miss, executing 6e16bfbc493be1af
docs:lint: cache miss, executing 820830c131d6a545
@pem/api:lint: cache miss, executing 39e70fd1ff7afa57
web:lint: cache miss, executing 0725337f01abf65a

 Tasks:    15 successful, 15 total
Cached:    0 cached, 15 total
  Time:    7.785s 

