command: yarn check-types
exit: 0
at: 2026-10-05T03:09:50Z
head: 24318b426a1fd77f1a5c498e873db157e4277bf1
---

   • turbo 2.11.6
   • Packages in scope: @pem/ai, @pem/api, @pem/auth, @pem/brand, @pem/catalog, @pem/config, @pem/constants, @pem/db, @pem/email, @pem/env, @pem/observability, @pem/services, @pem/ui, @pem/validators, docs, web
   • Running check-types in 16 packages
   • Remote caching disabled

@pem/brand:check-types: cache miss, executing c3dc24dac72579c6
@pem/validators:check-types: cache miss, executing b6fe24ce6e56d00e
@pem/constants:check-types: cache miss, executing d17109e555bd039a
@pem/observability:check-types: cache miss, executing 98d7bed8654c8c4b
@pem/env:check-types: cache miss, executing bda15ec56fb9a482
@pem/ui:check-types: cache miss, executing 5afb7b7e7f72d95b
@pem/ai:check-types: cache miss, executing 00028a79bd973e5f
@pem/db:check-types: cache miss, executing 6132e15a30122033
@pem/email:check-types: cache miss, executing 27e35d253972ecfd
@pem/services:check-types: cache miss, executing 4108df03b618f5ae
@pem/auth:check-types: cache miss, executing 7b03524869c73f26
@pem/api:check-types: cache miss, executing 8d16fb043ac5d42d
@pem/catalog:check-types: cache miss, executing 57a8495eba2531f3
docs:check-types: cache miss, executing ef1d74ae57611a82
docs:check-types: Generating route types...
docs:check-types: ✓ Types generated successfully
web:check-types: cache miss, executing 037ad8c8aa82b7cc
web:check-types: Generating route types...
web:check-types: ✓ Types generated successfully

 Tasks:    15 successful, 15 total
Cached:    0 cached, 15 total
  Time:    11.541s 

