command: yarn test:tooling
exit: 0
at: 2026-10-04T00:06:47Z
head: 9c42019bff4254e4546ccf30d20a244ae8ec7e07
tests: 19
---
TAP version 13
# Subtest: C1: a present module missing a listed file fails, naming the module and the file
ok 1 - C1: a present module missing a listed file fails, naming the module and the file
  ---
  duration_ms: 86.22575
  type: 'test'
  ...
# Subtest: C2: a removed module with a leftover file, variable or dependency fails, naming each leftover
ok 2 - C2: a removed module with a leftover file, variable or dependency fails, naming each leftover
  ---
  duration_ms: 333.963625
  type: 'test'
  ...
# Subtest: C2: a clean removal passes, and near-miss names are not leftovers
ok 3 - C2: a clean removal passes, and near-miss names are not leftovers
  ---
  duration_ms: 83.423625
  type: 'test'
  ...
# Subtest: C3: a locked module marked removed fails
ok 4 - C3: a locked module marked removed fails
  ---
  duration_ms: 82.154417
  type: 'test'
  ...
# Subtest: C4: an entry missing any of files, env, dependencies, boundaries, locked or runbook fails, naming the field
ok 5 - C4: an entry missing any of files, env, dependencies, boundaries, locked or runbook fails, naming the field
  ---
  duration_ms: 84.815291
  type: 'test'
  ...
# Subtest: C5: a runbook path that does not exist fails, naming the path
ok 6 - C5: a runbook path that does not exist fails, naming the path
  ---
  duration_ms: 82.643583
  type: 'test'
  ...
# Subtest: a merged as-built is immutable except applied:
ok 7 - a merged as-built is immutable except applied:
  ---
  duration_ms: 4836.464916
  type: 'test'
  ...
# Subtest: A9 commit-msg: an agent branch needs a work-id; another branch does not
ok 8 - A9 commit-msg: an agent branch needs a work-id; another branch does not
  ---
  duration_ms: 1687.78125
  type: 'test'
  ...
# Subtest: A9 pre-commit: staging a hand-edited results.json is refused
ok 9 - A9 pre-commit: staging a hand-edited results.json is refused
  ---
  duration_ms: 1771.207125
  type: 'test'
  ...
# Subtest: A4 contract:init allocates sequential ids, from the template, then starts with every criterion FAIL
ok 10 - A4 contract:init allocates sequential ids, from the template, then starts with every criterion FAIL
  ---
  duration_ms: 1258.721791
  type: 'test'
  ...
# Subtest: one active item per branch: a second start on agent/WEB-1 is refused
ok 11 - one active item per branch: a second start on agent/WEB-1 is refused
  ---
  duration_ms: 1596.038458
  type: 'test'
  ...
# Subtest: A6: a cited file not approved, or holding a BLOCKING marker, is refused; a plain open marker is listed
ok 12 - A6: a cited file not approved, or holding a BLOCKING marker, is refused; a plain open marker is listed
  ---
  duration_ms: 2352.107
  type: 'test'
  ...
# Subtest: Vigil 9 and 10, epic: pre-flight gates the start, review:run binds the as-built, truth:promote follows
ok 13 - Vigil 9 and 10, epic: pre-flight gates the start, review:run binds the as-built, truth:promote follows
  ---
  duration_ms: 10595.520792
  type: 'test'
  ...
# Subtest: a fixture reviewer's PASS does not count outside the harness
ok 14 - a fixture reviewer's PASS does not count outside the harness
  ---
  duration_ms: 4470.11225
  type: 'test'
  ...
# Subtest: a pre-flight written by the fixture reviewer does not start a ticket outside the harness
ok 15 - a pre-flight written by the fixture reviewer does not start a ticket outside the harness
  ---
  duration_ms: 1054.851667
  type: 'test'
  ...
# Subtest: contract:run refuses an uncommitted tree, then records run records with HEAD and evidence hashes
ok 16 - contract:run refuses an uncommitted tree, then records run records with HEAD and evidence hashes
  ---
  duration_ms: 2924.002208
  type: 'test'
  ...
# Subtest: contract:run FAILs a test criterion whose runner matched zero tests
ok 17 - contract:run FAILs a test criterion whose runner matched zero tests
  ---
  duration_ms: 1874.949625
  type: 'test'
  ...
# Subtest: Vigil 10, one-off: init, run, as-built, status and check-specs close with nothing left
ok 18 - Vigil 10, one-off: init, run, as-built, status and check-specs close with nothing left
  ---
  duration_ms: 4753.77425
  type: 'test'
  ...
# Subtest: Vigil 3: a PASS recorded at X goes stale when a planned path changes at X+1
ok 19 - Vigil 3: a PASS recorded at X goes stale when a planned path changes at X+1
  ---
  duration_ms: 3615.005333
  type: 'test'
  ...
1..19
# tests 19
# suites 0
# pass 19
# fail 0
# cancelled 0
# skipped 0
# todo 0
# duration_ms 17050.867167
