command: yarn test:tooling
exit: 0
at: 2026-10-04T00:07:22Z
head: 9c42019bff4254e4546ccf30d20a244ae8ec7e07
tests: 19
---
TAP version 13
# Subtest: C1: a present module missing a listed file fails, naming the module and the file
ok 1 - C1: a present module missing a listed file fails, naming the module and the file
  ---
  duration_ms: 81.93525
  type: 'test'
  ...
# Subtest: C2: a removed module with a leftover file, variable or dependency fails, naming each leftover
ok 2 - C2: a removed module with a leftover file, variable or dependency fails, naming each leftover
  ---
  duration_ms: 350.324625
  type: 'test'
  ...
# Subtest: C2: a clean removal passes, and near-miss names are not leftovers
ok 3 - C2: a clean removal passes, and near-miss names are not leftovers
  ---
  duration_ms: 82.509208
  type: 'test'
  ...
# Subtest: C3: a locked module marked removed fails
ok 4 - C3: a locked module marked removed fails
  ---
  duration_ms: 81.263125
  type: 'test'
  ...
# Subtest: C4: an entry missing any of files, env, dependencies, boundaries, locked or runbook fails, naming the field
ok 5 - C4: an entry missing any of files, env, dependencies, boundaries, locked or runbook fails, naming the field
  ---
  duration_ms: 82.656917
  type: 'test'
  ...
# Subtest: C5: a runbook path that does not exist fails, naming the path
ok 6 - C5: a runbook path that does not exist fails, naming the path
  ---
  duration_ms: 83.367583
  type: 'test'
  ...
# Subtest: a merged as-built is immutable except applied:
ok 7 - a merged as-built is immutable except applied:
  ---
  duration_ms: 4853.754666
  type: 'test'
  ...
# Subtest: A9 commit-msg: an agent branch needs a work-id; another branch does not
ok 8 - A9 commit-msg: an agent branch needs a work-id; another branch does not
  ---
  duration_ms: 1667.795125
  type: 'test'
  ...
# Subtest: A9 pre-commit: staging a hand-edited results.json is refused
ok 9 - A9 pre-commit: staging a hand-edited results.json is refused
  ---
  duration_ms: 1774.971458
  type: 'test'
  ...
# Subtest: A4 contract:init allocates sequential ids, from the template, then starts with every criterion FAIL
ok 10 - A4 contract:init allocates sequential ids, from the template, then starts with every criterion FAIL
  ---
  duration_ms: 1301.74575
  type: 'test'
  ...
# Subtest: one active item per branch: a second start on agent/WEB-1 is refused
ok 11 - one active item per branch: a second start on agent/WEB-1 is refused
  ---
  duration_ms: 1587.783125
  type: 'test'
  ...
# Subtest: A6: a cited file not approved, or holding a BLOCKING marker, is refused; a plain open marker is listed
ok 12 - A6: a cited file not approved, or holding a BLOCKING marker, is refused; a plain open marker is listed
  ---
  duration_ms: 2333.223958
  type: 'test'
  ...
# Subtest: Vigil 9 and 10, epic: pre-flight gates the start, review:run binds the as-built, truth:promote follows
ok 13 - Vigil 9 and 10, epic: pre-flight gates the start, review:run binds the as-built, truth:promote follows
  ---
  duration_ms: 10532.705875
  type: 'test'
  ...
# Subtest: a fixture reviewer's PASS does not count outside the harness
ok 14 - a fixture reviewer's PASS does not count outside the harness
  ---
  duration_ms: 4395.548041
  type: 'test'
  ...
# Subtest: a pre-flight written by the fixture reviewer does not start a ticket outside the harness
ok 15 - a pre-flight written by the fixture reviewer does not start a ticket outside the harness
  ---
  duration_ms: 1069.762709
  type: 'test'
  ...
# Subtest: contract:run refuses an uncommitted tree, then records run records with HEAD and evidence hashes
ok 16 - contract:run refuses an uncommitted tree, then records run records with HEAD and evidence hashes
  ---
  duration_ms: 2900.67
  type: 'test'
  ...
# Subtest: contract:run FAILs a test criterion whose runner matched zero tests
ok 17 - contract:run FAILs a test criterion whose runner matched zero tests
  ---
  duration_ms: 1876.885375
  type: 'test'
  ...
# Subtest: Vigil 10, one-off: init, run, as-built, status and check-specs close with nothing left
ok 18 - Vigil 10, one-off: init, run, as-built, status and check-specs close with nothing left
  ---
  duration_ms: 4727.984959
  type: 'test'
  ...
# Subtest: Vigil 3: a PASS recorded at X goes stale when a planned path changes at X+1
ok 19 - Vigil 3: a PASS recorded at X goes stale when a planned path changes at X+1
  ---
  duration_ms: 3604.61625
  type: 'test'
  ...
1..19
# tests 19
# suites 0
# pass 19
# fail 0
# cancelled 0
# skipped 0
# todo 0
# duration_ms 16946.76575
