command: yarn test:tooling
exit: 0
at: 2026-10-04T04:27:08Z
head: 72d7020249cda223274b39f93cb6e4b232041498
tests: 32
---
TAP version 13
# Subtest: C5: a client chunk holding a server-only sentinel fails, naming the variable and the chunk
ok 1 - C5: a client chunk holding a server-only sentinel fails, naming the variable and the chunk
  ---
  duration_ms: 81.140333
  type: 'test'
  ...
# Subtest: C5: no build output fails
ok 2 - C5: no build output fails
  ---
  duration_ms: 161.911208
  type: 'test'
  ...
# Subtest: C5: clean client chunks pass
ok 3 - C5: clean client chunks pass
  ---
  duration_ms: 83.830709
  type: 'test'
  ...
# Subtest: C5: a scan with no sentinel named is refused
ok 4 - C5: a scan with no sentinel named is refused
  ---
  duration_ms: 82.471541
  type: 'test'
  ...
# Subtest: a pending entry that now exists is stale
ok 5 - a pending entry that now exists is stale
  ---
  duration_ms: 251.71375
  type: 'test'
  ...
# Subtest: a git-ignored pending entry is machine-local and never stale
ok 6 - a git-ignored pending entry is machine-local and never stale
  ---
  duration_ms: 206.985542
  type: 'test'
  ...
# Subtest: C1: a present module missing a listed file fails, naming the module and the file
ok 7 - C1: a present module missing a listed file fails, naming the module and the file
  ---
  duration_ms: 87.269709
  type: 'test'
  ...
# Subtest: C2: a removed module with a leftover file, variable or dependency fails, naming each leftover
ok 8 - C2: a removed module with a leftover file, variable or dependency fails, naming each leftover
  ---
  duration_ms: 349.8725
  type: 'test'
  ...
# Subtest: C2: a clean removal passes, and near-miss names are not leftovers
ok 9 - C2: a clean removal passes, and near-miss names are not leftovers
  ---
  duration_ms: 85.985791
  type: 'test'
  ...
# Subtest: C3: a locked module marked removed fails
ok 10 - C3: a locked module marked removed fails
  ---
  duration_ms: 81.79275
  type: 'test'
  ...
# Subtest: C4: an entry missing any of files, env, dependencies, boundaries, locked or runbook fails, naming the field
ok 11 - C4: an entry missing any of files, env, dependencies, boundaries, locked or runbook fails, naming the field
  ---
  duration_ms: 84.571
  type: 'test'
  ...
# Subtest: C5: a runbook path that does not exist fails, naming the path
ok 12 - C5: a runbook path that does not exist fails, naming the path
  ---
  duration_ms: 85.651792
  type: 'test'
  ...
# Subtest: a merged as-built is immutable except applied:
ok 13 - a merged as-built is immutable except applied:
  ---
  duration_ms: 4907.395042
  type: 'test'
  ...
# Subtest: A9 commit-msg: an agent branch needs a work-id; another branch does not
ok 14 - A9 commit-msg: an agent branch needs a work-id; another branch does not
  ---
  duration_ms: 1745.450333
  type: 'test'
  ...
# Subtest: A9 pre-commit: staging a hand-edited results.json is refused
ok 15 - A9 pre-commit: staging a hand-edited results.json is refused
  ---
  duration_ms: 1809.533958
  type: 'test'
  ...
# Subtest: A4 contract:init allocates sequential ids, from the template, then starts with every criterion FAIL
ok 16 - A4 contract:init allocates sequential ids, from the template, then starts with every criterion FAIL
  ---
  duration_ms: 1388.774416
  type: 'test'
  ...
# Subtest: the protected branch refuses a start; the operator picks the work branch
ok 17 - the protected branch refuses a start; the operator picks the work branch
  ---
  duration_ms: 730.850708
  type: 'test'
  ...
# Subtest: parallel tickets: a second item starts on the same branch while the first is open
ok 18 - parallel tickets: a second item starts on the same branch while the first is open
  ---
  duration_ms: 2016.111833
  type: 'test'
  ...
# Subtest: parallel tickets: another ticket's uncommitted file does not block a run, its own does
ok 19 - parallel tickets: another ticket's uncommitted file does not block a run, its own does
  ---
  duration_ms: 2871.102208
  type: 'test'
  ...
# Subtest: parallel tickets: another ticket's commit leaves this ticket's proof fresh
ok 20 - parallel tickets: another ticket's commit leaves this ticket's proof fresh
  ---
  duration_ms: 3175.108333
  type: 'test'
  ...
# Subtest: stacking: a dependent ticket starts on the same branch once its predecessor is built, before any as-built or review
ok 21 - stacking: a dependent ticket starts on the same branch once its predecessor is built, before any as-built or review
  ---
  duration_ms: 3758.465708
  type: 'test'
  ...
# Subtest: a dependency that has not started refuses the start
ok 22 - a dependency that has not started refuses the start
  ---
  duration_ms: 1062.013333
  type: 'test'
  ...
# Subtest: A6: a cited file not approved, or holding a BLOCKING marker, is refused; a plain open marker is listed
ok 23 - A6: a cited file not approved, or holding a BLOCKING marker, is refused; a plain open marker is listed
  ---
  duration_ms: 2551.884834
  type: 'test'
  ...
# Subtest: PR-15 tiers: code is tier 1 with no reviewer; contract:tier 2 adds the review, and a lower tier drops it
ok 24 - PR-15 tiers: code is tier 1 with no reviewer; contract:tier 2 adds the review, and a lower tier drops it
  ---
  duration_ms: 3631.336708
  type: 'test'
  ...
# Subtest: PR-15: check-specs warns on a ticket still closing, and fails it only with --strict
ok 25 - PR-15: check-specs warns on a ticket still closing, and fails it only with --strict
  ---
  duration_ms: 2142.029208
  type: 'test'
  ...
# Subtest: Vigil 9 and 10, tier 2 epic ticket: pre-flight gates the start, review:run follows the as-built, truth:promote follows
ok 26 - Vigil 9 and 10, tier 2 epic ticket: pre-flight gates the start, review:run follows the as-built, truth:promote follows
  ---
  duration_ms: 10699.4055
  type: 'test'
  ...
# Subtest: a fixture reviewer's PASS does not count outside the harness
ok 27 - a fixture reviewer's PASS does not count outside the harness
  ---
  duration_ms: 4471.64825
  type: 'test'
  ...
# Subtest: a pre-flight written by the fixture reviewer does not start a ticket outside the harness
ok 28 - a pre-flight written by the fixture reviewer does not start a ticket outside the harness
  ---
  duration_ms: 1081.77375
  type: 'test'
  ...
# Subtest: contract:run refuses an uncommitted tree, then records run records with HEAD and evidence hashes
ok 29 - contract:run refuses an uncommitted tree, then records run records with HEAD and evidence hashes
  ---
  duration_ms: 2875.423875
  type: 'test'
  ...
# Subtest: contract:run FAILs a test criterion whose runner matched zero tests
ok 30 - contract:run FAILs a test criterion whose runner matched zero tests
  ---
  duration_ms: 1899.4425
  type: 'test'
  ...
# Subtest: Vigil 10, one-off: init, run, as-built, status and check-specs close with nothing left
ok 31 - Vigil 10, one-off: init, run, as-built, status and check-specs close with nothing left
  ---
  duration_ms: 4764.814625
  type: 'test'
  ...
# Subtest: Vigil 3: a PASS recorded at X goes stale when a planned path changes at X+1
ok 32 - Vigil 3: a PASS recorded at X goes stale when a planned path changes at X+1
  ---
  duration_ms: 3655.517541
  type: 'test'
  ...
1..32
# tests 32
# suites 0
# pass 32
# fail 0
# cancelled 0
# skipped 0
# todo 0
# duration_ms 24484.192667
