command: yarn test:tooling
exit: 0
at: 2026-10-04T06:38:08Z
head: de1df9ba919f7f2762f75e3848b94c4fe8b6d653
tests: 39
---
TAP version 13
# Subtest: C5: a client chunk holding a server-only sentinel fails, naming the variable and the chunk
ok 1 - C5: a client chunk holding a server-only sentinel fails, naming the variable and the chunk
  ---
  duration_ms: 93.203208
  type: 'test'
  ...
# Subtest: C5: no build output fails
ok 2 - C5: no build output fails
  ---
  duration_ms: 212.301542
  type: 'test'
  ...
# Subtest: C5: clean client chunks pass
ok 3 - C5: clean client chunks pass
  ---
  duration_ms: 111.864
  type: 'test'
  ...
# Subtest: C5: a scan with no sentinel named is refused
ok 4 - C5: a scan with no sentinel named is refused
  ---
  duration_ms: 86.025042
  type: 'test'
  ...
# Subtest: the plan plants server-only names from .env.example and turbo.json, and fails on drift, naming it
ok 5 - the plan plants server-only names from .env.example and turbo.json, and fails on drift, naming it
  ---
  duration_ms: 93.585292
  type: 'test'
  ...
# Subtest: a pending entry that now exists is stale
ok 6 - a pending entry that now exists is stale
  ---
  duration_ms: 258.863834
  type: 'test'
  ...
# Subtest: a git-ignored pending entry is machine-local and never stale
ok 7 - a git-ignored pending entry is machine-local and never stale
  ---
  duration_ms: 241.510875
  type: 'test'
  ...
# Subtest: C1: a present module missing a listed file fails, naming the module and the file
ok 8 - C1: a present module missing a listed file fails, naming the module and the file
  ---
  duration_ms: 95.909792
  type: 'test'
  ...
# Subtest: C2: a removed module with a leftover file, variable or dependency fails, naming each leftover
ok 9 - C2: a removed module with a leftover file, variable or dependency fails, naming each leftover
  ---
  duration_ms: 434.631
  type: 'test'
  ...
# Subtest: C2: a clean removal passes, and near-miss names are not leftovers
ok 10 - C2: a clean removal passes, and near-miss names are not leftovers
  ---
  duration_ms: 105.558
  type: 'test'
  ...
# Subtest: C3: a locked module marked removed fails
ok 11 - C3: a locked module marked removed fails
  ---
  duration_ms: 93.807042
  type: 'test'
  ...
# Subtest: C4: an entry missing any of files, env, dependencies, boundaries, locked or runbook fails, naming the field
ok 12 - C4: an entry missing any of files, env, dependencies, boundaries, locked or runbook fails, naming the field
  ---
  duration_ms: 89.915875
  type: 'test'
  ...
# Subtest: C5: a runbook path that does not exist fails, naming the path
ok 13 - C5: a runbook path that does not exist fails, naming the path
  ---
  duration_ms: 87.826416
  type: 'test'
  ...
# Subtest: a merged as-built is immutable except applied:
ok 14 - a merged as-built is immutable except applied:
  ---
  duration_ms: 5182.562375
  type: 'test'
  ...
# Subtest: A9 commit-msg: an agent branch needs a work-id; another branch does not
ok 15 - A9 commit-msg: an agent branch needs a work-id; another branch does not
  ---
  duration_ms: 1895.788709
  type: 'test'
  ...
# Subtest: A9 pre-commit: staging a hand-edited results.json is refused
ok 16 - A9 pre-commit: staging a hand-edited results.json is refused
  ---
  duration_ms: 2038.365583
  type: 'test'
  ...
# Subtest: A4 contract:init allocates sequential ids, from the template, then starts with every criterion FAIL
ok 17 - A4 contract:init allocates sequential ids, from the template, then starts with every criterion FAIL
  ---
  duration_ms: 1465.785667
  type: 'test'
  ...
# Subtest: the protected branch refuses a start; the operator picks the work branch
ok 18 - the protected branch refuses a start; the operator picks the work branch
  ---
  duration_ms: 762.827
  type: 'test'
  ...
# Subtest: parallel tickets: a second item starts on the same branch while the first is open
ok 19 - parallel tickets: a second item starts on the same branch while the first is open
  ---
  duration_ms: 2133.243959
  type: 'test'
  ...
# Subtest: parallel tickets: another ticket's uncommitted file does not block a run, its own does
ok 20 - parallel tickets: another ticket's uncommitted file does not block a run, its own does
  ---
  duration_ms: 3091.134375
  type: 'test'
  ...
# Subtest: parallel tickets: another ticket's commit leaves this ticket's proof fresh
ok 21 - parallel tickets: another ticket's commit leaves this ticket's proof fresh
  ---
  duration_ms: 3349.87725
  type: 'test'
  ...
# Subtest: stacking: a dependent ticket starts on the same branch once its predecessor is built, before any as-built or review
ok 22 - stacking: a dependent ticket starts on the same branch once its predecessor is built, before any as-built or review
  ---
  duration_ms: 4062.004375
  type: 'test'
  ...
# Subtest: a dependency that has not started refuses the start
ok 23 - a dependency that has not started refuses the start
  ---
  duration_ms: 1148.606125
  type: 'test'
  ...
# Subtest: A6: a cited file not approved, or holding a BLOCKING marker, is refused; a plain open marker is listed
ok 24 - A6: a cited file not approved, or holding a BLOCKING marker, is refused; a plain open marker is listed
  ---
  duration_ms: 2722.968541
  type: 'test'
  ...
# Subtest: PR-15 tiers: code is tier 1 with no reviewer; contract:tier 2 adds the review, and a lower tier drops it
ok 25 - PR-15 tiers: code is tier 1 with no reviewer; contract:tier 2 adds the review, and a lower tier drops it
  ---
  duration_ms: 3937.63725
  type: 'test'
  ...
# Subtest: PR-15: check-specs warns on a ticket still closing, and fails it only with --strict
ok 26 - PR-15: check-specs warns on a ticket still closing, and fails it only with --strict
  ---
  duration_ms: 2326.536
  type: 'test'
  ...
# Subtest: Vigil 9 and 10, tier 2 epic ticket: pre-flight gates the start, review:run follows the as-built, truth:promote follows
ok 27 - Vigil 9 and 10, tier 2 epic ticket: pre-flight gates the start, review:run follows the as-built, truth:promote follows
  ---
  duration_ms: 11392.494209
  type: 'test'
  ...
# Subtest: a fixture reviewer's PASS does not count outside the harness
ok 28 - a fixture reviewer's PASS does not count outside the harness
  ---
  duration_ms: 4929.516584
  type: 'test'
  ...
# Subtest: a pre-flight written by the fixture reviewer does not start a ticket outside the harness
ok 29 - a pre-flight written by the fixture reviewer does not start a ticket outside the harness
  ---
  duration_ms: 1125.69125
  type: 'test'
  ...
# Subtest: contract:run refuses an uncommitted tree, then records run records with HEAD and evidence hashes
ok 30 - contract:run refuses an uncommitted tree, then records run records with HEAD and evidence hashes
  ---
  duration_ms: 3061.562416
  type: 'test'
  ...
# Subtest: contract:run FAILs a test criterion whose runner matched zero tests
ok 31 - contract:run FAILs a test criterion whose runner matched zero tests
  ---
  duration_ms: 1989.303792
  type: 'test'
  ...
# Subtest: Vigil 10, one-off: init, run, as-built, status and check-specs close with nothing left
ok 32 - Vigil 10, one-off: init, run, as-built, status and check-specs close with nothing left
  ---
  duration_ms: 5138.7475
  type: 'test'
  ...
# Subtest: Vigil 3: a PASS recorded at X goes stale when a planned path changes at X+1
ok 33 - Vigil 3: a PASS recorded at X goes stale when a planned path changes at X+1
  ---
  duration_ms: 3917.583
  type: 'test'
  ...
# Subtest: C1: the repo's preset passes every pair in both themes
ok 34 - C1: the repo's preset passes every pair in both themes
  ---
  duration_ms: 102.011166
  type: 'test'
  ...
# Subtest: C1: black on white measures 21:1, the WCAG maximum
ok 35 - C1: black on white measures 21:1, the WCAG maximum
  ---
  duration_ms: 89.76925
  type: 'test'
  ...
# Subtest: C1: a text pair below 4.5:1 fails and is named
ok 36 - C1: a text pair below 4.5:1 fails and is named
  ---
  duration_ms: 132.968917
  type: 'test'
  ...
# Subtest: C1: a focus ring below 3:1 fails in the theme it is set in
ok 37 - C1: a focus ring below 3:1 fails in the theme it is set in
  ---
  duration_ms: 103.132625
  type: 'test'
  ...
# Subtest: C1: see-through text is composited as the browser does
ok 38 - C1: see-through text is composited as the browser does
  ---
  duration_ms: 89.805667
  type: 'test'
  ...
# Subtest: C1: a missing token fails rather than passing silently
ok 39 - C1: a missing token fails rather than passing silently
  ---
  duration_ms: 100.7145
  type: 'test'
  ...
1..39
# tests 39
# suites 0
# pass 39
# fail 0
# cancelled 0
# skipped 0
# todo 0
# duration_ms 26422.709167
