# WEB-2 literal probes, 2026-10-04T08:00:45Z, on ac6ef34 plus the uncommitted resolver fix (error name)

$ cat packages/ui/src/zz-probe.ts
import "@pem/db/client";
$ yarn eslint packages/ui/src/zz-probe.ts

packages/ui/src/zz-probe.ts
  1:8  error  ui must not import db (codebase-conventions §4). Refactor — do not suppress  boundaries/dependencies

✖ 1 problem (1 error, 0 warnings)

exit 1

$ cat packages/env/src/zz-probe.ts
import "@pem/brand/brand";
$ yarn eslint packages/env/src/zz-probe.ts

packages/env/src/zz-probe.ts
  1:8  error  env must not import brand (codebase-conventions §4). Refactor — do not suppress  boundaries/dependencies

✖ 1 problem (1 error, 0 warnings)

exit 1

$ cat packages/env/src/zz-probe-unexported.ts
import "@pem/env/not-exported";
$ yarn eslint packages/env/src/zz-probe-unexported.ts

packages/env/src/zz-probe-unexported.ts
  1:1  error  Resolve error: @pem/env/not-exported does not resolve through its package's exports (ERR_PACKAGE_PATH_NOT_EXPORTED). Import a subpath the package exports; add an export only for an edge codebase-conventions §4 allows  boundaries/dependencies

✖ 1 problem (1 error, 0 warnings)

exit 1
