command: yarn test
exit: 1
at: 2026-10-05T03:20:29Z
head: 50fd186eecefe9263a93b089a3bdc0a97c00ee7f
tests: 186
---

   • turbo 2.11.6
   • Packages in scope: @pem/ai, @pem/api, @pem/auth, @pem/brand, @pem/catalog, @pem/config, @pem/constants, @pem/db, @pem/email, @pem/env, @pem/observability, @pem/services, @pem/ui, @pem/validators, docs, web
   • Running test in 16 packages
   • Remote caching disabled

cache miss, executing b4da671bc5535f6e
cache hit, replaying logs 417b9d1934e145ef
cache hit, replaying logs c007d7b7a4a19d23
cache hit, replaying logs 4381554be8b6afd7
cache hit, replaying logs 8e859a6910cef8ae
cache hit, replaying logs bbd4d5fa79029204
TAP version 13
# Subtest: C1: brand.ts theme colours equal the preset's values
cache hit, replaying logs a1ab244432a9fc37
ok 1 - C1: brand.ts theme colours equal the preset's values
  ---
  duration_ms: 1.213125
  type: 'test'
  ...
# Subtest: C1: a changed preset value is a mismatch
ok 2 - C1: a changed preset value is a mismatch
  ---
  duration_ms: 0.261708
  type: 'test'
  ...
# Subtest: C1: a changed brand.ts value is a mismatch
ok 3 - C1: a changed brand.ts value is a mismatch
  ---
  duration_ms: 0.764458
cache hit, replaying logs d35517e413c69f77
  type: 'test'
  ...
# Subtest: every asset path in brand.ts exists in the package
ok 4 - every asset path in brand.ts exists in the package
  ---
  duration_ms: 0.1405
  type: 'test'
  ...
# Subtest: white, black and the sRGB primaries
ok 5 - white, black and the sRGB primaries
  ---
  duration_ms: 0.64325
  type: 'test'
  ...
# Subtest: lightness as a percentage, and an alpha, are accepted
ok 6 - lightness as a percentage, and an alpha, are accepted
  ---
  duration_ms: 0.06775
  type: 'test'
  ...
# Subtest: the preset's neutral steps
ok 7 - the preset's neutral steps
  ---
  duration_ms: 0.130583
  type: 'test'
  ...
# Subtest: anything but oklch() is refused
ok 8 - anything but oklch() is refused
  ---
  duration_ms: 0.188542
cache hit, replaying logs 79fba05a294c6bc4
  type: 'test'
TAP version 13
TAP version 13
# Subtest: track is a no-op until a vendor is wired
# Subtest: C2: a live-mode key on local or staging fails with the variable named
  ...
TAP version 13
1..8
TAP version 13
# tests 8
# Subtest: C1: getNote throws NotFound when the scoped db withholds the row
# Subtest: each kind of DDL or write against auth is caught
ok 1 - track is a no-op until a vendor is wired
ok 1 - each kind of DDL or write against auth is caught
  ---
TAP version 13
  duration_ms: 1.031375
# Subtest: C2: the HTML part carries the brand's name, support address, home URL and colours
  type: 'test'
cache hit, replaying logs fa8cb004932b9ca3
ok 1 - C2: the HTML part carries the brand's name, support address, home URL and colours
ok 1 - C2: a live-mode key on local or staging fails with the variable named
  ---
  ---
ok 1 - C1: getNote throws NotFound when the scoped db withholds the row
  duration_ms: 1.610917
  ---
# suites 0
TAP version 13
# Subtest: C2: an empty or whitespace body fails on body
  ...
TAP version 13
# Subtest: C1: logger.error passes the error, tags and user id to the registered reporter
# Subtest: a user's text turn is accepted
  duration_ms: 4.954041
ok 2 - C1: logger.error passes the error, tags and user id to the registered reporter
ok 1 - a user's text turn is accepted
  ---
  ---
  duration_ms: 1.970125
  duration_ms: 102.199
  type: 'test'
# pass 8
  ...
  duration_ms: 1.229833
# Subtest: C1: logger.error with no error hands the reporter one named for the event
ok 3 - C1: logger.error with no error hands the reporter one named for the event
  ---
  type: 'test'
  ...
# Subtest: a body with no messages, or malformed ones, is refused
ok 2 - a body with no messages, or malformed ones, is refused
  type: 'test'
  ---
  ...
  ---
# Subtest: C2: the text part carries the brand and the action as a link
ok 2 - C2: the text part carries the brand and the action as a link
  ---
  duration_ms: 0.174791
  type: 'test'
  duration_ms: 5.491875
  duration_ms: 0.206459
  duration_ms: 3.585708
ok 1 - C2: an empty or whitespace body fails on body
  ---
  type: 'test'
  duration_ms: 2.888958
  ...
  type: 'test'
# Subtest: C2: a test-mode key on production fails with the variable named
  ...
  type: 'test'
# Subtest: a foreign key to auth.users and a call to auth.uid() are allowed
  ...
  type: 'test'
# Subtest: C1: a reporter that throws is swallowed, and the line still prints
  ...
ok 4 - C1: a reporter that throws is swallowed, and the line still prints
# Subtest: C1: createNote throws Forbidden when a policy rejects the insert
  ...
ok 2 - C1: createNote throws Forbidden when a policy rejects the insert
# Subtest: C2: every caller value is escaped
  ---
TAP version 13
  duration_ms: 1.018334
ok 2 - a foreign key to auth.users and a call to auth.uid() are allowed
  type: 'test'
  ---
  ...
ok 3 - C2: every caller value is escaped
# Subtest: C1: a policy refusal wrapped by drizzle is still Forbidden
  ---
ok 3 - C1: a policy refusal wrapped by drizzle is still Forbidden
  duration_ms: 0.138625
ok 2 - C2: a test-mode key on production fails with the variable named
  ---
  type: 'test'
  duration_ms: 0.336125
  type: 'test'
  ...
# Subtest: C1: createNote writes the caller as owner and returns the note
  ---
ok 4 - C1: createNote writes the caller as owner and returns the note
  ---
# fail 0
  duration_ms: 0.41175
# cancelled 0
  type: 'test'
# skipped 0
  ...
# todo 0
# Subtest: C1: getNote returns the row the scoped db shows; listNotes returns the list
  type: 'test'
  type: 'test'
ok 5 - C1: getNote returns the row the scoped db shows; listNotes returns the list
  ---
  ...
  duration_ms: 0.146
  type: 'test'
  ...
# Subtest: C2: a body over the limit fails on body
# Subtest: the admin client holds no session: nothing persisted, refreshed or read from a URL
  duration_ms: 0.09025
  type: 'test'
  ...
  ...
# Subtest: file, tool and system content is refused
# Subtest: C2: an action URL that is not http(s) is refused
ok 3 - file, tool and system content is refused
ok 2 - C2: a body over the limit fails on body
ok 4 - C2: an action URL that is not http(s) is refused
ok 1 - the admin client holds no session: nothing persisted, refreshed or read from a URL
  ---
  ---
  duration_ms: 0.967083
  type: 'test'
  ...
# Subtest: the last turn must be the user's
ok 4 - the last turn must be the user's
  ---
  duration_ms: 0.294625
  type: 'test'
  ...
  ---
# Subtest: too many turns or too much text is refused
  duration_ms: 0.744291
  type: 'test'
  ...
  duration_ms: 0.223458
  type: 'test'
  ...
  ---
# Subtest: C2: no source file in @pem/email writes a brand value or a colour literal
# duration_ms 75.888334
ok 5 - C2: no source file in @pem/email writes a brand value or a colour literal
  ---
  duration_ms: 66.996833
  type: 'test'
  ...
# Subtest: C2: a subject with a line break stays one header line
ok 6 - C2: a subject with a line break stays one header line
  ---
  duration_ms: 0.145791
  type: 'test'
  duration_ms: 15.48125
  ...
# Subtest: C2: invalid input throws Invalid naming the field, before any query
  ---
# Subtest: C1: a send on the local tier logs the rendered message and does not call the vendor
  duration_ms: 0.261
  duration_ms: 0.270792
# Subtest: C2: matching modes pass
  type: 'test'
ok 3 - C2: matching modes pass
  ---
  ...
ok 7 - C1: a send on the local tier logs the rendered message and does not call the vendor
# Subtest: C1: a reporter that rejects is swallowed
  ---
  ...
  duration_ms: 0.091917
  type: 'test'
  ...
  type: 'test'
# Subtest: C2: a key with no mode prefix fails on every tier
ok 6 - C2: invalid input throws Invalid naming the field, before any query
  ---
  duration_ms: 0.558459
  type: 'test'
  ...
# Subtest: an error that is no domain error is not turned into one
ok 7 - an error that is no domain error is not turned into one
ok 4 - C2: a key with no mode prefix fails on every tier
  ---
  ---
  duration_ms: 0.363042
  duration_ms: 0.193667
  type: 'test'
# Subtest: a migration with DDL against auth fails, numbered by statement
  ...
  type: 'test'
1..7
  ...
ok 5 - C1: a reporter that rejects is swallowed
  type: 'test'
  ...
# Subtest: public names pass, and unset values are left out
ok 5 - too many turns or too much text is refused
  ---
ok 5 - public names pass, and unset values are left out
ok 3 - a migration with DDL against auth fails, numbered by statement
  duration_ms: 5.992542
  ---
  duration_ms: 0.4425
# Subtest: every subpath is classed as client-safe or server
  ...
  ---
ok 2 - every subpath is classed as client-safe or server
# tests 7
  ---
# suites 0
  duration_ms: 2.45975
# pass 7
# fail 0
  duration_ms: 1.823125
  type: 'test'
  ...
  type: 'test'
# Subtest: a server-only name is refused, by name
  ...
ok 6 - a server-only name is refused, by name
  ---
  duration_ms: 0.710583
  type: 'test'
  type: 'test'
  ...
  ...
# Subtest: the generated migration set passes, and it does reference auth.users
# Subtest: ./config reaches no server module, built-in or workspace package
ok 4 - the generated migration set passes, and it does reference auth.users
  ---
  ---
  duration_ms: 1.709667
# Subtest: C1: a dashboard template on the local tier logs its id and variable names, not their values
  duration_ms: 4.70475
  type: 'test'
  type: 'test'
  type: 'test'
ok 8 - C1: a dashboard template on the local tier logs its id and variable names, not their values
  ---
  duration_ms: 0.253958
  type: 'test'
  duration_ms: 2.196917
  ...
  type: 'test'
# Subtest: C1: the local tier needs no key
  ...
ok 9 - C1: the local tier needs no key
# Subtest: only the local auth mirror writes to auth.users
# cancelled 0
ok 5 - only the local auth mirror writes to auth.users
# skipped 0
  ...
# todo 0
# Subtest: C1: the default reporter is a no-op
# duration_ms 398.488458
  ---
ok 3 - ./config reaches no server module, built-in or workspace package
  duration_ms: 3.410542
  type: 'test'
ok 6 - C1: the default reporter is a no-op
  ...
  ---
  duration_ms: 0.474375
  type: 'test'
# Subtest: C2: a malformed id fails on id; a list limit out of range fails on limit
ok 3 - C2: a malformed id fails on id; a list limit out of range fails on limit
  ---
  duration_ms: 0.593292
cache hit, replaying logs b2f4decdc5c37703
  ---
  duration_ms: 0.12075
  ...
  type: 'test'
# Subtest: C2: a secret-like key is redacted at any depth, whatever its case
ok 7 - C2: a secret-like key is redacted at any depth, whatever its case
  ...
# Subtest: C1: each tier reads its own variable
ok 7 - C1: each tier reads its own variable
  ---
  ...
# Subtest: the pattern catches each kind of write
  ...
ok 6 - the pattern catches each kind of write
# Subtest: C1: staging and production call the vendor once, with the brand's sender and reply-to
  ---
# Subtest: C1: each fixture answers its prompt's current version on the case's model
  duration_ms: 0.129292
  type: 'test'
  ...
# Subtest: seedLocalUsers
    # Subtest: refuses a non-loopback auth URL before sending anything
    ok 1 - refuses a non-loopback auth URL before sending anything
      ---
      duration_ms: 1.024334
      type: 'test'
ok 6 - C1: each fixture answers its prompt's current version on the case's model
  ---
  duration_ms: 1.605334
  duration_ms: 0.9835
      ...
ok 10 - C1: staging and production call the vendor once, with the brand's sender and reply-to
  ---
  duration_ms: 0.325417
  type: 'test'
  ---
  duration_ms: 0.315
cache miss, executing 0640dd18bbf8d3e5
  ...
# Subtest: C1: a tier whose own value is absent or empty reads the unsuffixed value
ok 8 - C1: a tier whose own value is absent or empty reads the unsuffixed value
  ---
  duration_ms: 0.108375
  type: 'test'
  ...
# Subtest: C1: extraction returns a Zod-validated contact that passes its eval
ok 7 - C1: extraction returns a Zod-validated contact that passes its eval
  ---
  duration_ms: 198.7775
  type: 'test'
  ...
TAP version 13
# Subtest: C1: an extraction answer that breaks the schema is refused
ok 8 - C1: an extraction answer that breaks the schema is refused
  ---
  duration_ms: 99.630416
  type: 'test'
  ...
# Subtest: C1: the one-shot generate returns a summary that passes its eval
ok 9 - C1: the one-shot generate returns a summary that passes its eval
  ---
  type: 'test'
    # Subtest: refuses a missing service-role key before sending anything
    ok 2 - refuses a missing service-role key before sending anything
# Subtest: C1: a cookie session and a bearer token for one user resolve to the same ctx.user
  type: 'test'
ok 1 - C1: a cookie session and a bearer token for one user resolve to the same ctx.user
  ---
  duration_ms: 12.468542
  type: 'test'
  ...
# Subtest: C1: the chat streams a UI message response that passes its eval
ok 10 - C1: the chat streams a UI message response that passes its eval
  ...
  ...
  type: 'test'
# Subtest: valid input parses, trimmed and defaulted
  ...
      ---
  ---
  duration_ms: 212.051042
      duration_ms: 0.163917
  type: 'test'
      type: 'test'
  ...
# Subtest: C2: no key on the local tier replays every fixture and never calls the vendor
ok 11 - C2: no key on the local tier replays every fixture and never calls the vendor
  ---
  duration_ms: 123.739
  type: 'test'
  ...
# Subtest: C2: with a key, the same call goes to the vendor (the stand-in sees it)
ok 12 - C2: with a key, the same call goes to the vendor (the stand-in sees it)
  type: 'test'
  ...
# Subtest: C1: nothing set picks undefined
ok 9 - C1: nothing set picks undefined
  ---
  duration_ms: 0.128042
  type: 'test'
  ...
# Subtest: C1: production never reads a suffixed value
  duration_ms: 15.302375
# Subtest: C2: request bodies and personal data are redacted too
  type: 'test'
  ---
  ...
  duration_ms: 19.166417
# Subtest: C1: an Authorization header decides alone: a refused token is anonymous even beside a good cookie
  type: 'test'
      ...
    # Subtest: creates each synthetic user through the local admin API
    ok 3 - creates each synthetic user through the local admin API
# Subtest: C1: a dashboard template is sent by its id, and EMAIL_FROM replaces the brand's address
ok 11 - C1: a dashboard template is sent by its id, and EMAIL_FROM replaces the brand's address
ok 2 - C1: an Authorization header decides alone: a refused token is anonymous even beside a good cookie
  ---
  ---
  ---
ok 4 - valid input parses, trimmed and defaulted
  ---
  ...
  duration_ms: 0.223542
# Subtest: C2: no key in a deployment or on a hosted tier throws, and never replays a fixture
ok 13 - C2: no key in a deployment or on a hosted tier throws, and never replays a fixture
  duration_ms: 0.458708
  ---
  type: 'test'
  ...
ok 10 - C1: production never reads a suffixed value
  ---
ok 8 - C2: request bodies and personal data are redacted too
  duration_ms: 0.063792
      ---
  ---
      duration_ms: 25.722792
  duration_ms: 0.162
      type: 'test'
  type: 'test'
      ...
  ...
# Subtest: ./browser reaches no server module, built-in or workspace package
  duration_ms: 0.1805
  type: 'test'
  ...
# Subtest: C2: the reporter's context is redacted; the error itself is passed as caught
  type: 'test'
# Subtest: C1: staging without a key refuses to send, naming the variable
    # Subtest: treats an existing email as done
    ok 4 - treats an existing email as done
ok 12 - C1: staging without a key refuses to send, naming the variable
      ---
      duration_ms: 0.994792
  duration_ms: 0.362166
      type: 'test'
  type: 'test'
      ...
  ...
    1..4
1..13
ok 7 - seedLocalUsers
# tests 13
  duration_ms: 0.169167
  ---
  type: 'test'
ok 9 - C2: the reporter's context is redacted; the error itself is passed as caught
  ...
  ---
# Subtest: C1: a scheme other than Bearer, or an empty token, is anonymous
  duration_ms: 0.243
ok 3 - C1: a scheme other than Bearer, or an empty token, is anonymous
  type: 'test'
  ...
  type: 'test'
# Subtest: C2: personal data and request bodies are redacted under their common compound names
  ...
  ...
1..4
  ---
# tests 4
  duration_ms: 28.56525
ok 10 - C2: personal data and request bodies are redacted under their common compound names
  type: 'suite'
# suites 0
  ...
# pass 13
# Subtest: db:local:reset
# fail 0
    # Subtest: refuses staging before resolving a URL
ok 4 - ./browser reaches no server module, built-in or workspace package
    ok 1 - refuses staging before resolving a URL
  ---
      ---
  duration_ms: 0.288792
      duration_ms: 363.237
  type: 'test'
      type: 'test'
  ...
      ...
    # Subtest: refuses staging before connecting, with its URLs set
    ok 2 - refuses staging before connecting, with its URLs set
      ---
  ---
      duration_ms: 288.344167
  duration_ms: 1.738625
# Subtest: ./redirect reaches no server module, built-in or workspace package
  type: 'test'
ok 5 - ./redirect reaches no server module, built-in or workspace package
  ...
# Subtest: C1: the suffix grammar names each form
      type: 'test'
ok 11 - C1: the suffix grammar names each form
      ...
  duration_ms: 0.293791
# cancelled 0
  type: 'test'
  ---
# Subtest: C1: a secret-like tag is redacted before it reaches the reporter
# skipped 0
# todo 0
  duration_ms: 0.120834
ok 11 - C1: a secret-like tag is redacted before it reaches the reporter
    # Subtest: refuses production before resolving a URL
  ---
  duration_ms: 0.848292
# duration_ms 1613.380959
  ---
  duration_ms: 0.119
  type: 'test'
  ...
  ...
  type: 'test'
# Subtest: C1: a vendor error is thrown, not swallowed
  type: 'test'
ok 13 - C1: a vendor error is thrown, not swallowed
# Subtest: the walk sees a server import when there is one
  ---
  ...
  duration_ms: 0.175958
  type: 'test'
  ...
# Subtest: maskAddress keeps the first letter and the domain only
ok 6 - the walk sees a server import when there is one
ok 14 - maskAddress keeps the first letter and the domain only
  ---
  ---
    ok 3 - refuses production before resolving a URL
  duration_ms: 0.050375
  type: 'test'
  ...
# Subtest: C1: a deployment left on the local tier neither sends nor logs the body
ok 15 - C1: a deployment left on the local tier neither sends nor logs the body
  ---
  duration_ms: 0.366292
  type: 'test'
  ...
  ...
  duration_ms: 0.585667
# Subtest: C1: a send logs its Resend id and recipient count, never the address or body
ok 16 - C1: a send logs its Resend id and recipient count, never the address or body
      ---
  ---
  duration_ms: 0.358167
  type: 'test'
  type: 'test'
  ...
# Subtest: formatSender keeps a display name and address on one line
ok 17 - formatSender keeps a display name and address on one line
  ---
  duration_ms: 0.111125
  type: 'test'
  ...
# Subtest: ./server is marked server-only, so a client component cannot import it
# Subtest: C1: the switch defaults to local, never production, and names itself when wrong
# Subtest: C1: a protected procedure refuses an anonymous caller with UNAUTHORIZED
# suites 0
  ---
# pass 4
  ...
# fail 0
1..17
# cancelled 0
# tests 17
# skipped 0
ok 7 - ./server is marked server-only, so a client component cannot import it
# todo 0
  ---
# duration_ms 140.003958
  duration_ms: 0.088583
  type: 'test'
  ...
# Subtest: ./admin is marked server-only, so a client component cannot import it
ok 4 - C1: a protected procedure refuses an anonymous caller with UNAUTHORIZED
ok 8 - ./admin is marked server-only, so a client component cannot import it
  ---
  ---
  duration_ms: 0.59
  duration_ms: 0.133208
      duration_ms: 283.743542
  type: 'test'
  ...
  duration_ms: 0.889667
# Subtest: ./session is marked server-only, so a client component cannot import it
  type: 'test'
ok 9 - ./session is marked server-only, so a client component cannot import it
ok 12 - C1: the switch defaults to local, never production, and names itself when wrong
# suites 0
  ---
  duration_ms: 0.073542
  type: 'test'
# pass 17
  type: 'test'
# fail 0
  ...
# cancelled 0
      type: 'test'
  ---
  ...
# Subtest: C1: a protected procedure hands the service a context for the caller, by cookie or by token
# Subtest: ./context is marked server-only, so a client component cannot import it
  ...
      ...
  duration_ms: 0.69475
ok 5 - C1: a protected procedure hands the service a context for the caller, by cookie or by token
ok 10 - ./context is marked server-only, so a client component cannot import it
# Subtest: C2: free text is scrubbed of addresses, credentials, JWTs and OAuth codes
ok 12 - C2: free text is scrubbed of addresses, credentials, JWTs and OAuth codes
  ---
  duration_ms: 0.233458
  type: 'test'
  ...
# Subtest: C2: an error's message and stack are scrubbed on the printed line
# skipped 0
# todo 0
# duration_ms 449.25
  ---
  type: 'test'
ok 13 - C2: an error's message and stack are scrubbed on the printed line
    # Subtest: refuses production before connecting, with its URLs set
    ok 4 - refuses production before connecting, with its URLs set
  duration_ms: 0.308583
      ---
  ...
  ---
# Subtest: outside a deployment the site URL is localhost, whatever is configured
ok 13 - outside a deployment the site URL is localhost, whatever is configured
  ---
  duration_ms: 0.580709
  type: 'test'
  duration_ms: 0.249917
  ...
# Subtest: in a deployment the configured URL is used, without a trailing slash
ok 14 - in a deployment the configured URL is used, without a trailing slash
  type: 'test'
  ...
# Subtest: a secret key in the public slot is refused, naming the variable
ok 11 - a secret key in the public slot is refused, naming the variable
  ---
  duration_ms: 0.631208
  type: 'test'
  type: 'test'
  ---
  ...
# Subtest: C2: secret-named values in free text follow the key rule, in every common form
  ---
ok 14 - C2: secret-named values in free text follow the key rule, in every common form
  duration_ms: 0.147417
  ---
  duration_ms: 0.667875
  type: 'test'
  ...
  ...
# Subtest: the publishable key and the legacy anon key pass
# Subtest: C2: prose, versions and error codes survive the scrub
ok 15 - C2: prose, versions and error codes survive the scrub
  ---
  duration_ms: 0.148125
ok 12 - the publishable key and the legacy anon key pass
  ---
  duration_ms: 0.588042
  duration_ms: 0.122208
  type: 'test'
  ...
# Subtest: C1: an admin procedure refuses a non-admin with FORBIDDEN and serves an admin
ok 6 - C1: an admin procedure refuses a non-admin with FORBIDDEN and serves an admin
  ---
  duration_ms: 0.351875
  type: 'test'
  type: 'test'
  ...
# Subtest: C2: scrubbing a long run without a match stays linear
  ...
  type: 'test'
  ...
  type: 'test'
# [api] api.fault {
ok 16 - C2: scrubbing a long run without a match stays linear
#   error: {
  ---
  ...
  duration_ms: 8.874625
  type: 'test'
#     name: 'Error',
  ...
#     message: 'Failed query: select "id", "body", "created_at", "updated_at" from "notes" where "notes"."id" = $1 limit $2\\n' +
1..14
# tests 14
# suites 0
# Subtest: C1: an invalid Date is logged, never thrown
# Subtest: the cookie stem the purge uses is the storage key the installed SDK writes
ok 17 - C1: an invalid Date is logged, never thrown
      duration_ms: 276.671292
      type: 'test'
      ...
  ---
    # Subtest: refuses a local URL that is not this machine, before connecting
  duration_ms: 0.13625
ok 13 - the cookie stem the purge uses is the storage key the installed SDK writes
  type: 'test'
  ---
  duration_ms: 17.327875
# pass 14
#       'params: 00000000-0000-4000-8000-0000000000aa,1',
# fail 0
# cancelled 0
  type: 'test'
# skipped 0
# todo 0
  ...
    ok 5 - refuses a local URL that is not this machine, before connecting
# Using the user object as returned from supabase.auth.getSession() or from some supabase.auth.onAuthStateChange() events could be insecure! This value comes directly from the storage medium (usually cookies on the server) and may not be authentic. Use supabase.auth.getUser() instead which authenticates the data by contacting the Supabase Auth server.
#     stack: 'Error: Failed query: select "id", "body", "created_at", "updated_at" from "notes" where "notes"."id" = $1 limit $2\\n' +
#       'params: 00000000-0000-4000-8000-0000000000aa,1\\n' +
# duration_ms 134.8805
#       '    at PreparedQuery.queryWithCache (file://./node_modules/drizzle-orm/pg-core/session.js:41:15)\\n' +
# Subtest: C1: returns the user's id, email and app_metadata role from getUser
ok 14 - C1: returns the user's id, email and app_metadata role from getUser
  ---
  duration_ms: 0.9565
  type: 'test'
  ...
      ---
      duration_ms: 280.939167
  ...
1..17
# tests 17
# suites 0
# Subtest: C1: a user without a known app_metadata role is a user; user_metadata is never read
#       '    at async file://./node_modules/drizzle-orm/pg-proxy/session.js:80:33\\n' +
#       '    at async file://./node_modules/drizzle-orm/pg-proxy/session.js:75:20\\n' +
#       '    at async file://./packages/services/src/notes/notes.ts:66:21\\n' +
#       '    at async guarded (file://./packages/services/src/notes/notes.ts:33:12)\\n' +
#       '    at async resolveMiddleware (file://./node_modules/@trpc/server/dist/initTRPC-B259os3T.mjs:203:17)\\n' +
ok 15 - C1: a user without a known app_metadata role is a user; user_metadata is never read
      type: 'test'
#       '    at async callRecursive (file://./node_modules/@trpc/server/dist/initTRPC-B259os3T.mjs:238:10)\\n' +
# pass 17
#       '    at async callRecursive (file://./node_modules/@trpc/server/dist/initTRPC-B259os3T.mjs:238:10)\\n' +
# fail 0
      ...
# cancelled 0
# skipped 0
# todo 0
    # Subtest: refuses a malformed tier
  ---
    ok 6 - refuses a malformed tier
  duration_ms: 0.109292
  type: 'test'
  ...
      ---
      duration_ms: 276.405208
      type: 'test'
      ...
    1..6
ok 8 - db:local:reset
  ---
  duration_ms: 1770.032042
  type: 'suite'
  ...
# Subtest: nonLoopbackBindings
    # Subtest: names every interface and a specific LAN address
    ok 1 - names every interface and a specific LAN address
      ---
# Subtest: C1: refuses when getUser returns an error, even with a user beside it
      duration_ms: 1.227292
#       '    at async callRecursive (file://./node_modules/@trpc/server/dist/initTRPC-B259os3T.mjs:238:10)\\n' +
#       '    at async file://./packages/api/src/trpc.ts:38:18',
#     cause: {
#       name: 'Error',
#       message: 'relation "notes" does not exist',
#       stack: 'Error: relation "notes" does not exist\\n' +
#         '    at file://./packages/api/src/errors.test.ts:147:22\\n' +
#         '    at file://./packages/api/src/test-helpers.ts:83:20\\n' +
ok 16 - C1: refuses when getUser returns an error, even with a user beside it
      type: 'test'
      ...
    # Subtest: passes loopback-only bindings
  ---
  duration_ms: 0.101042
#         '    at file://./node_modules/drizzle-orm/pg-proxy/session.js:81:24\\n' +
#         '    at PreparedQuery.queryWithCache (file://./node_modules/drizzle-orm/pg-core/session.js:39:22)\\n' +
# duration_ms 98.770208
#         '    at file://./node_modules/drizzle-orm/pg-proxy/session.js:80:44\\n' +
#         '    at Object.startActiveSpan (file://./node_modules/drizzle-orm/tracing.js:8:14)\\n' +
#         '    at file://./node_modules/drizzle-orm/pg-proxy/session.js:75:33\\n' +
#         '    at Object.startActiveSpan (file://./node_modules/drizzle-orm/tracing.js:8:14)\\n' +
#         '    at PreparedQuery.execute (file://./node_modules/drizzle-orm/pg-proxy/session.js:59:19)\\n' +
#         '    at file://./node_modules/drizzle-orm/pg-core/query-builders/select.js:797:30'
    ok 2 - passes loopback-only bindings
      ---
      duration_ms: 0.110292
      type: 'test'
      ...
    1..2
ok 9 - nonLoopbackBindings
  type: 'test'
  ...
# Subtest: C1: a forged session cookie is refused when Supabase cannot fetch its user
ok 17 - C1: a forged session cookie is refused when Supabase cannot fetch its user
  ---
  duration_ms: 1.9485
  type: 'suite'
  ...
# Subtest: runtime takes the transaction pooler on a hosted tier
ok 10 - runtime takes the transaction pooler on a hosted tier
  ---
  duration_ms: 2.834625
  type: 'test'
  ...
# Subtest: migrations take the session pooler on a hosted tier
ok 11 - migrations take the session pooler on a hosted tier
  ---
  ---
  duration_ms: 16.186708
  type: 'test'
  ...
# Subtest: C1: the same cookie passes once Supabase returns its user, with the role from that answer
#     }
  duration_ms: 0.202875
ok 18 - C1: the same cookie passes once Supabase returns its user, with the role from that answer
  ---
#   },
  duration_ms: 1.254667
  type: 'test'
  ...
# Subtest: C1: the mirror is called once per user per process, and again after a refusal, a failure or an email change
#   path: 'notes.get'
  type: 'test'
  ...
ok 19 - C1: the mirror is called once per user per process, and again after a refusal, a failure or an email change
  ---
  duration_ms: 0.4635
  type: 'test'
  ...
# Subtest: C1: concurrent requests for one user share one mirror call
ok 20 - C1: concurrent requests for one user share one mirror call
  ---
# }
# Subtest: C2: the mapper turns each domain error into its tRPC code and keeps the message
  duration_ms: 25.821709
  type: 'test'
  ...
# Subtest: C1: an anonymous or refused request never reaches the mirror
ok 21 - C1: an anonymous or refused request never reaches the mirror
  ---
  duration_ms: 0.209542
  type: 'test'
  ...
# Subtest: a sign-in on localhost lands back on localhost, at next
ok 22 - a sign-in on localhost lands back on localhost, at next
  ---
# Subtest: the local tier is not checked beyond the scheme
ok 12 - the local tier is not checked beyond the scheme
  ---
  duration_ms: 0.098833
  type: 'test'
  ...
# Subtest: errors and descriptions never carry credentials
ok 13 - errors and descriptions never carry credentials
ok 7 - C2: the mapper turns each domain error into its tRPC code and keeps the message
  ---
  duration_ms: 0.610917
  type: 'test'
  ---
  ...
# Subtest: C2: a service's domain error leaves a procedure as its tRPC code
  duration_ms: 0.096666
  duration_ms: 0.851042
  type: 'test'
  ...
  type: 'test'
  ...
# Subtest: applyLocalAuthMirror
    # Subtest: refuses a non-loopback host before connecting
# Subtest: next that leaves the origin becomes /
ok 23 - next that leaves the origin becomes /
  ---
  duration_ms: 0.585792
  type: 'test'
  ...
# Subtest: the callback URL is on the site's origin and carries next only when it is a path
ok 24 - the callback URL is on the site's origin and carries next only when it is a path
  ---
  duration_ms: 0.504333
ok 8 - C2: a service's domain error leaves a procedure as its tRPC code
  ---
  duration_ms: 13.557041
  type: 'test'
  ...
# Subtest: C2: over HTTP, a note row-level security withholds is NOT_FOUND (404)
  type: 'test'
  ...
# @supabase/ssr: chunked cookie decoded to invalid JSON, treating as absent. This usually indicates that cookie chunks from different writes were combined (e.g. response committed before all Set-Cookie headers were sent).
    ok 1 - refuses a non-loopback host before connecting
      ---
ok 9 - C2: over HTTP, a note row-level security withholds is NOT_FOUND (404)
# @supabase/ssr: chunked cookie decoded to invalid JSON, treating as absent. This usually indicates that cookie chunks from different writes were combined (e.g. response committed before all Set-Cookie headers were sent).
# @supabase/ssr: chunked cookie decoded to invalid JSON, treating as absent. This usually indicates that cookie chunks from different writes were combined (e.g. response committed before all Set-Cookie headers were sent).
      duration_ms: 4.711667
      type: 'test'
# Subtest: C2: on the local stack, updateSession deletes every staging session cookie and nothing else
      ...
    # Subtest: passes the host check on loopback and only then connects
    ok 2 - passes the host check on loopback and only then connects
  ---
  duration_ms: 6.672125
ok 25 - C2: on the local stack, updateSession deletes every staging session cookie and nothing else
  ---
  duration_ms: 17.490542
  type: 'test'
  ...
# Subtest: C2: the project's own cookies are never purged
  type: 'test'
      ---
      duration_ms: 2.493667
      type: 'test'
      ...
    1..2
ok 14 - applyLocalAuthMirror
  ...
ok 26 - C2: the project's own cookies are never purged
  ---
  duration_ms: 1.6405
# Subtest: C2: over HTTP, a policy's refusal is FORBIDDEN (403) and a unique violation CONFLICT (409)
  ---
  type: 'test'
ok 10 - C2: over HTTP, a policy's refusal is FORBIDDEN (403) and a unique violation CONFLICT (409)
  duration_ms: 7.824
  type: 'suite'
  ...
# Subtest: C2: switching back to staging purges the local stack's cookies
ok 27 - C2: switching back to staging purges the local stack's cookies
  ...
# Subtest: isLoopbackHost
    # Subtest: accepts localhost, 127.0.0.0/8 and ::1
    ok 1 - accepts localhost, 127.0.0.0/8 and ::1
  ---
  ---
  duration_ms: 2.608834
  type: 'test'
  ...
# Subtest: C2: over HTTP, input that fails its validator is BAD_REQUEST (400) with the failed fields
      ---
      duration_ms: 0.674875
      type: 'test'
      ...
    # Subtest: refuses every other host, including look-alikes
    ok 2 - refuses every other host, including look-alikes
      ---
      duration_ms: 0.080834
      type: 'test'
      ...
    # Subtest: isLoopbackUrl reads the URL's host and refuses an unparseable URL
  duration_ms: 0.578125
  type: 'test'
ok 11 - C2: over HTTP, input that fails its validator is BAD_REQUEST (400) with the failed fields
    ok 3 - isLoopbackUrl reads the URL's host and refuses an unparseable URL
  ...
# Subtest: C2: with no foreign cookie, nothing is written
      ---
      duration_ms: 0.150833
      type: 'test'
ok 28 - C2: with no foreign cookie, nothing is written
  ---
      ...
    1..3
ok 15 - isLoopbackHost
  duration_ms: 0.85725
  type: 'test'
  ...
# Subtest: C2: the purge reads every cookie form Supabase writes
ok 29 - C2: the purge reads every cookie form Supabase writes
  ---
  duration_ms: 0.271167
  type: 'test'
  ...
# Subtest: C2: switching to a tier with no project clears every Supabase session cookie
ok 30 - C2: switching to a tier with no project clears every Supabase session cookie
  ---
  duration_ms: 0.137834
  type: 'test'
  ...
1..30
# tests 30
# suites 0
  ---
# pass 30
# fail 0
# cancelled 0
# skipped 0
# todo 0
# duration_ms 379.610792
  duration_ms: 1.424417
  type: 'suite'
  ...
# Subtest: the bridge accepts a UUID user and a known role
ok 16 - the bridge accepts a UUID user and a known role
  ---
  duration_ms: 0.8635
  type: 'test'
  ...
# Subtest: the bridge refuses a partial or forged identity before any SQL
ok 17 - the bridge refuses a partial or forged identity before any SQL
  ---
  duration_ms: 0.2925
  type: 'test'
  ...
# Subtest: the schema exports tables, and none of them outside public
ok 18 - the schema exports tables, and none of them outside public
  ---
  duration_ms: 0.809208
  type: 'test'
  ...
# Subtest: authUsers is never exported from the schema
ok 19 - authUsers is never exported from the schema
  ---
  duration_ms: 0.064625
  type: 'test'
  ...
# Subtest: every table carries its policies beside it
ok 20 - every table carries its policies beside it
  ---
  duration_ms: 0.188375
  type: 'test'
  ...
1..20
# tests 32
# suites 5
# pass 32
# fail 0
# cancelled 0
# skipped 0
# todo 0
# duration_ms 1932.252792
  ---
  duration_ms: 1.396583
  type: 'test'
  ...
# Subtest: C2: a fault is INTERNAL_SERVER_ERROR (500) and its message stays on the server
ok 12 - C2: a fault is INTERNAL_SERVER_ERROR (500) and its message stays on the server
  ---
  duration_ms: 2.658708
  type: 'test'
  ...
1..12
# tests 12
# suites 0
# pass 12
# fail 0
# cancelled 0
# skipped 0
# todo 0
# duration_ms 481.412667
TAP version 13
# [billing] webhook.rejected {
#   reason: 'No signatures found matching the expected signature for payload. Are you passing the raw request body you received from Stripe? \\n' +
#     ' If a webhook request is being forwarded by a third-party tool, ensure that the exact request body, including JSON formatting and new line style, is preserved.\\n' +
#     '\\n' +
#     'Learn more about webhook signing and explore webhook integration examples for various frameworks at https://docs.stripe.com/webhooks/signature\\n'
# }
# [billing] webhook.rejected {
#   reason: 'No signatures found matching the expected signature for payload. Are you passing the raw request body you received from Stripe? \\n' +
#     ' If a webhook request is being forwarded by a third-party tool, ensure that the exact request body, including JSON formatting and new line style, is preserved.\\n' +
#     '\\n' +
#     'Learn more about webhook signing and explore webhook integration examples for various frameworks at https://docs.stripe.com/webhooks/signature\\n'
# }
# [billing] webhook.rejected { reason: 'no stripe-signature header' }
# [billing] webhook.processed { eventId: 'evt_replayed', eventType: 'checkout.session.completed' }
# [billing] webhook.duplicate { eventId: 'evt_replayed', eventType: 'checkout.session.completed' }
# [billing] webhook.in_flight { eventId: 'evt_busy', eventType: 'checkout.session.completed' }
# [billing] webhook.unconfigured {
#   reason: 'STRIPE_WEBHOOK_SECRET is unset for this tier (STRIPE_WEBHOOK_SECRET_LOCAL off a deployment)'
# }
# [billing] webhook.processed { eventId: 'evt_sub', eventType: 'customer.subscription.deleted' }
# [billing] webhook.processed { eventId: 'evt_cs', eventType: 'checkout.session.completed' }
# [billing] webhook.ignored { eventId: 'evt_other', eventType: 'invoice.paid' }
# [billing] webhook.ignored { eventId: 'evt_proto', eventType: 'constructor' }
# [billing] webhook.handler_failed {
#   eventId: 'evt_flaky',
#   eventType: 'checkout.session.completed',
#   error: {
#     name: 'Error',
#     message: 'synthetic failure',
#     stack: 'Error: synthetic failure\\n' +
#       '    at checkout.session.completed (file://./apps/web/lib/billing/webhook/handle.test.ts:69:46)\\n' +
#       '    at handleStripeWebhook (file://./apps/web/lib/billing/webhook/handle.ts:125:11)\\n' +
#       '    at async TestContext.<anonymous> (file://./apps/web/lib/billing/webhook/handle.test.ts:235:20)\\n' +
#       '    at async Test.run (node:internal/test_runner/test:1054:7)\\n' +
#       '    at async Promise.all (index 0)\\n' +
#       '    at async Suite.run (node:internal/test_runner/test:1442:7)\\n' +
#       '    at async Test.processPendingSubtests (node:internal/test_runner/test:744:7)'
#   }
# }
# [billing] webhook.ledger_failed {
#   eventId: 'evt_nodb',
#   eventType: 'checkout.session.completed',
#   error: {
#     name: 'Error',
#     message: 'synthetic: database unreachable',
#     stack: 'Error: synthetic: database unreachable\\n' +
#       '    at Object.claim (file://./apps/web/lib/billing/webhook/handle.test.ts:263:15)\\n' +
#       '    at handleStripeWebhook (file://./apps/web/lib/billing/webhook/handle.ts:110:31)\\n' +
#       '    at async TestContext.<anonymous> (file://./apps/web/lib/billing/webhook/handle.test.ts:266:20)\\n' +
#       '    at async Test.run (node:internal/test_runner/test:1054:7)\\n' +
#       '    at async Suite.processPendingSubtests (node:internal/test_runner/test:744:7)'
#   },
#   step: 'claim'
# }
# [billing] webhook.processed { eventId: 'evt_flaky', eventType: 'checkout.session.completed' }
# Subtest: C1: an unverified webhook is rejected and a replay is ignored
    # Subtest: a signature made with another secret is rejected before anything is read or written
    ok 1 - a signature made with another secret is rejected before anything is read or written
      ---
      duration_ms: 2.366167
      type: 'test'
      ...
    # Subtest: a body changed after signing is rejected
    ok 2 - a body changed after signing is rejected
      ---
      duration_ms: 0.444042
      type: 'test'
      ...
    # Subtest: a delivery with no signature header is rejected
    ok 3 - a delivery with no signature header is rejected
      ---
      duration_ms: 0.175334
      type: 'test'
      ...
    # Subtest: a replayed event id is acknowledged and its handler does not run again
    ok 4 - a replayed event id is acknowledged and its handler does not run again
      ---
      duration_ms: 0.603166
      type: 'test'
      ...
    # Subtest: an event another delivery is still handling gets a retryable non-2xx
    ok 5 - an event another delivery is still handling gets a retryable non-2xx
      ---
      duration_ms: 0.593166
      type: 'test'
      ...
    # Subtest: with no signing secret configured nothing is verified, and Stripe is told to retry
    ok 6 - with no signing secret configured nothing is verified, and Stripe is told to retry
      ---
      duration_ms: 0.280292
      type: 'test'
      ...
    1..6
ok 1 - C1: an unverified webhook is rejected and a replay is ignored
  ---
  duration_ms: 5.021833
  type: 'suite'
  ...
# Subtest: C2: a signed event reaches the handler its type maps to
    # Subtest: each type goes to its own handler, and the id is recorded only after
    ok 1 - each type goes to its own handler, and the id is recorded only after
      ---
      duration_ms: 0.807375
      type: 'test'
      ...
    1..1
ok 2 - C2: a signed event reaches the handler its type maps to
  ---
  duration_ms: 1.095375
  type: 'suite'
  ...
# Subtest: C3: an event type with no handler is acknowledged and dispatched nowhere
    # Subtest: a 2xx, no handler runs, and the ledger is not touched
    ok 1 - a 2xx, no handler runs, and the ledger is not touched
      ---
      duration_ms: 0.480333
      type: 'test'
      ...
    # Subtest: a type named like an object property is not a handler
    ok 2 - a type named like an object property is not a handler
      ---
      duration_ms: 0.418167
      type: 'test'
      ...
    1..2
ok 3 - C3: an event type with no handler is acknowledged and dispatched nowhere
  ---
  duration_ms: 0.997667
  type: 'suite'
  ...
# Subtest: C4: a handler that throws gets a retryable 5xx and is not recorded
    # Subtest: the claim is released, the id is not processed, and the retry runs the handler
    ok 1 - the claim is released, the id is not processed, and the retry runs the handler
      ---
      duration_ms: 0.872875
      type: 'test'
      ...
    # Subtest: a ledger that cannot be written is retryable too
    ok 2 - a ledger that cannot be written is retryable too
      ---
      duration_ms: 0.298
      type: 'test'
      ...
    1..2
ok 4 - C4: a handler that throws gets a retryable 5xx and is not recorded
  ---
  duration_ms: 1.232833
  type: 'suite'
  ...
# Subtest: a build without SENTRY_AUTH_TOKEN skips the upload and names no credential
ok 5 - a build without SENTRY_AUTH_TOKEN skips the upload and names no credential
  ---
  duration_ms: 0.616125
  type: 'test'
  ...
# Subtest: a local build with a token still skips the upload
ok 6 - a local build with a token still skips the upload
  ---
  duration_ms: 0.109834
  type: 'test'
  ...
# Subtest: a deployment with the token, org and project uploads under the commit release
ok 7 - a deployment with the token, org and project uploads under the commit release
  ---
  duration_ms: 0.073375
  type: 'test'
  ...
# Subtest: on local nothing registers, though production's and staging's DSNs are set
ok 8 - on local nothing registers, though production's and staging's DSNs are set
  ---
  duration_ms: 0.508125
  type: 'test'
  ...
# Subtest: each tier reads only its own DSN, never production's
ok 9 - each tier reads only its own DSN, never production's
  ---
  duration_ms: 0.07375
  type: 'test'
  ...
# Subtest: a local DSN set on purpose registers
ok 10 - a local DSN set on purpose registers
  ---
  duration_ms: 0.134917
  type: 'test'
  ...
# Subtest: with a DSN, the SDK starts with every data category off and the reporter is registered
ok 11 - with a DSN, the SDK starts with every data category off and the reporter is registered
  ---
  duration_ms: 0.57375
  type: 'test'
  ...
# Subtest: every dataCollection category is set explicitly
ok 12 - every dataCollection category is set explicitly
  ---
  duration_ms: 0.071167
  type: 'test'
  ...
# Subtest: beforeSend drops cookies, body, headers and query, keeping url path and method
ok 13 - beforeSend drops cookies, body, headers and query, keeping url path and method
  ---
  duration_ms: 1.453083
  type: 'test'
  ...
# Subtest: the user is reduced to an opaque id
ok 14 - the user is reduced to an opaque id
  ---
  duration_ms: 0.131875
  type: 'test'
  ...
# Subtest: a user without an id is dropped whole
ok 15 - a user without an id is dropped whole
  ---
  duration_ms: 0.14575
  type: 'test'
  ...
# Subtest: free text is scrubbed and extra and breadcrumb data are dropped
ok 16 - free text is scrubbed and extra and breadcrumb data are dropped
  ---
  duration_ms: 0.129958
  type: 'test'
  ...
# Subtest: the input event is not mutated
ok 17 - the input event is not mutated
  ---
  duration_ms: 0.079416
  type: 'test'
  ...
1..17
# tests 24
# suites 4
# pass 24
# fail 0
# cancelled 0
# skipped 0
# todo 0
# duration_ms 181.618

 RUN  v5.0.3 ./packages/ui

 ❯ .storybook/story-coverage.test.ts (5 tests | 1 failed) 11ms
   ❯ story coverage (5)
     × passes for every @pem/ui component 7ms
     ✓ fails a component with no story, naming it 1ms
     ✓ fails a story title outside the grammar, and passes one inside it 0ms
     ✓ fails a provider with no story, naming it 0ms
     ✓ reports nothing else in the fixture 1ms
stderr | .storybook/stories.test.ts > Composed/Control/Theme toggle > System
Encountered a script tag while rendering React component. Scripts inside React components are never executed when rendering on the client. Consider using template tag instead (https://developer.mozilla.org/en-US/docs/Web/HTML/Element/template).

Not implemented: Window's getComputedStyle() method: with pseudo-elements
Not implemented: Window's getComputedStyle() method: with pseudo-elements
Not implemented: Window's getComputedStyle() method: with pseudo-elements
Not implemented: Window's getComputedStyle() method: with pseudo-elements
Not implemented: Window's getComputedStyle() method: with pseudo-elements
Not implemented: Window's getComputedStyle() method: with pseudo-elements
Not implemented: Window's getComputedStyle() method: with pseudo-elements
Not implemented: Window's getComputedStyle() method: with pseudo-elements
Not implemented: Window's getComputedStyle() method: with pseudo-elements
Not implemented: Window's getComputedStyle() method: with pseudo-elements
Not implemented: Window's getComputedStyle() method: with pseudo-elements
Not implemented: Window's getComputedStyle() method: with pseudo-elements
Not implemented: Window's getComputedStyle() method: with pseudo-elements
Not implemented: Window's getComputedStyle() method: with pseudo-elements
Not implemented: Window's getComputedStyle() method: with pseudo-elements
Not implemented: Window's getComputedStyle() method: with pseudo-elements
Not implemented: Window's getComputedStyle() method: with pseudo-elements
Not implemented: Window's getComputedStyle() method: with pseudo-elements
Not implemented: Window's getComputedStyle() method: with pseudo-elements
Not implemented: Window's getComputedStyle() method: with pseudo-elements
Not implemented: Window's getComputedStyle() method: with pseudo-elements
Not implemented: Window's getComputedStyle() method: with pseudo-elements
Not implemented: Window's getComputedStyle() method: with pseudo-elements
Not implemented: Window's getComputedStyle() method: with pseudo-elements
Not implemented: Window's getComputedStyle() method: with pseudo-elements
Not implemented: Window's getComputedStyle() method: with pseudo-elements
Not implemented: Window's getComputedStyle() method: with pseudo-elements
Not implemented: Window's getComputedStyle() method: with pseudo-elements
Not implemented: Window's getComputedStyle() method: with pseudo-elements
Not implemented: Window's getComputedStyle() method: with pseudo-elements
Not implemented: Window's getComputedStyle() method: with pseudo-elements
Not implemented: Window's getComputedStyle() method: with pseudo-elements
Not implemented: Window's getComputedStyle() method: with pseudo-elements
Not implemented: Window's getComputedStyle() method: with pseudo-elements
Not implemented: Window's getComputedStyle() method: with pseudo-elements
Not implemented: Window's getComputedStyle() method: with pseudo-elements
Not implemented: Window's getComputedStyle() method: with pseudo-elements
Not implemented: Window's getComputedStyle() method: with pseudo-elements
Not implemented: Window's getComputedStyle() method: with pseudo-elements
Not implemented: Window's getComputedStyle() method: with pseudo-elements
Not implemented: Window's getComputedStyle() method: with pseudo-elements
Not implemented: Window's getComputedStyle() method: with pseudo-elements
Not implemented: Window's getComputedStyle() method: with pseudo-elements
Not implemented: Window's getComputedStyle() method: with pseudo-elements
Not implemented: Window's getComputedStyle() method: with pseudo-elements
Not implemented: Window's getComputedStyle() method: with pseudo-elements
Not implemented: Window's getComputedStyle() method: with pseudo-elements
Not implemented: Window's getComputedStyle() method: with pseudo-elements
Not implemented: Window's getComputedStyle() method: with pseudo-elements
Not implemented: Window's getComputedStyle() method: with pseudo-elements
Not implemented: Window's getComputedStyle() method: with pseudo-elements
Not implemented: Window's getComputedStyle() method: with pseudo-elements
Not implemented: Window's getComputedStyle() method: with pseudo-elements
Not implemented: Window's getComputedStyle() method: with pseudo-elements
Not implemented: Window's getComputedStyle() method: with pseudo-elements
Not implemented: Window's getComputedStyle() method: with pseudo-elements
Not implemented: Window's getComputedStyle() method: with pseudo-elements
Not implemented: Window's getComputedStyle() method: with pseudo-elements
Not implemented: Window's getComputedStyle() method: with pseudo-elements
Not implemented: Window's getComputedStyle() method: with pseudo-elements
Not implemented: Window's getComputedStyle() method: with pseudo-elements
Not implemented: Window's getComputedStyle() method: with pseudo-elements
Not implemented: Window's getComputedStyle() method: with pseudo-elements
Not implemented: Window's getComputedStyle() method: with pseudo-elements
Not implemented: Window's getComputedStyle() method: with pseudo-elements
Not implemented: Window's getComputedStyle() method: with pseudo-elements
Not implemented: Window's getComputedStyle() method: with pseudo-elements
Not implemented: Window's getComputedStyle() method: with pseudo-elements
Not implemented: Window's getComputedStyle() method: with pseudo-elements
Not implemented: Window's getComputedStyle() method: with pseudo-elements
Not implemented: Window's getComputedStyle() method: with pseudo-elements
Not implemented: Window's getComputedStyle() method: with pseudo-elements
Not implemented: Window's getComputedStyle() method: with pseudo-elements
Not implemented: Window's getComputedStyle() method: with pseudo-elements
Not implemented: Window's getComputedStyle() method: with pseudo-elements
Not implemented: Window's getComputedStyle() method: with pseudo-elements
Not implemented: Window's getComputedStyle() method: with pseudo-elements
Not implemented: Window's getComputedStyle() method: with pseudo-elements
Not implemented: Window's getComputedStyle() method: with pseudo-elements
Not implemented: Window's getComputedStyle() method: with pseudo-elements
Not implemented: Window's getComputedStyle() method: with pseudo-elements
Not implemented: Window's getComputedStyle() method: with pseudo-elements
Not implemented: Window's getComputedStyle() method: with pseudo-elements
Not implemented: Window's getComputedStyle() method: with pseudo-elements
Not implemented: Window's getComputedStyle() method: with pseudo-elements
Not implemented: Window's getComputedStyle() method: with pseudo-elements
Not implemented: Window's getComputedStyle() method: with pseudo-elements
Not implemented: Window's getComputedStyle() method: with pseudo-elements
Not implemented: Window's getComputedStyle() method: with pseudo-elements
Not implemented: Window's getComputedStyle() method: with pseudo-elements
Not implemented: Window's getComputedStyle() method: with pseudo-elements
Not implemented: Window's getComputedStyle() method: with pseudo-elements
Not implemented: Window's getComputedStyle() method: with pseudo-elements
Not implemented: Window's getComputedStyle() method: with pseudo-elements
Not implemented: Window's getComputedStyle() method: with pseudo-elements
Not implemented: Window's getComputedStyle() method: with pseudo-elements
Not implemented: Window's getComputedStyle() method: with pseudo-elements
Not implemented: Window's getComputedStyle() method: with pseudo-elements
Not implemented: Window's getComputedStyle() method: with pseudo-elements
Not implemented: Window's getComputedStyle() method: with pseudo-elements
Not implemented: Window's getComputedStyle() method: with pseudo-elements
Not implemented: Window's getComputedStyle() method: with pseudo-elements
Not implemented: Window's getComputedStyle() method: with pseudo-elements
Not implemented: Window's getComputedStyle() method: with pseudo-elements
Not implemented: Window's getComputedStyle() method: with pseudo-elements
Not implemented: Window's getComputedStyle() method: with pseudo-elements
Not implemented: Window's getComputedStyle() method: with pseudo-elements
Not implemented: Window's getComputedStyle() method: with pseudo-elements
Not implemented: Window's getComputedStyle() method: with pseudo-elements
Not implemented: Window's getComputedStyle() method: with pseudo-elements
Not implemented: Window's getComputedStyle() method: with pseudo-elements
Not implemented: Window's getComputedStyle() method: with pseudo-elements
Not implemented: Window's getComputedStyle() method: with pseudo-elements
Not implemented: Window's getComputedStyle() method: with pseudo-elements
Not implemented: Window's getComputedStyle() method: with pseudo-elements
Not implemented: Window's getComputedStyle() method: with pseudo-elements
Not implemented: Window's getComputedStyle() method: with pseudo-elements
Not implemented: Window's getComputedStyle() method: with pseudo-elements
Not implemented: Window's getComputedStyle() method: with pseudo-elements
Not implemented: Window's getComputedStyle() method: with pseudo-elements
Not implemented: Window's getComputedStyle() method: with pseudo-elements
Not implemented: Window's getComputedStyle() method: with pseudo-elements
Not implemented: Window's getComputedStyle() method: with pseudo-elements
Not implemented: Window's getComputedStyle() method: with pseudo-elements
Not implemented: Window's getComputedStyle() method: with pseudo-elements
Not implemented: Window's getComputedStyle() method: with pseudo-elements
Not implemented: Window's getComputedStyle() method: with pseudo-elements
Not implemented: Window's getComputedStyle() method: with pseudo-elements
Not implemented: Window's getComputedStyle() method: with pseudo-elements
Not implemented: Window's getComputedStyle() method: with pseudo-elements
Not implemented: Window's getComputedStyle() method: with pseudo-elements
Not implemented: Window's getComputedStyle() method: with pseudo-elements
Not implemented: Window's getComputedStyle() method: with pseudo-elements
Not implemented: Window's getComputedStyle() method: with pseudo-elements
Not implemented: Window's getComputedStyle() method: with pseudo-elements
Not implemented: Window's getComputedStyle() method: with pseudo-elements
Not implemented: Window's getComputedStyle() method: with pseudo-elements
Not implemented: Window's getComputedStyle() method: with pseudo-elements
Not implemented: Window's getComputedStyle() method: with pseudo-elements
Not implemented: Window's getComputedStyle() method: with pseudo-elements
Not implemented: Window's getComputedStyle() method: with pseudo-elements
Not implemented: Window's getComputedStyle() method: with pseudo-elements
Not implemented: Window's getComputedStyle() method: with pseudo-elements
Not implemented: Window's getComputedStyle() method: with pseudo-elements
Not implemented: Window's getComputedStyle() method: with pseudo-elements
Not implemented: Window's getComputedStyle() method: with pseudo-elements
Not implemented: Window's getComputedStyle() method: with pseudo-elements
Not implemented: Window's getComputedStyle() method: with pseudo-elements
Not implemented: Window's getComputedStyle() method: with pseudo-elements
Not implemented: Window's getComputedStyle() method: with pseudo-elements
Not implemented: Window's getComputedStyle() method: with pseudo-elements
Not implemented: Window's getComputedStyle() method: with pseudo-elements
Not implemented: Window's getComputedStyle() method: with pseudo-elements
Not implemented: Window's getComputedStyle() method: with pseudo-elements
Not implemented: Window's getComputedStyle() method: with pseudo-elements
Not implemented: Window's getComputedStyle() method: with pseudo-elements
Not implemented: Window's getComputedStyle() method: with pseudo-elements
Not implemented: Window's getComputedStyle() method: with pseudo-elements
Not implemented: Window's getComputedStyle() method: with pseudo-elements
Not implemented: Window's getComputedStyle() method: with pseudo-elements
Not implemented: Window's getComputedStyle() method: with pseudo-elements
Not implemented: Window's getComputedStyle() method: with pseudo-elements
 ✓ .storybook/stories.test.ts (200 tests) 5760ms

⎯⎯⎯⎯⎯⎯⎯ Failed Tests 1 ⎯⎯⎯⎯⎯⎯⎯

 FAIL  .storybook/story-coverage.test.ts > story coverage > passes for every @pem/ui component
AssertionError: expected [ …(7) ] to deeply equal []

- Expected
+ Received

- []
+ [
+   "packages/ui/src/primitives/control/button-group: no story; add button-group.stories.tsx beside the component",
+   "packages/ui/src/primitives/control/toggle-group: no story; add toggle-group.stories.tsx beside the component",
+   "packages/ui/src/primitives/feedback/alert-dialog: no story; add alert-dialog.stories.tsx beside the component",
+   "packages/ui/src/primitives/feedback/dialog: no story; add dialog.stories.tsx beside the component",
+   "packages/ui/src/primitives/feedback/toast: no story; add toast.stories.tsx beside the component",
+   "packages/ui/src/primitives/layout/field: no story; add field.stories.tsx beside the component",
+   "packages/ui/src/primitives/layout/sheet: no story; add sheet.stories.tsx beside the component",
+ ]

 ❯ .storybook/story-coverage.test.ts:11:59
      9| describe("story coverage", () => {
     10|   it("passes for every @pem/ui component", () => {
     11|     expect(findStoryCoverageProblems(pkg, "packages/ui")).toEqual([]);
       |                                                           ^
     12|   });
     13|

⎯⎯⎯⎯⎯⎯⎯⎯⎯⎯⎯⎯⎯⎯⎯⎯⎯⎯⎯⎯⎯⎯⎯⎯[1/1]⎯


 Test Files  1 failed | 1 passed (2)
      Tests  1 failed | 204 passed (205)
   Start at  20:20:31
   Duration  10.81s (tests 44%, transform 34%, environment 10%, setup 9%, import 3%)

  Transform  transforming modules took 4.45s · 34% of tracked time, re-done on every run
             persist transforms across runs with fsModuleCache: true
             learn more: https://vitest.dev/guide/improving-performance#caching-between-reruns


 Tasks:    11 successful, 12 total
Cached:    10 cached, 12 total
  Time:    12.286s 
Failed:    @pem/ui#test

@pem/ui#test:  ERROR  command (./packages/ui) /private/var/folders/q7/r3bzpkmj5zn1nhwcb4j4fhkh0000gn/T/xfs-60cc8499/yarn run test exited (1)
 ERROR  run failed: command  exited (1)
