command: yarn test
exit: 0
at: 2026-10-05T03:50:47Z
head: 5cd5e9f32fab9f9f0afd1bd77a6ba5249e631e90
tests: 194
---

   • turbo 2.11.6
   • Packages in scope: @pem/ai, @pem/api, @pem/auth, @pem/brand, @pem/catalog, @pem/config, @pem/constants, @pem/db, @pem/email, @pem/env, @pem/observability, @pem/services, @pem/ui, @pem/validators, docs, web
   • Running test in 16 packages
   • Remote caching disabled

cache hit, replaying logs ef296aad97c7aa8f
cache hit, replaying logs f497795c71af12c8
cache hit, replaying logs 57abf7c1cb6c1c9b
cache hit, replaying logs 6ee5ef618b9e54ce
cache hit, replaying logs 0baf14fc407efa06
TAP version 13
# Subtest: C1: brand.ts theme colours equal the preset's values
ok 1 - C1: brand.ts theme colours equal the preset's values
TAP version 13
# Subtest: C2: the HTML part carries the brand's name, support address, home URL and colours
ok 1 - C2: the HTML part carries the brand's name, support address, home URL and colours
  ---
  duration_ms: 0.727167
  type: 'test'
  ...
# Subtest: C2: the text part carries the brand and the action as a link
ok 2 - C2: the text part carries the brand and the action as a link
  ---
  duration_ms: 0.118083
  type: 'test'
  ...
# Subtest: C2: every caller value is escaped
ok 3 - C2: every caller value is escaped
  ---
  duration_ms: 0.132458
  type: 'test'
  ...
# Subtest: C2: an action URL that is not http(s) is refused
ok 4 - C2: an action URL that is not http(s) is refused
  ---
  duration_ms: 0.2035
  type: 'test'
  ...
# Subtest: C2: no source file in @pem/email writes a brand value or a colour literal
ok 5 - C2: no source file in @pem/email writes a brand value or a colour literal
  ---
  duration_ms: 0.973042
  type: 'test'
  ...
# Subtest: C2: a subject with a line break stays one header line
ok 6 - C2: a subject with a line break stays one header line
  ---
  duration_ms: 0.079458
  type: 'test'
  ...
# Subtest: C1: a send on the local tier logs the rendered message and does not call the vendor
ok 7 - C1: a send on the local tier logs the rendered message and does not call the vendor
  ---
  duration_ms: 1.496583
  type: 'test'
  ...
# Subtest: C1: a dashboard template on the local tier logs its id and variable names, not their values
ok 8 - C1: a dashboard template on the local tier logs its id and variable names, not their values
  ---
  duration_ms: 0.174125
  type: 'test'
  ...
# Subtest: C1: the local tier needs no key
ok 9 - C1: the local tier needs no key
  ---
  duration_ms: 0.104667
  type: 'test'
  ...
# Subtest: C1: staging and production call the vendor once, with the brand's sender and reply-to
ok 10 - C1: staging and production call the vendor once, with the brand's sender and reply-to
  ---
  duration_ms: 0.293583
  type: 'test'
  ...
# Subtest: C1: a dashboard template is sent by its id, and EMAIL_FROM replaces the brand's address
ok 11 - C1: a dashboard template is sent by its id, and EMAIL_FROM replaces the brand's address
  ---
  duration_ms: 0.163834
  type: 'test'
  ...
# Subtest: C1: staging without a key refuses to send, naming the variable
ok 12 - C1: staging without a key refuses to send, naming the variable
  ---
  duration_ms: 0.267833
  type: 'test'
  ...
# Subtest: C1: a vendor error is thrown, not swallowed
ok 13 - C1: a vendor error is thrown, not swallowed
  ---
  duration_ms: 0.158583
  type: 'test'
  ...

 RUN  v5.0.3 ./packages/ui
cache hit, replaying logs b79bde8d5614eff5

 ✓ .storybook/story-coverage.test.ts (5 tests) 8ms
stderr | .storybook/stories.test.ts > Composed/Control/Theme toggle > System
cache hit, replaying logs 2f6fe43bdc2da691
Encountered a script tag while rendering React component. Scripts inside React components are never executed when rendering on the client. Consider using template tag instead (https://developer.mozilla.org/en-US/docs/Web/HTML/Element/template).
cache hit, replaying logs e2d05810f34dbc70
cache hit, replaying logs 17c06e9c107a1f31
  ---
  duration_ms: 1.131625
  type: 'test'
  ...
# Subtest: C1: a changed preset value is a mismatch
TAP version 13
TAP version 13
# Subtest: each kind of DDL or write against auth is caught
ok 1 - each kind of DDL or write against auth is caught
  ---
TAP version 13
# Subtest: the admin client holds no session: nothing persisted, refreshed or read from a URL
TAP version 13
ok 1 - the admin client holds no session: nothing persisted, refreshed or read from a URL
  ---
# Subtest: track is a no-op until a vendor is wired
ok 1 - track is a no-op until a vendor is wired
ok 2 - C1: a changed preset value is a mismatch
  duration_ms: 1.195416
  ---
  type: 'test'
  duration_ms: 0.2595
  ...
# Subtest: a foreign key to auth.users and a call to auth.uid() are allowed
  type: 'test'
  ...
# Subtest: C1: a changed brand.ts value is a mismatch
ok 3 - C1: a changed brand.ts value is a mismatch
  ---
  duration_ms: 2.386917
  type: 'test'
  ...
# Subtest: C1: logger.error passes the error, tags and user id to the registered reporter
  ---
  duration_ms: 1.081625
  duration_ms: 26.199584
  type: 'test'

Not implemented: Window's getComputedStyle() method: with pseudo-elements
Not implemented: Window's getComputedStyle() method: with pseudo-elements
Not implemented: Window's getComputedStyle() method: with pseudo-elements
Not implemented: Window's getComputedStyle() method: with pseudo-elements
# Subtest: a user's text turn is accepted
Not implemented: Window's getComputedStyle() method: with pseudo-elements
ok 1 - a user's text turn is accepted
Not implemented: Window's getComputedStyle() method: with pseudo-elements
  ---
  duration_ms: 6.395042
ok 2 - C1: logger.error passes the error, tags and user id to the registered reporter
  type: 'test'
  ---
TAP version 13
Not implemented: Window's getComputedStyle() method: with pseudo-elements
Not implemented: Window's getComputedStyle() method: with pseudo-elements
Not implemented: Window's getComputedStyle() method: with pseudo-elements
Not implemented: Window's getComputedStyle() method: with pseudo-elements
Not implemented: Window's getComputedStyle() method: with pseudo-elements
  type: 'test'
  ...
# Subtest: every asset path in brand.ts exists in the package
TAP version 13
# Subtest: C2: an empty or whitespace body fails on body
  duration_ms: 2.177667
  type: 'test'
  ...
# Subtest: C1: logger.error with no error hands the reporter one named for the event
ok 3 - C1: logger.error with no error hands the reporter one named for the event
  ---
ok 2 - a foreign key to auth.users and a call to auth.uid() are allowed
ok 4 - every asset path in brand.ts exists in the package
  ---
  ...
Not implemented: Window's getComputedStyle() method: with pseudo-elements
# Subtest: every subpath is classed as client-safe or server
Not implemented: Window's getComputedStyle() method: with pseudo-elements
ok 2 - every subpath is classed as client-safe or server
Not implemented: Window's getComputedStyle() method: with pseudo-elements
Not implemented: Window's getComputedStyle() method: with pseudo-elements
  ...
  ---
Not implemented: Window's getComputedStyle() method: with pseudo-elements
  duration_ms: 0.078375
Not implemented: Window's getComputedStyle() method: with pseudo-elements
  type: 'test'
  ...
# Subtest: a migration with DDL against auth fails, numbered by statement
ok 3 - a migration with DDL against auth fails, numbered by statement
  ---
  duration_ms: 0.637583
  type: 'test'
  ...
# Subtest: the generated migration set passes, and it does reference auth.users
ok 1 - C2: an empty or whitespace body fails on body
ok 4 - the generated migration set passes, and it does reference auth.users
  ---
cache hit, replaying logs 55073bc02ce12812
  duration_ms: 0.833791
  type: 'test'
  ...
# Subtest: ./config reaches no server module, built-in or workspace package
ok 3 - ./config reaches no server module, built-in or workspace package
  duration_ms: 0.214125
  type: 'test'
  ...
  ---
  duration_ms: 0.394
# Subtest: maskAddress keeps the first letter and the domain only
  duration_ms: 0.239042
  type: 'test'
  ...
Not implemented: Window's getComputedStyle() method: with pseudo-elements
# Subtest: ./browser reaches no server module, built-in or workspace package
Not implemented: Window's getComputedStyle() method: with pseudo-elements
ok 4 - ./browser reaches no server module, built-in or workspace package
Not implemented: Window's getComputedStyle() method: with pseudo-elements
# Subtest: C1: a reporter that throws is swallowed, and the line still prints
Not implemented: Window's getComputedStyle() method: with pseudo-elements
ok 4 - C1: a reporter that throws is swallowed, and the line still prints
  ---
ok 14 - maskAddress keeps the first letter and the domain only
Not implemented: Window's getComputedStyle() method: with pseudo-elements
  ---
Not implemented: Window's getComputedStyle() method: with pseudo-elements
  ---
Not implemented: Window's getComputedStyle() method: with pseudo-elements
Not implemented: Window's getComputedStyle() method: with pseudo-elements
# Subtest: C2: a live-mode key on local or staging fails with the variable named
  ---
  ---
# Subtest: a body with no messages, or malformed ones, is refused
  type: 'test'
ok 2 - a body with no messages, or malformed ones, is refused
  duration_ms: 2.070667
TAP version 13
  duration_ms: 0.050916
  ---
  duration_ms: 0.817875
  duration_ms: 1.235834
  type: 'test'
  duration_ms: 1.849792
  type: 'test'
  ...
# Subtest: C2: a body over the limit fails on body
ok 2 - C2: a body over the limit fails on body
  ---
  type: 'test'
  type: 'test'
  ...
  ...
# Subtest: C1: a deployment left on the local tier neither sends nor logs the body
# Subtest: C1: a reporter that rejects is swallowed
ok 1 - C2: a live-mode key on local or staging fails with the variable named
  type: 'test'
  ...
# Subtest: only the local auth mirror writes to auth.users
  ...
# Subtest: C1: getNote throws NotFound when the scoped db withholds the row
ok 1 - C1: getNote throws NotFound when the scoped db withholds the row
  ---
  duration_ms: 3.552417
  type: 'test'
  ...
# Subtest: white, black and the sRGB primaries
ok 5 - only the local auth mirror writes to auth.users
  ---
  duration_ms: 13.833041
  type: 'test'
  duration_ms: 0.252667
  ...
# Subtest: file, tool and system content is refused
ok 3 - file, tool and system content is refused
  ---
  duration_ms: 0.950792
  type: 'test'
  duration_ms: 0.281625
  ...
# Subtest: reasoning parts are refused: their text would escape the character cap
ok 5 - white, black and the sRGB primaries
ok 4 - reasoning parts are refused: their text would escape the character cap
  ---
Not implemented: Window's getComputedStyle() method: with pseudo-elements
  duration_ms: 0.127083
  type: 'test'
  ...
Not implemented: Window's getComputedStyle() method: with pseudo-elements
Not implemented: Window's getComputedStyle() method: with pseudo-elements
Not implemented: Window's getComputedStyle() method: with pseudo-elements
  ---
  ...
# Subtest: the pattern catches each kind of write
ok 15 - C1: a deployment left on the local tier neither sends nor logs the body
ok 6 - the pattern catches each kind of write
  ---
  ---
  duration_ms: 0.361583
  duration_ms: 0.220709
  type: 'test'
  ...
  type: 'test'
# Subtest: C1: a send logs its Resend id and recipient count, never the address or body
ok 5 - C1: a reporter that rejects is swallowed
  ---
  type: 'test'
  duration_ms: 0.645459
  type: 'test'
  ...
# Subtest: C2: a test-mode key on production fails with the variable named
  type: 'test'
  ...
# Subtest: C2: a malformed id fails on id; a list limit out of range fails on limit
  ---
ok 3 - C2: a malformed id fails on id; a list limit out of range fails on limit
  duration_ms: 0.760125
  ---
  type: 'test'
  duration_ms: 0.5835
  ...
# Subtest: lightness as a percentage, and an alpha, are accepted
ok 6 - lightness as a percentage, and an alpha, are accepted
  ---
  duration_ms: 2.922541
  duration_ms: 0.078459
  type: 'test'
  ...
# Subtest: the preset's neutral steps
ok 7 - the preset's neutral steps
  ---
  type: 'test'
  ...
# Subtest: C1: the default reporter is a no-op
ok 6 - C1: the default reporter is a no-op
Not implemented: Window's getComputedStyle() method: with pseudo-elements
  ...
# Subtest: seedLocalUsers
  ...
# Subtest: ./redirect reaches no server module, built-in or workspace package
ok 5 - ./redirect reaches no server module, built-in or workspace package
  ---
  duration_ms: 0.111792
  type: 'test'
  ...
# Subtest: the walk sees a server import when there is one
# Subtest: the last turn must be the user's
ok 6 - the walk sees a server import when there is one
ok 5 - the last turn must be the user's
ok 16 - C1: a send logs its Resend id and recipient count, never the address or body
    # Subtest: refuses a non-loopback auth URL before sending anything
  ---
  duration_ms: 0.1405
  duration_ms: 0.178792
  type: 'test'
# Subtest: C1: createNote throws Forbidden when a policy rejects the insert
ok 2 - C1: createNote throws Forbidden when a policy rejects the insert
  ---
  duration_ms: 0.513459
  type: 'test'
  ---
  ...
  duration_ms: 0.7645
# Subtest: C2: a secret-like key is redacted at any depth, whatever its case
  type: 'test'
ok 7 - C2: a secret-like key is redacted at any depth, whatever its case
  ...
Not implemented: Window's getComputedStyle() method: with pseudo-elements
# Subtest: ./server is marked server-only, so a client component cannot import it
Not implemented: Window's getComputedStyle() method: with pseudo-elements
ok 2 - C2: a test-mode key on production fails with the variable named
  ---
  ---
  duration_ms: 1.042208
  ...
# Subtest: anything but oklch() is refused
  type: 'test'
  ...
# Subtest: too many turns or too much text is refused
ok 8 - anything but oklch() is refused
  ---
  duration_ms: 0.204833
ok 7 - ./server is marked server-only, so a client component cannot import it
  ---
  duration_ms: 0.150583
Not implemented: Window's getComputedStyle() method: with pseudo-elements
  ---
Not implemented: Window's getComputedStyle() method: with pseudo-elements
  duration_ms: 0.299583
Not implemented: Window's getComputedStyle() method: with pseudo-elements
  type: 'test'
Not implemented: Window's getComputedStyle() method: with pseudo-elements
  ...
# Subtest: C2: request bodies and personal data are redacted too
  type: 'test'
ok 8 - C2: request bodies and personal data are redacted too
  type: 'test'
  ---
  ...
1..8
# tests 8
# suites 0
# pass 8
# fail 0
  type: 'test'
# cancelled 0
# skipped 0
    ok 1 - refuses a non-loopback auth URL before sending anything
# todo 0
  ---
  duration_ms: 0.366416
  type: 'test'
  ...
      ---
# duration_ms 110.765542
  duration_ms: 0.090042
  duration_ms: 0.155792
  type: 'test'
  ...
# Subtest: C2: the reporter's context is redacted; the error itself is passed as caught
ok 9 - C2: the reporter's context is redacted; the error itself is passed as caught
  ---
  duration_ms: 0.233666
  type: 'test'
  type: 'test'
# Subtest: formatSender keeps a display name and address on one line
  ...
# Subtest: C1: a policy refusal wrapped by drizzle is still Forbidden
ok 3 - C1: a policy refusal wrapped by drizzle is still Forbidden
  type: 'test'
  ...
# Subtest: C2: matching modes pass
Not implemented: Window's getComputedStyle() method: with pseudo-elements
Not implemented: Window's getComputedStyle() method: with pseudo-elements
Not implemented: Window's getComputedStyle() method: with pseudo-elements
Not implemented: Window's getComputedStyle() method: with pseudo-elements
      duration_ms: 0.964
ok 17 - formatSender keeps a display name and address on one line
      type: 'test'
  ---
  duration_ms: 0.113708
  type: 'test'
  ---
ok 6 - too many turns or too much text is refused
ok 3 - C2: matching modes pass
  ---
  duration_ms: 0.078292
  type: 'test'
  ...
  ...
# Subtest: ./admin is marked server-only, so a client component cannot import it
# Subtest: C2: a key with no mode prefix fails on every tier
ok 8 - ./admin is marked server-only, so a client component cannot import it
  duration_ms: 0.355583
ok 4 - C2: a key with no mode prefix fails on every tier
  ---
  duration_ms: 0.169458
  type: 'test'
  ...
# Subtest: public names pass, and unset values are left out
  type: 'test'
  ...
  ...
# Subtest: C1: createNote writes the caller as owner and returns the note
# Subtest: C2: personal data and request bodies are redacted under their common compound names
ok 4 - C1: createNote writes the caller as owner and returns the note
  ---
  ...
  ---
1..17
  duration_ms: 0.153958
# tests 17
# suites 0
# pass 17
# fail 0
# cancelled 0
  type: 'test'
      ...
    # Subtest: refuses a missing service-role key before sending anything
  ...
# Subtest: ./session is marked server-only, so a client component cannot import it
ok 9 - ./session is marked server-only, so a client component cannot import it
ok 5 - public names pass, and unset values are left out
  ---
  duration_ms: 1.674333
  type: 'test'
  ...
# Subtest: a server-only name is refused, by name
  ---
ok 6 - a server-only name is refused, by name
  duration_ms: 0.218958
    ok 2 - refuses a missing service-role key before sending anything
      ---
ok 10 - C2: personal data and request bodies are redacted under their common compound names
  ---
  duration_ms: 0.324083
  ...
  type: 'test'
# Subtest: valid input parses, trimmed and defaulted
  ...
ok 4 - valid input parses, trimmed and defaulted
# Subtest: C1: a secret-like tag is redacted before it reaches the reporter
  ---
ok 11 - C1: a secret-like tag is redacted before it reaches the reporter
  ---
  duration_ms: 0.246875
  type: 'test'
  ...
# Subtest: C2: free text is scrubbed of addresses, credentials, JWTs and OAuth codes
ok 12 - C2: free text is scrubbed of addresses, credentials, JWTs and OAuth codes
  ---
  ---
  duration_ms: 0.094334
  type: 'test'
  duration_ms: 3.714333
  type: 'test'
  ...
Not implemented: Window's getComputedStyle() method: with pseudo-elements
# Subtest: with a key and nobody signed in: 401, and the vendor is never called
Not implemented: Window's getComputedStyle() method: with pseudo-elements
Not implemented: Window's getComputedStyle() method: with pseudo-elements
Not implemented: Window's getComputedStyle() method: with pseudo-elements
Not implemented: Window's getComputedStyle() method: with pseudo-elements
Not implemented: Window's getComputedStyle() method: with pseudo-elements
ok 7 - with a key and nobody signed in: 401, and the vendor is never called
  ---
  duration_ms: 21.876291
      duration_ms: 0.141916
      type: 'test'
      ...
    # Subtest: creates each synthetic user through the local admin API
    ok 3 - creates each synthetic user through the local admin API
  ...
  duration_ms: 0.180125
  ---
  duration_ms: 0.261542
  type: 'test'
  ...
# Subtest: C1: each tier reads its own variable
ok 7 - C1: each tier reads its own variable
  ---
      ---
  duration_ms: 0.508167
  type: 'test'
  type: 'test'
  ...
# Subtest: with a key and a user: the call reaches the vendor and is logged with the user's id
ok 8 - with a key and a user: the call reaches the vendor and is logged with the user's id
  ...
cache hit, replaying logs 63c1c0f9da09b32c
  type: 'test'
  duration_ms: 0.222417
# Subtest: ./context is marked server-only, so a client component cannot import it
      duration_ms: 27.370792
# skipped 0
  ---
  duration_ms: 72.962125
  type: 'test'
  ...
1..4
# tests 4
Not implemented: Window's getComputedStyle() method: with pseudo-elements
Not implemented: Window's getComputedStyle() method: with pseudo-elements
Not implemented: Window's getComputedStyle() method: with pseudo-elements
Not implemented: Window's getComputedStyle() method: with pseudo-elements
  type: 'test'
Not implemented: Window's getComputedStyle() method: with pseudo-elements
  ...
Not implemented: Window's getComputedStyle() method: with pseudo-elements
# Subtest: C2: an error's message and stack are scrubbed on the printed line
Not implemented: Window's getComputedStyle() method: with pseudo-elements
ok 13 - C2: an error's message and stack are scrubbed on the printed line
# suites 0
# pass 4
# fail 0
ok 10 - ./context is marked server-only, so a client component cannot import it
# cancelled 0
  ---
  type: 'test'
  ...
# Subtest: fixtures answer anyone, without asking who is signed in
ok 9 - fixtures answer anyone, without asking who is signed in
# todo 0
# skipped 0
# duration_ms 105.377208
  duration_ms: 0.997833
  type: 'test'
      type: 'test'
  ...
      ...
# Subtest: C2: secret-named values in free text follow the key rule, in every common form
    # Subtest: treats an existing email as done
ok 14 - C2: secret-named values in free text follow the key rule, in every common form
    ok 4 - treats an existing email as done
  ---
  duration_ms: 0.20425
  type: 'test'
  ...
# Subtest: C2: prose, versions and error codes survive the scrub
      ---
      duration_ms: 1.595209
  ---
  duration_ms: 0.29225
  ---
  type: 'test'
Not implemented: Window's getComputedStyle() method: with pseudo-elements
Not implemented: Window's getComputedStyle() method: with pseudo-elements
Not implemented: Window's getComputedStyle() method: with pseudo-elements
Not implemented: Window's getComputedStyle() method: with pseudo-elements
Not implemented: Window's getComputedStyle() method: with pseudo-elements
ok 15 - C2: prose, versions and error codes survive the scrub
  ---
# todo 0
  duration_ms: 102.80775
  ...
  type: 'test'
# Subtest: C1: getNote returns the row the scoped db shows; listNotes returns the list
      type: 'test'
ok 5 - C1: getNote returns the row the scoped db shows; listNotes returns the list
  ---
TAP version 13
# Subtest: C1: a cookie session and a bearer token for one user resolve to the same ctx.user
# duration_ms 176.54225
ok 1 - C1: a cookie session and a bearer token for one user resolve to the same ctx.user
  ---
  duration_ms: 14.89325
  type: 'test'
  ...
# Subtest: C2: invalid input throws Invalid naming the field, before any query
ok 6 - C2: invalid input throws Invalid naming the field, before any query
  ---
  duration_ms: 1.365125
  type: 'test'
  ...
# Subtest: an error that is no domain error is not turned into one
ok 7 - an error that is no domain error is not turned into one
  ---
Not implemented: Window's getComputedStyle() method: with pseudo-elements
  duration_ms: 2.698167
  duration_ms: 0.224417
  type: 'test'
  type: 'test'
  ...
  ...
  ...
# Subtest: a secret key in the public slot is refused, naming the variable
ok 11 - a secret key in the public slot is refused, naming the variable
  ---
  duration_ms: 0.605792
  type: 'test'
  duration_ms: 12.280958
  type: 'test'
  ...
# Subtest: a body the gate refuses is 400, before any model is called
  ...
# Subtest: C1: a Bearer header decides alone: a refused token is anonymous even beside a good cookie
Not implemented: Window's getComputedStyle() method: with pseudo-elements
ok 2 - C1: a Bearer header decides alone: a refused token is anonymous even beside a good cookie
# Subtest: C2: scrubbing a long run without a match stays linear
cache hit, replaying logs 5b0027a0adf37cb1
  ...
1..7
# Subtest: the publishable key and the legacy anon key pass
# tests 7
ok 12 - the publishable key and the legacy anon key pass
# suites 0
# pass 7
# fail 0
      ...
    1..4
ok 7 - seedLocalUsers
  ---
ok 10 - a body the gate refuses is 400, before any model is called
  ---
  duration_ms: 1.087417
ok 16 - C2: scrubbing a long run without a match stays linear
  type: 'test'
  ---
  ...
  duration_ms: 0.225709
  type: 'test'
  ...
TAP version 13
# Subtest: C1: an empty Bearer token is anonymous even beside a good cookie
# cancelled 0
# skipped 0
# Subtest: C1: a tier whose own value is absent or empty reads the unsuffixed value
# todo 0
# duration_ms 530.026292
ok 8 - C1: a tier whose own value is absent or empty reads the unsuffixed value
  ---
  duration_ms: 0.099209
  type: 'test'
  ...
# Subtest: C1: nothing set picks undefined
ok 9 - C1: nothing set picks undefined
  ---
  duration_ms: 9.519208
# Subtest: no key on a hosted tier is 503, naming nothing about the configuration
  duration_ms: 30.719208
ok 11 - no key on a hosted tier is 503, naming nothing about the configuration
  type: 'suite'
  ---
  duration_ms: 0.736042
# [billing] webhook.rejected {
  type: 'test'
  ...
  ...
# Subtest: db:local:reset
# Subtest: C1: an invalid Date is logged, never thrown
ok 17 - C1: an invalid Date is logged, never thrown
  type: 'test'
#   reason: 'No signatures found matching the expected signature for payload. Are you passing the raw request body you received from Stripe? \\n' +
  ---
  ...
  duration_ms: 0.071125
  type: 'test'
  ...
# Subtest: C1: production never reads a suffixed value
ok 10 - C1: production never reads a suffixed value
  ---
  duration_ms: 0.060666
  ---
Not implemented: Window's getComputedStyle() method: with pseudo-elements
  duration_ms: 0.117333
  type: 'test'
  ...
# Subtest: the cookie stem the purge uses is the storage key the installed SDK writes
ok 3 - C1: an empty Bearer token is anonymous even beside a good cookie
ok 13 - the cookie stem the purge uses is the storage key the installed SDK writes
  ---
# Subtest: C1: each fixture answers its prompt's current version on the case's model
ok 12 - C1: each fixture answers its prompt's current version on the case's model
Not implemented: Window's getComputedStyle() method: with pseudo-elements
  ---
Not implemented: Window's getComputedStyle() method: with pseudo-elements
  duration_ms: 0.183709
  type: 'test'
  ---
  duration_ms: 0.14975
#     ' If a webhook request is being forwarded by a third-party tool, ensure that the exact request body, including JSON formatting and new line style, is preserved.\\n' +
  type: 'test'
  ---
  ...
Not implemented: Window's getComputedStyle() method: with pseudo-elements
# Subtest: C1: the suffix grammar names each form
Not implemented: Window's getComputedStyle() method: with pseudo-elements
Not implemented: Window's getComputedStyle() method: with pseudo-elements
  duration_ms: 43.374292
Not implemented: Window's getComputedStyle() method: with pseudo-elements
  type: 'test'
  ...
# Using the user object as returned from supabase.auth.getSession() or from some supabase.auth.onAuthStateChange() events could be insecure! This value comes directly from the storage medium (usually cookies on the server) and may not be authentic. Use supabase.auth.getUser() instead which authenticates the data by contacting the Supabase Auth server.
ok 11 - C1: the suffix grammar names each form
# Subtest: C1: returns the user's id, email and app_metadata role from getUser
  ---
ok 14 - C1: returns the user's id, email and app_metadata role from getUser
    # Subtest: refuses staging before resolving a URL
  ---
    ok 1 - refuses staging before resolving a URL
  duration_ms: 0.897291
      ---
      duration_ms: 515.946459
Not implemented: Window's getComputedStyle() method: with pseudo-elements
      type: 'test'
Not implemented: Window's getComputedStyle() method: with pseudo-elements
      ...
    # Subtest: refuses staging before connecting, with its URLs set
    ok 2 - refuses staging before connecting, with its URLs set
  type: 'test'
      ---
      duration_ms: 337.157792
      type: 'test'
      ...
    # Subtest: refuses production before resolving a URL
    ok 3 - refuses production before resolving a URL
  type: 'test'
#     '\\n' +
Not implemented: Window's getComputedStyle() method: with pseudo-elements
#     'Learn more about webhook signing and explore webhook integration examples for various frameworks at https://docs.stripe.com/webhooks/signature\\n'
  duration_ms: 0.508416
  type: 'test'
  ...
# Subtest: C1: extraction returns a Zod-validated contact that passes its eval
# }
ok 13 - C1: extraction returns a Zod-validated contact that passes its eval
# [billing] webhook.rejected {
#   reason: 'No signatures found matching the expected signature for payload. Are you passing the raw request body you received from Stripe? \\n' +
#     ' If a webhook request is being forwarded by a third-party tool, ensure that the exact request body, including JSON formatting and new line style, is preserved.\\n' +
#     '\\n' +
  duration_ms: 0.903
  type: 'test'
  ...
  ...
# Subtest: C1: the switch defaults to local, never production, and names itself when wrong
# Subtest: C1: a user without a known app_metadata role is a user; user_metadata is never read
      ---
ok 12 - C1: the switch defaults to local, never production, and names itself when wrong
  ...
  ---
  duration_ms: 0.232916
  type: 'test'
  ...
Not implemented: Window's getComputedStyle() method: with pseudo-elements
Not implemented: Window's getComputedStyle() method: with pseudo-elements
Not implemented: Window's getComputedStyle() method: with pseudo-elements
  ---
      duration_ms: 323.313709
Not implemented: Window's getComputedStyle() method: with pseudo-elements
Not implemented: Window's getComputedStyle() method: with pseudo-elements
ok 15 - C1: a user without a known app_metadata role is a user; user_metadata is never read
  ---
  duration_ms: 0.116625
  type: 'test'
  ...
#     'Learn more about webhook signing and explore webhook integration examples for various frameworks at https://docs.stripe.com/webhooks/signature\\n'
# Subtest: C1: refuses when getUser returns an error, even with a user beside it
ok 16 - C1: refuses when getUser returns an error, even with a user beside it
  ---
  duration_ms: 0.109791
Not implemented: Window's getComputedStyle() method: with pseudo-elements
# Subtest: outside a deployment the site URL is localhost, whatever is configured
  duration_ms: 17.968125
ok 13 - outside a deployment the site URL is localhost, whatever is configured
      type: 'test'
  ---
  type: 'test'
  ...
  ...
1..17
# tests 17
      ...
# Subtest: C1: a scheme other than Bearer (a staging site's HTTP Basic) leaves the cookie session to decide
    # Subtest: refuses production before connecting, with its URLs set
  type: 'test'
ok 4 - C1: a scheme other than Bearer (a staging site's HTTP Basic) leaves the cookie session to decide
  ---
  duration_ms: 1.91625
  type: 'test'
  ...
# Subtest: in a deployment the configured URL is used, without a trailing slash
# }
    ok 4 - refuses production before connecting, with its URLs set
  duration_ms: 0.194042
  ...
  type: 'test'
# Subtest: C1: an extraction answer that breaks the schema is refused
ok 14 - C1: an extraction answer that breaks the schema is refused
  ---
  duration_ms: 2.322333
  type: 'test'
  ...
# Subtest: C1: the one-shot generate returns a summary that passes its eval
ok 15 - C1: the one-shot generate returns a summary that passes its eval
  ---
# [billing] webhook.rejected { reason: 'no stripe-signature header' }
# [billing] webhook.processed { eventId: 'evt_replayed', eventType: 'checkout.session.completed' }
  ...
# Subtest: C1: a protected procedure refuses an anonymous caller with UNAUTHORIZED
ok 5 - C1: a protected procedure refuses an anonymous caller with UNAUTHORIZED
  duration_ms: 12.565
  type: 'test'
  ...
# Subtest: C1: the chat streams a UI message response that passes its eval
# [billing] webhook.duplicate { eventId: 'evt_replayed', eventType: 'checkout.session.completed' }
ok 16 - C1: the chat streams a UI message response that passes its eval
# [billing] webhook.in_flight { eventId: 'evt_busy', eventType: 'checkout.session.completed' }
  ---
ok 14 - in a deployment the configured URL is used, without a trailing slash
  ---
      ---
  duration_ms: 0.230917
      duration_ms: 283.553709
      type: 'test'
Not implemented: Window's getComputedStyle() method: with pseudo-elements
Not implemented: Window's getComputedStyle() method: with pseudo-elements
Not implemented: Window's getComputedStyle() method: with pseudo-elements
# Subtest: C1: a forged session cookie is refused when Supabase cannot fetch its user
ok 17 - C1: a forged session cookie is refused when Supabase cannot fetch its user
  duration_ms: 40.7825
  type: 'test'
Not implemented: Window's getComputedStyle() method: with pseudo-elements
  ...
# Subtest: C2: no key on the local tier replays every fixture and never calls the vendor
  ---
      ...
    # Subtest: refuses a local URL that is not this machine, before connecting
# [billing] webhook.unconfigured {
#   reason: 'STRIPE_WEBHOOK_SECRET is unset for this tier (STRIPE_WEBHOOK_SECRET_LOCAL off a deployment)'
# }
# [billing] webhook.processed { eventId: 'evt_sub', eventType: 'customer.subscription.deleted' }
# [billing] webhook.processed { eventId: 'evt_cs', eventType: 'checkout.session.completed' }
Not implemented: Window's getComputedStyle() method: with pseudo-elements
    ok 5 - refuses a local URL that is not this machine, before connecting
      ---
      duration_ms: 289.469667
      type: 'test'
  duration_ms: 0.704667
      ...
    # Subtest: refuses a malformed tier
    ok 6 - refuses a malformed tier
Not implemented: Window's getComputedStyle() method: with pseudo-elements
      ---
Not implemented: Window's getComputedStyle() method: with pseudo-elements
      duration_ms: 287.051875
Not implemented: Window's getComputedStyle() method: with pseudo-elements
  ---
Not implemented: Window's getComputedStyle() method: with pseudo-elements
  duration_ms: 15.311667
  type: 'test'
  ...
# Subtest: C1: the same cookie passes once Supabase returns its user, with the role from that answer
# [billing] webhook.ignored { eventId: 'evt_other', eventType: 'invoice.paid' }
ok 18 - C1: the same cookie passes once Supabase returns its user, with the role from that answer
  ---
  duration_ms: 1.229375
# suites 0
# pass 17
Not implemented: Window's getComputedStyle() method: with pseudo-elements
Not implemented: Window's getComputedStyle() method: with pseudo-elements
Not implemented: Window's getComputedStyle() method: with pseudo-elements
ok 17 - C2: no key on the local tier replays every fixture and never calls the vendor
Not implemented: Window's getComputedStyle() method: with pseudo-elements
Not implemented: Window's getComputedStyle() method: with pseudo-elements
      type: 'test'
      ...
  ---
  type: 'test'
  ...
  duration_ms: 22.82025
  type: 'test'
  type: 'test'
  ...
# fail 0
# cancelled 0
    1..6
# Subtest: C1: the mirror is called once per user per process, and again after a refusal, a failure or an email change
  type: 'test'
ok 19 - C1: the mirror is called once per user per process, and again after a refusal, a failure or an email change
  ...
  ---
  duration_ms: 0.331917
  type: 'test'
  ...
# Subtest: C1: concurrent requests for one user share one mirror call
# [billing] webhook.ignored { eventId: 'evt_proto', eventType: 'constructor' }
# [billing] webhook.handler_failed {
#   eventId: 'evt_flaky',
ok 8 - db:local:reset
Not implemented: Window's getComputedStyle() method: with pseudo-elements
Not implemented: Window's getComputedStyle() method: with pseudo-elements
# Subtest: C2: with a key, the same call goes to the vendor (the stand-in sees it)
Not implemented: Window's getComputedStyle() method: with pseudo-elements
ok 20 - C1: concurrent requests for one user share one mirror call
  ---
  duration_ms: 10.720667
  type: 'test'
#   eventType: 'checkout.session.completed',
  ...
#   error: {
# Subtest: C1: an anonymous or refused request never reaches the mirror
ok 21 - C1: an anonymous or refused request never reaches the mirror
  ...
  ---
  duration_ms: 0.412292
  type: 'test'
  ...
ok 18 - C2: with a key, the same call goes to the vendor (the stand-in sees it)
  ---
# skipped 0
Not implemented: Window's getComputedStyle() method: with pseudo-elements
#     name: 'Error',
# Subtest: a sign-in on localhost lands back on localhost, at next
# Subtest: C1: a protected procedure hands the service a context for the caller, by cookie or by token
  ---
  duration_ms: 2038.199417
  type: 'suite'
# todo 0
  ...
# duration_ms 159.603792
# Subtest: nonLoopbackBindings
    # Subtest: names every interface and a specific LAN address
    ok 1 - names every interface and a specific LAN address
      ---
      duration_ms: 0.968542
      type: 'test'
      ...
    # Subtest: passes loopback-only bindings
    ok 2 - passes loopback-only bindings
      ---
      duration_ms: 0.075125
  duration_ms: 6.84075
#     message: 'synthetic failure',
  type: 'test'
  ...
# Subtest: C2: no key in a deployment or on a hosted tier throws, and never replays a fixture
ok 19 - C2: no key in a deployment or on a hosted tier throws, and never replays a fixture
  ---
  duration_ms: 0.473416
  type: 'test'
  ...
1..19
# tests 19
# suites 0
ok 6 - C1: a protected procedure hands the service a context for the caller, by cookie or by token
# pass 19
  ---
  duration_ms: 0.555917
  type: 'test'
  ...
# Subtest: C1: an admin procedure refuses a non-admin with FORBIDDEN and serves an admin
ok 7 - C1: an admin procedure refuses a non-admin with FORBIDDEN and serves an admin
ok 22 - a sign-in on localhost lands back on localhost, at next
# fail 0
# cancelled 0
#     stack: 'Error: synthetic failure\\n' +
#       '    at checkout.session.completed (file://./apps/web/lib/billing/webhook/handle.test.ts:69:46)\\n' +
      type: 'test'
#       '    at handleStripeWebhook (file://./apps/web/lib/billing/webhook/handle.ts:125:11)\\n' +
Not implemented: Window's getComputedStyle() method: with pseudo-elements
#       '    at async TestContext.<anonymous> (file://./apps/web/lib/billing/webhook/handle.test.ts:235:20)\\n' +
Not implemented: Window's getComputedStyle() method: with pseudo-elements
Not implemented: Window's getComputedStyle() method: with pseudo-elements
Not implemented: Window's getComputedStyle() method: with pseudo-elements
  ---
  duration_ms: 0.814084
  type: 'test'
  ...
# skipped 0
# todo 0
# duration_ms 424.011583
      ...
    1..2
ok 9 - nonLoopbackBindings
  ---
  duration_ms: 1.606583
  ---
  type: 'suite'
  ...
# Subtest: next that leaves the origin becomes /
# Subtest: runtime takes the transaction pooler on a hosted tier
ok 10 - runtime takes the transaction pooler on a hosted tier
  ---
  duration_ms: 0.85675
  type: 'test'
  ...
# Subtest: migrations take the session pooler on a hosted tier
ok 11 - migrations take the session pooler on a hosted tier
  ---
ok 23 - next that leaves the origin becomes /
  ---
1..14
#       '    at async Test.run (node:internal/test_runner/test:1054:7)\\n' +
# tests 14
#       '    at async Promise.all (index 0)\\n' +
Not implemented: Window's getComputedStyle() method: with pseudo-elements
#       '    at async Suite.run (node:internal/test_runner/test:1442:7)\\n' +
#       '    at async Test.processPendingSubtests (node:internal/test_runner/test:744:7)'
#   }
# suites 0
# pass 14
# fail 0
# cancelled 0
Not implemented: Window's getComputedStyle() method: with pseudo-elements
  duration_ms: 0.285292
  duration_ms: 0.120041
  type: 'test'
  ...
# Subtest: the local tier is not checked beyond the scheme
ok 12 - the local tier is not checked beyond the scheme
  duration_ms: 0.321875
# skipped 0
Not implemented: Window's getComputedStyle() method: with pseudo-elements
# todo 0
Not implemented: Window's getComputedStyle() method: with pseudo-elements
# duration_ms 160.444458
# }
  ---
  type: 'test'
  duration_ms: 0.093458
  type: 'test'
  ...
# Subtest: errors and descriptions never carry credentials
ok 13 - errors and descriptions never carry credentials
  ---
  duration_ms: 0.088959
  type: 'test'
  ...
Not implemented: Window's getComputedStyle() method: with pseudo-elements
Not implemented: Window's getComputedStyle() method: with pseudo-elements
  type: 'test'
  ...
# [api] api.fault {
#   error: {
#     name: 'Error',
#     message: 'Failed query: select "id", "body", "created_at", "updated_at" from "notes" where "notes"."id" = $1 limit $2\\n' +
#       'params: 00000000-0000-4000-8000-0000000000aa,1',
  ...
# Subtest: the callback URL is on the site's origin and carries next only when it is a path
ok 24 - the callback URL is on the site's origin and carries next only when it is a path
Not implemented: Window's getComputedStyle() method: with pseudo-elements
Not implemented: Window's getComputedStyle() method: with pseudo-elements
# [billing] webhook.ledger_failed {
#   eventId: 'evt_nodb',
#   eventType: 'checkout.session.completed',
#   error: {
#     name: 'Error',
Not implemented: Window's getComputedStyle() method: with pseudo-elements
  ---
Not implemented: Window's getComputedStyle() method: with pseudo-elements
Not implemented: Window's getComputedStyle() method: with pseudo-elements
# Subtest: applyLocalAuthMirror
  duration_ms: 0.743459
#     stack: 'Error: Failed query: select "id", "body", "created_at", "updated_at" from "notes" where "notes"."id" = $1 limit $2\\n' +
#       'params: 00000000-0000-4000-8000-0000000000aa,1\\n' +
  type: 'test'
  ...
# @supabase/ssr: chunked cookie decoded to invalid JSON, treating as absent. This usually indicates that cookie chunks from different writes were combined (e.g. response committed before all Set-Cookie headers were sent).
#     message: 'synthetic: database unreachable',
Not implemented: Window's getComputedStyle() method: with pseudo-elements
# @supabase/ssr: chunked cookie decoded to invalid JSON, treating as absent. This usually indicates that cookie chunks from different writes were combined (e.g. response committed before all Set-Cookie headers were sent).
# @supabase/ssr: chunked cookie decoded to invalid JSON, treating as absent. This usually indicates that cookie chunks from different writes were combined (e.g. response committed before all Set-Cookie headers were sent).
# Subtest: C2: on the local stack, updateSession deletes every staging session cookie and nothing else
ok 25 - C2: on the local stack, updateSession deletes every staging session cookie and nothing else
Not implemented: Window's getComputedStyle() method: with pseudo-elements
#       '    at PreparedQuery.queryWithCache (file://./node_modules/drizzle-orm/pg-core/session.js:41:15)\\n' +
#       '    at async file://./node_modules/drizzle-orm/pg-proxy/session.js:80:33\\n' +
#       '    at async file://./node_modules/drizzle-orm/pg-proxy/session.js:75:20\\n' +
Not implemented: Window's getComputedStyle() method: with pseudo-elements
#     stack: 'Error: synthetic: database unreachable\\n' +
#       '    at Object.claim (file://./apps/web/lib/billing/webhook/handle.test.ts:263:15)\\n' +
#       '    at handleStripeWebhook (file://./apps/web/lib/billing/webhook/handle.ts:110:31)\\n' +
#       '    at async file://./packages/services/src/notes/notes.ts:66:21\\n' +
#       '    at async guarded (file://./packages/services/src/notes/notes.ts:33:12)\\n' +
#       '    at async resolveMiddleware (file://./node_modules/@trpc/server/dist/initTRPC-B259os3T.mjs:203:17)\\n' +
#       '    at async callRecursive (file://./node_modules/@trpc/server/dist/initTRPC-B259os3T.mjs:238:10)\\n' +
    # Subtest: refuses a non-loopback host before connecting
    ok 1 - refuses a non-loopback host before connecting
      ---
      duration_ms: 15.437375
      type: 'test'
      ...
    # Subtest: passes the host check on loopback and only then connects
    ok 2 - passes the host check on loopback and only then connects
      ---
      duration_ms: 2.578583
      type: 'test'
      ...
#       '    at async TestContext.<anonymous> (file://./apps/web/lib/billing/webhook/handle.test.ts:266:20)\\n' +
    1..2
Not implemented: Window's getComputedStyle() method: with pseudo-elements
  ---
  duration_ms: 39.516459
  type: 'test'
  ...
#       '    at async callRecursive (file://./node_modules/@trpc/server/dist/initTRPC-B259os3T.mjs:238:10)\\n' +
#       '    at async callRecursive (file://./node_modules/@trpc/server/dist/initTRPC-B259os3T.mjs:238:10)\\n' +
#       '    at async file://./packages/api/src/trpc.ts:38:18',
#     cause: {
#       name: 'Error',
#       message: 'relation "notes" does not exist',
#       stack: 'Error: relation "notes" does not exist\\n' +
# Subtest: C2: the project's own cookies are never purged
#       '    at async Test.run (node:internal/test_runner/test:1054:7)\\n' +
#       '    at async Suite.processPendingSubtests (node:internal/test_runner/test:744:7)'
#   },
#   step: 'claim'
ok 14 - applyLocalAuthMirror
  ---
  duration_ms: 18.656875
  type: 'suite'
  ...
# Subtest: isLoopbackHost
    # Subtest: accepts localhost, 127.0.0.0/8 and ::1
    ok 1 - accepts localhost, 127.0.0.0/8 and ::1
      ---
      duration_ms: 0.71075
      type: 'test'
ok 26 - C2: the project's own cookies are never purged
#         '    at file://./packages/api/src/errors.test.ts:148:22\\n' +
#         '    at file://./packages/api/src/test-helpers.ts:83:20\\n' +
#         '    at file://./node_modules/drizzle-orm/pg-proxy/session.js:81:24\\n' +
#         '    at PreparedQuery.queryWithCache (file://./node_modules/drizzle-orm/pg-core/session.js:39:22)\\n' +
      ...
  ---
  duration_ms: 1.307709
    # Subtest: refuses every other host, including look-alikes
  type: 'test'
  ...
# Subtest: C2: switching back to staging purges the local stack's cookies
# }
# [billing] webhook.processed { eventId: 'evt_flaky', eventType: 'checkout.session.completed' }
#         '    at file://./node_modules/drizzle-orm/pg-proxy/session.js:80:44\\n' +
#         '    at Object.startActiveSpan (file://./node_modules/drizzle-orm/tracing.js:8:14)\\n' +
#         '    at file://./node_modules/drizzle-orm/pg-proxy/session.js:75:33\\n' +
    ok 2 - refuses every other host, including look-alikes
#         '    at Object.startActiveSpan (file://./node_modules/drizzle-orm/tracing.js:8:14)\\n' +
#         '    at PreparedQuery.execute (file://./node_modules/drizzle-orm/pg-proxy/session.js:59:19)\\n' +
#         '    at file://./node_modules/drizzle-orm/pg-core/query-builders/select.js:797:30'
#     }
      ---
#   },
# Subtest: C1: an unverified webhook is rejected and a replay is ignored
    # Subtest: a signature made with another secret is rejected before anything is read or written
Not implemented: Window's getComputedStyle() method: with pseudo-elements
    ok 1 - a signature made with another secret is rejected before anything is read or written
Not implemented: Window's getComputedStyle() method: with pseudo-elements
      ---
      duration_ms: 2.529875
Not implemented: Window's getComputedStyle() method: with pseudo-elements
      type: 'test'
ok 27 - C2: switching back to staging purges the local stack's cookies
#   path: 'notes.get'
# }
# Subtest: C2: the mapper turns each domain error into its tRPC code and keeps the message
      duration_ms: 0.077625
ok 8 - C2: the mapper turns each domain error into its tRPC code and keeps the message
      type: 'test'
      ...
    # Subtest: isLoopbackUrl reads the URL's host and refuses an unparseable URL
    ok 3 - isLoopbackUrl reads the URL's host and refuses an unparseable URL
  ---
  ---
  duration_ms: 0.532834
  duration_ms: 0.578625
  type: 'test'
  ...
      ...
  type: 'test'
Not implemented: Window's getComputedStyle() method: with pseudo-elements
  ...
# Subtest: C2: with no foreign cookie, nothing is written
      ---
      duration_ms: 0.156416
      type: 'test'
      ...
ok 28 - C2: with no foreign cookie, nothing is written
  ---
  duration_ms: 0.388083
  type: 'test'
  ...
# Subtest: C2: a service's domain error leaves a procedure as its tRPC code
ok 9 - C2: a service's domain error leaves a procedure as its tRPC code
  ---
  duration_ms: 12.104458
  type: 'test'
  ...
# Subtest: C2: over HTTP, a note row-level security withholds is NOT_FOUND (404)
ok 10 - C2: over HTTP, a note row-level security withholds is NOT_FOUND (404)
    1..3
ok 15 - isLoopbackHost
  ---
  duration_ms: 2.304167
  type: 'suite'
  ...
# Subtest: the bridge accepts a UUID user and a known role
    # Subtest: a body changed after signing is rejected
    ok 2 - a body changed after signing is rejected
# Subtest: C2: the purge reads every cookie form Supabase writes
ok 16 - the bridge accepts a UUID user and a known role
  ---
  ---
  duration_ms: 6.78075
  type: 'test'
  ...
# Subtest: C2: over HTTP, a policy's refusal is FORBIDDEN (403) and a unique violation CONFLICT (409)
ok 11 - C2: over HTTP, a policy's refusal is FORBIDDEN (403) and a unique violation CONFLICT (409)
  ---
      ---
  duration_ms: 2.984584
  type: 'test'
  ...
Not implemented: Window's getComputedStyle() method: with pseudo-elements
Not implemented: Window's getComputedStyle() method: with pseudo-elements
Not implemented: Window's getComputedStyle() method: with pseudo-elements
ok 29 - C2: the purge reads every cookie form Supabase writes
  ---
  duration_ms: 0.086375
  type: 'test'
  ...
# Subtest: C2: switching to a tier with no project clears every Supabase session cookie
  duration_ms: 0.837333
  type: 'test'
Not implemented: Window's getComputedStyle() method: with pseudo-elements
Not implemented: Window's getComputedStyle() method: with pseudo-elements
Not implemented: Window's getComputedStyle() method: with pseudo-elements
Not implemented: Window's getComputedStyle() method: with pseudo-elements
Not implemented: Window's getComputedStyle() method: with pseudo-elements
Not implemented: Window's getComputedStyle() method: with pseudo-elements
Not implemented: Window's getComputedStyle() method: with pseudo-elements
# Subtest: C2: over HTTP, input that fails its validator is BAD_REQUEST (400) with the failed fields
ok 12 - C2: over HTTP, input that fails its validator is BAD_REQUEST (400) with the failed fields
ok 30 - C2: switching to a tier with no project clears every Supabase session cookie
  ---
  duration_ms: 0.107458
  type: 'test'
  ---
  duration_ms: 1.711375
  type: 'test'
  ...
# Subtest: C2: a fault is INTERNAL_SERVER_ERROR (500) and neither its message nor its stack leaves the server
ok 13 - C2: a fault is INTERNAL_SERVER_ERROR (500) and neither its message nor its stack leaves the server
  ---
Not implemented: Window's getComputedStyle() method: with pseudo-elements
Not implemented: Window's getComputedStyle() method: with pseudo-elements
  ...
Not implemented: Window's getComputedStyle() method: with pseudo-elements
Not implemented: Window's getComputedStyle() method: with pseudo-elements
Not implemented: Window's getComputedStyle() method: with pseudo-elements
  duration_ms: 2.700417
  type: 'test'
  ...
1..13
# tests 13
      duration_ms: 0.478542
      type: 'test'
      ...
# suites 0
# pass 13
# fail 0
# cancelled 0
# skipped 0
# todo 0
    # Subtest: a delivery with no signature header is rejected
# duration_ms 446.223375
    ok 3 - a delivery with no signature header is rejected
      ---
      duration_ms: 0.178333
      type: 'test'
      ...
Not implemented: Window's getComputedStyle() method: with pseudo-elements
Not implemented: Window's getComputedStyle() method: with pseudo-elements
Not implemented: Window's getComputedStyle() method: with pseudo-elements
Not implemented: Window's getComputedStyle() method: with pseudo-elements
Not implemented: Window's getComputedStyle() method: with pseudo-elements
Not implemented: Window's getComputedStyle() method: with pseudo-elements
Not implemented: Window's getComputedStyle() method: with pseudo-elements
Not implemented: Window's getComputedStyle() method: with pseudo-elements
Not implemented: Window's getComputedStyle() method: with pseudo-elements
Not implemented: Window's getComputedStyle() method: with pseudo-elements
Not implemented: Window's getComputedStyle() method: with pseudo-elements
Not implemented: Window's getComputedStyle() method: with pseudo-elements
Not implemented: Window's getComputedStyle() method: with pseudo-elements
Not implemented: Window's getComputedStyle() method: with pseudo-elements
Not implemented: Window's getComputedStyle() method: with pseudo-elements
Not implemented: Window's getComputedStyle() method: with pseudo-elements
Not implemented: Window's getComputedStyle() method: with pseudo-elements
Not implemented: Window's getComputedStyle() method: with pseudo-elements
Not implemented: Window's getComputedStyle() method: with pseudo-elements
Not implemented: Window's getComputedStyle() method: with pseudo-elements
Not implemented: Window's getComputedStyle() method: with pseudo-elements
Not implemented: Window's getComputedStyle() method: with pseudo-elements
1..30
# tests 30
# suites 0
# pass 30
# fail 0
# cancelled 0
Not implemented: Window's getComputedStyle() method: with pseudo-elements
Not implemented: Window's getComputedStyle() method: with pseudo-elements
Not implemented: Window's getComputedStyle() method: with pseudo-elements
Not implemented: Window's getComputedStyle() method: with pseudo-elements
Not implemented: Window's getComputedStyle() method: with pseudo-elements
Not implemented: Window's getComputedStyle() method: with pseudo-elements
    # Subtest: a replayed event id is acknowledged and its handler does not run again
  ...
Not implemented: Window's getComputedStyle() method: with pseudo-elements
Not implemented: Window's getComputedStyle() method: with pseudo-elements
# Subtest: the bridge refuses a partial or forged identity before any SQL
    ok 4 - a replayed event id is acknowledged and its handler does not run again
      ---
      duration_ms: 0.6385
# skipped 0
# todo 0
# duration_ms 505.07625
      type: 'test'
      ...
    # Subtest: an event another delivery is still handling gets a retryable non-2xx
    ok 5 - an event another delivery is still handling gets a retryable non-2xx
      ---
      duration_ms: 0.63275
      type: 'test'
      ...
    # Subtest: with no signing secret configured nothing is verified, and Stripe is told to retry
    ok 6 - with no signing secret configured nothing is verified, and Stripe is told to retry
      ---
      duration_ms: 0.320166
      type: 'test'
      ...
    1..6
ok 1 - C1: an unverified webhook is rejected and a replay is ignored
  ---
  duration_ms: 5.368542
  type: 'suite'
  ...
# Subtest: C2: a signed event reaches the handler its type maps to
    # Subtest: each type goes to its own handler, and the id is recorded only after
    ok 1 - each type goes to its own handler, and the id is recorded only after
      ---
      duration_ms: 0.877875
      type: 'test'
      ...
    1..1
ok 2 - C2: a signed event reaches the handler its type maps to
  ---
  duration_ms: 1.064
  type: 'suite'
  ...
# Subtest: C3: an event type with no handler is acknowledged and dispatched nowhere
    # Subtest: a 2xx, no handler runs, and the ledger is not touched
    ok 1 - a 2xx, no handler runs, and the ledger is not touched
      ---
      duration_ms: 0.325875
      type: 'test'
      ...
    # Subtest: a type named like an object property is not a handler
    ok 2 - a type named like an object property is not a handler
      ---
      duration_ms: 0.44525
      type: 'test'
      ...
    1..2
ok 3 - C3: an event type with no handler is acknowledged and dispatched nowhere
  ---
  duration_ms: 0.856084
  type: 'suite'
  ...
# Subtest: C4: a handler that throws gets a retryable 5xx and is not recorded
    # Subtest: the claim is released, the id is not processed, and the retry runs the handler
    ok 1 - the claim is released, the id is not processed, and the retry runs the handler
      ---
      duration_ms: 0.774542
      type: 'test'
      ...
    # Subtest: a ledger that cannot be written is retryable too
    ok 2 - a ledger that cannot be written is retryable too
      ---
      duration_ms: 0.266708
      type: 'test'
      ...
    1..2
ok 4 - C4: a handler that throws gets a retryable 5xx and is not recorded
  ---
  duration_ms: 1.095792
  type: 'suite'
  ...
Not implemented: Window's getComputedStyle() method: with pseudo-elements
Not implemented: Window's getComputedStyle() method: with pseudo-elements
Not implemented: Window's getComputedStyle() method: with pseudo-elements
Not implemented: Window's getComputedStyle() method: with pseudo-elements
Not implemented: Window's getComputedStyle() method: with pseudo-elements
Not implemented: Window's getComputedStyle() method: with pseudo-elements
Not implemented: Window's getComputedStyle() method: with pseudo-elements
Not implemented: Window's getComputedStyle() method: with pseudo-elements
Not implemented: Window's getComputedStyle() method: with pseudo-elements
Not implemented: Window's getComputedStyle() method: with pseudo-elements
Not implemented: Window's getComputedStyle() method: with pseudo-elements
Not implemented: Window's getComputedStyle() method: with pseudo-elements
Not implemented: Window's getComputedStyle() method: with pseudo-elements
Not implemented: Window's getComputedStyle() method: with pseudo-elements
Not implemented: Window's getComputedStyle() method: with pseudo-elements
Not implemented: Window's getComputedStyle() method: with pseudo-elements
Not implemented: Window's getComputedStyle() method: with pseudo-elements
Not implemented: Window's getComputedStyle() method: with pseudo-elements
Not implemented: Window's getComputedStyle() method: with pseudo-elements
Not implemented: Window's getComputedStyle() method: with pseudo-elements
stderr | .storybook/stories.test.ts > Primitives/Display/Chart > Bars
The width(0) and height(0) of chart should be greater than 0,
       please check the style of container, or the props width(100%) and height(100%),
# Subtest: a build without SENTRY_AUTH_TOKEN skips the upload and names no credential
ok 17 - the bridge refuses a partial or forged identity before any SQL
ok 5 - a build without SENTRY_AUTH_TOKEN skips the upload and names no credential
  ---
  duration_ms: 0.538583
  type: 'test'
  ...
# Subtest: a local build with a token still skips the upload
ok 6 - a local build with a token still skips the upload
  ---
  duration_ms: 0.07425
  type: 'test'
  ...
# Subtest: a deployment with the token, org and project uploads under the commit release
ok 7 - a deployment with the token, org and project uploads under the commit release
  ---
  duration_ms: 0.070542
  type: 'test'
  ...
# Subtest: on local nothing registers, though production's and staging's DSNs are set
       or add a minWidth(0) or minHeight(undefined) or use aspect(undefined) to control the
       height and width.
ok 8 - on local nothing registers, though production's and staging's DSNs are set
  ---
  duration_ms: 0.512583
  type: 'test'

stderr | .storybook/stories.test.ts > Primitives/Display/Chart > WithLegend
The width(0) and height(0) of chart should be greater than 0,
       please check the style of container, or the props width(100%) and height(100%),
       or add a minWidth(0) or minHeight(undefined) or use aspect(undefined) to control the
       height and width.

 ✓ .storybook/stories.test.ts (298 tests) 9778ms

 Test Files  2 passed (2)
      Tests  303 passed (303)
   Start at  20:48:57
   Duration  17.26s (tests 51%, transform 25%, import 11%, environment 9%, setup 4%)

  Transform  transforming modules took 4.80s · 25% of tracked time, re-done on every run
             persist transforms across runs with fsModuleCache: true
             learn more: https://vitest.dev/guide/improving-performance#caching-between-reruns

  ---
  duration_ms: 0.280333
  type: 'test'
  ...
# Subtest: the schema exports tables, and none of them outside public
ok 18 - the schema exports tables, and none of them outside public
  ---
  duration_ms: 0.824584
  type: 'test'
  ...
# Subtest: authUsers is never exported from the schema
  ...
# Subtest: each tier reads only its own DSN, never production's
ok 9 - each tier reads only its own DSN, never production's
  ---
  duration_ms: 0.072958
  type: 'test'
  ...
ok 19 - authUsers is never exported from the schema
  ---
  duration_ms: 0.060417
  type: 'test'
  ...
# Subtest: every table carries its policies beside it
ok 20 - every table carries its policies beside it
  ---
  duration_ms: 0.176583
  type: 'test'
  ...
1..20
# tests 32
# suites 5
# pass 32
# Subtest: a local DSN set on purpose registers
ok 10 - a local DSN set on purpose registers
  ---
  duration_ms: 0.132584
  type: 'test'
# fail 0
# cancelled 0
# skipped 0
# todo 0
# duration_ms 2196.76025
  ...
# Subtest: with a DSN, the SDK starts with every data category off and the reporter is registered
ok 11 - with a DSN, the SDK starts with every data category off and the reporter is registered
  ---
  duration_ms: 0.5865
  type: 'test'
  ...
# Subtest: every dataCollection category is set explicitly
ok 12 - every dataCollection category is set explicitly
  ---
  duration_ms: 0.0735
  type: 'test'
  ...
# Subtest: beforeSend drops cookies, body, headers and query, keeping url path and method
ok 13 - beforeSend drops cookies, body, headers and query, keeping url path and method
  ---
  duration_ms: 1.580208
  type: 'test'
  ...
# Subtest: the user is reduced to an opaque id
ok 14 - the user is reduced to an opaque id
  ---
  duration_ms: 0.120792
  type: 'test'
  ...
# Subtest: a user without an id is dropped whole
ok 15 - a user without an id is dropped whole
  ---
  duration_ms: 0.147458
  type: 'test'
  ...
# Subtest: free text is scrubbed and extra and breadcrumb data are dropped
ok 16 - free text is scrubbed and extra and breadcrumb data are dropped
  ---
  duration_ms: 0.138458
  type: 'test'
  ...
# Subtest: the input event is not mutated
ok 17 - the input event is not mutated
  ---
  duration_ms: 0.090292
  type: 'test'
  ...
1..17
# tests 24
# suites 4
# pass 24
# fail 0
# cancelled 0
# skipped 0
# todo 0
# duration_ms 233.417792

 Tasks:    12 successful, 12 total
Cached:    12 cached, 12 total
  Time:    266ms >>> FULL TURBO

