command: yarn contrast-audit
exit: 0
at: 2026-10-05T00:30:43Z
head: 56862d831570a75c225152e15fc818b2e0eeb2a3
---
PASS  light --foreground on --background (body text): 19.79:1, needs 4.5:1
PASS  light --foreground on --muted (text on a muted panel): 18.15:1, needs 4.5:1
PASS  light --muted-foreground on --background (muted text): 4.96:1, needs 4.5:1
PASS  light --muted-foreground on --muted (muted text on a muted panel): 4.54:1, needs 4.5:1
PASS  light --muted-foreground on --accent (muted text on a hovered row): 4.54:1, needs 4.5:1
PASS  light --primary-foreground on --primary (primary button label): 17.16:1, needs 4.5:1
PASS  light --accent-foreground on --accent (selected or hovered label): 16.42:1, needs 4.5:1
PASS  light --card-foreground on --card (text on a card): 19.79:1, needs 4.5:1
PASS  light --muted-foreground on --card (a card's description): 4.96:1, needs 4.5:1
PASS  light --popover-foreground on --popover (a menu or popover item): 19.79:1, needs 4.5:1
PASS  light --muted-foreground on --popover (a menu shortcut or hint): 4.96:1, needs 4.5:1
PASS  light --secondary-foreground on --secondary (secondary button label): 16.42:1, needs 4.5:1
PASS  light --destructive on --background (destructive text and error messages): 8.37:1, needs 4.5:1
PASS  light --destructive on --popover (a destructive menu item): 8.37:1, needs 4.5:1
PASS  light --sidebar-foreground on --sidebar (sidebar text): 18.96:1, needs 4.5:1
PASS  light --sidebar-accent-foreground on --sidebar-accent (the active sidebar item): 16.42:1, needs 4.5:1
PASS  light --sidebar-primary-foreground on --sidebar-primary (a sidebar's primary mark): 17.16:1, needs 4.5:1
PASS  light --destructive on --destructive/10 (destructive button label): 6.94:1, needs 4.5:1
PASS  light --destructive on --destructive/20 (destructive button label, hovered): 5.68:1, needs 4.5:1
PASS  light --input on --background (a control's boundary): 3.30:1, needs 3:1
PASS  light --ring on --input (a focused control's boundary against its resting one): 3.15:1, needs 3:1
PASS  light --primary on --background (a pressed toggle's fill): 17.91:1, needs 3:1
PASS  light --ring on --background (focus ring): 10.39:1, needs 3:1
PASS  light --ring on --muted (focus ring on a muted panel): 9.53:1, needs 3:1
PASS  dark --foreground on --background (body text): 18.96:1, needs 4.5:1
PASS  dark --foreground on --muted (text on a muted panel): 14.48:1, needs 4.5:1
PASS  dark --muted-foreground on --background (muted text): 6.00:1, needs 4.5:1
PASS  dark --muted-foreground on --muted (muted text on a muted panel): 4.58:1, needs 4.5:1
PASS  dark --muted-foreground on --accent (muted text on a hovered row): 4.58:1, needs 4.5:1
PASS  dark --primary-foreground on --primary (primary button label): 14.22:1, needs 4.5:1
PASS  dark --accent-foreground on --accent (selected or hovered label): 14.48:1, needs 4.5:1
PASS  dark --card-foreground on --card (text on a card): 17.16:1, needs 4.5:1
PASS  dark --muted-foreground on --card (a card's description): 5.43:1, needs 4.5:1
PASS  dark --popover-foreground on --popover (a menu or popover item): 17.16:1, needs 4.5:1
PASS  dark --muted-foreground on --popover (a menu shortcut or hint): 5.43:1, needs 4.5:1
PASS  dark --secondary-foreground on --secondary (secondary button label): 14.48:1, needs 4.5:1
PASS  dark --destructive on --background (destructive text and error messages): 10.30:1, needs 4.5:1
PASS  dark --destructive on --popover (a destructive menu item): 9.33:1, needs 4.5:1
PASS  dark --sidebar-foreground on --sidebar (sidebar text): 17.16:1, needs 4.5:1
PASS  dark --sidebar-accent-foreground on --sidebar-accent (the active sidebar item): 14.48:1, needs 4.5:1
PASS  dark --sidebar-primary-foreground on --sidebar-primary (a sidebar's primary mark): 14.22:1, needs 4.5:1
PASS  dark --destructive on --destructive/20 (destructive button label): 7.16:1, needs 4.5:1
PASS  dark --destructive on --destructive/30 (destructive button label, hovered): 5.50:1, needs 4.5:1
PASS  dark --input on --background (a control's boundary): 3.99:1, needs 3:1
PASS  dark --ring on --input (a focused control's boundary against its resting one): 3.34:1, needs 3:1
PASS  dark --primary on --background (a pressed toggle's fill): 15.72:1, needs 3:1
PASS  dark --muted-foreground on --muted/50 (a placeholder in a dark field): 5.38:1, needs 4.5:1
PASS  dark --ring on --background (focus ring): 13.36:1, needs 3:1
PASS  dark --ring on --muted (focus ring on a muted panel): 10.20:1, needs 3:1

contrast-audit: all 49 pairs pass WCAG 2.2 AA.
