command: yarn check-types
exit: 0
at: 2026-10-05T00:30:46Z
head: 56862d831570a75c225152e15fc818b2e0eeb2a3
---

   • turbo 2.11.6
   • Packages in scope: @pem/auth, @pem/brand, @pem/catalog, @pem/config, @pem/constants, @pem/db, @pem/email, @pem/env, @pem/observability, @pem/services, @pem/ui, @pem/validators, docs, web
   • Running check-types in 14 packages
   • Remote caching disabled

@pem/env:check-types: cache hit, replaying logs c0c7975b63568d4d
@pem/validators:check-types: cache hit, replaying logs 52c1676789ced259
@pem/constants:check-types: cache hit, replaying logs e9f65d2e702e5580
@pem/observability:check-types: cache hit, replaying logs d6572b8eae8dda9b
@pem/brand:check-types: cache hit, replaying logs 1e0a342560f41a7d
@pem/ui:check-types: cache miss, executing ddab6df2e3d4829f
@pem/db:check-types: cache hit, replaying logs 106ae29b72cb208e
@pem/auth:check-types: cache miss, executing 8c03f44f3e6ce6f3
@pem/services:check-types: cache miss, executing 1efd36e3a6012434
@pem/email:check-types: cache hit, replaying logs 4a0ddbeda1f4e221
docs:check-types: cache miss, executing 0bac001a5748f9ab
web:check-types: cache miss, executing aea8aec9cdc3a3ce
@pem/catalog:check-types: cache miss, executing ab326571e173f62a
docs:check-types: Generating route types...
docs:check-types: ✓ Types generated successfully
web:check-types: Generating route types...
web:check-types: ✓ Types generated successfully

 Tasks:    13 successful, 13 total
Cached:    7 cached, 13 total
  Time:    5.849s 

