command: yarn test:tooling
exit: 0
at: 2026-10-04T21:07:39Z
head: d59dc799a07f8e418fea51c264ef0aebe54d37dd
tests: 65
---
TAP version 13
# Subtest: C1: import "@pem/db/client"; in packages/ui/src/zz-probe.ts fails the boundaries lint
ok 1 - C1: import "@pem/db/client"; in packages/ui/src/zz-probe.ts fails the boundaries lint
  ---
  duration_ms: 1123.965792
  type: 'test'
  ...
# Subtest: C1: import "@pem/brand/brand"; in packages/env/src/zz-probe.ts fails the boundaries lint
ok 2 - C1: import "@pem/brand/brand"; in packages/env/src/zz-probe.ts fails the boundaries lint
  ---
  duration_ms: 6.022708
  type: 'test'
  ...
# Subtest: C1: import "../../db/src/client"; in packages/env/src/zz-probe.ts fails the boundaries lint
ok 3 - C1: import "../../db/src/client"; in packages/env/src/zz-probe.ts fails the boundaries lint
  ---
  duration_ms: 10.694625
  type: 'test'
  ...
# Subtest: C2: @pem/env/not-exported, which its package does not export, is a resolve error with no stack
ok 4 - C2: @pem/env/not-exported, which its package does not export, is a resolve error with no stack
  ---
  duration_ms: 2.772167
  type: 'test'
  ...
# Subtest: C2: @pem/db, which its package does not export, is a resolve error with no stack
ok 5 - C2: @pem/db, which its package does not export, is a resolve error with no stack
  ---
  duration_ms: 2.492834
  type: 'test'
  ...
# Subtest: C2: import type { Tier } from "@pem/env/tier"; in packages/db/src/zz-probe.ts still passes
ok 6 - C2: import type { Tier } from "@pem/env/tier"; in packages/db/src/zz-probe.ts still passes
  ---
  duration_ms: 4.916834
  type: 'test'
  ...
# Subtest: C2: import "next-themes"; import "react"; in packages/ui/src/zz-probe.ts still passes
ok 7 - C2: import "next-themes"; import "react"; in packages/ui/src/zz-probe.ts still passes
  ---
  duration_ms: 5.554875
  type: 'test'
  ...
# Subtest: C2: import "@pem/ui/button"; import "@pem/ui/styles/globals.css"; import "@pem/brand/assets/logo.svg"; import "@/app/layout"; in apps/web/app/zz-probe.ts still passes
ok 8 - C2: import "@pem/ui/button"; import "@pem/ui/styles/globals.css"; import "@pem/brand/assets/logo.svg"; import "@/app/layout"; in apps/web/app/zz-probe.ts still passes
  ---
  duration_ms: 17.64275
  type: 'test'
  ...
# Subtest: C5: a client chunk holding a server-only sentinel fails, naming the variable and the chunk
ok 9 - C5: a client chunk holding a server-only sentinel fails, naming the variable and the chunk
  ---
  duration_ms: 94.386167
  type: 'test'
  ...
# Subtest: C5: no build output fails
ok 10 - C5: no build output fails
  ---
  duration_ms: 262.120083
  type: 'test'
  ...
# Subtest: C5: clean client chunks pass
ok 11 - C5: clean client chunks pass
  ---
  duration_ms: 138.830125
  type: 'test'
  ...
# Subtest: C5: a scan with no sentinel named is refused
ok 12 - C5: a scan with no sentinel named is refused
  ---
  duration_ms: 87.571625
  type: 'test'
  ...
# Subtest: the plan plants server-only names from .env.example and turbo.json, and fails on drift, naming it
ok 13 - the plan plants server-only names from .env.example and turbo.json, and fails on drift, naming it
  ---
  duration_ms: 104.381292
  type: 'test'
  ...
# Subtest: a pending entry that now exists is stale
ok 14 - a pending entry that now exists is stale
  ---
  duration_ms: 282.895
  type: 'test'
  ...
# Subtest: a git-ignored pending entry is machine-local and never stale
ok 15 - a git-ignored pending entry is machine-local and never stale
  ---
  duration_ms: 228.299125
  type: 'test'
  ...
# Subtest: C1: a present module missing a listed file fails, naming the module and the file
ok 16 - C1: a present module missing a listed file fails, naming the module and the file
  ---
  duration_ms: 107.453084
  type: 'test'
  ...
# Subtest: C2: a removed module with a leftover file, variable or dependency fails, naming each leftover
ok 17 - C2: a removed module with a leftover file, variable or dependency fails, naming each leftover
  ---
  duration_ms: 502.15825
  type: 'test'
  ...
# Subtest: C2: a clean removal passes, and near-miss names are not leftovers
ok 18 - C2: a clean removal passes, and near-miss names are not leftovers
  ---
  duration_ms: 107.603625
  type: 'test'
  ...
# Subtest: C3: a locked module marked removed fails
ok 19 - C3: a locked module marked removed fails
  ---
  duration_ms: 107.70275
  type: 'test'
  ...
# Subtest: C4: an entry missing any of files, env, dependencies, boundaries, locked or runbook fails, naming the field
ok 20 - C4: an entry missing any of files, env, dependencies, boundaries, locked or runbook fails, naming the field
  ---
  duration_ms: 96.024666
  type: 'test'
  ...
# Subtest: C5: a runbook path that does not exist fails, naming the path
ok 21 - C5: a runbook path that does not exist fails, naming the path
  ---
  duration_ms: 115.335875
  type: 'test'
  ...
# Subtest: C1: a conforming tree passes
ok 22 - C1: a conforming tree passes
  ---
  duration_ms: 14.417166
  type: 'test'
  ...
# Subtest: C1: a stray top-level folder fails, naming it
ok 23 - C1: a stray top-level folder fails, naming it
  ---
  duration_ms: 10.655375
  type: 'test'
  ...
# Subtest: C1: an unknown kind fails, naming it
ok 24 - C1: an unknown kind fails, naming it
  ---
  duration_ms: 5.69875
  type: 'test'
  ...
# Subtest: C1: a component folder without <name>.tsx fails, naming it
ok 25 - C1: a component folder without <name>.tsx fails, naming it
  ---
  duration_ms: 4.96525
  type: 'test'
  ...
# Subtest: C1: a component folder without index.ts fails, naming it
ok 26 - C1: a component folder without index.ts fails, naming it
  ---
  duration_ms: 12.181875
  type: 'test'
  ...
# Subtest: C1: a cva() in the component file fails, naming the file
ok 27 - C1: a cva() in the component file fails, naming the file
  ---
  duration_ms: 12.98875
  type: 'test'
  ...
# Subtest: C1: an export whose target is missing fails, naming the export
ok 28 - C1: an export whose target is missing fails, naming the export
  ---
  duration_ms: 4.986333
  type: 'test'
  ...
# Subtest: review S1: cva in a second file of the folder fails; a comment naming cva() passes
ok 29 - review S1: cva in a second file of the folder fails; a comment naming cva() passes
  ---
  duration_ms: 14.532209
  type: 'test'
  ...
# Subtest: review S3: a primitive with copy.ts fails
ok 30 - review S3: a primitive with copy.ts fails
  ---
  duration_ms: 7.606
  type: 'test'
  ...
# Subtest: review S3: a primitive importing a composed component fails
ok 31 - review S3: a primitive importing a composed component fails
  ---
  duration_ms: 6.796583
  type: 'test'
  ...
# Subtest: review N6: conditional exports resolve; a wildcard export fails
ok 32 - review N6: conditional exports resolve; a wildcard export fails
  ---
  duration_ms: 11.332959
  type: 'test'
  ...
# Subtest: review N7: the command exits 1 and names the path
ok 33 - review N7: the command exits 1 and names the path
  ---
  duration_ms: 108.517
  type: 'test'
  ...
# Subtest: STK-23 C1: a missing kind folder fails, naming it
ok 34 - STK-23 C1: a missing kind folder fails, naming it
  ---
  duration_ms: 7.994792
  type: 'test'
  ...
# Subtest: STK-23 C1: a kind folder without README.md fails, naming it
ok 35 - STK-23 C1: a kind folder without README.md fails, naming it
  ---
  duration_ms: 6.780375
  type: 'test'
  ...
# Subtest: STK-23 C1: an AGENTS.md kinds table that differs from KINDS fails
ok 36 - STK-23 C1: an AGENTS.md kinds table that differs from KINDS fails
  ---
  duration_ms: 10.467459
  type: 'test'
  ...
# Subtest: STK-23 review: a primitive may import another primitive, and a story may import anything
ok 37 - STK-23 review: a primitive may import another primitive, and a story may import anything
  ---
  duration_ms: 22.907292
  type: 'test'
  ...
# Subtest: a merged as-built is immutable except applied:
ok 38 - a merged as-built is immutable except applied:
  ---
  duration_ms: 4969.491416
  type: 'test'
  ...
# Subtest: A9 commit-msg: an agent branch needs a work-id; another branch does not
ok 39 - A9 commit-msg: an agent branch needs a work-id; another branch does not
  ---
  duration_ms: 1996.2085
  type: 'test'
  ...
# Subtest: A9 pre-commit: staging a hand-edited results.json is refused
ok 40 - A9 pre-commit: staging a hand-edited results.json is refused
  ---
  duration_ms: 2727.60525
  type: 'test'
  ...
# Subtest: A4 contract:init allocates sequential ids, from the template, then starts with every criterion FAIL
ok 41 - A4 contract:init allocates sequential ids, from the template, then starts with every criterion FAIL
  ---
  duration_ms: 1448.773417
  type: 'test'
  ...
# Subtest: the protected branch refuses a start; the operator picks the work branch
ok 42 - the protected branch refuses a start; the operator picks the work branch
  ---
  duration_ms: 802.201291
  type: 'test'
  ...
# Subtest: parallel tickets: a second item starts on the same branch while the first is open
ok 43 - parallel tickets: a second item starts on the same branch while the first is open
  ---
  duration_ms: 2237.125667
  type: 'test'
  ...
# Subtest: parallel tickets: another ticket's uncommitted file does not block a run, its own does
ok 44 - parallel tickets: another ticket's uncommitted file does not block a run, its own does
  ---
  duration_ms: 3683.813708
  type: 'test'
  ...
# Subtest: parallel tickets: another ticket's commit leaves this ticket's proof fresh
ok 45 - parallel tickets: another ticket's commit leaves this ticket's proof fresh
  ---
  duration_ms: 4849.821083
  type: 'test'
  ...
# Subtest: stacking: a dependent ticket starts on the same branch once its predecessor is built, before any as-built or review
ok 46 - stacking: a dependent ticket starts on the same branch once its predecessor is built, before any as-built or review
  ---
  duration_ms: 5056.779959
  type: 'test'
  ...
# Subtest: a dependency that has not started refuses the start
ok 47 - a dependency that has not started refuses the start
  ---
  duration_ms: 1262.970833
  type: 'test'
  ...
# Subtest: A6: a cited file not approved, or holding a BLOCKING marker, is refused; a plain open marker is listed
ok 48 - A6: a cited file not approved, or holding a BLOCKING marker, is refused; a plain open marker is listed
  ---
  duration_ms: 2903.624584
  type: 'test'
  ...
# Subtest: PR-15 tiers: code is tier 1 with no reviewer; contract:tier 2 adds the review, and a lower tier drops it
ok 49 - PR-15 tiers: code is tier 1 with no reviewer; contract:tier 2 adds the review, and a lower tier drops it
  ---
  duration_ms: 4825.652833
  type: 'test'
  ...
# Subtest: PR-15: check-specs warns on a ticket still closing, and fails it only with --strict
ok 50 - PR-15: check-specs warns on a ticket still closing, and fails it only with --strict
  ---
  duration_ms: 2982.185375
  type: 'test'
  ...
# Subtest: Vigil 9 and 10, tier 2 epic ticket: pre-flight gates the start, review:run follows the as-built, truth:promote follows
ok 51 - Vigil 9 and 10, tier 2 epic ticket: pre-flight gates the start, review:run follows the as-built, truth:promote follows
  ---
  duration_ms: 10152.748792
  type: 'test'
  ...
# Subtest: a fixture reviewer's PASS does not count outside the harness
ok 52 - a fixture reviewer's PASS does not count outside the harness
  ---
  duration_ms: 5762.912583
  type: 'test'
  ...
# Subtest: a pre-flight written by the fixture reviewer does not start a ticket outside the harness
ok 53 - a pre-flight written by the fixture reviewer does not start a ticket outside the harness
  ---
  duration_ms: 1354.312833
  type: 'test'
  ...
# Subtest: contract:run refuses an uncommitted tree, then records run records with HEAD and evidence hashes
ok 54 - contract:run refuses an uncommitted tree, then records run records with HEAD and evidence hashes
  ---
  duration_ms: 3283.78125
  type: 'test'
  ...
# Subtest: contract:run FAILs a test criterion whose runner matched zero tests
ok 55 - contract:run FAILs a test criterion whose runner matched zero tests
  ---
  duration_ms: 2042.869875
  type: 'test'
  ...
# Subtest: Vigil 10, one-off: init, run, as-built, status and check-specs close with nothing left
ok 56 - Vigil 10, one-off: init, run, as-built, status and check-specs close with nothing left
  ---
  duration_ms: 5741.396333
  type: 'test'
  ...
# Subtest: Vigil 3: an open ticket's PASS recorded at X goes stale when a planned path changes at X+1
ok 57 - Vigil 3: an open ticket's PASS recorded at X goes stale when a planned path changes at X+1
  ---
  duration_ms: 4588.6625
  type: 'test'
  ...
# Subtest: PR-16: a closed ticket's proofs are frozen; a later change to its paths does not reopen it
ok 58 - PR-16: a closed ticket's proofs are frozen; a later change to its paths does not reopen it
  ---
  duration_ms: 4727.217042
  type: 'test'
  ...
# Subtest: PR-16: operator_review adds a manual criterion; deferring it lists an operator check and still closes the ticket
ok 59 - PR-16: operator_review adds a manual criterion; deferring it lists an operator check and still closes the ticket
  ---
  duration_ms: 5700.789083
  type: 'test'
  ...
# Subtest: C1: the repo's preset passes every pair in both themes
ok 60 - C1: the repo's preset passes every pair in both themes
  ---
  duration_ms: 103.021625
  type: 'test'
  ...
# Subtest: C1: black on white measures 21:1, the WCAG maximum
ok 61 - C1: black on white measures 21:1, the WCAG maximum
  ---
  duration_ms: 90.124
  type: 'test'
  ...
# Subtest: C1: a text pair below 4.5:1 fails and is named
ok 62 - C1: a text pair below 4.5:1 fails and is named
  ---
  duration_ms: 101.901417
  type: 'test'
  ...
# Subtest: C1: a focus ring below 3:1 fails in the theme it is set in
ok 63 - C1: a focus ring below 3:1 fails in the theme it is set in
  ---
  duration_ms: 104.805375
  type: 'test'
  ...
# Subtest: C1: see-through text is composited as the browser does
ok 64 - C1: see-through text is composited as the browser does
  ---
  duration_ms: 106.879916
  type: 'test'
  ...
# Subtest: C1: a missing token fails rather than passing silently
ok 65 - C1: a missing token fails rather than passing silently
  ---
  duration_ms: 88.806708
  type: 'test'
  ...
1..65
# tests 65
# suites 0
# pass 65
# fail 0
# cancelled 0
# skipped 0
# todo 0
# duration_ms 32012.728959
