command: yarn lint
exit: 0
at: 2026-10-04T23:43:56Z
head: 89bff074f03c82746c0a27ea5852195e08d5d26c
---

   • turbo 2.11.6
   • Packages in scope: @pem/auth, @pem/brand, @pem/catalog, @pem/config, @pem/constants, @pem/db, @pem/email, @pem/env, @pem/observability, @pem/ui, docs, web
   • Running lint in 12 packages
   • Remote caching disabled

@pem/observability:lint: cache hit, replaying logs 4f03b9c3496fca63
@pem/env:lint: cache hit, replaying logs cbfa9f7fd42bed11
@pem/brand:lint: cache hit, replaying logs 274e0d8fe64ce369
@pem/constants:lint: cache hit, replaying logs f01ba6aea201dc4c
@pem/db:lint: cache hit, replaying logs 669c7863997af6b9
@pem/email:lint: cache hit, replaying logs 42322f632bfaba4e
@pem/ui:lint: cache hit, replaying logs 3eb162993859daa5
docs:lint: cache hit, replaying logs 39ee4c396ca9fc65
@pem/catalog:lint: cache hit, replaying logs f4e8d98f12ae5832
@pem/auth:lint: cache hit, replaying logs fc99544aec76bdd3
web:lint: cache hit, replaying logs 6b7a501236dd1479

 Tasks:    11 successful, 11 total
Cached:    11 cached, 11 total
  Time:    134ms >>> FULL TURBO

