command: yarn check-types
exit: 0
at: 2026-10-05T03:39:24Z
head: 3595c47668be15b12997c568c5f1d0848307897a
---

   • turbo 2.11.6
   • Packages in scope: @pem/ai, @pem/api, @pem/auth, @pem/brand, @pem/catalog, @pem/config, @pem/constants, @pem/db, @pem/email, @pem/env, @pem/observability, @pem/services, @pem/ui, @pem/validators, docs, web
   • Running check-types in 16 packages
   • Remote caching disabled

@pem/validators:check-types: cache hit, replaying logs b6fe24ce6e56d00e
@pem/env:check-types: cache hit, replaying logs bda15ec56fb9a482
@pem/observability:check-types: cache hit, replaying logs 98d7bed8654c8c4b
@pem/brand:check-types: cache hit, replaying logs c3dc24dac72579c6
@pem/db:check-types: cache hit, replaying logs 4e19c006b1145309
@pem/ai:check-types: cache hit, replaying logs 00028a79bd973e5f
@pem/ui:check-types: cache hit, replaying logs 176e35bb53e7bfa0
@pem/email:check-types: cache hit, replaying logs 27e35d253972ecfd
@pem/constants:check-types: cache hit, replaying logs d17109e555bd039a
docs:check-types: cache miss, executing cc3c956a9b907eeb
@pem/catalog:check-types: cache miss, executing 62acc01437b90fc9
@pem/auth:check-types: cache hit, replaying logs 3f51d86c3b9bb95d
@pem/services:check-types: cache hit, replaying logs 81331e90947b4422
@pem/api:check-types: cache hit, replaying logs 60a64875ef80c71a
web:check-types: cache hit, replaying logs 3c38a0bc9536e0f2
web:check-types: Generating route types...
web:check-types: ✓ Types generated successfully
docs:check-types: Generating route types...
docs:check-types: ✓ Types generated successfully

 Tasks:    15 successful, 15 total
Cached:    13 cached, 15 total
  Time:    2.415s 

