command: yarn test:boundaries
exit: 0
at: 2026-10-05T00:02:03Z
head: 458e25d4e332622daa4eac7e327e9e39758037fa
tests: 17
---
TAP version 13
# Subtest: C1: import "@pem/db/client"; in packages/ui/src/zz-probe.ts fails the boundaries lint
ok 1 - C1: import "@pem/db/client"; in packages/ui/src/zz-probe.ts fails the boundaries lint
  ---
  duration_ms: 566.748625
  type: 'test'
  ...
# Subtest: C1: import "@pem/brand/brand"; in packages/env/src/zz-probe.ts fails the boundaries lint
ok 2 - C1: import "@pem/brand/brand"; in packages/env/src/zz-probe.ts fails the boundaries lint
  ---
  duration_ms: 5.332667
  type: 'test'
  ...
# Subtest: C1: import "../../db/src/client"; in packages/env/src/zz-probe.ts fails the boundaries lint
ok 3 - C1: import "../../db/src/client"; in packages/env/src/zz-probe.ts fails the boundaries lint
  ---
  duration_ms: 8.301417
  type: 'test'
  ...
# Subtest: C1: import "@supabase/ssr"; in packages/db/src/zz-probe.ts fails the boundaries lint
ok 4 - C1: import "@supabase/ssr"; in packages/db/src/zz-probe.ts fails the boundaries lint
  ---
  duration_ms: 4.360625
  type: 'test'
  ...
# Subtest: C1: import "@supabase/supabase-js"; in apps/web/lib/zz-probe.ts fails the boundaries lint
ok 5 - C1: import "@supabase/supabase-js"; in apps/web/lib/zz-probe.ts fails the boundaries lint
  ---
  duration_ms: 2.934209
  type: 'test'
  ...
# Subtest: C1: import "@pem/auth/context"; in packages/db/src/zz-probe.ts fails the boundaries lint
ok 6 - C1: import "@pem/auth/context"; in packages/db/src/zz-probe.ts fails the boundaries lint
  ---
  duration_ms: 2.625458
  type: 'test'
  ...
# Subtest: C1: import "@pem/auth/server"; in packages/email/src/zz-probe.ts fails the boundaries lint
ok 7 - C1: import "@pem/auth/server"; in packages/email/src/zz-probe.ts fails the boundaries lint
  ---
  duration_ms: 6.655625
  type: 'test'
  ...
# Subtest: C1: import "@pem/catalog/manifest"; in apps/web/app/zz-probe.ts fails the boundaries lint
ok 8 - C1: import "@pem/catalog/manifest"; in apps/web/app/zz-probe.ts fails the boundaries lint
  ---
  duration_ms: 3.269708
  type: 'test'
  ...
# Subtest: C1: import "@pem/catalog/manifest"; in packages/ui/src/zz-probe.ts fails the boundaries lint
ok 9 - C1: import "@pem/catalog/manifest"; in packages/ui/src/zz-probe.ts fails the boundaries lint
  ---
  duration_ms: 3.893292
  type: 'test'
  ...
# Subtest: C2: @pem/env/not-exported, which its package does not export, is a resolve error with no stack
ok 10 - C2: @pem/env/not-exported, which its package does not export, is a resolve error with no stack
  ---
  duration_ms: 1.922125
  type: 'test'
  ...
# Subtest: C2: @pem/db, which its package does not export, is a resolve error with no stack
ok 11 - C2: @pem/db, which its package does not export, is a resolve error with no stack
  ---
  duration_ms: 1.441792
  type: 'test'
  ...
# Subtest: C2: import type { Tier } from "@pem/env/tier"; in packages/db/src/zz-probe.ts still passes
ok 12 - C2: import type { Tier } from "@pem/env/tier"; in packages/db/src/zz-probe.ts still passes
  ---
  duration_ms: 3.099625
  type: 'test'
  ...
# Subtest: C2: import "next-themes"; import "react"; in packages/ui/src/zz-probe.ts still passes
ok 13 - C2: import "next-themes"; import "react"; in packages/ui/src/zz-probe.ts still passes
  ---
  duration_ms: 2.007417
  type: 'test'
  ...
# Subtest: C2: import "@supabase/ssr"; import "@supabase/supabase-js"; import "@pem/db/rls"; import "@pem/observability/logger"; in packages/auth/src/zz-probe.ts still passes
ok 14 - C2: import "@supabase/ssr"; import "@supabase/supabase-js"; import "@pem/db/rls"; import "@pem/observability/logger"; in packages/auth/src/zz-probe.ts still passes
  ---
  duration_ms: 6.817875
  type: 'test'
  ...
# Subtest: C2: import "@pem/auth/server"; in apps/web/lib/zz-probe.ts still passes
ok 15 - C2: import "@pem/auth/server"; in apps/web/lib/zz-probe.ts still passes
  ---
  duration_ms: 1.216333
  type: 'test'
  ...
# Subtest: C2: import "@pem/ui/button"; in packages/catalog/src/zz-probe.ts still passes
ok 16 - C2: import "@pem/ui/button"; in packages/catalog/src/zz-probe.ts still passes
  ---
  duration_ms: 2.668333
  type: 'test'
  ...
# Subtest: C2: import "@pem/ui/button"; import "@pem/ui/styles/globals.css"; import "@pem/brand/assets/logo.svg"; import "@/app/layout"; in apps/web/app/zz-probe.ts still passes
ok 17 - C2: import "@pem/ui/button"; import "@pem/ui/styles/globals.css"; import "@pem/brand/assets/logo.svg"; import "@/app/layout"; in apps/web/app/zz-probe.ts still passes
  ---
  duration_ms: 4.115375
  type: 'test'
  ...
1..17
# tests 17
# suites 0
# pass 17
# fail 0
# cancelled 0
# skipped 0
# todo 0
# duration_ms 800.62725
