command: yarn test:tooling
exit: 0
at: 2026-10-04T23:31:12Z
head: ac17cdd678e0d3498f798cff26a20d0b0028d661
tests: 105
---
TAP version 13
# Subtest: C1: import "@pem/db/client"; in packages/ui/src/zz-probe.ts fails the boundaries lint
ok 1 - C1: import "@pem/db/client"; in packages/ui/src/zz-probe.ts fails the boundaries lint
  ---
  duration_ms: 951.144333
  type: 'test'
  ...
# Subtest: C1: import "@pem/brand/brand"; in packages/env/src/zz-probe.ts fails the boundaries lint
ok 2 - C1: import "@pem/brand/brand"; in packages/env/src/zz-probe.ts fails the boundaries lint
  ---
  duration_ms: 8.42525
  type: 'test'
  ...
# Subtest: C1: import "../../db/src/client"; in packages/env/src/zz-probe.ts fails the boundaries lint
ok 3 - C1: import "../../db/src/client"; in packages/env/src/zz-probe.ts fails the boundaries lint
  ---
  duration_ms: 8.899083
  type: 'test'
  ...
# Subtest: C1: import "@supabase/ssr"; in packages/db/src/zz-probe.ts fails the boundaries lint
ok 4 - C1: import "@supabase/ssr"; in packages/db/src/zz-probe.ts fails the boundaries lint
  ---
  duration_ms: 21.188916
  type: 'test'
  ...
# Subtest: C1: import "@supabase/supabase-js"; in apps/web/lib/zz-probe.ts fails the boundaries lint
ok 5 - C1: import "@supabase/supabase-js"; in apps/web/lib/zz-probe.ts fails the boundaries lint
  ---
  duration_ms: 16.305708
  type: 'test'
  ...
# Subtest: C1: import "@pem/auth/context"; in packages/db/src/zz-probe.ts fails the boundaries lint
ok 6 - C1: import "@pem/auth/context"; in packages/db/src/zz-probe.ts fails the boundaries lint
  ---
  duration_ms: 10.529208
  type: 'test'
  ...
# Subtest: C1: import "@pem/auth/server"; in packages/email/src/zz-probe.ts fails the boundaries lint
ok 7 - C1: import "@pem/auth/server"; in packages/email/src/zz-probe.ts fails the boundaries lint
  ---
  duration_ms: 10.807792
  type: 'test'
  ...
# Subtest: C1: import "@pem/catalog/manifest"; in apps/web/app/zz-probe.ts fails the boundaries lint
ok 8 - C1: import "@pem/catalog/manifest"; in apps/web/app/zz-probe.ts fails the boundaries lint
  ---
  duration_ms: 3.316292
  type: 'test'
  ...
# Subtest: C1: import "@pem/catalog/manifest"; in packages/ui/src/zz-probe.ts fails the boundaries lint
ok 9 - C1: import "@pem/catalog/manifest"; in packages/ui/src/zz-probe.ts fails the boundaries lint
  ---
  duration_ms: 30.956458
  type: 'test'
  ...
# Subtest: C2: @pem/env/not-exported, which its package does not export, is a resolve error with no stack
ok 10 - C2: @pem/env/not-exported, which its package does not export, is a resolve error with no stack
  ---
  duration_ms: 9.832334
  type: 'test'
  ...
# Subtest: C2: @pem/db, which its package does not export, is a resolve error with no stack
ok 11 - C2: @pem/db, which its package does not export, is a resolve error with no stack
  ---
  duration_ms: 1.79925
  type: 'test'
  ...
# Subtest: C2: import type { Tier } from "@pem/env/tier"; in packages/db/src/zz-probe.ts still passes
ok 12 - C2: import type { Tier } from "@pem/env/tier"; in packages/db/src/zz-probe.ts still passes
  ---
  duration_ms: 6.297458
  type: 'test'
  ...
# Subtest: C2: import "next-themes"; import "react"; in packages/ui/src/zz-probe.ts still passes
ok 13 - C2: import "next-themes"; import "react"; in packages/ui/src/zz-probe.ts still passes
  ---
  duration_ms: 2.186125
  type: 'test'
  ...
# Subtest: C2: import "@supabase/ssr"; import "@supabase/supabase-js"; import "@pem/db/rls"; import "@pem/observability/logger"; in packages/auth/src/zz-probe.ts still passes
ok 14 - C2: import "@supabase/ssr"; import "@supabase/supabase-js"; import "@pem/db/rls"; import "@pem/observability/logger"; in packages/auth/src/zz-probe.ts still passes
  ---
  duration_ms: 11.686375
  type: 'test'
  ...
# Subtest: C2: import "@pem/auth/server"; in apps/web/lib/zz-probe.ts still passes
ok 15 - C2: import "@pem/auth/server"; in apps/web/lib/zz-probe.ts still passes
  ---
  duration_ms: 1.496166
  type: 'test'
  ...
# Subtest: C2: import "@pem/ui/button"; in packages/catalog/src/zz-probe.ts still passes
ok 16 - C2: import "@pem/ui/button"; in packages/catalog/src/zz-probe.ts still passes
  ---
  duration_ms: 2.803625
  type: 'test'
  ...
# Subtest: C2: import "@pem/ui/button"; import "@pem/ui/styles/globals.css"; import "@pem/brand/assets/logo.svg"; import "@/app/layout"; in apps/web/app/zz-probe.ts still passes
ok 17 - C2: import "@pem/ui/button"; import "@pem/ui/styles/globals.css"; import "@pem/brand/assets/logo.svg"; import "@/app/layout"; in apps/web/app/zz-probe.ts still passes
  ---
  duration_ms: 5.559666
  type: 'test'
  ...
# Subtest: C2: states are derived from the tree: storied, planned and link-only, and --write makes STATUS.md current
ok 18 - C2: states are derived from the tree: storied, planned and link-only, and --write makes STATUS.md current
  ---
  duration_ms: 9.426375
  type: 'test'
  ...
# Subtest: C2: a component with no story is present, and fails its ticket
ok 19 - C2: a component with no story is present, and fails its ticket
  ---
  duration_ms: 3.9405
  type: 'test'
  ...
# Subtest: C2: a planned entry fails its ticket, and a ticket with no entries is named
ok 20 - C2: a planned entry fails its ticket, and a ticket with no entries is named
  ---
  duration_ms: 3.063667
  type: 'test'
  ...
# Subtest: C2: a wrong title, a missing or wrong tag, and missing provenance are each named
ok 21 - C2: a wrong title, a missing or wrong tag, and missing provenance are each named
  ---
  duration_ms: 2.896792
  type: 'test'
  ...
# Subtest: C2: a component story with no manifest entry is an orphan
ok 22 - C2: a component story with no manifest entry is an orphan
  ---
  duration_ms: 2.979917
  type: 'test'
  ...
# Subtest: C2: a stale STATUS.md fails until it is rewritten
ok 23 - C2: a stale STATUS.md fails until it is rewritten
  ---
  duration_ms: 8.335542
  type: 'test'
  ...
# Subtest: C2: a malformed entry is named: unknown source, kind outside KINDS, a block in the kit, a path off the layout
ok 24 - C2: a malformed entry is named: unknown source, kind outside KINDS, a block in the kit, a path off the layout
  ---
  duration_ms: 1.836334
  type: 'test'
  ...
# Subtest: C5: a client chunk holding a server-only sentinel fails, naming the variable and the chunk
ok 25 - C5: a client chunk holding a server-only sentinel fails, naming the variable and the chunk
  ---
  duration_ms: 97.278833
  type: 'test'
  ...
# Subtest: C5: no build output fails
ok 26 - C5: no build output fails
  ---
  duration_ms: 212.702584
  type: 'test'
  ...
# Subtest: C5: clean client chunks pass
ok 27 - C5: clean client chunks pass
  ---
  duration_ms: 138.57775
  type: 'test'
  ...
# Subtest: C5: a scan with no sentinel named is refused
ok 28 - C5: a scan with no sentinel named is refused
  ---
  duration_ms: 99.767125
  type: 'test'
  ...
# Subtest: the plan plants server-only names from .env.example and turbo.json, and fails on drift, naming it
ok 29 - the plan plants server-only names from .env.example and turbo.json, and fails on drift, naming it
  ---
  duration_ms: 139.719709
  type: 'test'
  ...
# Subtest: a pending entry that now exists is stale
ok 30 - a pending entry that now exists is stale
  ---
  duration_ms: 698.327417
  type: 'test'
  ...
# Subtest: a git-ignored pending entry is machine-local and never stale
ok 31 - a git-ignored pending entry is machine-local and never stale
  ---
  duration_ms: 277.656291
  type: 'test'
  ...
# Subtest: C1: a present module missing a listed file fails, naming the module and the file
ok 32 - C1: a present module missing a listed file fails, naming the module and the file
  ---
  duration_ms: 107.551875
  type: 'test'
  ...
# Subtest: C2: a removed module with a leftover file, variable or dependency fails, naming each leftover
ok 33 - C2: a removed module with a leftover file, variable or dependency fails, naming each leftover
  ---
  duration_ms: 590.498875
  type: 'test'
  ...
# Subtest: C2: a clean removal passes, and near-miss names are not leftovers
ok 34 - C2: a clean removal passes, and near-miss names are not leftovers
  ---
  duration_ms: 101.105208
  type: 'test'
  ...
# Subtest: C3: a locked module marked removed fails
ok 35 - C3: a locked module marked removed fails
  ---
  duration_ms: 100.520458
  type: 'test'
  ...
# Subtest: C4: an entry missing any of files, env, dependencies, boundaries, locked or runbook fails, naming the field
ok 36 - C4: an entry missing any of files, env, dependencies, boundaries, locked or runbook fails, naming the field
  ---
  duration_ms: 108.662333
  type: 'test'
  ...
# Subtest: C5: a runbook path that does not exist fails, naming the path
ok 37 - C5: a runbook path that does not exist fails, naming the path
  ---
  duration_ms: 121.199375
  type: 'test'
  ...
# Subtest: C1: a conforming tree passes
ok 38 - C1: a conforming tree passes
  ---
  duration_ms: 14.804291
  type: 'test'
  ...
# Subtest: C1: a stray top-level folder fails, naming it
ok 39 - C1: a stray top-level folder fails, naming it
  ---
  duration_ms: 12.030042
  type: 'test'
  ...
# Subtest: C1: an unknown kind fails, naming it
ok 40 - C1: an unknown kind fails, naming it
  ---
  duration_ms: 19.757
  type: 'test'
  ...
# Subtest: C1: a component folder without <name>.tsx fails, naming it
ok 41 - C1: a component folder without <name>.tsx fails, naming it
  ---
  duration_ms: 8.132833
  type: 'test'
  ...
# Subtest: C1: a component folder without index.ts fails, naming it
ok 42 - C1: a component folder without index.ts fails, naming it
  ---
  duration_ms: 11.365
  type: 'test'
  ...
# Subtest: C1: a cva() in the component file fails, naming the file
ok 43 - C1: a cva() in the component file fails, naming the file
  ---
  duration_ms: 9.522542
  type: 'test'
  ...
# Subtest: C1: an export whose target is missing fails, naming the export
ok 44 - C1: an export whose target is missing fails, naming the export
  ---
  duration_ms: 8.426417
  type: 'test'
  ...
# Subtest: review S1: cva in a second file of the folder fails; a comment naming cva() passes
ok 45 - review S1: cva in a second file of the folder fails; a comment naming cva() passes
  ---
  duration_ms: 15.123875
  type: 'test'
  ...
# Subtest: review S3: a primitive with copy.ts fails
ok 46 - review S3: a primitive with copy.ts fails
  ---
  duration_ms: 8.18325
  type: 'test'
  ...
# Subtest: review S3: a primitive importing a composed component fails
ok 47 - review S3: a primitive importing a composed component fails
  ---
  duration_ms: 10.039708
  type: 'test'
  ...
# Subtest: review N6: conditional exports resolve; a wildcard export fails
ok 48 - review N6: conditional exports resolve; a wildcard export fails
  ---
  duration_ms: 22.342416
  type: 'test'
  ...
# Subtest: review N7: the command exits 1 and names the path
ok 49 - review N7: the command exits 1 and names the path
  ---
  duration_ms: 166.8045
  type: 'test'
  ...
# Subtest: STK-23 C1: a missing kind folder fails, naming it
ok 50 - STK-23 C1: a missing kind folder fails, naming it
  ---
  duration_ms: 29.290458
  type: 'test'
  ...
# Subtest: STK-23 C1: a kind folder without README.md fails, naming it
ok 51 - STK-23 C1: a kind folder without README.md fails, naming it
  ---
  duration_ms: 8.763208
  type: 'test'
  ...
# Subtest: STK-23 C1: an AGENTS.md kinds table that differs from KINDS fails
ok 52 - STK-23 C1: an AGENTS.md kinds table that differs from KINDS fails
  ---
  duration_ms: 20.603875
  type: 'test'
  ...
# Subtest: STK-23 review: a primitive may import another primitive, and a story may import anything
ok 53 - STK-23 review: a primitive may import another primitive, and a story may import anything
  ---
  duration_ms: 24.43125
  type: 'test'
  ...
# Subtest: a merged as-built is immutable except applied:
ok 54 - a merged as-built is immutable except applied:
  ---
  duration_ms: 5367.996916
  type: 'test'
  ...
# Subtest: A9 commit-msg: an agent branch needs a work-id; another branch does not
ok 55 - A9 commit-msg: an agent branch needs a work-id; another branch does not
  ---
  duration_ms: 1805.923292
  type: 'test'
  ...
# Subtest: A9 pre-commit: staging a hand-edited results.json is refused
ok 56 - A9 pre-commit: staging a hand-edited results.json is refused
  ---
  duration_ms: 1961.952292
  type: 'test'
  ...
# Subtest: A4 contract:init allocates sequential ids, from the template, then starts with every criterion FAIL
ok 57 - A4 contract:init allocates sequential ids, from the template, then starts with every criterion FAIL
  ---
  duration_ms: 1888.147208
  type: 'test'
  ...
# Subtest: the protected branch refuses a start; the operator picks the work branch
ok 58 - the protected branch refuses a start; the operator picks the work branch
  ---
  duration_ms: 745.506708
  type: 'test'
  ...
# Subtest: parallel tickets: a second item starts on the same branch while the first is open
ok 59 - parallel tickets: a second item starts on the same branch while the first is open
  ---
  duration_ms: 2246.111625
  type: 'test'
  ...
# Subtest: parallel tickets: another ticket's uncommitted file does not block a run, its own does
ok 60 - parallel tickets: another ticket's uncommitted file does not block a run, its own does
  ---
  duration_ms: 3002.167
  type: 'test'
  ...
# Subtest: parallel tickets: another ticket's commit leaves this ticket's proof fresh
ok 61 - parallel tickets: another ticket's commit leaves this ticket's proof fresh
  ---
  duration_ms: 3798.852791
  type: 'test'
  ...
# Subtest: stacking: a dependent ticket starts on the same branch once its predecessor is built, before any as-built or review
ok 62 - stacking: a dependent ticket starts on the same branch once its predecessor is built, before any as-built or review
  ---
  duration_ms: 4016.468292
  type: 'test'
  ...
# Subtest: a dependency that has not started refuses the start
ok 63 - a dependency that has not started refuses the start
  ---
  duration_ms: 1083.649917
  type: 'test'
  ...
# Subtest: A6: a cited file not approved, or holding a BLOCKING marker, is refused; a plain open marker is listed
ok 64 - A6: a cited file not approved, or holding a BLOCKING marker, is refused; a plain open marker is listed
  ---
  duration_ms: 2652.91775
  type: 'test'
  ...
# Subtest: PR-15 tiers: code is tier 1 with no reviewer; contract:tier 2 adds the review, and a lower tier drops it
ok 65 - PR-15 tiers: code is tier 1 with no reviewer; contract:tier 2 adds the review, and a lower tier drops it
  ---
  duration_ms: 3941.221084
  type: 'test'
  ...
# Subtest: PR-15: check-specs warns on a ticket still closing, and fails it only with --strict
ok 66 - PR-15: check-specs warns on a ticket still closing, and fails it only with --strict
  ---
  duration_ms: 2241.936208
  type: 'test'
  ...
# Subtest: Vigil 9 and 10, tier 2 epic ticket: pre-flight gates the start, review:run follows the as-built, truth:promote follows
ok 67 - Vigil 9 and 10, tier 2 epic ticket: pre-flight gates the start, review:run follows the as-built, truth:promote follows
  ---
  duration_ms: 9670.479416
  type: 'test'
  ...
# Subtest: a fixture reviewer's PASS does not count outside the harness
ok 68 - a fixture reviewer's PASS does not count outside the harness
  ---
  duration_ms: 4240.127791
  type: 'test'
  ...
# Subtest: a pre-flight written by the fixture reviewer does not start a ticket outside the harness
ok 69 - a pre-flight written by the fixture reviewer does not start a ticket outside the harness
  ---
  duration_ms: 1114.2
  type: 'test'
  ...
# Subtest: contract:run refuses an uncommitted tree, then records run records with HEAD and evidence hashes
ok 70 - contract:run refuses an uncommitted tree, then records run records with HEAD and evidence hashes
  ---
  duration_ms: 3656.092792
  type: 'test'
  ...
# Subtest: contract:run FAILs a test criterion whose runner matched zero tests
ok 71 - contract:run FAILs a test criterion whose runner matched zero tests
  ---
  duration_ms: 2053.359542
  type: 'test'
  ...
# Subtest: Vigil 10, one-off: init, run, as-built, status and check-specs close with nothing left
ok 72 - Vigil 10, one-off: init, run, as-built, status and check-specs close with nothing left
  ---
  duration_ms: 4376.553792
  type: 'test'
  ...
# Subtest: Vigil 3: an open ticket's PASS recorded at X goes stale when a planned path changes at X+1
ok 73 - Vigil 3: an open ticket's PASS recorded at X goes stale when a planned path changes at X+1
  ---
  duration_ms: 3520.487084
  type: 'test'
  ...
# Subtest: PR-16: a closed ticket's proofs are frozen; a later change to its paths does not reopen it
ok 74 - PR-16: a closed ticket's proofs are frozen; a later change to its paths does not reopen it
  ---
  duration_ms: 4126.008875
  type: 'test'
  ...
# Subtest: PR-16: operator_review adds a manual criterion; deferring it lists an operator check and still closes the ticket
ok 75 - PR-16: operator_review adds a manual criterion; deferring it lists an operator check and still closes the ticket
  ---
  duration_ms: 5094.899292
  type: 'test'
  ...
# Subtest: C1: the repo's preset passes every pair in both themes
ok 76 - C1: the repo's preset passes every pair in both themes
  ---
  duration_ms: 135.026
  type: 'test'
  ...
# Subtest: C1: black on white measures 21:1, the WCAG maximum
ok 77 - C1: black on white measures 21:1, the WCAG maximum
  ---
  duration_ms: 118.511833
  type: 'test'
  ...
# Subtest: C1: a text pair below 4.5:1 fails and is named
ok 78 - C1: a text pair below 4.5:1 fails and is named
  ---
  duration_ms: 104.85775
  type: 'test'
  ...
# Subtest: C1: a focus ring below 3:1 fails in the theme it is set in
ok 79 - C1: a focus ring below 3:1 fails in the theme it is set in
  ---
  duration_ms: 116.014125
  type: 'test'
  ...
# Subtest: C1: see-through text is composited as the browser does
ok 80 - C1: see-through text is composited as the browser does
  ---
  duration_ms: 110.89075
  type: 'test'
  ...
# Subtest: C1: a missing token fails rather than passing silently
ok 81 - C1: a missing token fails rather than passing silently
  ---
  duration_ms: 81.680334
  type: 'test'
  ...
# Subtest: C2: every Vega colour role is a Tailwind colour, set in light and in dark
ok 82 - C2: every Vega colour role is a Tailwind colour, set in light and in dark
  ---
  duration_ms: 0.839209
  type: 'test'
  ...
# Subtest: C2: the radius steps and the four elevation levels are tokens
ok 83 - C2: the radius steps and the four elevation levels are tokens
  ---
  duration_ms: 0.121042
  type: 'test'
  ...
# Subtest: C2: the tk-motion tokens carry their values verbatim
ok 84 - C2: the tk-motion tokens carry their values verbatim
  ---
  duration_ms: 0.524709
  type: 'test'
  ...
# Subtest: C2: "px-[13px]" is rejected
ok 85 - C2: "px-[13px]" is rejected
  ---
  duration_ms: 882.902667
  type: 'test'
  ...
# Subtest: C2: "focus-visible:ring-[3px]" is rejected
ok 86 - C2: "focus-visible:ring-[3px]" is rejected
  ---
  duration_ms: 10.25925
  type: 'test'
  ...
# Subtest: C2: "duration-[0.35s]" is rejected
ok 87 - C2: "duration-[0.35s]" is rejected
  ---
  duration_ms: 8.575667
  type: 'test'
  ...
# Subtest: C2: "ease-[cubic-bezier(0.2,0,0,1)]" is rejected
ok 88 - C2: "ease-[cubic-bezier(0.2,0,0,1)]" is rejected
  ---
  duration_ms: 4.803125
  type: 'test'
  ...
# Subtest: C2: "bg-red-500" is rejected
ok 89 - C2: "bg-red-500" is rejected
  ---
  duration_ms: 6.999166
  type: 'test'
  ...
# Subtest: C2: "dark:bg-black/10" is rejected
ok 90 - C2: "dark:bg-black/10" is rejected
  ---
  duration_ms: 3.935459
  type: 'test'
  ...
# Subtest: C2: "text-[\#ffffff]" is rejected
ok 91 - C2: "text-[\#ffffff]" is rejected
  ---
  duration_ms: 4.218917
  type: 'test'
  ...
# Subtest: C2: "bg-[oklch(0.5_0_0)]" is rejected
ok 92 - C2: "bg-[oklch(0.5_0_0)]" is rejected
  ---
  duration_ms: 7.060583
  type: 'test'
  ...
# Subtest: C2: "shadow-md" is rejected
ok 93 - C2: "shadow-md" is rejected
  ---
  duration_ms: 8.121459
  type: 'test'
  ...
# Subtest: C2: "shadow-xs" is rejected
ok 94 - C2: "shadow-xs" is rejected
  ---
  duration_ms: 4.723584
  type: 'test'
  ...
# Subtest: C2: "data-open:duration-200" is rejected
ok 95 - C2: "data-open:duration-200" is rejected
  ---
  duration_ms: 9.017167
  type: 'test'
  ...
# Subtest: C2: "ease-in" is rejected
ok 96 - C2: "ease-in" is rejected
  ---
  duration_ms: 4.495833
  type: 'test'
  ...
# Subtest: C2: "data-[size=sm]:px-2 has-[>svg]:px-2.5 group-data-[orientation=vertical]:flex-col" passes
ok 97 - C2: "data-[size=sm]:px-2 has-[>svg]:px-2.5 group-data-[orientation=vertical]:flex-col" passes
  ---
  duration_ms: 4.078125
  type: 'test'
  ...
# Subtest: C2: "active:not-aria-[haspopup]:translate-y-px aria-invalid:ring-destructive/20" passes
ok 98 - C2: "active:not-aria-[haspopup]:translate-y-px aria-invalid:ring-destructive/20" passes
  ---
  duration_ms: 3.136167
  type: 'test'
  ...
# Subtest: C2: "grid-rows-[auto_1fr] transition-[color,box-shadow] max-w-[80%] min-w-[14ch]" passes
ok 99 - C2: "grid-rows-[auto_1fr] transition-[color,box-shadow] max-w-[80%] min-w-[14ch]" passes
  ---
  duration_ms: 9.461792
  type: 'test'
  ...
# Subtest: C2: "w-[calc(var(--sidebar-width-icon)+(--spacing(4)))] translate-x-[calc(100%-2px)]" passes
ok 100 - C2: "w-[calc(var(--sidebar-width-icon)+(--spacing(4)))] translate-x-[calc(100%-2px)]" passes
  ---
  duration_ms: 2.993625
  type: 'test'
  ...
# Subtest: C2: "[--stack-step:0.05] h-[calc(100%-1px)] border-[1px]" passes
ok 101 - C2: "[--stack-step:0.05] h-[calc(100%-1px)] border-[1px]" passes
  ---
  duration_ms: 3.0295
  type: 'test'
  ...
# Subtest: C2: "shadow-control shadow-raised shadow-overlay shadow-floating shadow-none" passes
ok 102 - C2: "shadow-control shadow-raised shadow-overlay shadow-floating shadow-none" passes
  ---
  duration_ms: 6.032667
  type: 'test'
  ...
# Subtest: C2: "duration-(--motion-duration-base) ease-(--motion-ease-out) ease-in-out" passes
ok 103 - C2: "duration-(--motion-duration-base) ease-(--motion-ease-out) ease-in-out" passes
  ---
  duration_ms: 3.337166
  type: 'test'
  ...
# Subtest: C2: "rounded-xl rounded-4xl ring-3 bg-destructive/10 text-sidebar-accent-foreground" passes
ok 104 - C2: "rounded-xl rounded-4xl ring-3 bg-destructive/10 text-sidebar-accent-foreground" passes
  ---
  duration_ms: 2.949875
  type: 'test'
  ...
# Subtest: C2: a raw value inside cn() is reported once, and an inline style value is rejected
ok 105 - C2: a raw value inside cn() is reported once, and an inline style value is rejected
  ---
  duration_ms: 12.122792
  type: 'test'
  ...
1..105
# tests 105
# suites 0
# pass 105
# fail 0
# cancelled 0
# skipped 0
# todo 0
# duration_ms 27263.55275
