command: yarn test
exit: 0
at: 2026-10-05T00:02:38Z
head: 458e25d4e332622daa4eac7e327e9e39758037fa
tests: 114
---

   • turbo 2.11.6
   • Packages in scope: @pem/auth, @pem/brand, @pem/catalog, @pem/config, @pem/constants, @pem/db, @pem/email, @pem/env, @pem/observability, @pem/ui, docs, web
   • Running test in 12 packages
   • Remote caching disabled

cache hit, replaying logs 19121539303432c3
cache hit, replaying logs efe505b7f45a7df3
cache hit, replaying logs 73c62f91ce737a0d
cache hit, replaying logs 5e48a2b647825d04
TAP version 13
# Subtest: C2: a live-mode key on local or staging fails with the variable named
ok 1 - C2: a live-mode key on local or staging fails with the variable named
  ---
  duration_ms: 0.622542
  type: 'test'
  ...
# Subtest: C2: a test-mode key on production fails with the variable named
ok 2 - C2: a test-mode key on production fails with the variable named
  ---
  duration_ms: 0.122333
  type: 'test'
  ...
# Subtest: C2: matching modes pass
ok 3 - C2: matching modes pass
  ---
  duration_ms: 0.082
  type: 'test'
  ...
# Subtest: C2: a key with no mode prefix fails on every tier
TAP version 13
cache hit, replaying logs 8f7629bb584eada6
# Subtest: C2: the HTML part carries the brand's name, support address, home URL and colours
ok 1 - C2: the HTML part carries the brand's name, support address, home URL and colours
  ---
  duration_ms: 0.727417
  type: 'test'
  ...
# Subtest: C2: the text part carries the brand and the action as a link
ok 2 - C2: the text part carries the brand and the action as a link
  ---
  duration_ms: 0.196833
  type: 'test'
  ...
# Subtest: C2: every caller value is escaped
ok 3 - C2: every caller value is escaped
  ---
  duration_ms: 0.166917
  type: 'test'
  ...
# Subtest: C2: an action URL that is not http(s) is refused
TAP version 13
# Subtest: C1: brand.ts theme colours equal the preset's values
ok 1 - C1: brand.ts theme colours equal the preset's values
  ---
  duration_ms: 1.282708
  type: 'test'
  ...
# Subtest: C1: a changed preset value is a mismatch
TAP version 13
ok 2 - C1: a changed preset value is a mismatch
TAP version 13
  ---
# Subtest: the admin client holds no session: nothing persisted, refreshed or read from a URL
ok 4 - C2: an action URL that is not http(s) is refused
  ---
  duration_ms: 0.282375
  type: 'test'
  ...
# Subtest: C2: no source file in @pem/email writes a brand value or a colour literal
ok 4 - C2: a key with no mode prefix fails on every tier
  ---
# Subtest: track is a no-op until a vendor is wired
cache hit, replaying logs 101aab282504542c
cache hit, replaying logs cad7664585276aae
ok 1 - track is a no-op until a vendor is wired
  ---
  duration_ms: 1.564917
  type: 'test'
  ...
# Subtest: C1: logger.error passes the error, tags and user id to the registered reporter
  duration_ms: 0.264833
  type: 'test'
  ...
# Subtest: C1: a changed brand.ts value is a mismatch
ok 3 - C1: a changed brand.ts value is a mismatch
  ---
  duration_ms: 0.744125
  type: 'test'
  ...
# Subtest: every asset path in brand.ts exists in the package
ok 4 - every asset path in brand.ts exists in the package
  ---
  duration_ms: 0.144375
  type: 'test'
  ...
# Subtest: white, black and the sRGB primaries
  duration_ms: 0.182083
ok 5 - white, black and the sRGB primaries
  ---
ok 5 - C2: no source file in @pem/email writes a brand value or a colour literal
  ---
  duration_ms: 1.65675
  type: 'test'
  ...
# Subtest: C1: a send on the local tier logs the rendered message and does not call the vendor
ok 1 - the admin client holds no session: nothing persisted, refreshed or read from a URL
  ---
  duration_ms: 17.125958
  type: 'test'
  ...
# Subtest: every subpath is classed as client-safe or server
ok 6 - C1: a send on the local tier logs the rendered message and does not call the vendor
  ---
  duration_ms: 1.71125
  type: 'test'
  ...
# Subtest: C1: a dashboard template on the local tier logs its id and variable names, not their values
ok 7 - C1: a dashboard template on the local tier logs its id and variable names, not their values
  ---
ok 2 - every subpath is classed as client-safe or server
  ---
  duration_ms: 1.718708
  type: 'test'
  duration_ms: 0.279416
  type: 'test'
  ...
# Subtest: C1: the local tier needs no key
ok 8 - C1: the local tier needs no key
  ---
  duration_ms: 0.147833
  type: 'test'
  ...
# Subtest: C1: staging and production call the vendor once, with the brand's sender and reply-to
ok 9 - C1: staging and production call the vendor once, with the brand's sender and reply-to
  ---
ok 2 - C1: logger.error passes the error, tags and user id to the registered reporter
  duration_ms: 0.25
  type: 'test'
  duration_ms: 0.821708
  type: 'test'
  type: 'test'
  ...
  ---
# Subtest: ./config reaches no server module, built-in or workspace package
  ...
# Subtest: public names pass, and unset values are left out

ok 5 - public names pass, and unset values are left out
 RUN  v5.0.3 ./packages/ui

 ✓ .storybook/story-coverage.test.ts (5 tests) 6ms
  ...
stderr | .storybook/stories.test.ts > Composed/Control/Theme toggle > System
# Subtest: C1: a dashboard template is sent by its id, and EMAIL_FROM replaces the brand's address
ok 10 - C1: a dashboard template is sent by its id, and EMAIL_FROM replaces the brand's address
  ---
  duration_ms: 0.168042
  type: 'test'
TAP version 13
  ...
# Subtest: each kind of DDL or write against auth is caught
  ...
# Subtest: C1: staging without a key refuses to send, naming the variable
  duration_ms: 1.9345
ok 11 - C1: staging without a key refuses to send, naming the variable
  type: 'test'
  ...
Encountered a script tag while rendering React component. Scripts inside React components are never executed when rendering on the client. Consider using template tag instead (https://developer.mozilla.org/en-US/docs/Web/HTML/Element/template).
# Subtest: C1: logger.error with no error hands the reporter one named for the event
# Subtest: lightness as a percentage, and an alpha, are accepted

ok 1 - each kind of DDL or write against auth is caught
  ---
  ---
  duration_ms: 1.198042
  type: 'test'
  ...
# Subtest: a server-only name is refused, by name
  ---
  duration_ms: 0.268333
ok 3 - C1: logger.error with no error hands the reporter one named for the event
ok 3 - ./config reaches no server module, built-in or workspace package
  ---
  duration_ms: 0.174292
ok 6 - a server-only name is refused, by name
  ---
 ✓ .storybook/stories.test.ts (35 tests) 921ms
  duration_ms: 0.266125
  type: 'test'

 Test Files  2 passed (2)
      Tests  40 passed (40)
  ...
ok 6 - lightness as a percentage, and an alpha, are accepted
# Subtest: C1: each tier reads its own variable
  duration_ms: 1.108833
  ---
  type: 'test'
  duration_ms: 0.600459
  type: 'test'
   Start at  17:01:58
  ...
   Duration  2.83s (transform 38%, environment 25%, tests 21%, setup 15%, import 2%)
# Subtest: ./browser reaches no server module, built-in or workspace package
ok 7 - C1: each tier reads its own variable
  ...
  ---
  duration_ms: 0.4815
# Subtest: a foreign key to auth.users and a call to auth.uid() are allowed
ok 2 - a foreign key to auth.users and a call to auth.uid() are allowed
  ---
  type: 'test'
ok 4 - ./browser reaches no server module, built-in or workspace package
  ---

  duration_ms: 0.345417
  type: 'test'
  ...
# Subtest: ./redirect reaches no server module, built-in or workspace package
ok 5 - ./redirect reaches no server module, built-in or workspace package
  ---
  duration_ms: 1.033875
  type: 'test'
  ...
  type: 'test'
  ...
# Subtest: C1: a tier whose own value is absent or empty reads the unsuffixed value
# Subtest: the walk sees a server import when there is one
ok 6 - the walk sees a server import when there is one
  ---
  duration_ms: 2.303833
  type: 'test'
  ...
# Subtest: ./server is marked server-only, so a client component cannot import it
ok 7 - ./server is marked server-only, so a client component cannot import it
ok 8 - C1: a tier whose own value is absent or empty reads the unsuffixed value
  ---
  duration_ms: 0.671125
  type: 'test'
  ...
  ---
  duration_ms: 0.100709
  type: 'test'
  ...
# Subtest: C1: a reporter that throws is swallowed, and the line still prints
ok 4 - C1: a reporter that throws is swallowed, and the line still prints
  ...
  type: 'test'
  ...
# Subtest: the preset's neutral steps
ok 7 - the preset's neutral steps
# Subtest: C1: a vendor error is thrown, not swallowed
ok 12 - C1: a vendor error is thrown, not swallowed
  ---
  duration_ms: 0.1615
  duration_ms: 0.07775
  ---
# Subtest: ./admin is marked server-only, so a client component cannot import it
  ---
  type: 'test'
  duration_ms: 0.242041
  type: 'test'
  type: 'test'
ok 8 - ./admin is marked server-only, so a client component cannot import it
  ...
  ---
  duration_ms: 0.194208
  duration_ms: 0.145208
# Subtest: C1: a reporter that rejects is swallowed
  ...
ok 5 - C1: a reporter that rejects is swallowed
  ---
  duration_ms: 4.618542
  type: 'test'
  ...
# Subtest: C1: the default reporter is a no-op
ok 6 - C1: the default reporter is a no-op
  ---
# Subtest: maskAddress keeps the first letter and the domain only
  type: 'test'
  ---
ok 13 - maskAddress keeps the first letter and the domain only
  ...
  duration_ms: 0.633459
# Subtest: ./session is marked server-only, so a client component cannot import it
  type: 'test'
ok 9 - ./session is marked server-only, so a client component cannot import it
  ...
  ...
# Subtest: C2: a secret-like key is redacted at any depth, whatever its case
  ---
ok 7 - C2: a secret-like key is redacted at any depth, whatever its case
# Subtest: a migration with DDL against auth fails, numbered by statement
  ---
  duration_ms: 0.090292
  duration_ms: 0.376833
  ---
  duration_ms: 0.046791
  type: 'test'
  ...
  type: 'test'
ok 3 - a migration with DDL against auth fails, numbered by statement
  ...
  ---
  duration_ms: 0.0895
  type: 'test'
  ...
# Subtest: C1: nothing set picks undefined
ok 9 - C1: nothing set picks undefined
  duration_ms: 1.189166
  ---
  duration_ms: 0.06375
# Subtest: C2: request bodies and personal data are redacted too
  type: 'test'
  ...
# Subtest: C1: a deployment left on the local tier neither sends nor logs the body
  type: 'test'
ok 14 - C1: a deployment left on the local tier neither sends nor logs the body
  type: 'test'
  ---
ok 8 - C2: request bodies and personal data are redacted too
  duration_ms: 0.3345
  type: 'test'
# Subtest: anything but oklch() is refused
  ...
  ...
# Subtest: C1: production never reads a suffixed value
  type: 'test'
  ...
# Subtest: the generated migration set passes, and it does reference auth.users
  ...
ok 4 - the generated migration set passes, and it does reference auth.users
# Subtest: ./context is marked server-only, so a client component cannot import it
ok 10 - ./context is marked server-only, so a client component cannot import it
1..14
  ---
# tests 14
  duration_ms: 0.783834
# suites 0
# pass 14
# fail 0
  type: 'test'
  ...
# Subtest: only the local auth mirror writes to auth.users
ok 5 - only the local auth mirror writes to auth.users
  ---
  ---
  duration_ms: 5.994041
  type: 'test'
  ...
  duration_ms: 1.2905
# cancelled 0
  type: 'test'
# skipped 0
  ...
# Subtest: a secret key in the public slot is refused, naming the variable
ok 11 - a secret key in the public slot is refused, naming the variable
  ---
  duration_ms: 1.277167
  type: 'test'
  ...
# Subtest: the publishable key and the legacy anon key pass
# todo 0
ok 8 - anything but oklch() is refused
# duration_ms 96.966083
  ---
  ---
  duration_ms: 0.221042
ok 12 - the publishable key and the legacy anon key pass
  duration_ms: 0.123125
# Subtest: the pattern catches each kind of write
ok 10 - C1: production never reads a suffixed value
  ---
  duration_ms: 0.055625
  type: 'test'
  type: 'test'
  ...
# Subtest: C2: the reporter's context is redacted; the error itself is passed as caught
ok 9 - C2: the reporter's context is redacted; the error itself is passed as caught
  ---
  duration_ms: 0.223334
  type: 'test'
  ...
# Subtest: C2: personal data and request bodies are redacted under their common compound names
  ---
ok 10 - C2: personal data and request bodies are redacted under their common compound names
  ---
  duration_ms: 0.335709
  type: 'test'
  ...
# Subtest: C1: a secret-like tag is redacted before it reaches the reporter
ok 6 - the pattern catches each kind of write
  ...
# Subtest: C1: the suffix grammar names each form
ok 11 - C1: the suffix grammar names each form
  type: 'test'
  ---
  duration_ms: 0.378084
  type: 'test'
  ...
  ...
1..8
# tests 8
# suites 0
# pass 8
# fail 0
# cancelled 0
# skipped 0
# todo 0
ok 11 - C1: a secret-like tag is redacted before it reaches the reporter
  ---
  duration_ms: 0.231459
  type: 'test'
  ---
  duration_ms: 0.129292
  duration_ms: 0.241709
  ...
  type: 'test'
# Subtest: the cookie stem the purge uses is the storage key the installed SDK writes
ok 13 - the cookie stem the purge uses is the storage key the installed SDK writes
  ---
  duration_ms: 23.626417
  type: 'test'
  ...
  ...
# Using the user object as returned from supabase.auth.getSession() or from some supabase.auth.onAuthStateChange() events could be insecure! This value comes directly from the storage medium (usually cookies on the server) and may not be authentic. Use supabase.auth.getUser() instead which authenticates the data by contacting the Supabase Auth server.
1..11
# tests 11
# suites 0
# pass 11
# fail 0
# cancelled 0
# skipped 0
# Subtest: C1: returns the user's id, email and app_metadata role from getUser
ok 14 - C1: returns the user's id, email and app_metadata role from getUser
  type: 'test'
  ...
# Subtest: C1: the switch defaults to local, never production, and names itself when wrong
ok 12 - C1: the switch defaults to local, never production, and names itself when wrong
# duration_ms 79.348833
  ---
  duration_ms: 0.21825
  type: 'test'
  ...
# Subtest: outside a deployment the site URL is localhost, whatever is configured
# Subtest: seedLocalUsers
    # Subtest: refuses a non-loopback auth URL before sending anything
    ok 1 - refuses a non-loopback auth URL before sending anything
      ---
# todo 0
  ---
  duration_ms: 0.930375
  type: 'test'
  ...
# Subtest: C1: a user without a known app_metadata role is a user; user_metadata is never read
ok 15 - C1: a user without a known app_metadata role is a user; user_metadata is never read
  ---
  duration_ms: 0.115875
  type: 'test'
  ...
# Subtest: C1: refuses when getUser returns an error, even with a user beside it
ok 16 - C1: refuses when getUser returns an error, even with a user beside it
  ---
  duration_ms: 0.100167
  type: 'test'
  ...
# Subtest: C1: a forged session cookie is refused when Supabase cannot fetch its user
ok 17 - C1: a forged session cookie is refused when Supabase cannot fetch its user
      duration_ms: 1.017292
      type: 'test'
      ...
  ---
    # Subtest: refuses a missing service-role key before sending anything
# duration_ms 126.824875
    ok 2 - refuses a missing service-role key before sending anything
ok 13 - outside a deployment the site URL is localhost, whatever is configured
  ---
  duration_ms: 0.52075
  duration_ms: 15.187875
  type: 'test'
  ...
# Subtest: C1: the same cookie passes once Supabase returns its user, with the role from that answer
      ---
  type: 'test'
  ...
# Subtest: in a deployment the configured URL is used, without a trailing slash
ok 14 - in a deployment the configured URL is used, without a trailing slash
  ---
  duration_ms: 0.133584
  type: 'test'
ok 18 - C1: the same cookie passes once Supabase returns its user, with the role from that answer
  ---
  ...
1..14
  duration_ms: 1.112042
  type: 'test'
      duration_ms: 0.148542
      type: 'test'
# tests 14
  ...
      ...
# Subtest: C1: the mirror is called once per user per process, and again after a refusal, a failure or an email change
# suites 0
# pass 14
ok 19 - C1: the mirror is called once per user per process, and again after a refusal, a failure or an email change
    # Subtest: creates each synthetic user through the local admin API
# fail 0
  ---
    ok 3 - creates each synthetic user through the local admin API
# cancelled 0
# skipped 0
      ---
      duration_ms: 30.224375
      type: 'test'
      ...
    # Subtest: treats an existing email as done
  duration_ms: 0.3315
  type: 'test'
  ...
# Subtest: C1: concurrent requests for one user share one mirror call
ok 20 - C1: concurrent requests for one user share one mirror call
  ---
  duration_ms: 10.118
  type: 'test'
  ...
# Subtest: C1: an anonymous or refused request never reaches the mirror
ok 21 - C1: an anonymous or refused request never reaches the mirror
    ok 4 - treats an existing email as done
# todo 0
# duration_ms 115.348
  ---
  duration_ms: 0.16925
  type: 'test'
  ...
# Subtest: a sign-in on localhost lands back on localhost, at next
ok 22 - a sign-in on localhost lands back on localhost, at next
  ---
  duration_ms: 0.609542
  type: 'test'
  ...
# Subtest: next that leaves the origin becomes /
ok 23 - next that leaves the origin becomes /
  ---
  duration_ms: 0.198792
  type: 'test'
  ...
# Subtest: the callback URL is on the site's origin and carries next only when it is a path
ok 24 - the callback URL is on the site's origin and carries next only when it is a path
  ---
  duration_ms: 0.107334
  type: 'test'
  ...
# @supabase/ssr: chunked cookie decoded to invalid JSON, treating as absent. This usually indicates that cookie chunks from different writes were combined (e.g. response committed before all Set-Cookie headers were sent).
# @supabase/ssr: chunked cookie decoded to invalid JSON, treating as absent. This usually indicates that cookie chunks from different writes were combined (e.g. response committed before all Set-Cookie headers were sent).
# @supabase/ssr: chunked cookie decoded to invalid JSON, treating as absent. This usually indicates that cookie chunks from different writes were combined (e.g. response committed before all Set-Cookie headers were sent).
# Subtest: C2: on the local stack, updateSession deletes every staging session cookie and nothing else
ok 25 - C2: on the local stack, updateSession deletes every staging session cookie and nothing else
  ---
  duration_ms: 22.936875
  type: 'test'
  ...
# Subtest: C2: the project's own cookies are never purged
ok 26 - C2: the project's own cookies are never purged
  ---
  duration_ms: 0.9585
  type: 'test'
  ...
# Subtest: C2: switching back to staging purges the local stack's cookies
ok 27 - C2: switching back to staging purges the local stack's cookies
  ---
  duration_ms: 0.491625
  type: 'test'
  ...
# Subtest: C2: with no foreign cookie, nothing is written
ok 28 - C2: with no foreign cookie, nothing is written
  ---
  duration_ms: 0.341791
      ---
      duration_ms: 1.165875
      type: 'test'
      ...
    1..4
ok 7 - seedLocalUsers
  ---
  duration_ms: 33.390542
  type: 'suite'
  ...
# Subtest: db:local:reset
    # Subtest: refuses staging before resolving a URL
  type: 'test'
  ...
# Subtest: C2: the purge reads every cookie form Supabase writes
ok 29 - C2: the purge reads every cookie form Supabase writes
  ---
  duration_ms: 0.084542
  type: 'test'
  ...
# Subtest: C2: switching to a tier with no project clears every Supabase session cookie
ok 30 - C2: switching to a tier with no project clears every Supabase session cookie
  ---
  duration_ms: 0.109166
  type: 'test'
  ...
1..30
# tests 30
# suites 0
# pass 30
    ok 1 - refuses staging before resolving a URL
      ---
      duration_ms: 371.314792
      type: 'test'
      ...
    # Subtest: refuses staging before connecting, with its URLs set
# fail 0
# cancelled 0
# skipped 0
# todo 0
# duration_ms 297.021167
    ok 2 - refuses staging before connecting, with its URLs set
      ---
      duration_ms: 293.47625
      type: 'test'
      ...
    # Subtest: refuses production before resolving a URL
    ok 3 - refuses production before resolving a URL
      ---
      duration_ms: 288.66575
      type: 'test'
      ...
    # Subtest: refuses production before connecting, with its URLs set
    ok 4 - refuses production before connecting, with its URLs set
      ---
      duration_ms: 318.684292
      type: 'test'
      ...
    # Subtest: refuses a local URL that is not this machine, before connecting
    ok 5 - refuses a local URL that is not this machine, before connecting
      ---
      duration_ms: 296.840708
      type: 'test'
      ...
    # Subtest: refuses a malformed tier
    ok 6 - refuses a malformed tier
      ---
      duration_ms: 320.692958
      type: 'test'
      ...
    1..6
ok 8 - db:local:reset
  ---
  duration_ms: 1890.379167
  type: 'suite'
  ...
# Subtest: nonLoopbackBindings
    # Subtest: names every interface and a specific LAN address
    ok 1 - names every interface and a specific LAN address
      ---
      duration_ms: 1.385709
      type: 'test'
      ...
    # Subtest: passes loopback-only bindings
    ok 2 - passes loopback-only bindings
      ---
      duration_ms: 0.095584
      type: 'test'
      ...
    1..2
ok 9 - nonLoopbackBindings
  ---
  duration_ms: 2.2005
  type: 'suite'
  ...
# Subtest: runtime takes the transaction pooler on a hosted tier
ok 10 - runtime takes the transaction pooler on a hosted tier
  ---
  duration_ms: 1.642667
  type: 'test'
  ...
# Subtest: migrations take the session pooler on a hosted tier
ok 11 - migrations take the session pooler on a hosted tier
  ---
  duration_ms: 0.136666
  type: 'test'
  ...
# Subtest: the local tier is not checked beyond the scheme
ok 12 - the local tier is not checked beyond the scheme
  ---
  duration_ms: 0.092125
  type: 'test'
  ...
# Subtest: errors and descriptions never carry credentials
ok 13 - errors and descriptions never carry credentials
  ---
  duration_ms: 0.088292
  type: 'test'
  ...
# Subtest: applyLocalAuthMirror
    # Subtest: refuses a non-loopback host before connecting
    ok 1 - refuses a non-loopback host before connecting
      ---
      duration_ms: 3.419084
      type: 'test'
      ...
    # Subtest: passes the host check on loopback and only then connects
    ok 2 - passes the host check on loopback and only then connects
      ---
      duration_ms: 6.777292
      type: 'test'
      ...
    1..2
ok 14 - applyLocalAuthMirror
  ---
  duration_ms: 11.019875
  type: 'suite'
  ...
# Subtest: isLoopbackHost
    # Subtest: accepts localhost, 127.0.0.0/8 and ::1
    ok 1 - accepts localhost, 127.0.0.0/8 and ::1
      ---
      duration_ms: 0.78575
      type: 'test'
      ...
    # Subtest: refuses every other host, including look-alikes
    ok 2 - refuses every other host, including look-alikes
      ---
      duration_ms: 0.087375
      type: 'test'
      ...
    # Subtest: isLoopbackUrl reads the URL's host and refuses an unparseable URL
    ok 3 - isLoopbackUrl reads the URL's host and refuses an unparseable URL
      ---
      duration_ms: 0.169083
      type: 'test'
      ...
    1..3
ok 15 - isLoopbackHost
  ---
  duration_ms: 2.320083
  type: 'suite'
  ...
# Subtest: the bridge accepts a UUID user and a known role
ok 16 - the bridge accepts a UUID user and a known role
  ---
  duration_ms: 0.820583
  type: 'test'
  ...
# Subtest: the bridge refuses a partial or forged identity before any SQL
ok 17 - the bridge refuses a partial or forged identity before any SQL
  ---
  duration_ms: 0.283916
  type: 'test'
  ...
# Subtest: the schema exports tables, and none of them outside public
ok 18 - the schema exports tables, and none of them outside public
  ---
  duration_ms: 0.878
  type: 'test'
  ...
# Subtest: authUsers is never exported from the schema
ok 19 - authUsers is never exported from the schema
  ---
  duration_ms: 0.06725
  type: 'test'
  ...
# Subtest: every table carries its policies beside it
ok 20 - every table carries its policies beside it
  ---
  duration_ms: 0.215584
  type: 'test'
  ...
1..20
# tests 32
# suites 5
# pass 32
# fail 0
# cancelled 0
# skipped 0
# todo 0
# duration_ms 2030.508459

 Tasks:    7 successful, 7 total
Cached:    7 cached, 7 total
  Time:    146ms >>> FULL TURBO

