command: yarn test
exit: 0
at: 2026-10-05T03:05:27Z
head: 2707c4773dfd687e90ef49027b91d6935fe74ef6
tests: 187
---

   • turbo 2.11.6
   • Packages in scope: @pem/ai, @pem/api, @pem/auth, @pem/brand, @pem/catalog, @pem/config, @pem/constants, @pem/db, @pem/email, @pem/env, @pem/observability, @pem/services, @pem/ui, @pem/validators, docs, web
   • Running test in 16 packages
   • Remote caching disabled

cache hit, replaying logs 2f89035c05911be0
cache hit, replaying logs 23105ec196ad6035
TAP version 13
# Subtest: track is a no-op until a vendor is wired
ok 1 - track is a no-op until a vendor is wired
  ---
  duration_ms: 0.884958
  type: 'test'
  ...
# Subtest: C1: logger.error passes the error, tags and user id to the registered reporter
ok 2 - C1: logger.error passes the error, tags and user id to the registered reporter
  ---
  duration_ms: 2.714834
  type: 'test'
  ...
# Subtest: C1: logger.error with no error hands the reporter one named for the event
ok 3 - C1: logger.error with no error hands the reporter one named for the event
  ---
  duration_ms: 0.225209
  type: 'test'
  ...
# Subtest: C1: a reporter that throws is swallowed, and the line still prints
ok 4 - C1: a reporter that throws is swallowed, and the line still prints
  ---
  duration_ms: 0.28775
  type: 'test'
  ...
# Subtest: C1: a reporter that rejects is swallowed
ok 5 - C1: a reporter that rejects is swallowed
  ---
  duration_ms: 3.252417
  type: 'test'
  ...
# Subtest: C1: the default reporter is a no-op
ok 6 - C1: the default reporter is a no-op
  ---
  duration_ms: 0.499542
  type: 'test'
  ...
# Subtest: C2: a secret-like key is redacted at any depth, whatever its case
ok 7 - C2: a secret-like key is redacted at any depth, whatever its case
  ---
  duration_ms: 0.327375
  type: 'test'
  ...
# Subtest: C2: request bodies and personal data are redacted too
ok 8 - C2: request bodies and personal data are redacted too
  ---
  duration_ms: 0.324834
  type: 'test'
  ...
# Subtest: C2: the reporter's context is redacted; the error itself is passed as caught
ok 9 - C2: the reporter's context is redacted; the error itself is passed as caught
  ---
  duration_ms: 0.274792
  type: 'test'
  ...
# Subtest: C2: personal data and request bodies are redacted under their common compound names
ok 10 - C2: personal data and request bodies are redacted under their common compound names
  ---
  duration_ms: 0.34875
  type: 'test'
  ...
# Subtest: C1: a secret-like tag is redacted before it reaches the reporter
ok 11 - C1: a secret-like tag is redacted before it reaches the reporter
  ---
  duration_ms: 0.608042
  type: 'test'
  ...
# Subtest: C2: free text is scrubbed of addresses, credentials, JWTs and OAuth codes
ok 12 - C2: free text is scrubbed of addresses, credentials, JWTs and OAuth codes
  ---
  duration_ms: 0.212292
  type: 'test'
  ...
# Subtest: C2: an error's message and stack are scrubbed on the printed line
ok 13 - C2: an error's message and stack are scrubbed on the printed line
  ---
  duration_ms: 0.189375
  type: 'test'
  ...
# Subtest: C2: secret-named values in free text follow the key rule, in every common form
ok 14 - C2: secret-named values in free text follow the key rule, in every common form
  ---
  duration_ms: 0.528917
  type: 'test'
  ...
# Subtest: C2: prose, versions and error codes survive the scrub
ok 15 - C2: prose, versions and error codes survive the scrub
  ---
  duration_ms: 0.075416
  type: 'test'
  ...
# Subtest: C2: scrubbing a long run without a match stays linear
ok 16 - C2: scrubbing a long run without a match stays linear
  ---
  duration_ms: 9.183958
  type: 'test'
  ...
# Subtest: C1: an invalid Date is logged, never thrown
ok 17 - C1: an invalid Date is logged, never thrown
  ---
  duration_ms: 0.268292
  type: 'test'
  ...
1..17
# tests 17
# suites 0
# pass 17
# fail 0
# cancelled 0
# skipped 0
# todo 0
# duration_ms 119.490042
cache hit, replaying logs 96e64a5adccf4685
TAP version 13
cache hit, replaying logs c8626203f16f69d8
# Subtest: C2: the HTML part carries the brand's name, support address, home URL and colours
TAP version 13
ok 1 - C2: the HTML part carries the brand's name, support address, home URL and colours
  ---
  duration_ms: 0.679625
  type: 'test'
  ...
# Subtest: C2: the text part carries the brand and the action as a link
ok 2 - C2: the text part carries the brand and the action as a link
  ---
  duration_ms: 0.120125
  type: 'test'
  ...
# Subtest: C2: every caller value is escaped
ok 3 - C2: every caller value is escaped
  ---
  duration_ms: 0.13175
  type: 'test'
  ...
# Subtest: C2: an action URL that is not http(s) is refused
ok 4 - C2: an action URL that is not http(s) is refused
  ---
  duration_ms: 0.203625
  type: 'test'
  ...
# Subtest: C2: no source file in @pem/email writes a brand value or a colour literal
ok 5 - C2: no source file in @pem/email writes a brand value or a colour literal
  ---
  duration_ms: 0.958833
  type: 'test'
  ...
# Subtest: C2: a subject with a line break stays one header line
ok 6 - C2: a subject with a line break stays one header line
  ---
  duration_ms: 0.079667
  type: 'test'
  ...
# Subtest: C1: a send on the local tier logs the rendered message and does not call the vendor
ok 7 - C1: a send on the local tier logs the rendered message and does not call the vendor
  ---
  duration_ms: 3.231459
  type: 'test'
  ...
# Subtest: C1: a dashboard template on the local tier logs its id and variable names, not their values
ok 8 - C1: a dashboard template on the local tier logs its id and variable names, not their values
  ---
  duration_ms: 0.16525
  type: 'test'
  ...
# Subtest: C1: the local tier needs no key
ok 9 - C1: the local tier needs no key
  ---
  duration_ms: 0.142334
  type: 'test'
  ...
# Subtest: C1: staging and production call the vendor once, with the brand's sender and reply-to
ok 10 - C1: staging and production call the vendor once, with the brand's sender and reply-to
  ---
  duration_ms: 0.309
  type: 'test'
  ...
# Subtest: C1: a dashboard template is sent by its id, and EMAIL_FROM replaces the brand's address
ok 11 - C1: a dashboard template is sent by its id, and EMAIL_FROM replaces the brand's address
  ---
  duration_ms: 0.1845
  type: 'test'
  ...
# Subtest: C1: staging without a key refuses to send, naming the variable
ok 12 - C1: staging without a key refuses to send, naming the variable
  ---
  duration_ms: 0.276667
  type: 'test'
  ...
# Subtest: C1: a vendor error is thrown, not swallowed
ok 13 - C1: a vendor error is thrown, not swallowed
  ---
  duration_ms: 0.168292
  type: 'test'
  ...
# Subtest: maskAddress keeps the first letter and the domain only
ok 14 - maskAddress keeps the first letter and the domain only
  ---
  duration_ms: 0.048667
  type: 'test'
  ...
# Subtest: C1: a deployment left on the local tier neither sends nor logs the body
ok 15 - C1: a deployment left on the local tier neither sends nor logs the body
  ---
  duration_ms: 0.414417
  type: 'test'
  ...
# Subtest: C1: a send logs its Resend id and recipient count, never the address or body
ok 16 - C1: a send logs its Resend id and recipient count, never the address or body
  ---
  duration_ms: 0.392292
  type: 'test'
  ...
# Subtest: formatSender keeps a display name and address on one line
ok 17 - formatSender keeps a display name and address on one line
  ---
  duration_ms: 0.112125
  type: 'test'
  ...
1..17
# tests 17
# suites 0
# pass 17
# fail 0
# cancelled 0
# skipped 0
# todo 0
# duration_ms 123.017084

[1m[30m[46m RUN [49m[39m[22m [36mv5.0.3 [39m[90m./packages/ui[39m

 [32m✓[39m .storybook/story-coverage.test.ts [2m([22m[2m5 tests[22m[2m)[22m[32m 7[2mms[22m[39m
[90mstderr[2m | .storybook/stories.test.ts[2m > [22m[2mComposed/Control/Theme toggle[2m > [22m[2mSystem
[22m[39mEncountered a script tag while rendering React component. Scripts inside React components are never executed when rendering on the client. Consider using template tag instead (https://developer.mozilla.org/en-US/docs/Web/HTML/Element/template).

Not implemented: Window's getComputedStyle() method: with pseudo-elements
Not implemented: Window's getComputedStyle() method: with pseudo-elements
Not implemented: Window's getComputedStyle() method: with pseudo-elements
Not implemented: Window's getComputedStyle() method: with pseudo-elements
Not implemented: Window's getComputedStyle() method: with pseudo-elements
Not implemented: Window's getComputedStyle() method: with pseudo-elements
Not implemented: Window's getComputedStyle() method: with pseudo-elements
Not implemented: Window's getComputedStyle() method: with pseudo-elements
Not implemented: Window's getComputedStyle() method: with pseudo-elements
Not implemented: Window's getComputedStyle() method: with pseudo-elements
Not implemented: Window's getComputedStyle() method: with pseudo-elements
Not implemented: Window's getComputedStyle() method: with pseudo-elements
Not implemented: Window's getComputedStyle() method: with pseudo-elements
Not implemented: Window's getComputedStyle() method: with pseudo-elements
Not implemented: Window's getComputedStyle() method: with pseudo-elements
Not implemented: Window's getComputedStyle() method: with pseudo-elements
Not implemented: Window's getComputedStyle() method: with pseudo-elements
Not implemented: Window's getComputedStyle() method: with pseudo-elements
Not implemented: Window's getComputedStyle() method: with pseudo-elements
Not implemented: Window's getComputedStyle() method: with pseudo-elements
Not implemented: Window's getComputedStyle() method: with pseudo-elements
Not implemented: Window's getComputedStyle() method: with pseudo-elements
Not implemented: Window's getComputedStyle() method: with pseudo-elements
Not implemented: Window's getComputedStyle() method: with pseudo-elements
Not implemented: Window's getComputedStyle() method: with pseudo-elements
Not implemented: Window's getComputedStyle() method: with pseudo-elements
Not implemented: Window's getComputedStyle() method: with pseudo-elements
Not implemented: Window's getComputedStyle() method: with pseudo-elements
Not implemented: Window's getComputedStyle() method: with pseudo-elements
Not implemented: Window's getComputedStyle() method: with pseudo-elements
Not implemented: Window's getComputedStyle() method: with pseudo-elements
Not implemented: Window's getComputedStyle() method: with pseudo-elements
Not implemented: Window's getComputedStyle() method: with pseudo-elements
Not implemented: Window's getComputedStyle() method: with pseudo-elements
Not implemented: Window's getComputedStyle() method: with pseudo-elements
Not implemented: Window's getComputedStyle() method: with pseudo-elements
Not implemented: Window's getComputedStyle() method: with pseudo-elements
Not implemented: Window's getComputedStyle() method: with pseudo-elements
Not implemented: Window's getComputedStyle() method: with pseudo-elements
Not implemented: Window's getComputedStyle() method: with pseudo-elements
Not implemented: Window's getComputedStyle() method: with pseudo-elements
Not implemented: Window's getComputedStyle() method: with pseudo-elements
Not implemented: Window's getComputedStyle() method: with pseudo-elements
Not implemented: Window's getComputedStyle() method: with pseudo-elements
Not implemented: Window's getComputedStyle() method: with pseudo-elements
Not implemented: Window's getComputedStyle() method: with pseudo-elements
Not implemented: Window's getComputedStyle() method: with pseudo-elements
Not implemented: Window's getComputedStyle() method: with pseudo-elements
Not implemented: Window's getComputedStyle() method: with pseudo-elements
Not implemented: Window's getComputedStyle() method: with pseudo-elements
Not implemented: Window's getComputedStyle() method: with pseudo-elements
Not implemented: Window's getComputedStyle() method: with pseudo-elements
Not implemented: Window's getComputedStyle() method: with pseudo-elements
Not implemented: Window's getComputedStyle() method: with pseudo-elements
Not implemented: Window's getComputedStyle() method: with pseudo-elements
Not implemented: Window's getComputedStyle() method: with pseudo-elements
Not implemented: Window's getComputedStyle() method: with pseudo-elements
Not implemented: Window's getComputedStyle() method: with pseudo-elements
Not implemented: Window's getComputedStyle() method: with pseudo-elements
Not implemented: Window's getComputedStyle() method: with pseudo-elements
Not implemented: Window's getComputedStyle() method: with pseudo-elements
Not implemented: Window's getComputedStyle() method: with pseudo-elements
Not implemented: Window's getComputedStyle() method: with pseudo-elements
Not implemented: Window's getComputedStyle() method: with pseudo-elements
Not implemented: Window's getComputedStyle() method: with pseudo-elements
Not implemented: Window's getComputedStyle() method: with pseudo-elements
Not implemented: Window's getComputedStyle() method: with pseudo-elements
Not implemented: Window's getComputedStyle() method: with pseudo-elements
Not implemented: Window's getComputedStyle() method: with pseudo-elements
Not implemented: Window's getComputedStyle() method: with pseudo-elements
Not implemented: Window's getComputedStyle() method: with pseudo-elements
Not implemented: Window's getComputedStyle() method: with pseudo-elements
Not implemented: Window's getComputedStyle() method: with pseudo-elements
Not implemented: Window's getComputedStyle() method: with pseudo-elements
Not implemented: Window's getComputedStyle() method: with pseudo-elements
Not implemented: Window's getComputedStyle() method: with pseudo-elements
Not implemented: Window's getComputedStyle() method: with pseudo-elements
Not implemented: Window's getComputedStyle() method: with pseudo-elements
Not implemented: Window's getComputedStyle() method: with pseudo-elements
Not implemented: Window's getComputedStyle() method: with pseudo-elements
Not implemented: Window's getComputedStyle() method: with pseudo-elements
Not implemented: Window's getComputedStyle() method: with pseudo-elements
Not implemented: Window's getComputedStyle() method: with pseudo-elements
Not implemented: Window's getComputedStyle() method: with pseudo-elements
Not implemented: Window's getComputedStyle() method: with pseudo-elements
Not implemented: Window's getComputedStyle() method: with pseudo-elements
Not implemented: Window's getComputedStyle() method: with pseudo-elements
Not implemented: Window's getComputedStyle() method: with pseudo-elements
Not implemented: Window's getComputedStyle() method: with pseudo-elements
Not implemented: Window's getComputedStyle() method: with pseudo-elements
Not implemented: Window's getComputedStyle() method: with pseudo-elements
Not implemented: Window's getComputedStyle() method: with pseudo-elements
Not implemented: Window's getComputedStyle() method: with pseudo-elements
Not implemented: Window's getComputedStyle() method: with pseudo-elements
Not implemented: Window's getComputedStyle() method: with pseudo-elements
Not implemented: Window's getComputedStyle() method: with pseudo-elements
Not implemented: Window's getComputedStyle() method: with pseudo-elements
Not implemented: Window's getComputedStyle() method: with pseudo-elements
Not implemented: Window's getComputedStyle() method: with pseudo-elements
Not implemented: Window's getComputedStyle() method: with pseudo-elements
Not implemented: Window's getComputedStyle() method: with pseudo-elements
Not implemented: Window's getComputedStyle() method: with pseudo-elements
Not implemented: Window's getComputedStyle() method: with pseudo-elements
Not implemented: Window's getComputedStyle() method: with pseudo-elements
Not implemented: Window's getComputedStyle() method: with pseudo-elements
Not implemented: Window's getComputedStyle() method: with pseudo-elements
Not implemented: Window's getComputedStyle() method: with pseudo-elements
Not implemented: Window's getComputedStyle() method: with pseudo-elements
Not implemented: Window's getComputedStyle() method: with pseudo-elements
Not implemented: Window's getComputedStyle() method: with pseudo-elements
Not implemented: Window's getComputedStyle() method: with pseudo-elements
Not implemented: Window's getComputedStyle() method: with pseudo-elements
Not implemented: Window's getComputedStyle() method: with pseudo-elements
Not implemented: Window's getComputedStyle() method: with pseudo-elements
Not implemented: Window's getComputedStyle() method: with pseudo-elements
Not implemented: Window's getComputedStyle() method: with pseudo-elements
Not implemented: Window's getComputedStyle() method: with pseudo-elements
Not implemented: Window's getComputedStyle() method: with pseudo-elements
Not implemented: Window's getComputedStyle() method: with pseudo-elements
Not implemented: Window's getComputedStyle() method: with pseudo-elements
Not implemented: Window's getComputedStyle() method: with pseudo-elements
Not implemented: Window's getComputedStyle() method: with pseudo-elements
Not implemented: Window's getComputedStyle() method: with pseudo-elements
Not implemented: Window's getComputedStyle() method: with pseudo-elements
Not implemented: Window's getComputedStyle() method: with pseudo-elements
Not implemented: Window's getComputedStyle() method: with pseudo-elements
Not implemented: Window's getComputedStyle() method: with pseudo-elements
Not implemented: Window's getComputedStyle() method: with pseudo-elements
Not implemented: Window's getComputedStyle() method: with pseudo-elements
Not implemented: Window's getComputedStyle() method: with pseudo-elements
Not implemented: Window's getComputedStyle() method: with pseudo-elements
Not implemented: Window's getComputedStyle() method: with pseudo-elements
Not implemented: Window's getComputedStyle() method: with pseudo-elements
Not implemented: Window's getComputedStyle() method: with pseudo-elements
Not implemented: Window's getComputedStyle() method: with pseudo-elements
Not implemented: Window's getComputedStyle() method: with pseudo-elements
Not implemented: Window's getComputedStyle() method: with pseudo-elements
Not implemented: Window's getComputedStyle() method: with pseudo-elements
Not implemented: Window's getComputedStyle() method: with pseudo-elements
Not implemented: Window's getComputedStyle() method: with pseudo-elements
Not implemented: Window's getComputedStyle() method: with pseudo-elements
Not implemented: Window's getComputedStyle() method: with pseudo-elements
Not implemented: Window's getComputedStyle() method: with pseudo-elements
Not implemented: Window's getComputedStyle() method: with pseudo-elements
Not implemented: Window's getComputedStyle() method: with pseudo-elements
Not implemented: Window's getComputedStyle() method: with pseudo-elements
Not implemented: Window's getComputedStyle() method: with pseudo-elements
Not implemented: Window's getComputedStyle() method: with pseudo-elements
Not implemented: Window's getComputedStyle() method: with pseudo-elements
Not implemented: Window's getComputedStyle() method: with pseudo-elements
Not implemented: Window's getComputedStyle() method: with pseudo-elements
Not implemented: Window's getComputedStyle() method: with pseudo-elements
Not implemented: Window's getComputedStyle() method: with pseudo-elements
Not implemented: Window's getComputedStyle() method: with pseudo-elements
Not implemented: Window's getComputedStyle() method: with pseudo-elements
Not implemented: Window's getComputedStyle() method: with pseudo-elements
Not implemented: Window's getComputedStyle() method: with pseudo-elements
Not implemented: Window's getComputedStyle() method: with pseudo-elements
Not implemented: Window's getComputedStyle() method: with pseudo-elements
Not implemented: Window's getComputedStyle() method: with pseudo-elements
Not implemented: Window's getComputedStyle() method: with pseudo-elements
Not implemented: Window's getComputedStyle() method: with pseudo-elements
 [32m✓[39m .storybook/stories.test.ts [2m([22m[2m183 tests[22m[2m)[22m[33m 4588[2mms[22m[39m

[2m Test Files [22m [1m[32m2 passed[39m[22m[90m (2)[39m
[2m      Tests [22m [1m[32m188 passed[39m[22m[90m (188)[39m
[2m   Start at [22m 20:05:10
[2m   Duration [22m 7.61s[2m (tests 51%, transform 30%, environment 10%, setup 6%, import 3%)[22m

[2m  Transform [22m [33mtransforming modules took 2.69s[39m[2m · 30% of tracked time, re-done on every run[22m
[2m            [22m [2mpersist transforms across runs with [22m[33mfsModuleCache: true[39m
[2m            [22m [2mlearn more: https://vitest.dev/guide/improving-performance#caching-between-reruns[22m

# Subtest: a user's text turn is accepted
ok 1 - a user's text turn is accepted
  ---
  duration_ms: 7.262792
  type: 'test'
  ...
# Subtest: a body with no messages, or malformed ones, is refused
ok 2 - a body with no messages, or malformed ones, is refused
  ---
  duration_ms: 1.05525
  type: 'test'
  ...
# Subtest: file, tool and system content is refused
ok 3 - file, tool and system content is refused
  ---
  duration_ms: 12.025333
  type: 'test'
  ...
# Subtest: the last turn must be the user's
ok 4 - the last turn must be the user's
  ---
  duration_ms: 1.278333
  type: 'test'
  ...
# Subtest: too many turns or too much text is refused
ok 5 - too many turns or too much text is refused
  ---
  duration_ms: 0.393
  type: 'test'
  ...
# Subtest: C1: each fixture answers its prompt's current version on the case's model
ok 6 - C1: each fixture answers its prompt's current version on the case's model
  ---
  duration_ms: 0.56275
  type: 'test'
  ...
# Subtest: C1: extraction returns a Zod-validated contact that passes its eval
ok 7 - C1: extraction returns a Zod-validated contact that passes its eval
  ---
  duration_ms: 46.170667
  type: 'test'
  ...
# Subtest: C1: an extraction answer that breaks the schema is refused
ok 8 - C1: an extraction answer that breaks the schema is refused
  ---
  duration_ms: 7.622166
  type: 'test'
  ...
# Subtest: C1: the one-shot generate returns a summary that passes its eval
ok 9 - C1: the one-shot generate returns a summary that passes its eval
  ---
  duration_ms: 9.397166
  type: 'test'
  ...
# Subtest: C1: the chat streams a UI message response that passes its eval
ok 10 - C1: the chat streams a UI message response that passes its eval
  ---
  duration_ms: 71.894792
  type: 'test'
  ...
# Subtest: C2: no key on the local tier replays every fixture and never calls the vendor
ok 11 - C2: no key on the local tier replays every fixture and never calls the vendor
  ---
  duration_ms: 139.770041
  type: 'test'
  ...
# Subtest: C2: with a key, the same call goes to the vendor (the stand-in sees it)
ok 12 - C2: with a key, the same call goes to the vendor (the stand-in sees it)
  ---
  duration_ms: 4.786917
  type: 'test'
  ...
# Subtest: C2: no key in a deployment or on a hosted tier throws, and never replays a fixture
ok 13 - C2: no key in a deployment or on a hosted tier throws, and never replays a fixture
  ---
  duration_ms: 0.373834
  type: 'test'
  ...
1..13
# tests 13
# suites 0
# pass 13
# fail 0
# cancelled 0
# skipped 0
# todo 0
# duration_ms 500.868541
cache hit, replaying logs a9f2b9f80f0f8e62
TAP version 13
# Subtest: C1: brand.ts theme colours equal the preset's values
ok 1 - C1: brand.ts theme colours equal the preset's values
  ---
  duration_ms: 1.194083
  type: 'test'
  ...
# Subtest: C1: a changed preset value is a mismatch
ok 2 - C1: a changed preset value is a mismatch
  ---
  duration_ms: 0.234292
  type: 'test'
  ...
# Subtest: C1: a changed brand.ts value is a mismatch
ok 3 - C1: a changed brand.ts value is a mismatch
  ---
  duration_ms: 1.39425
  type: 'test'
  ...
# Subtest: every asset path in brand.ts exists in the package
ok 4 - every asset path in brand.ts exists in the package
  ---
  duration_ms: 0.169167
  type: 'test'
  ...
# Subtest: white, black and the sRGB primaries
ok 5 - white, black and the sRGB primaries
  ---
  duration_ms: 0.921458
  type: 'test'
  ...
# Subtest: lightness as a percentage, and an alpha, are accepted
ok 6 - lightness as a percentage, and an alpha, are accepted
  ---
  duration_ms: 0.096958
  type: 'test'
  ...
# Subtest: the preset's neutral steps
ok 7 - the preset's neutral steps
  ---
  duration_ms: 0.147417
  type: 'test'
  ...
# Subtest: anything but oklch() is refused
ok 8 - anything but oklch() is refused
  ---
  duration_ms: 0.211875
  type: 'test'
  ...
1..8
# tests 8
# suites 0
# pass 8
# fail 0
# cancelled 0
# skipped 0
# todo 0
# duration_ms 125.685625
cache hit, replaying logs 68ec723dca801148
cache hit, replaying logs c38a757c4ad4d0b0
TAP version 13
# Subtest: the admin client holds no session: nothing persisted, refreshed or read from a URL
ok 1 - the admin client holds no session: nothing persisted, refreshed or read from a URL
  ---
  duration_ms: 28.790958
  type: 'test'
  ...
# Subtest: every subpath is classed as client-safe or server
ok 2 - every subpath is classed as client-safe or server
  ---
  duration_ms: 4.279333
  type: 'test'
  ...
# Subtest: ./config reaches no server module, built-in or workspace package
ok 3 - ./config reaches no server module, built-in or workspace package
  ---
  duration_ms: 0.522041
  type: 'test'
  ...
# Subtest: ./browser reaches no server module, built-in or workspace package
ok 4 - ./browser reaches no server module, built-in or workspace package
  ---
  duration_ms: 0.278167
  type: 'test'
  ...
# Subtest: ./redirect reaches no server module, built-in or workspace package
ok 5 - ./redirect reaches no server module, built-in or workspace package
  ---
  duration_ms: 0.118625
  type: 'test'
  ...
# Subtest: the walk sees a server import when there is one
ok 6 - the walk sees a server import when there is one
  ---
  duration_ms: 3.464333
  type: 'test'
  ...
# Subtest: ./server is marked server-only, so a client component cannot import it
ok 7 - ./server is marked server-only, so a client component cannot import it
  ---
  duration_ms: 0.131625
  type: 'test'
  ...
# Subtest: ./admin is marked server-only, so a client component cannot import it
ok 8 - ./admin is marked server-only, so a client component cannot import it
  ---
  duration_ms: 0.15
  type: 'test'
  ...
# Subtest: ./session is marked server-only, so a client component cannot import it
ok 9 - ./session is marked server-only, so a client component cannot import it
  ---
  duration_ms: 0.09025
  type: 'test'
  ...
# Subtest: ./context is marked server-only, so a client component cannot import it
ok 10 - ./context is marked server-only, so a client component cannot import it
  ---
  duration_ms: 0.440542
  type: 'test'
  ...
# Subtest: a secret key in the public slot is refused, naming the variable
ok 11 - a secret key in the public slot is refused, naming the variable
  ---
  duration_ms: 0.611209
  type: 'test'
  ...
# Subtest: the publishable key and the legacy anon key pass
ok 12 - the publishable key and the legacy anon key pass
  ---
  duration_ms: 0.1205
  type: 'test'
  ...
# Subtest: the cookie stem the purge uses is the storage key the installed SDK writes
ok 13 - the cookie stem the purge uses is the storage key the installed SDK writes
cache hit, replaying logs 9f12950baf81a393
TAP version 13
# Subtest: C2: a live-mode key on local or staging fails with the variable named
ok 1 - C2: a live-mode key on local or staging fails with the variable named
  ---
TAP version 13
# Subtest: each kind of DDL or write against auth is caught
ok 1 - each kind of DDL or write against auth is caught
  ---
  duration_ms: 1.153458
  type: 'test'
  ...
# Subtest: a foreign key to auth.users and a call to auth.uid() are allowed
  duration_ms: 0.6355
  type: 'test'
  ...
ok 2 - a foreign key to auth.users and a call to auth.uid() are allowed
  ---
  duration_ms: 0.076291
  type: 'test'
  ...
# Subtest: a migration with DDL against auth fails, numbered by statement
ok 3 - a migration with DDL against auth fails, numbered by statement
  ---
  duration_ms: 0.652333
  type: 'test'
  ...
# Subtest: the generated migration set passes, and it does reference auth.users
ok 4 - the generated migration set passes, and it does reference auth.users
  ---
  duration_ms: 0.819917
  type: 'test'
  ...
# Subtest: only the local auth mirror writes to auth.users
ok 5 - only the local auth mirror writes to auth.users
cache hit, replaying logs 746d73fa09f40460
  ---
  duration_ms: 26.839917
  type: 'test'
  ...
# Using the user object as returned from supabase.auth.getSession() or from some supabase.auth.onAuthStateChange() events could be insecure! This value comes directly from the storage medium (usually cookies on the server) and may not be authentic. Use supabase.auth.getUser() instead which authenticates the data by contacting the Supabase Auth server.
# Subtest: C1: returns the user's id, email and app_metadata role from getUser
ok 14 - C1: returns the user's id, email and app_metadata role from getUser
  ---
  duration_ms: 1.036833
  type: 'test'
  ...
# Subtest: C1: a user without a known app_metadata role is a user; user_metadata is never read
ok 15 - C1: a user without a known app_metadata role is a user; user_metadata is never read
  ---
  duration_ms: 0.119542
  type: 'test'
  ...
# Subtest: C1: refuses when getUser returns an error, even with a user beside it
ok 16 - C1: refuses when getUser returns an error, even with a user beside it
  ---
  duration_ms: 0.30675
  type: 'test'
  ...
# Subtest: C1: a forged session cookie is refused when Supabase cannot fetch its user
ok 17 - C1: a forged session cookie is refused when Supabase cannot fetch its user
  ---
  duration_ms: 17.424958
  type: 'test'
  ...
# Subtest: C1: the same cookie passes once Supabase returns its user, with the role from that answer
# Subtest: C2: a test-mode key on production fails with the variable named
  ---
  duration_ms: 8.12
  type: 'test'
ok 18 - C1: the same cookie passes once Supabase returns its user, with the role from that answer
ok 2 - C2: a test-mode key on production fails with the variable named
  ...
  ---
  duration_ms: 1.140208
  type: 'test'
  ...
# Subtest: C1: the mirror is called once per user per process, and again after a refusal, a failure or an email change
TAP version 13
ok 19 - C1: the mirror is called once per user per process, and again after a refusal, a failure or an email change
  ---
  duration_ms: 0.323875
  type: 'test'
  ...
# Subtest: C1: concurrent requests for one user share one mirror call
ok 20 - C1: concurrent requests for one user share one mirror call
  ---
  duration_ms: 17.904125
  type: 'test'
  ...
# Subtest: C1: an anonymous or refused request never reaches the mirror
ok 21 - C1: an anonymous or refused request never reaches the mirror
  ---
# Subtest: C1: getNote throws NotFound when the scoped db withholds the row
ok 1 - C1: getNote throws NotFound when the scoped db withholds the row
  ---
  duration_ms: 3.403667
  type: 'test'
  ...
# Subtest: C1: createNote throws Forbidden when a policy rejects the insert
ok 2 - C1: createNote throws Forbidden when a policy rejects the insert
  ---
  duration_ms: 1.050959
  type: 'test'
cache hit, replaying logs 3e7ef6c5fc1d44bc
# Subtest: the pattern catches each kind of write
ok 6 - the pattern catches each kind of write
  ---
  duration_ms: 0.365666
  type: 'test'
  ...
# Subtest: seedLocalUsers
    # Subtest: refuses a non-loopback auth URL before sending anything
    ok 1 - refuses a non-loopback auth URL before sending anything
      ---
      duration_ms: 0.972209
      type: 'test'
      ...
    # Subtest: refuses a missing service-role key before sending anything
    ok 2 - refuses a missing service-role key before sending anything
      ---
      duration_ms: 0.150167
      type: 'test'
      ...
    # Subtest: creates each synthetic user through the local admin API
    ok 3 - creates each synthetic user through the local admin API
      ---
      duration_ms: 31.110292
      type: 'test'
      ...
    # Subtest: treats an existing email as done
    ok 4 - treats an existing email as done
      ---
      duration_ms: 1.989958
  ...
  duration_ms: 0.170208
TAP version 13
# Subtest: C1: a cookie session and a bearer token for one user resolve to the same ctx.user
ok 1 - C1: a cookie session and a bearer token for one user resolve to the same ctx.user
# Subtest: C1: a policy refusal wrapped by drizzle is still Forbidden
  ---
ok 3 - C1: a policy refusal wrapped by drizzle is still Forbidden
  ---
  duration_ms: 0.352458
  type: 'test'
  ...
# Subtest: C1: createNote writes the caller as owner and returns the note
ok 4 - C1: createNote writes the caller as owner and returns the note
  ---
  duration_ms: 0.436083
  type: 'test'
  ...
# Subtest: C1: getNote returns the row the scoped db shows; listNotes returns the list
      type: 'test'
cache hit, replaying logs 79329ef9d3a36a25
  ---
  duration_ms: 0.090459
  type: 'test'
  ...
# Subtest: C2: matching modes pass
ok 3 - C2: matching modes pass
  ---
  duration_ms: 0.076875
  type: 'test'
  ...
# Subtest: C2: a key with no mode prefix fails on every tier
ok 4 - C2: a key with no mode prefix fails on every tier
  ---
  duration_ms: 0.174375
  type: 'test'
  ...
# Subtest: public names pass, and unset values are left out
ok 5 - public names pass, and unset values are left out
  ---
  duration_ms: 0.799958
  type: 'test'
  ...
# Subtest: a server-only name is refused, by name
ok 6 - a server-only name is refused, by name
  ---
  duration_ms: 0.239792
  type: 'test'
  ...
# Subtest: C1: each tier reads its own variable
ok 7 - C1: each tier reads its own variable
  ---
  duration_ms: 0.493959
  type: 'test'
  ...
# Subtest: C1: a tier whose own value is absent or empty reads the unsuffixed value
TAP version 13
  type: 'test'
  ...
# Subtest: a sign-in on localhost lands back on localhost, at next
ok 22 - a sign-in on localhost lands back on localhost, at next
  ---
  duration_ms: 0.587833
  type: 'test'
  ...
# Subtest: next that leaves the origin becomes /
ok 23 - next that leaves the origin becomes /
  ---
  duration_ms: 0.877333
  type: 'test'
  ...
# Subtest: the callback URL is on the site's origin and carries next only when it is a path
ok 24 - the callback URL is on the site's origin and carries next only when it is a path
ok 5 - C1: getNote returns the row the scoped db shows; listNotes returns the list
      ...
    1..4
ok 7 - seedLocalUsers
  ---
  duration_ms: 34.950167
  type: 'suite'
  ...
# Subtest: db:local:reset
    # Subtest: refuses staging before resolving a URL
    ok 1 - refuses staging before resolving a URL
  ---
# [billing] webhook.rejected {
  duration_ms: 0.827
#   reason: 'No signatures found matching the expected signature for payload. Are you passing the raw request body you received from Stripe? \\n' +
  type: 'test'
      ---
  ...
# Subtest: C2: invalid input throws Invalid naming the field, before any query
ok 6 - C2: invalid input throws Invalid naming the field, before any query
  ---
  ---
  duration_ms: 0.584917
  type: 'test'
#     ' If a webhook request is being forwarded by a third-party tool, ensure that the exact request body, including JSON formatting and new line style, is preserved.\\n' +
ok 8 - C1: a tier whose own value is absent or empty reads the unsuffixed value
#     '\\n' +
  ---
  duration_ms: 0.093417
  type: 'test'
  duration_ms: 1.159709
  type: 'test'
      duration_ms: 630.323291
  ...
# Subtest: an error that is no domain error is not turned into one
ok 7 - an error that is no domain error is not turned into one
  ...
# @supabase/ssr: chunked cookie decoded to invalid JSON, treating as absent. This usually indicates that cookie chunks from different writes were combined (e.g. response committed before all Set-Cookie headers were sent).
# @supabase/ssr: chunked cookie decoded to invalid JSON, treating as absent. This usually indicates that cookie chunks from different writes were combined (e.g. response committed before all Set-Cookie headers were sent).
      type: 'test'
      ...
    # Subtest: refuses staging before connecting, with its URLs set
#     'Learn more about webhook signing and explore webhook integration examples for various frameworks at https://docs.stripe.com/webhooks/signature\\n'
    ok 2 - refuses staging before connecting, with its URLs set
      ---
  ---
# }
# [billing] webhook.rejected {
  duration_ms: 0.374959
  type: 'test'
  ...
1..7
# tests 7
# suites 0
# pass 7
# fail 0
      duration_ms: 348.024875
# cancelled 0
# skipped 0
# todo 0
# duration_ms 655.545375
# @supabase/ssr: chunked cookie decoded to invalid JSON, treating as absent. This usually indicates that cookie chunks from different writes were combined (e.g. response committed before all Set-Cookie headers were sent).
# Subtest: C2: on the local stack, updateSession deletes every staging session cookie and nothing else
ok 25 - C2: on the local stack, updateSession deletes every staging session cookie and nothing else
  ...
# Subtest: C1: nothing set picks undefined
ok 9 - C1: nothing set picks undefined
  ---
  duration_ms: 0.066125
  type: 'test'
  ...
# Subtest: C1: production never reads a suffixed value
  ---
ok 10 - C1: production never reads a suffixed value
  ---
#   reason: 'No signatures found matching the expected signature for payload. Are you passing the raw request body you received from Stripe? \\n' +
      type: 'test'
      ...
  duration_ms: 29.615959
  type: 'test'
  ...
# Subtest: C2: the project's own cookies are never purged
ok 26 - C2: the project's own cookies are never purged
  duration_ms: 12.895708
  type: 'test'
  ...
# Subtest: C1: an Authorization header decides alone: a refused token is anonymous even beside a good cookie
  duration_ms: 0.058208
#     ' If a webhook request is being forwarded by a third-party tool, ensure that the exact request body, including JSON formatting and new line style, is preserved.\\n' +
#     '\\n' +
#     'Learn more about webhook signing and explore webhook integration examples for various frameworks at https://docs.stripe.com/webhooks/signature\\n'
# }
# [billing] webhook.rejected { reason: 'no stripe-signature header' }
    # Subtest: refuses production before resolving a URL
    ok 3 - refuses production before resolving a URL
      ---
      duration_ms: 355.174916
      type: 'test'
      ...
    # Subtest: refuses production before connecting, with its URLs set
  type: 'test'
# [billing] webhook.processed { eventId: 'evt_replayed', eventType: 'checkout.session.completed' }
# [billing] webhook.duplicate { eventId: 'evt_replayed', eventType: 'checkout.session.completed' }
# [billing] webhook.in_flight { eventId: 'evt_busy', eventType: 'checkout.session.completed' }
# [billing] webhook.unconfigured {
#   reason: 'STRIPE_WEBHOOK_SECRET is unset for this tier (STRIPE_WEBHOOK_SECRET_LOCAL off a deployment)'
# }
ok 2 - C1: an Authorization header decides alone: a refused token is anonymous even beside a good cookie
    ok 4 - refuses production before connecting, with its URLs set
  ---
      ---
      duration_ms: 356.975583
      type: 'test'
      ...
# [billing] webhook.processed { eventId: 'evt_sub', eventType: 'customer.subscription.deleted' }
  duration_ms: 0.164166
  type: 'test'
# [billing] webhook.processed { eventId: 'evt_cs', eventType: 'checkout.session.completed' }
  ...
  ---
  duration_ms: 2.152208
  type: 'test'
  ...
# Subtest: C2: switching back to staging purges the local stack's cookies
# [billing] webhook.ignored { eventId: 'evt_other', eventType: 'invoice.paid' }
    # Subtest: refuses a local URL that is not this machine, before connecting
# Subtest: C1: the suffix grammar names each form
    ok 5 - refuses a local URL that is not this machine, before connecting
ok 11 - C1: the suffix grammar names each form
  ---
  ...
ok 27 - C2: switching back to staging purges the local stack's cookies
# [billing] webhook.ignored { eventId: 'evt_proto', eventType: 'constructor' }
# [billing] webhook.handler_failed {
      ---
      duration_ms: 323.407416
      type: 'test'
      ...
  ---
    # Subtest: refuses a malformed tier
  duration_ms: 0.562625
  type: 'test'
  ...
#   eventId: 'evt_flaky',
  duration_ms: 0.380916
  type: 'test'
    ok 6 - refuses a malformed tier
  ...
      ---
      duration_ms: 278.217708
      type: 'test'
      ...
    1..6
# Subtest: C1: a scheme other than Bearer, or an empty token, is anonymous
ok 3 - C1: a scheme other than Bearer, or an empty token, is anonymous
#   eventType: 'checkout.session.completed',
  ---
  duration_ms: 0.122167
  type: 'test'
  ...
# Subtest: C1: a protected procedure refuses an anonymous caller with UNAUTHORIZED
ok 4 - C1: a protected procedure refuses an anonymous caller with UNAUTHORIZED
  ---
  duration_ms: 0.6065
  type: 'test'
  ...
# Subtest: C1: a protected procedure hands the service a context for the caller, by cookie or by token
ok 5 - C1: a protected procedure hands the service a context for the caller, by cookie or by token
#   error: {
ok 8 - db:local:reset
#     name: 'Error',
  ---
#     message: 'synthetic failure',
  duration_ms: 1.122458
  type: 'test'
  ...
# Subtest: C1: an admin procedure refuses a non-admin with FORBIDDEN and serves an admin
ok 6 - C1: an admin procedure refuses a non-admin with FORBIDDEN and serves an admin
  ---
  duration_ms: 0.442375
  type: 'test'
  ...
# [api] api.fault {
#     stack: 'Error: synthetic failure\\n' +
#       '    at checkout.session.completed (file://./apps/web/lib/billing/webhook/handle.test.ts:69:46)\\n' +
#       '    at handleStripeWebhook (file://./apps/web/lib/billing/webhook/handle.ts:125:11)\\n' +
#       '    at async TestContext.<anonymous> (file://./apps/web/lib/billing/webhook/handle.test.ts:235:20)\\n' +
#       '    at async Test.run (node:internal/test_runner/test:1054:7)\\n' +
  ---
  duration_ms: 2292.836625
  type: 'suite'
#   error: {
#     name: 'Error',
#     message: 'Failed query: select "id", "body", "created_at", "updated_at" from "notes" where "notes"."id" = $1 limit $2\\n' +
#       'params: 00000000-0000-4000-8000-0000000000aa,1',
#     stack: 'Error: Failed query: select "id", "body", "created_at", "updated_at" from "notes" where "notes"."id" = $1 limit $2\\n' +
#       'params: 00000000-0000-4000-8000-0000000000aa,1\\n' +
#       '    at PreparedQuery.queryWithCache (file://./node_modules/drizzle-orm/pg-core/session.js:41:15)\\n' +
# Subtest: C2: with no foreign cookie, nothing is written
ok 28 - C2: with no foreign cookie, nothing is written
  ---
  duration_ms: 0.358667
  type: 'test'
  ...
# Subtest: C2: the purge reads every cookie form Supabase writes
ok 29 - C2: the purge reads every cookie form Supabase writes
  ---
  duration_ms: 0.08275
  type: 'test'
  ...
# Subtest: C2: switching to a tier with no project clears every Supabase session cookie
ok 30 - C2: switching to a tier with no project clears every Supabase session cookie
  ---
  duration_ms: 0.102625
  type: 'test'
  ...
1..30
# tests 30
# suites 0
# pass 30
# fail 0
# cancelled 0
# skipped 0
# todo 0
# duration_ms 547.212041
cache hit, replaying logs 082c815f7d9364c9
  ...
# Subtest: nonLoopbackBindings
    # Subtest: names every interface and a specific LAN address
    ok 1 - names every interface and a specific LAN address
      ---
      duration_ms: 1.30475
      type: 'test'
      ...
    # Subtest: passes loopback-only bindings
    ok 2 - passes loopback-only bindings
      ---
      duration_ms: 0.086042
      type: 'test'
      ...
    1..2
ok 9 - nonLoopbackBindings
  ---
  duration_ms: 2.792459
  type: 'suite'
  ...
# Subtest: runtime takes the transaction pooler on a hosted tier
#       '    at async Promise.all (index 0)\\n' +
#       '    at async Suite.run (node:internal/test_runner/test:1442:7)\\n' +
#       '    at async Test.processPendingSubtests (node:internal/test_runner/test:744:7)'
#   }
# }
# [billing] webhook.processed { eventId: 'evt_flaky', eventType: 'checkout.session.completed' }
# [billing] webhook.ledger_failed {
#   eventId: 'evt_nodb',
#   eventType: 'checkout.session.completed',
#   error: {
#     name: 'Error',
#     message: 'synthetic: database unreachable',
#     stack: 'Error: synthetic: database unreachable\\n' +
#       '    at Object.claim (file://./apps/web/lib/billing/webhook/handle.test.ts:263:15)\\n' +
#       '    at handleStripeWebhook (file://./apps/web/lib/billing/webhook/handle.ts:110:31)\\n' +
#       '    at async TestContext.<anonymous> (file://./apps/web/lib/billing/webhook/handle.test.ts:266:20)\\n' +
#       '    at async Test.run (node:internal/test_runner/test:1054:7)\\n' +
#       '    at async Suite.processPendingSubtests (node:internal/test_runner/test:744:7)'
#   },
#   step: 'claim'
# }
# Subtest: C1: an unverified webhook is rejected and a replay is ignored
    # Subtest: a signature made with another secret is rejected before anything is read or written
    ok 1 - a signature made with another secret is rejected before anything is read or written
      ---
      duration_ms: 3.6215
      type: 'test'
      ...
    # Subtest: a body changed after signing is rejected
    ok 2 - a body changed after signing is rejected
      ---
      duration_ms: 0.591166
      type: 'test'
      ...
    # Subtest: a delivery with no signature header is rejected
    ok 3 - a delivery with no signature header is rejected
      ---
      duration_ms: 0.189375
      type: 'test'
      ...
    # Subtest: a replayed event id is acknowledged and its handler does not run again
    ok 4 - a replayed event id is acknowledged and its handler does not run again
      ---
      duration_ms: 0.639375
      type: 'test'
      ...
    # Subtest: an event another delivery is still handling gets a retryable non-2xx
    ok 5 - an event another delivery is still handling gets a retryable non-2xx
      ---
      duration_ms: 0.618791
      type: 'test'
#       '    at async file://./node_modules/drizzle-orm/pg-proxy/session.js:80:33\\n' +
#       '    at async file://./node_modules/drizzle-orm/pg-proxy/session.js:75:20\\n' +
#       '    at async file://./packages/services/src/notes/notes.ts:66:21\\n' +
#       '    at async guarded (file://./packages/services/src/notes/notes.ts:33:12)\\n' +
#       '    at async resolveMiddleware (file://./node_modules/@trpc/server/dist/initTRPC-B259os3T.mjs:203:17)\\n' +
#       '    at async callRecursive (file://./node_modules/@trpc/server/dist/initTRPC-B259os3T.mjs:238:10)\\n' +
#       '    at async callRecursive (file://./node_modules/@trpc/server/dist/initTRPC-B259os3T.mjs:238:10)\\n' +
#       '    at async callRecursive (file://./node_modules/@trpc/server/dist/initTRPC-B259os3T.mjs:238:10)\\n' +
#       '    at async file://./packages/api/src/trpc.ts:38:18',
#     cause: {
#       name: 'Error',
ok 10 - runtime takes the transaction pooler on a hosted tier
  ---
  duration_ms: 3.877167
  type: 'test'
  ...
# Subtest: migrations take the session pooler on a hosted tier
#       message: 'relation "notes" does not exist',
#       stack: 'Error: relation "notes" does not exist\\n' +
ok 11 - migrations take the session pooler on a hosted tier
  ---
  duration_ms: 0.187041
TAP version 13
  type: 'test'
  ...
# Subtest: the local tier is not checked beyond the scheme
# Subtest: C2: an empty or whitespace body fails on body
ok 1 - C2: an empty or whitespace body fails on body
#         '    at file://./packages/api/src/errors.test.ts:147:22\\n' +
# Subtest: C1: the switch defaults to local, never production, and names itself when wrong
ok 12 - C1: the switch defaults to local, never production, and names itself when wrong
      ...
    # Subtest: with no signing secret configured nothing is verified, and Stripe is told to retry
    ok 6 - with no signing secret configured nothing is verified, and Stripe is told to retry
      ---
      duration_ms: 0.290375
#         '    at file://./packages/api/src/test-helpers.ts:83:20\\n' +
  ---
  duration_ms: 2.145833
  type: 'test'
ok 12 - the local tier is not checked beyond the scheme
  ...
# Subtest: C2: a body over the limit fails on body
ok 2 - C2: a body over the limit fails on body
  ---
  duration_ms: 0.097625
      type: 'test'
  ---
  ---
  type: 'test'
  duration_ms: 0.310459
  type: 'test'
  ...
# Subtest: C2: a malformed id fails on id; a list limit out of range fails on limit
      ...
#         '    at file://./node_modules/drizzle-orm/pg-proxy/session.js:81:24\\n' +
ok 3 - C2: a malformed id fails on id; a list limit out of range fails on limit
  ---
    1..6
  duration_ms: 1.001125
ok 1 - C1: an unverified webhook is rejected and a replay is ignored
  ---
  duration_ms: 6.534917
  type: 'test'
  ...
# Subtest: valid input parses, trimmed and defaulted
  duration_ms: 0.218042
ok 4 - valid input parses, trimmed and defaulted
  ---
  type: 'suite'
  ...
# Subtest: C2: a signed event reaches the handler its type maps to
  ...
  duration_ms: 0.264208
  type: 'test'
    # Subtest: each type goes to its own handler, and the id is recorded only after
    ok 1 - each type goes to its own handler, and the id is recorded only after
# Subtest: errors and descriptions never carry credentials
  type: 'test'
  ...
      ---
#         '    at PreparedQuery.queryWithCache (file://./node_modules/drizzle-orm/pg-core/session.js:39:22)\\n' +
#         '    at file://./node_modules/drizzle-orm/pg-proxy/session.js:80:44\\n' +
#         '    at Object.startActiveSpan (file://./node_modules/drizzle-orm/tracing.js:8:14)\\n' +
ok 13 - errors and descriptions never carry credentials
      duration_ms: 2.464458
  ---
  duration_ms: 0.094875
  ...
1..4
# tests 4
      type: 'test'
#         '    at file://./node_modules/drizzle-orm/pg-proxy/session.js:75:33\\n' +
      ...
    1..1
ok 2 - C2: a signed event reaches the handler its type maps to
  ---
# Subtest: outside a deployment the site URL is localhost, whatever is configured
  duration_ms: 2.660208
  type: 'suite'
  ...
  type: 'test'
ok 13 - outside a deployment the site URL is localhost, whatever is configured
#         '    at Object.startActiveSpan (file://./node_modules/drizzle-orm/tracing.js:8:14)\\n' +
#         '    at PreparedQuery.execute (file://./node_modules/drizzle-orm/pg-proxy/session.js:59:19)\\n' +
#         '    at file://./node_modules/drizzle-orm/pg-core/query-builders/select.js:797:30'
# Subtest: C3: an event type with no handler is acknowledged and dispatched nowhere
#     }
#   },
#   path: 'notes.get'
# }
# suites 0
# pass 4
# fail 0
    # Subtest: a 2xx, no handler runs, and the ledger is not touched
  ...
# Subtest: applyLocalAuthMirror
    # Subtest: refuses a non-loopback host before connecting
  ---
  duration_ms: 0.534541
# Subtest: C2: the mapper turns each domain error into its tRPC code and keeps the message
ok 7 - C2: the mapper turns each domain error into its tRPC code and keeps the message
  ---
  duration_ms: 0.579333
  type: 'test'
  ...
# Subtest: C2: a service's domain error leaves a procedure as its tRPC code
    ok 1 - a 2xx, no handler runs, and the ledger is not touched
      ---
# cancelled 0
    ok 1 - refuses a non-loopback host before connecting
      ---
      duration_ms: 6.609292
      type: 'test'
      ...
    # Subtest: passes the host check on loopback and only then connects
    ok 2 - passes the host check on loopback and only then connects
      ---
      duration_ms: 3.907166
      type: 'test'
      ...
    1..2
      duration_ms: 0.345208
ok 14 - applyLocalAuthMirror
  ---
# skipped 0
# todo 0
ok 8 - C2: a service's domain error leaves a procedure as its tRPC code
  type: 'test'
  ---
  duration_ms: 11.267625
# duration_ms 152.256833
  type: 'suite'
  ...
# Subtest: isLoopbackHost
    # Subtest: accepts localhost, 127.0.0.0/8 and ::1
    ok 1 - accepts localhost, 127.0.0.0/8 and ::1
      ---
      type: 'test'
      duration_ms: 0.693375
      type: 'test'
      ...
      ...
  ...
# Subtest: in a deployment the configured URL is used, without a trailing slash
    # Subtest: refuses every other host, including look-alikes
ok 14 - in a deployment the configured URL is used, without a trailing slash
  ---
  duration_ms: 0.136917
  type: 'test'
  ...
1..14
# tests 14
# suites 0
# pass 14
# fail 0
# cancelled 0
# skipped 0
# todo 0
# duration_ms 108.471959
    ok 2 - refuses every other host, including look-alikes
      ---
      duration_ms: 0.078459
      type: 'test'
      ...
    # Subtest: isLoopbackUrl reads the URL's host and refuses an unparseable URL
    ok 3 - isLoopbackUrl reads the URL's host and refuses an unparseable URL
      ---
      duration_ms: 0.154208
      type: 'test'
      ...
    1..3
ok 15 - isLoopbackHost
  ---
  duration_ms: 1.450792
  type: 'suite'
  ...
# Subtest: the bridge accepts a UUID user and a known role
ok 16 - the bridge accepts a UUID user and a known role
  ---
  duration_ms: 0.818375
  type: 'test'
  ...
# Subtest: the bridge refuses a partial or forged identity before any SQL
ok 17 - the bridge refuses a partial or forged identity before any SQL
  ---
  duration_ms: 0.275833
  type: 'test'
  ...
# Subtest: the schema exports tables, and none of them outside public
ok 18 - the schema exports tables, and none of them outside public
  ---
  duration_ms: 0.817125
  type: 'test'
  ...
# Subtest: authUsers is never exported from the schema
ok 19 - authUsers is never exported from the schema
  ---
  duration_ms: 0.059375
  type: 'test'
  ...
    # Subtest: a type named like an object property is not a handler
  duration_ms: 12.424666
  type: 'test'
  ...
# Subtest: C2: over HTTP, a note row-level security withholds is NOT_FOUND (404)
ok 9 - C2: over HTTP, a note row-level security withholds is NOT_FOUND (404)
  ---
    ok 2 - a type named like an object property is not a handler
      ---
      duration_ms: 0.363209
      type: 'test'
      ...
    1..2
ok 3 - C3: an event type with no handler is acknowledged and dispatched nowhere
  ---
  duration_ms: 0.789333
  type: 'suite'
  ...
# Subtest: C4: a handler that throws gets a retryable 5xx and is not recorded
    # Subtest: the claim is released, the id is not processed, and the retry runs the handler
    ok 1 - the claim is released, the id is not processed, and the retry runs the handler
      ---
      duration_ms: 0.644833
      type: 'test'
      ...
    # Subtest: a ledger that cannot be written is retryable too
# Subtest: every table carries its policies beside it
  duration_ms: 8.521958
  type: 'test'
  ...
# Subtest: C2: over HTTP, a policy's refusal is FORBIDDEN (403) and a unique violation CONFLICT (409)
ok 10 - C2: over HTTP, a policy's refusal is FORBIDDEN (403) and a unique violation CONFLICT (409)
  ---
  duration_ms: 2.882417
  type: 'test'
  ...
# Subtest: C2: over HTTP, input that fails its validator is BAD_REQUEST (400) with the failed fields
ok 11 - C2: over HTTP, input that fails its validator is BAD_REQUEST (400) with the failed fields
  ---
  duration_ms: 1.637917
  type: 'test'
  ...
# Subtest: C2: a fault is INTERNAL_SERVER_ERROR (500) and its message stays on the server
ok 12 - C2: a fault is INTERNAL_SERVER_ERROR (500) and its message stays on the server
  ---
  duration_ms: 3.644583
  type: 'test'
  ...
1..12
# tests 12
# suites 0
# pass 12
# fail 0
# cancelled 0
# skipped 0
# todo 0
# duration_ms 537.43375
    ok 2 - a ledger that cannot be written is retryable too
      ---
      duration_ms: 0.254791
      type: 'test'
      ...
    1..2
ok 4 - C4: a handler that throws gets a retryable 5xx and is not recorded
  ---
  duration_ms: 0.946708
  type: 'suite'
  ...
# Subtest: a build without SENTRY_AUTH_TOKEN skips the upload and names no credential
ok 5 - a build without SENTRY_AUTH_TOKEN skips the upload and names no credential
  ---
  duration_ms: 0.58725
  type: 'test'
  ...
# Subtest: a local build with a token still skips the upload
ok 6 - a local build with a token still skips the upload
ok 20 - every table carries its policies beside it
  ---
  duration_ms: 0.176791
  type: 'test'
  ...
1..20
# tests 32
# suites 5
# pass 32
# fail 0
# cancelled 0
# skipped 0
# todo 0
# duration_ms 2544.53825
  ---
  duration_ms: 0.076833
  type: 'test'
  ...
# Subtest: a deployment with the token, org and project uploads under the commit release
ok 7 - a deployment with the token, org and project uploads under the commit release
  ---
  duration_ms: 0.069709
  type: 'test'
  ...
# Subtest: on local nothing registers, though production's and staging's DSNs are set
ok 8 - on local nothing registers, though production's and staging's DSNs are set
  ---
  duration_ms: 1.500875
  type: 'test'
  ...
# Subtest: each tier reads only its own DSN, never production's
ok 9 - each tier reads only its own DSN, never production's
  ---
  duration_ms: 0.120084
  type: 'test'
  ...
# Subtest: a local DSN set on purpose registers
ok 10 - a local DSN set on purpose registers
  ---
  duration_ms: 0.238584
  type: 'test'
  ...
# Subtest: with a DSN, the SDK starts with every data category off and the reporter is registered
ok 11 - with a DSN, the SDK starts with every data category off and the reporter is registered
  ---
  duration_ms: 1.186792
  type: 'test'
  ...
# Subtest: every dataCollection category is set explicitly
ok 12 - every dataCollection category is set explicitly
  ---
  duration_ms: 0.09125
  type: 'test'
  ...
# Subtest: beforeSend drops cookies, body, headers and query, keeping url path and method
ok 13 - beforeSend drops cookies, body, headers and query, keeping url path and method
  ---
  duration_ms: 1.511667
  type: 'test'
  ...
# Subtest: the user is reduced to an opaque id
ok 14 - the user is reduced to an opaque id
  ---
  duration_ms: 0.133167
  type: 'test'
  ...
# Subtest: a user without an id is dropped whole
ok 15 - a user without an id is dropped whole
  ---
  duration_ms: 0.15775
  type: 'test'
  ...
# Subtest: free text is scrubbed and extra and breadcrumb data are dropped
ok 16 - free text is scrubbed and extra and breadcrumb data are dropped
  ---
  duration_ms: 0.136458
  type: 'test'
  ...
# Subtest: the input event is not mutated
ok 17 - the input event is not mutated
  ---
  duration_ms: 0.083667
  type: 'test'
  ...
1..17
# tests 24
# suites 4
# pass 24
# fail 0
# cancelled 0
# skipped 0
# todo 0
# duration_ms 236.736667

 Tasks:    12 successful, 12 total
Cached:    12 cached, 12 total
  Time:    209ms >>> FULL TURBO

