command: yarn lint
exit: 0
at: 2026-10-05T03:10:24Z
head: 3ceeb8e719b4c24e28ddd406d2d8da2ab20aea02
---

   • turbo 2.11.6
   • Packages in scope: @pem/ai, @pem/api, @pem/auth, @pem/brand, @pem/catalog, @pem/config, @pem/constants, @pem/db, @pem/email, @pem/env, @pem/observability, @pem/services, @pem/ui, @pem/validators, docs, web
   • Running lint in 16 packages
   • Remote caching disabled

@pem/observability:lint: cache hit, replaying logs fa0dfa00588e1e33
@pem/constants:lint: cache hit, replaying logs c034f28f4df24423
@pem/brand:lint: cache hit, replaying logs a2a1a027d5378531
@pem/validators:lint: cache hit, replaying logs ba74a3a1f55cad48
@pem/env:lint: cache hit, replaying logs b2c61f273dab9d39
@pem/db:lint: cache miss, executing c7e1f63476ef3877
@pem/ui:lint: cache hit, replaying logs 33d007807d7b989f
@pem/ai:lint: cache hit, replaying logs c8d4d9d36419f3c7
@pem/email:lint: cache hit, replaying logs 798ed872177d39a9
docs:lint: cache hit, replaying logs 820830c131d6a545
@pem/catalog:lint: cache hit, replaying logs 6e16bfbc493be1af
@pem/services:lint: cache miss, executing a027fa0f764ffef2
@pem/auth:lint: cache miss, executing 7e18fc6743badb12
@pem/api:lint: cache miss, executing 66a7ec2c07f5f565
web:lint: cache miss, executing 56c5b7ffbd91f72e

 Tasks:    15 successful, 15 total
Cached:    10 cached, 15 total
  Time:    5.888s 

