command: yarn test:tooling
exit: 0
at: 2026-10-04T05:02:20Z
head: c5eb5dbb61de8fed8795bd4c48d59f02b3b796d7
tests: 33
---
TAP version 13
# Subtest: C5: a client chunk holding a server-only sentinel fails, naming the variable and the chunk
ok 1 - C5: a client chunk holding a server-only sentinel fails, naming the variable and the chunk
  ---
  duration_ms: 74.302167
  type: 'test'
  ...
# Subtest: C5: no build output fails
ok 2 - C5: no build output fails
  ---
  duration_ms: 164.646958
  type: 'test'
  ...
# Subtest: C5: clean client chunks pass
ok 3 - C5: clean client chunks pass
  ---
  duration_ms: 92.126542
  type: 'test'
  ...
# Subtest: C5: a scan with no sentinel named is refused
ok 4 - C5: a scan with no sentinel named is refused
  ---
  duration_ms: 79.245292
  type: 'test'
  ...
# Subtest: the plan plants server-only names from .env.example and turbo.json, and names the drift
ok 5 - the plan plants server-only names from .env.example and turbo.json, and names the drift
  ---
  duration_ms: 81.694541
  type: 'test'
  ...
# Subtest: a pending entry that now exists is stale
ok 6 - a pending entry that now exists is stale
  ---
  duration_ms: 243.611958
  type: 'test'
  ...
# Subtest: a git-ignored pending entry is machine-local and never stale
ok 7 - a git-ignored pending entry is machine-local and never stale
  ---
  duration_ms: 242.230834
  type: 'test'
  ...
# Subtest: C1: a present module missing a listed file fails, naming the module and the file
ok 8 - C1: a present module missing a listed file fails, naming the module and the file
  ---
  duration_ms: 82.147958
  type: 'test'
  ...
# Subtest: C2: a removed module with a leftover file, variable or dependency fails, naming each leftover
ok 9 - C2: a removed module with a leftover file, variable or dependency fails, naming each leftover
  ---
  duration_ms: 338.675875
  type: 'test'
  ...
# Subtest: C2: a clean removal passes, and near-miss names are not leftovers
ok 10 - C2: a clean removal passes, and near-miss names are not leftovers
  ---
  duration_ms: 82.468041
  type: 'test'
  ...
# Subtest: C3: a locked module marked removed fails
ok 11 - C3: a locked module marked removed fails
  ---
  duration_ms: 77.461042
  type: 'test'
  ...
# Subtest: C4: an entry missing any of files, env, dependencies, boundaries, locked or runbook fails, naming the field
ok 12 - C4: an entry missing any of files, env, dependencies, boundaries, locked or runbook fails, naming the field
  ---
  duration_ms: 77.307833
  type: 'test'
  ...
# Subtest: C5: a runbook path that does not exist fails, naming the path
ok 13 - C5: a runbook path that does not exist fails, naming the path
  ---
  duration_ms: 81.8045
  type: 'test'
  ...
# Subtest: a merged as-built is immutable except applied:
ok 14 - a merged as-built is immutable except applied:
  ---
  duration_ms: 4957.072125
  type: 'test'
  ...
# Subtest: A9 commit-msg: an agent branch needs a work-id; another branch does not
ok 15 - A9 commit-msg: an agent branch needs a work-id; another branch does not
  ---
  duration_ms: 1729.547875
  type: 'test'
  ...
# Subtest: A9 pre-commit: staging a hand-edited results.json is refused
ok 16 - A9 pre-commit: staging a hand-edited results.json is refused
  ---
  duration_ms: 1822.421625
  type: 'test'
  ...
# Subtest: A4 contract:init allocates sequential ids, from the template, then starts with every criterion FAIL
ok 17 - A4 contract:init allocates sequential ids, from the template, then starts with every criterion FAIL
  ---
  duration_ms: 1427.78725
  type: 'test'
  ...
# Subtest: the protected branch refuses a start; the operator picks the work branch
ok 18 - the protected branch refuses a start; the operator picks the work branch
  ---
  duration_ms: 730.834666
  type: 'test'
  ...
# Subtest: parallel tickets: a second item starts on the same branch while the first is open
ok 19 - parallel tickets: a second item starts on the same branch while the first is open
  ---
  duration_ms: 2000.146417
  type: 'test'
  ...
# Subtest: parallel tickets: another ticket's uncommitted file does not block a run, its own does
ok 20 - parallel tickets: another ticket's uncommitted file does not block a run, its own does
  ---
  duration_ms: 2866.561125
  type: 'test'
  ...
# Subtest: parallel tickets: another ticket's commit leaves this ticket's proof fresh
ok 21 - parallel tickets: another ticket's commit leaves this ticket's proof fresh
  ---
  duration_ms: 3208.360833
  type: 'test'
  ...
# Subtest: stacking: a dependent ticket starts on the same branch once its predecessor is built, before any as-built or review
ok 22 - stacking: a dependent ticket starts on the same branch once its predecessor is built, before any as-built or review
  ---
  duration_ms: 3708.714417
  type: 'test'
  ...
# Subtest: a dependency that has not started refuses the start
ok 23 - a dependency that has not started refuses the start
  ---
  duration_ms: 1052.877458
  type: 'test'
  ...
# Subtest: A6: a cited file not approved, or holding a BLOCKING marker, is refused; a plain open marker is listed
ok 24 - A6: a cited file not approved, or holding a BLOCKING marker, is refused; a plain open marker is listed
  ---
  duration_ms: 2563.093875
  type: 'test'
  ...
# Subtest: PR-15 tiers: code is tier 1 with no reviewer; contract:tier 2 adds the review, and a lower tier drops it
ok 25 - PR-15 tiers: code is tier 1 with no reviewer; contract:tier 2 adds the review, and a lower tier drops it
  ---
  duration_ms: 3760.637833
  type: 'test'
  ...
# Subtest: PR-15: check-specs warns on a ticket still closing, and fails it only with --strict
ok 26 - PR-15: check-specs warns on a ticket still closing, and fails it only with --strict
  ---
  duration_ms: 2176.013792
  type: 'test'
  ...
# Subtest: Vigil 9 and 10, tier 2 epic ticket: pre-flight gates the start, review:run follows the as-built, truth:promote follows
ok 27 - Vigil 9 and 10, tier 2 epic ticket: pre-flight gates the start, review:run follows the as-built, truth:promote follows
  ---
  duration_ms: 10662.838667
  type: 'test'
  ...
# Subtest: a fixture reviewer's PASS does not count outside the harness
ok 28 - a fixture reviewer's PASS does not count outside the harness
  ---
  duration_ms: 4538.875084
  type: 'test'
  ...
# Subtest: a pre-flight written by the fixture reviewer does not start a ticket outside the harness
ok 29 - a pre-flight written by the fixture reviewer does not start a ticket outside the harness
  ---
  duration_ms: 1065.080792
  type: 'test'
  ...
# Subtest: contract:run refuses an uncommitted tree, then records run records with HEAD and evidence hashes
ok 30 - contract:run refuses an uncommitted tree, then records run records with HEAD and evidence hashes
  ---
  duration_ms: 2922.130875
  type: 'test'
  ...
# Subtest: contract:run FAILs a test criterion whose runner matched zero tests
ok 31 - contract:run FAILs a test criterion whose runner matched zero tests
  ---
  duration_ms: 1870.20225
  type: 'test'
  ...
# Subtest: Vigil 10, one-off: init, run, as-built, status and check-specs close with nothing left
ok 32 - Vigil 10, one-off: init, run, as-built, status and check-specs close with nothing left
  ---
  duration_ms: 4784.539209
  type: 'test'
  ...
# Subtest: Vigil 3: a PASS recorded at X goes stale when a planned path changes at X+1
ok 33 - Vigil 3: a PASS recorded at X goes stale when a planned path changes at X+1
  ---
  duration_ms: 3609.327625
  type: 'test'
  ...
1..33
# tests 33
# suites 0
# pass 33
# fail 0
# cancelled 0
# skipped 0
# todo 0
# duration_ms 24667.904917
