command: yarn test
exit: 0
at: 2026-10-05T04:00:54Z
head: 12a9b07d40b1abfe6e3864387116bd889c077f81
tests: 199
---

   • turbo 2.11.6
   • Packages in scope: @pem/ai, @pem/api, @pem/auth, @pem/brand, @pem/catalog, @pem/config, @pem/constants, @pem/db, @pem/email, @pem/env, @pem/observability, @pem/services, @pem/ui, @pem/validators, docs, web
   • Running test in 16 packages
   • Remote caching disabled

cache hit, replaying logs bee7892a673867b4
cache hit, replaying logs 1b4c4ba1c1c94edc
TAP version 13
# Subtest: C1: brand.ts theme colours equal the preset's values
ok 1 - C1: brand.ts theme colours equal the preset's values
  ---
  duration_ms: 1.039958
  type: 'test'
  ...
# Subtest: C1: a changed preset value is a mismatch
ok 2 - C1: a changed preset value is a mismatch
  ---
  duration_ms: 0.208959
  type: 'test'
  ...
# Subtest: C1: a changed brand.ts value is a mismatch
ok 3 - C1: a changed brand.ts value is a mismatch
  ---
  duration_ms: 0.804125
  type: 'test'
  ...
# Subtest: every asset path in brand.ts exists in the package
ok 4 - every asset path in brand.ts exists in the package
  ---
  duration_ms: 0.165208
  type: 'test'
  ...
# Subtest: white, black and the sRGB primaries
ok 5 - white, black and the sRGB primaries
  ---
  duration_ms: 0.620375
  type: 'test'
  ...
# Subtest: lightness as a percentage, and an alpha, are accepted
ok 6 - lightness as a percentage, and an alpha, are accepted
  ---
  duration_ms: 0.070041
  type: 'test'
  ...
# Subtest: the preset's neutral steps
ok 7 - the preset's neutral steps
  ---
  duration_ms: 0.131333
  type: 'test'
  ...
# Subtest: anything but oklch() is refused
ok 8 - anything but oklch() is refused
  ---
  duration_ms: 0.191708
  type: 'test'
  ...
1..8
# tests 8
# suites 0
# pass 8
# fail 0
# cancelled 0
# skipped 0
# todo 0
# duration_ms 77.12725
cache hit, replaying logs 8ab33978f2ddbd56
cache hit, replaying logs e33b8d38c87a6e90
cache hit, replaying logs 0989a687da3b60d5
cache hit, replaying logs 5b1b6e07fe248d25
cache hit, replaying logs f86e8ecfa216938d
cache hit, replaying logs cef8206c37525025
cache hit, replaying logs 043722a20e62ee6c
cache hit, replaying logs 69615e64e969cb4b
TAP version 13
TAP version 13
# Subtest: C2: an empty or whitespace body fails on body
# Subtest: each kind of DDL or write against auth is caught
ok 1 - each kind of DDL or write against auth is caught
  ---
  duration_ms: 1.121625
  type: 'test'
  ...
# Subtest: a foreign key to auth.users and a call to auth.uid() are allowed
ok 2 - a foreign key to auth.users and a call to auth.uid() are allowed
  ---
  duration_ms: 0.076958
  type: 'test'
  ...
# Subtest: a migration with DDL against auth fails, numbered by statement
ok 3 - a migration with DDL against auth fails, numbered by statement
  ---
  duration_ms: 0.66175
  type: 'test'
  ...
# Subtest: the generated migration set passes, and it does reference auth.users
ok 4 - the generated migration set passes, and it does reference auth.users
  ---
  duration_ms: 0.808666
  type: 'test'
  ...
# Subtest: only the local auth mirror writes to auth.users
ok 5 - only the local auth mirror writes to auth.users
  ---
  duration_ms: 6.510625
  type: 'test'
  ...
# Subtest: the pattern catches each kind of write
ok 6 - the pattern catches each kind of write
  ---
  duration_ms: 0.169584
TAP version 13
# Subtest: C1: getNote throws NotFound when the scoped db withholds the row
ok 1 - C2: an empty or whitespace body fails on body
  ---
  duration_ms: 1.842416
  type: 'test'
  ...
# Subtest: C2: a body over the limit fails on body
ok 2 - C2: a body over the limit fails on body
  ---
  duration_ms: 0.246792
  type: 'test'
  ...
# Subtest: C2: a malformed id fails on id; a list limit out of range fails on limit

 RUN  v5.0.3 ./packages/ui
TAP version 13
TAP version 13
# Subtest: track is a no-op until a vendor is wired
# Subtest: C2: the HTML part carries the brand's name, support address, home URL and colours
  type: 'test'
  ...
# Subtest: seedLocalUsers
    # Subtest: refuses a non-loopback auth URL before sending anything
    ok 1 - refuses a non-loopback auth URL before sending anything
      ---
      duration_ms: 0.959875
      type: 'test'
      ...
    # Subtest: refuses a missing service-role key before sending anything
    ok 2 - refuses a missing service-role key before sending anything
      ---
      duration_ms: 0.141083
      type: 'test'
      ...
TAP version 13
    # Subtest: creates each synthetic user through the local admin API
TAP version 13
    ok 3 - creates each synthetic user through the local admin API
      ---
      duration_ms: 21.696541
      type: 'test'
ok 1 - C1: getNote throws NotFound when the scoped db withholds the row
      ...
cache hit, replaying logs 952613b3706ce579
    # Subtest: treats an existing email as done
TAP version 13
    ok 4 - treats an existing email as done
ok 3 - C2: a malformed id fails on id; a list limit out of range fails on limit
# Subtest: C2: a live-mode key on local or staging fails with the variable named
ok 1 - C2: a live-mode key on local or staging fails with the variable named
  ---
  duration_ms: 1.49375
  type: 'test'
  ...
      ---
# Subtest: C2: a test-mode key on production fails with the variable named
      duration_ms: 1.457667
ok 2 - C2: a test-mode key on production fails with the variable named
      type: 'test'
ok 1 - track is a no-op until a vendor is wired
      ...
  ---
    1..4
# Subtest: the admin client holds no session: nothing persisted, refreshed or read from a URL
ok 1 - C2: the HTML part carries the brand's name, support address, home URL and colours
  ---
  ---
  duration_ms: 0.8695
  duration_ms: 2.225667
  type: 'test'
  type: 'test'
  ...
# Subtest: C2: matching modes pass
  ...
ok 3 - C2: matching modes pass
# Subtest: C1: logger.error passes the error, tags and user id to the registered reporter
  ---
ok 1 - the admin client holds no session: nothing persisted, refreshed or read from a URL

  duration_ms: 0.102459
TAP version 13
 ✓ .storybook/story-coverage.test.ts (5 tests) 11ms
# Subtest: C1: a cookie session and a bearer token for one user resolve to the same ctx.user
  type: 'test'
stderr | .storybook/stories.test.ts > Composed/Control/Theme toggle > System
  ...
  duration_ms: 0.734042
  ---
ok 7 - seedLocalUsers
# Subtest: a user's text turn is accepted
  ---
  duration_ms: 0.595584
  duration_ms: 15.657041
# Subtest: C2: a key with no mode prefix fails on every tier
  type: 'test'
ok 4 - C2: a key with no mode prefix fails on every tier
  type: 'test'
  ...
  ...
ok 1 - a user's text turn is accepted
# Subtest: every subpath is classed as client-safe or server
  ---
Encountered a script tag while rendering React component. Scripts inside React components are never executed when rendering on the client. Consider using template tag instead (https://developer.mozilla.org/en-US/docs/Web/HTML/Element/template).
ok 2 - C1: logger.error passes the error, tags and user id to the registered reporter
ok 2 - every subpath is classed as client-safe or server

  ---
Not implemented: Window's getComputedStyle() method: with pseudo-elements
ok 1 - C1: a cookie session and a bearer token for one user resolve to the same ctx.user
  type: 'test'
  duration_ms: 2.093708
  ---
  ...
  ---
# Subtest: valid input parses, trimmed and defaulted
  duration_ms: 11.647083
ok 4 - valid input parses, trimmed and defaulted
  duration_ms: 6.612375
  ---
Not implemented: Window's getComputedStyle() method: with pseudo-elements
  duration_ms: 0.212791
Not implemented: Window's getComputedStyle() method: with pseudo-elements
  type: 'test'
  ...
1..4
Not implemented: Window's getComputedStyle() method: with pseudo-elements
Not implemented: Window's getComputedStyle() method: with pseudo-elements
Not implemented: Window's getComputedStyle() method: with pseudo-elements
# Subtest: C2: the text part carries the brand and the action as a link
Not implemented: Window's getComputedStyle() method: with pseudo-elements
ok 2 - C2: the text part carries the brand and the action as a link
  ---
  ---
  duration_ms: 0.200209
  duration_ms: 0.120375
  ---
  type: 'test'
  duration_ms: 2.480458
  ...
  type: 'test'
  type: 'test'
# Subtest: C2: every caller value is escaped
  ...
  duration_ms: 3.364417
  ...
# Subtest: C1: logger.error with no error hands the reporter one named for the event
  type: 'test'
ok 3 - C1: logger.error with no error hands the reporter one named for the event
  ...
# Subtest: C1: a Bearer header decides alone: a refused token is anonymous even beside a good cookie
  ---
ok 3 - C2: every caller value is escaped
# Subtest: C1: createNote throws Forbidden when a policy rejects the insert
  type: 'test'
ok 2 - C1: createNote throws Forbidden when a policy rejects the insert
  ...
  duration_ms: 0.27725
# Subtest: ./config reaches no server module, built-in or workspace package
  ---
  type: 'test'
# tests 4
  ...
  duration_ms: 0.140209
  type: 'test'
  ---
# Subtest: C1: a reporter that throws is swallowed, and the line still prints
  duration_ms: 1.019084
ok 4 - C1: a reporter that throws is swallowed, and the line still prints
  type: 'test'
  ---
  ...
  ---
  duration_ms: 24.879333
# Subtest: C1: a policy refusal wrapped by drizzle is still Forbidden
ok 3 - ./config reaches no server module, built-in or workspace package
ok 2 - C1: a Bearer header decides alone: a refused token is anonymous even beside a good cookie
  ---
  duration_ms: 0.416875
  type: 'test'
  ...
  type: 'suite'
# Subtest: ./browser reaches no server module, built-in or workspace package
ok 4 - ./browser reaches no server module, built-in or workspace package
  ---
  ...
  duration_ms: 0.305875
# Subtest: C2: an action URL that is not http(s) is refused
  type: 'test'
  type: 'test'
  ...
  ...
# Subtest: ./redirect reaches no server module, built-in or workspace package
# Subtest: public names pass, and unset values are left out
  ---
ok 5 - ./redirect reaches no server module, built-in or workspace package
ok 5 - public names pass, and unset values are left out
  type: 'test'
  ---
# suites 0
  duration_ms: 0.105917
# pass 4
  type: 'test'
Not implemented: Window's getComputedStyle() method: with pseudo-elements
  ...
ok 4 - C2: an action URL that is not http(s) is refused
# Subtest: the walk sees a server import when there is one
  ---
ok 3 - C1: a policy refusal wrapped by drizzle is still Forbidden
  ---
ok 6 - the walk sees a server import when there is one
  ...
  duration_ms: 2.377542
  type: 'test'
  ...
# Subtest: C1: a reporter that rejects is swallowed
ok 5 - C1: a reporter that rejects is swallowed
  ---
  duration_ms: 3.080834
  type: 'test'
  ...
# Subtest: C1: the default reporter is a no-op
ok 6 - C1: the default reporter is a no-op
  ---
  duration_ms: 0.519125
  type: 'test'
  ...
# Subtest: C2: a secret-like key is redacted at any depth, whatever its case
ok 7 - C2: a secret-like key is redacted at any depth, whatever its case
  ---
  duration_ms: 0.306583
  type: 'test'
  ...
# Subtest: C2: request bodies and personal data are redacted too
ok 8 - C2: request bodies and personal data are redacted too
  ...
# Subtest: a body with no messages, or malformed ones, is refused
  ---
ok 2 - a body with no messages, or malformed ones, is refused
# Subtest: db:local:reset
  ---
  ---
  duration_ms: 1.519583
  type: 'test'
  ...
# Subtest: file, tool and system content is refused
  ---
ok 3 - file, tool and system content is refused
  ---
  duration_ms: 0.9235
  duration_ms: 0.547041
  duration_ms: 0.353
  type: 'test'
  ...
  duration_ms: 0.156375
# Subtest: ./server is marked server-only, so a client component cannot import it
ok 7 - ./server is marked server-only, so a client component cannot import it
    # Subtest: refuses staging before resolving a URL
  ---
# fail 0
  duration_ms: 0.091583
  type: 'test'
  duration_ms: 0.205333
  ...
  type: 'test'
# Subtest: ./admin is marked server-only, so a client component cannot import it
  type: 'test'
    ok 1 - refuses staging before resolving a URL
  duration_ms: 0.196
  type: 'test'
  ...
# Subtest: C1: an empty Bearer token is anonymous even beside a good cookie
  type: 'test'
ok 3 - C1: an empty Bearer token is anonymous even beside a good cookie
Not implemented: Window's getComputedStyle() method: with pseudo-elements
Not implemented: Window's getComputedStyle() method: with pseudo-elements
Not implemented: Window's getComputedStyle() method: with pseudo-elements
Not implemented: Window's getComputedStyle() method: with pseudo-elements
# cancelled 0
Not implemented: Window's getComputedStyle() method: with pseudo-elements
ok 8 - ./admin is marked server-only, so a client component cannot import it
  duration_ms: 0.847917
  ---
  type: 'test'
  duration_ms: 0.140042
  ...
  ---
# Subtest: a server-only name is refused, by name
      ---
ok 6 - a server-only name is refused, by name
      duration_ms: 565.376917
  ...
  type: 'test'
  ...
# Subtest: C2: the reporter's context is redacted; the error itself is passed as caught
ok 9 - C2: the reporter's context is redacted; the error itself is passed as caught
  ---
  duration_ms: 0.234042
  type: 'test'
  ...
  ...
# Subtest: reasoning parts are refused: their text would escape the character cap
      type: 'test'
ok 4 - reasoning parts are refused: their text would escape the character cap
# Subtest: C2: no source file in @pem/email writes a brand value or a colour literal
  ---
  type: 'test'
  duration_ms: 0.127958
  ...
  type: 'test'
# Subtest: ./session is marked server-only, so a client component cannot import it
  ...
ok 9 - ./session is marked server-only, so a client component cannot import it
  ---
  ---
  duration_ms: 0.250875
  duration_ms: 0.0735
ok 5 - C2: no source file in @pem/email writes a brand value or a colour literal
  type: 'test'
  type: 'test'
  ...
  ...
  ...
# Subtest: C1: each tier reads its own variable
# Subtest: C1: createNote writes the caller as owner and returns the note
ok 4 - C1: createNote writes the caller as owner and returns the note
  ---
  duration_ms: 0.423917
ok 7 - C1: each tier reads its own variable
# Subtest: ./context is marked server-only, so a client component cannot import it
# skipped 0
Not implemented: Window's getComputedStyle() method: with pseudo-elements
Not implemented: Window's getComputedStyle() method: with pseudo-elements
# todo 0
# duration_ms 113.7465
ok 10 - ./context is marked server-only, so a client component cannot import it
  ---
  duration_ms: 0.309417
  type: 'test'
  ...
# Subtest: a secret key in the public slot is refused, naming the variable
ok 11 - a secret key in the public slot is refused, naming the variable
  ---
  duration_ms: 1.269958
  type: 'test'
  ...
# Subtest: the publishable key and the legacy anon key pass
      ...
  duration_ms: 0.17775
  ---
    # Subtest: refuses staging before connecting, with its URLs set
# Subtest: the last turn must be the user's
# Subtest: C2: personal data and request bodies are redacted under their common compound names
ok 5 - the last turn must be the user's
ok 10 - C2: personal data and request bodies are redacted under their common compound names
Not implemented: Window's getComputedStyle() method: with pseudo-elements
  ---
  ---
  type: 'test'
  duration_ms: 0.166083
  ...
  type: 'test'
  duration_ms: 0.965416
  type: 'test'
  ...
# Subtest: too many turns or too much text is refused
  type: 'test'
  ...
# Subtest: C2: a subject with a line break stays one header line
Not implemented: Window's getComputedStyle() method: with pseudo-elements
  ...
Not implemented: Window's getComputedStyle() method: with pseudo-elements
# Subtest: C1: a scheme other than Bearer (a staging site's HTTP Basic) leaves the cookie session to decide
Not implemented: Window's getComputedStyle() method: with pseudo-elements
Not implemented: Window's getComputedStyle() method: with pseudo-elements
Not implemented: Window's getComputedStyle() method: with pseudo-elements
  duration_ms: 0.328125
  type: 'test'
ok 6 - too many turns or too much text is refused
Not implemented: Window's getComputedStyle() method: with pseudo-elements
  ...
Not implemented: Window's getComputedStyle() method: with pseudo-elements
# Subtest: C1: a secret-like tag is redacted before it reaches the reporter
Not implemented: Window's getComputedStyle() method: with pseudo-elements
ok 11 - C1: a secret-like tag is redacted before it reaches the reporter
    ok 2 - refuses staging before connecting, with its URLs set
Not implemented: Window's getComputedStyle() method: with pseudo-elements
ok 12 - the publishable key and the legacy anon key pass
  ---
ok 4 - C1: a scheme other than Bearer (a staging site's HTTP Basic) leaves the cookie session to decide
  ---
  ---
      ---
ok 6 - C2: a subject with a line break stays one header line
  ---
  duration_ms: 0.08
  duration_ms: 0.175292
Not implemented: Window's getComputedStyle() method: with pseudo-elements
Not implemented: Window's getComputedStyle() method: with pseudo-elements
Not implemented: Window's getComputedStyle() method: with pseudo-elements
  duration_ms: 0.617
Not implemented: Window's getComputedStyle() method: with pseudo-elements
  type: 'test'
Not implemented: Window's getComputedStyle() method: with pseudo-elements
      duration_ms: 322.689792
Not implemented: Window's getComputedStyle() method: with pseudo-elements
# Subtest: C1: getNote returns the row the scoped db shows; listNotes returns the list
Not implemented: Window's getComputedStyle() method: with pseudo-elements
  type: 'test'
  ...
  duration_ms: 0.2
  type: 'test'
cache hit, replaying logs 9c65bbc395d8a0f1
  ...
# Subtest: with a key and nobody signed in: 401, and the vendor is never called
  ---
  duration_ms: 0.189791
  type: 'test'
Not implemented: Window's getComputedStyle() method: with pseudo-elements
  ...
Not implemented: Window's getComputedStyle() method: with pseudo-elements
      type: 'test'
      ...
# Subtest: C1: a tier whose own value is absent or empty reads the unsuffixed value
ok 8 - C1: a tier whose own value is absent or empty reads the unsuffixed value
  ---
# Subtest: C1: a protected procedure refuses an anonymous caller with UNAUTHORIZED
  duration_ms: 0.094375
ok 5 - C1: a protected procedure refuses an anonymous caller with UNAUTHORIZED
  type: 'test'
  ---
  ...
  duration_ms: 0.658542
  type: 'test'
  ...
Not implemented: Window's getComputedStyle() method: with pseudo-elements
    # Subtest: refuses production before resolving a URL
  ...
# Subtest: the cookie stem the purge uses is the storage key the installed SDK writes
ok 5 - C1: getNote returns the row the scoped db shows; listNotes returns the list
ok 13 - the cookie stem the purge uses is the storage key the installed SDK writes
    ok 3 - refuses production before resolving a URL
  ---
      ---
# Subtest: C1: nothing set picks undefined
ok 9 - C1: nothing set picks undefined
TAP version 13
  ---
# Subtest: C1: a protected procedure hands the service a context for the caller, by cookie or by token
ok 6 - C1: a protected procedure hands the service a context for the caller, by cookie or by token
  ---
  duration_ms: 0.553166
  type: 'test'
  ...
# Subtest: C1: an admin procedure refuses a non-admin with FORBIDDEN and serves an admin
  type: 'test'
  ...
# Subtest: C1: a send on the local tier logs the rendered message and does not call the vendor
Not implemented: Window's getComputedStyle() method: with pseudo-elements
Not implemented: Window's getComputedStyle() method: with pseudo-elements
Not implemented: Window's getComputedStyle() method: with pseudo-elements
  duration_ms: 0.068958
ok 7 - with a key and nobody signed in: 401, and the vendor is never called
  ---
  ---
  duration_ms: 15.032458
  duration_ms: 11.914917
  type: 'test'
  ---
ok 7 - C1: a send on the local tier logs the rendered message and does not call the vendor
  duration_ms: 0.246792
  ---
  duration_ms: 1.319958
  type: 'test'
  type: 'test'
  ...
  ...
  type: 'test'
# Using the user object as returned from supabase.auth.getSession() or from some supabase.auth.onAuthStateChange() events could be insecure! This value comes directly from the storage medium (usually cookies on the server) and may not be authentic. Use supabase.auth.getUser() instead which authenticates the data by contacting the Supabase Auth server.
# [billing] webhook.rejected {
Not implemented: Window's getComputedStyle() method: with pseudo-elements
#   reason: 'No signatures found matching the expected signature for payload. Are you passing the raw request body you received from Stripe? \\n' +
ok 7 - C1: an admin procedure refuses a non-admin with FORBIDDEN and serves an admin
  type: 'test'
  duration_ms: 0.766416
  ...
  type: 'test'
# Subtest: C1: production never reads a suffixed value
  ...
ok 10 - C1: production never reads a suffixed value
#     ' If a webhook request is being forwarded by a third-party tool, ensure that the exact request body, including JSON formatting and new line style, is preserved.\\n' +
# Subtest: C1: returns the user's id, email and app_metadata role from getUser
      duration_ms: 299.371458
Not implemented: Window's getComputedStyle() method: with pseudo-elements
      type: 'test'
  ---
Not implemented: Window's getComputedStyle() method: with pseudo-elements
      ...
    # Subtest: refuses production before connecting, with its URLs set
    ok 4 - refuses production before connecting, with its URLs set
      ---
  duration_ms: 0.3275
      duration_ms: 295.326625
  type: 'test'
      type: 'test'
  ...
      ...
Not implemented: Window's getComputedStyle() method: with pseudo-elements
# [api] api.fault {
    # Subtest: refuses a local URL that is not this machine, before connecting
    ok 5 - refuses a local URL that is not this machine, before connecting
      ---
#   error: {
  ...
# Subtest: C2: free text is scrubbed of addresses, credentials, JWTs and OAuth codes
Not implemented: Window's getComputedStyle() method: with pseudo-elements
ok 14 - C1: returns the user's id, email and app_metadata role from getUser
# Subtest: C2: invalid input throws Invalid naming the field, before any query
ok 6 - C2: invalid input throws Invalid naming the field, before any query
  ---
# Subtest: with a key and a user: the call reaches the vendor and is logged with the user's id
  duration_ms: 0.578625
ok 8 - with a key and a user: the call reaches the vendor and is logged with the user's id
  ---
      duration_ms: 312.285291
  duration_ms: 27.332542
      type: 'test'
  type: 'test'
      ...
  ...
  ...
# Subtest: fixtures answer anyone, without asking who is signed in
# Subtest: C1: a dashboard template on the local tier logs its id and variable names, not their values
ok 9 - fixtures answer anyone, without asking who is signed in
Not implemented: Window's getComputedStyle() method: with pseudo-elements
Not implemented: Window's getComputedStyle() method: with pseudo-elements
ok 8 - C1: a dashboard template on the local tier logs its id and variable names, not their values
Not implemented: Window's getComputedStyle() method: with pseudo-elements
  ---
ok 12 - C2: free text is scrubbed of addresses, credentials, JWTs and OAuth codes
  duration_ms: 0.119292
    # Subtest: refuses a malformed tier
  ---
  duration_ms: 0.172458
  type: 'test'
  ...
# Subtest: C2: an error's message and stack are scrubbed on the printed line
  ---
  type: 'test'
ok 13 - C2: an error's message and stack are scrubbed on the printed line
  duration_ms: 0.060917
  type: 'test'
  ...
  ---
#     '\\n' +
  duration_ms: 0.151
  ---
  type: 'test'
  ...
# Subtest: C2: secret-named values in free text follow the key rule, in every common form
  ---
  duration_ms: 0.849958
  type: 'test'
  ...
# Subtest: C1: a user without a known app_metadata role is a user; user_metadata is never read
Not implemented: Window's getComputedStyle() method: with pseudo-elements
Not implemented: Window's getComputedStyle() method: with pseudo-elements
ok 14 - C2: secret-named values in free text follow the key rule, in every common form
#     'Learn more about webhook signing and explore webhook integration examples for various frameworks at https://docs.stripe.com/webhooks/signature\\n'
  ...
  duration_ms: 34.276584
# Subtest: C1: the local tier needs no key
  type: 'test'
  ...
  type: 'test'
# Subtest: a body the gate refuses is 400, before any model is called
#     name: 'Error',
ok 15 - C1: a user without a known app_metadata role is a user; user_metadata is never read
#     message: 'Failed query: select "id", "body", "created_at", "updated_at" from "notes" where "notes"."id" = $1 limit $2\\n' +
  ---
  ---
#       'params: 00000000-0000-4000-8000-0000000000aa,1',
#     stack: 'Error: Failed query: select "id", "body", "created_at", "updated_at" from "notes" where "notes"."id" = $1 limit $2\\n' +
#       'params: 00000000-0000-4000-8000-0000000000aa,1\\n' +
#       '    at PreparedQuery.queryWithCache (file://./node_modules/drizzle-orm/pg-core/session.js:41:15)\\n' +
# }
# [billing] webhook.rejected {
#   reason: 'No signatures found matching the expected signature for payload. Are you passing the raw request body you received from Stripe? \\n' +
    ok 6 - refuses a malformed tier
#     ' If a webhook request is being forwarded by a third-party tool, ensure that the exact request body, including JSON formatting and new line style, is preserved.\\n' +
      ---
#     '\\n' +
      duration_ms: 314.229667
#     'Learn more about webhook signing and explore webhook integration examples for various frameworks at https://docs.stripe.com/webhooks/signature\\n'
      type: 'test'
# }
# [billing] webhook.rejected { reason: 'no stripe-signature header' }
# [billing] webhook.unconfigured {
ok 9 - C1: the local tier needs no key
# Subtest: C1: the suffix grammar names each form
Not implemented: Window's getComputedStyle() method: with pseudo-elements
      ...
  duration_ms: 2.444375
ok 10 - a body the gate refuses is 400, before any model is called
  ---
  type: 'test'
  duration_ms: 1.057833
  ...
  type: 'test'
# Subtest: C2: prose, versions and error codes survive the scrub
  ...
  ...
#   reason: 'STRIPE_WEBHOOK_SECRET is unset for this tier (STRIPE_WEBHOOK_SECRET_LOCAL off a deployment)'
# Subtest: an error that is no domain error is not turned into one
  ---
ok 11 - C1: the suffix grammar names each form
  duration_ms: 0.108209
  ---
  type: 'test'
  ...
    1..6
  duration_ms: 0.379792
ok 8 - db:local:reset
  type: 'test'
  ...
  ---
# }
  duration_ms: 2110.332916
# [billing] webhook.processed { eventId: 'evt_replayed', eventType: 'checkout.session.completed' }
  type: 'suite'
# [billing] webhook.duplicate { eventId: 'evt_replayed', eventType: 'checkout.session.completed' }
  ...
# Subtest: C1: refuses when getUser returns an error, even with a user beside it
Not implemented: Window's getComputedStyle() method: with pseudo-elements
ok 16 - C1: refuses when getUser returns an error, even with a user beside it
# Subtest: C1: the switch defaults to local, never production, and names itself when wrong
Not implemented: Window's getComputedStyle() method: with pseudo-elements
ok 12 - C1: the switch defaults to local, never production, and names itself when wrong
Not implemented: Window's getComputedStyle() method: with pseudo-elements
ok 15 - C2: prose, versions and error codes survive the scrub
# [billing] webhook.in_flight { eventId: 'evt_busy', eventType: 'checkout.session.completed' }
  ---
# [billing] webhook.processed { eventId: 'evt_sub', eventType: 'customer.subscription.deleted' }
  duration_ms: 0.277708
# [billing] webhook.processed { eventId: 'evt_cs', eventType: 'checkout.session.completed' }
ok 7 - an error that is no domain error is not turned into one
  duration_ms: 0.098375
  ---
  ---
  duration_ms: 0.385792
  type: 'test'
  ---
  ...
1..7
# tests 7
# Subtest: nonLoopbackBindings
# suites 0
# pass 7
  type: 'test'
# Subtest: no key on a hosted tier is 503, naming nothing about the configuration
  ...
ok 11 - no key on a hosted tier is 503, naming nothing about the configuration
# Subtest: C1: staging and production call the vendor once, with the brand's sender and reply-to
  type: 'test'
ok 10 - C1: staging and production call the vendor once, with the brand's sender and reply-to
  ...
    # Subtest: names every interface and a specific LAN address
# Subtest: outside a deployment the site URL is localhost, whatever is configured
    ok 1 - names every interface and a specific LAN address
ok 13 - outside a deployment the site URL is localhost, whatever is configured
Not implemented: Window's getComputedStyle() method: with pseudo-elements
      ---
Not implemented: Window's getComputedStyle() method: with pseudo-elements
      duration_ms: 1.502792
Not implemented: Window's getComputedStyle() method: with pseudo-elements
      type: 'test'
Not implemented: Window's getComputedStyle() method: with pseudo-elements
      ...
  duration_ms: 0.120875
  ---
  ---
  type: 'test'
  ...
# Subtest: C2: scrubbing a long run without a match stays linear
ok 16 - C2: scrubbing a long run without a match stays linear
#       '    at async file://./node_modules/drizzle-orm/pg-proxy/session.js:80:33\\n' +
  ---
#       '    at async file://./node_modules/drizzle-orm/pg-proxy/session.js:75:20\\n' +
  duration_ms: 8.765875
# [billing] webhook.ignored { eventId: 'evt_other', eventType: 'invoice.paid' }
  type: 'test'
# fail 0
  ...
# cancelled 0
  ---
# Subtest: C1: an invalid Date is logged, never thrown
# skipped 0
ok 17 - C1: an invalid Date is logged, never thrown
# todo 0
  ---
# duration_ms 455.375625
Not implemented: Window's getComputedStyle() method: with pseudo-elements
  duration_ms: 0.281041
#       '    at async file://./packages/services/src/notes/notes.ts:66:21\\n' +
  type: 'test'
# [billing] webhook.ignored { eventId: 'evt_proto', eventType: 'constructor' }
  ...
  duration_ms: 0.160625
# Subtest: C1: a dashboard template is sent by its id, and EMAIL_FROM replaces the brand's address
    # Subtest: passes loopback-only bindings
ok 11 - C1: a dashboard template is sent by its id, and EMAIL_FROM replaces the brand's address
    ok 2 - passes loopback-only bindings
  ---
Not implemented: Window's getComputedStyle() method: with pseudo-elements
      ---
#       '    at async guarded (file://./packages/services/src/notes/notes.ts:33:12)\\n' +
# [billing] webhook.handler_failed {
  duration_ms: 0.150375
#       '    at async resolveMiddleware (file://./node_modules/@trpc/server/dist/initTRPC-B259os3T.mjs:203:17)\\n' +
  type: 'test'
#       '    at async callRecursive (file://./node_modules/@trpc/server/dist/initTRPC-B259os3T.mjs:238:10)\\n' +
#       '    at async callRecursive (file://./node_modules/@trpc/server/dist/initTRPC-B259os3T.mjs:238:10)\\n' +
#       '    at async callRecursive (file://./node_modules/@trpc/server/dist/initTRPC-B259os3T.mjs:238:10)\\n' +
  duration_ms: 0.102125
#       '    at async file://./packages/api/src/trpc.ts:38:18',
  type: 'test'
  ...
  ...
# Subtest: C1: staging without a key refuses to send, naming the variable
# Subtest: C1: a forged session cookie is refused when Supabase cannot fetch its user
ok 12 - C1: staging without a key refuses to send, naming the variable
ok 17 - C1: a forged session cookie is refused when Supabase cannot fetch its user
  ---
  duration_ms: 0.282875
      duration_ms: 0.07825
  duration_ms: 1.448
  duration_ms: 0.737292
Not implemented: Window's getComputedStyle() method: with pseudo-elements
#   eventId: 'evt_flaky',
Not implemented: Window's getComputedStyle() method: with pseudo-elements
#   eventType: 'checkout.session.completed',
Not implemented: Window's getComputedStyle() method: with pseudo-elements
Not implemented: Window's getComputedStyle() method: with pseudo-elements
  ---
#     cause: {
Not implemented: Window's getComputedStyle() method: with pseudo-elements
  duration_ms: 15.502583
  type: 'test'
      type: 'test'
  ...
      ...
    1..2
Not implemented: Window's getComputedStyle() method: with pseudo-elements
  type: 'test'
  type: 'test'
  type: 'test'
#       name: 'Error',
  ...
1..17
# Subtest: C1: the same cookie passes once Supabase returns its user, with the role from that answer
# tests 17
  ...
ok 18 - C1: the same cookie passes once Supabase returns its user, with the role from that answer
# Subtest: C1: a vendor error is thrown, not swallowed
ok 13 - C1: a vendor error is thrown, not swallowed
  type: 'test'
  ---
# suites 0
#   error: {
  ---
  duration_ms: 1.390792
  ...
#     name: 'Error',
  duration_ms: 0.157583
# pass 17
  type: 'test'
# fail 0
  ...
# cancelled 0
#       message: 'relation "notes" does not exist',
# skipped 0
#       stack: 'Error: relation "notes" does not exist\\n' +
# todo 0
  ...
ok 9 - nonLoopbackBindings
# Subtest: past the per-user window a vendor call is 429, before any model is called; the window then reopens
  ---
  duration_ms: 2.990334
  type: 'suite'
  ...
# Subtest: runtime takes the transaction pooler on a hosted tier
ok 10 - runtime takes the transaction pooler on a hosted tier
# Subtest: maskAddress keeps the first letter and the domain only
  ---
ok 14 - maskAddress keeps the first letter and the domain only
  duration_ms: 0.7465
  ---
  type: 'test'
  duration_ms: 0.048917
  ...
ok 12 - past the per-user window a vendor call is 429, before any model is called; the window then reopens
  ---
  type: 'test'
# Subtest: in a deployment the configured URL is used, without a trailing slash
  duration_ms: 11.913292
  type: 'test'
ok 14 - in a deployment the configured URL is used, without a trailing slash
#     message: 'synthetic failure',
  ...
#     stack: 'Error: synthetic failure\\n' +
# Subtest: C1: a deployment left on the local tier neither sends nor logs the body
#       '    at checkout.session.completed (file://./apps/web/lib/billing/webhook/handle.test.ts:69:46)\\n' +
#       '    at handleStripeWebhook (file://./apps/web/lib/billing/webhook/handle.ts:125:11)\\n' +
Not implemented: Window's getComputedStyle() method: with pseudo-elements
ok 15 - C1: a deployment left on the local tier neither sends nor logs the body
# duration_ms 105.60575
  ---
  duration_ms: 0.351667
  type: 'test'
#         '    at file://./packages/api/src/errors.test.ts:148:22\\n' +
# Subtest: migrations take the session pooler on a hosted tier
#         '    at file://./packages/api/src/test-helpers.ts:83:20\\n' +
  type: 'test'
  ...
  ...
# Subtest: C1: a send logs its Resend id and recipient count, never the address or body
# Subtest: C1: the mirror is called once per user per process, and again after a refusal, a failure or an email change
ok 16 - C1: a send logs its Resend id and recipient count, never the address or body
  ---
#         '    at file://./node_modules/drizzle-orm/pg-proxy/session.js:81:24\\n' +
ok 19 - C1: the mirror is called once per user per process, and again after a refusal, a failure or an email change
  ---
Not implemented: Window's getComputedStyle() method: with pseudo-elements
Not implemented: Window's getComputedStyle() method: with pseudo-elements
Not implemented: Window's getComputedStyle() method: with pseudo-elements
#         '    at PreparedQuery.queryWithCache (file://./node_modules/drizzle-orm/pg-core/session.js:39:22)\\n' +
Not implemented: Window's getComputedStyle() method: with pseudo-elements
#         '    at file://./node_modules/drizzle-orm/pg-proxy/session.js:80:44\\n' +
Not implemented: Window's getComputedStyle() method: with pseudo-elements
  duration_ms: 0.34475
Not implemented: Window's getComputedStyle() method: with pseudo-elements
ok 11 - migrations take the session pooler on a hosted tier
  ...
# Subtest: a body over the size cap is 413, before it is parsed
ok 13 - a body over the size cap is 413, before it is parsed
  ---
  duration_ms: 0.527417
  type: 'test'
  ...
# Subtest: C1: each fixture answers its prompt's current version on the case's model
ok 14 - C1: each fixture answers its prompt's current version on the case's model
#         '    at Object.startActiveSpan (file://./node_modules/drizzle-orm/tracing.js:8:14)\\n' +
  ---
#         '    at file://./node_modules/drizzle-orm/pg-proxy/session.js:75:33\\n' +
  duration_ms: 0.5355
#         '    at Object.startActiveSpan (file://./node_modules/drizzle-orm/tracing.js:8:14)\\n' +
  type: 'test'
  ...
#         '    at PreparedQuery.execute (file://./node_modules/drizzle-orm/pg-proxy/session.js:59:19)\\n' +
Not implemented: Window's getComputedStyle() method: with pseudo-elements
  duration_ms: 0.349
Not implemented: Window's getComputedStyle() method: with pseudo-elements
  ---
Not implemented: Window's getComputedStyle() method: with pseudo-elements
  duration_ms: 0.151542
Not implemented: Window's getComputedStyle() method: with pseudo-elements
  type: 'test'
Not implemented: Window's getComputedStyle() method: with pseudo-elements
  type: 'test'
Not implemented: Window's getComputedStyle() method: with pseudo-elements
Not implemented: Window's getComputedStyle() method: with pseudo-elements
# Subtest: C1: extraction returns a Zod-validated contact that passes its eval
  ---
  ...
  duration_ms: 0.461959
1..14
  type: 'test'
  type: 'test'
  ...
# Subtest: formatSender keeps a display name and address on one line
  ...
ok 15 - C1: extraction returns a Zod-validated contact that passes its eval
Not implemented: Window's getComputedStyle() method: with pseudo-elements
  ...
Not implemented: Window's getComputedStyle() method: with pseudo-elements
#       '    at async TestContext.<anonymous> (file://./apps/web/lib/billing/webhook/handle.test.ts:235:20)\\n' +
Not implemented: Window's getComputedStyle() method: with pseudo-elements
#       '    at async Test.run (node:internal/test_runner/test:1054:7)\\n' +
#         '    at file://./node_modules/drizzle-orm/pg-core/query-builders/select.js:797:30'
#       '    at async Promise.all (index 0)\\n' +
#     }
#   },
# Subtest: C1: concurrent requests for one user share one mirror call
#   path: 'notes.get'
ok 20 - C1: concurrent requests for one user share one mirror call
  ---
  duration_ms: 12.431042
#       '    at async Suite.run (node:internal/test_runner/test:1442:7)\\n' +
  ---
#       '    at async Test.processPendingSubtests (node:internal/test_runner/test:744:7)'
  duration_ms: 23.150042
#   }
ok 17 - formatSender keeps a display name and address on one line
Not implemented: Window's getComputedStyle() method: with pseudo-elements
# }
# Subtest: C2: the mapper turns each domain error into its tRPC code and keeps the message
# Subtest: the local tier is not checked beyond the scheme
ok 12 - the local tier is not checked beyond the scheme
  ---
  duration_ms: 0.39825
  type: 'test'
  ...
# Subtest: errors and descriptions never carry credentials
ok 13 - errors and descriptions never carry credentials
  ---
  ---
# tests 14
  duration_ms: 2.845417
# suites 0
  type: 'test'
# }
  ...
# [billing] webhook.processed { eventId: 'evt_flaky', eventType: 'checkout.session.completed' }
# Subtest: applyLocalAuthMirror
Not implemented: Window's getComputedStyle() method: with pseudo-elements
    # Subtest: refuses a non-loopback host before connecting
Not implemented: Window's getComputedStyle() method: with pseudo-elements
  type: 'test'
Not implemented: Window's getComputedStyle() method: with pseudo-elements
  ...
Not implemented: Window's getComputedStyle() method: with pseudo-elements
# Subtest: C1: an extraction answer that breaks the schema is refused
Not implemented: Window's getComputedStyle() method: with pseudo-elements
ok 16 - C1: an extraction answer that breaks the schema is refused
  duration_ms: 0.103834
  ---
ok 8 - C2: the mapper turns each domain error into its tRPC code and keeps the message
  duration_ms: 2.398667
  ---
  type: 'test'
    ok 1 - refuses a non-loopback host before connecting
# pass 14
# fail 0
# cancelled 0
# skipped 0
# todo 0
  ...
# Subtest: C1: the one-shot generate returns a summary that passes its eval
ok 17 - C1: the one-shot generate returns a summary that passes its eval
  ---
  duration_ms: 2.280625
Not implemented: Window's getComputedStyle() method: with pseudo-elements
  type: 'test'
# duration_ms 92.287292
  ...
  type: 'test'
# Subtest: C1: the chat streams a UI message response that passes its eval
  ...
ok 18 - C1: the chat streams a UI message response that passes its eval
1..17
  ---
  duration_ms: 39.265292
  type: 'test'
  type: 'test'
  ...
# Subtest: C2: no key on the local tier replays every fixture and never calls the vendor
  ...
ok 19 - C2: no key on the local tier replays every fixture and never calls the vendor
      ---
# Subtest: C1: an anonymous or refused request never reaches the mirror
ok 21 - C1: an anonymous or refused request never reaches the mirror
  ---
Not implemented: Window's getComputedStyle() method: with pseudo-elements
  duration_ms: 15.932083
  type: 'test'
# [billing] webhook.ledger_failed {
  ...
#   eventId: 'evt_nodb',
# Subtest: C2: with a key, the same call goes to the vendor (the stand-in sees it)
#   eventType: 'checkout.session.completed',
#   error: {
  duration_ms: 0.59325
#     name: 'Error',
# tests 17
  ---
  duration_ms: 0.200958
  type: 'test'
      duration_ms: 5.675208
ok 20 - C2: with a key, the same call goes to the vendor (the stand-in sees it)
  type: 'test'
  ...
  ---
# Subtest: C2: a service's domain error leaves a procedure as its tRPC code
  duration_ms: 5.759041
  ...
  type: 'test'
  ...
Not implemented: Window's getComputedStyle() method: with pseudo-elements
Not implemented: Window's getComputedStyle() method: with pseudo-elements
Not implemented: Window's getComputedStyle() method: with pseudo-elements
# Subtest: C2: no key in a deployment or on a hosted tier throws, and never replays a fixture
#     message: 'synthetic: database unreachable',
ok 21 - C2: no key in a deployment or on a hosted tier throws, and never replays a fixture
# Subtest: a sign-in on localhost lands back on localhost, at next
  ---
# suites 0
  duration_ms: 0.409959
# pass 17
  type: 'test'
ok 22 - a sign-in on localhost lands back on localhost, at next
  ...
ok 9 - C2: a service's domain error leaves a procedure as its tRPC code
# fail 0
# cancelled 0
# skipped 0
# todo 0
      type: 'test'
# duration_ms 94.684583
      ...
    # Subtest: passes the host check on loopback and only then connects
    ok 2 - passes the host check on loopback and only then connects
      ---
      duration_ms: 2.64
# Subtest: with a key, the request names the case's model, its effort, the output cap and the versioned prompt
      type: 'test'
ok 22 - with a key, the request names the case's model, its effort, the output cap and the versioned prompt
      ...
  ---
    1..2
  duration_ms: 0.555834
ok 14 - applyLocalAuthMirror
#     stack: 'Error: synthetic: database unreachable\\n' +
#       '    at Object.claim (file://./apps/web/lib/billing/webhook/handle.test.ts:263:15)\\n' +
#       '    at handleStripeWebhook (file://./apps/web/lib/billing/webhook/handle.ts:110:31)\\n' +
  type: 'test'
#       '    at async TestContext.<anonymous> (file://./apps/web/lib/billing/webhook/handle.test.ts:266:20)\\n' +
Not implemented: Window's getComputedStyle() method: with pseudo-elements
#       '    at async Test.run (node:internal/test_runner/test:1054:7)\\n' +
Not implemented: Window's getComputedStyle() method: with pseudo-elements
Not implemented: Window's getComputedStyle() method: with pseudo-elements
Not implemented: Window's getComputedStyle() method: with pseudo-elements
  ---
  ...
  ---
#       '    at async Suite.processPendingSubtests (node:internal/test_runner/test:744:7)'
  duration_ms: 8.450458
#   },
#   step: 'claim'
# }
  duration_ms: 17.161583
# Subtest: C1: an unverified webhook is rejected and a replay is ignored
Not implemented: Window's getComputedStyle() method: with pseudo-elements
    # Subtest: a signature made with another secret is rejected before anything is read or written
Not implemented: Window's getComputedStyle() method: with pseudo-elements
    ok 1 - a signature made with another secret is rejected before anything is read or written
  type: 'test'
      ---
      duration_ms: 2.771917
      type: 'test'
  ---
  duration_ms: 9.782125
  ...
# Subtest: C2: over HTTP, a note row-level security withholds is NOT_FOUND (404)
ok 10 - C2: over HTTP, a note row-level security withholds is NOT_FOUND (404)
Not implemented: Window's getComputedStyle() method: with pseudo-elements
  type: 'suite'
      ...
# Subtest: next that leaves the origin becomes /
  ---
  duration_ms: 6.737125
  type: 'test'
  ...
# Subtest: C2: over HTTP, a policy's refusal is FORBIDDEN (403) and a unique violation CONFLICT (409)
ok 23 - next that leaves the origin becomes /
ok 11 - C2: over HTTP, a policy's refusal is FORBIDDEN (403) and a unique violation CONFLICT (409)
  ---
  ---
  duration_ms: 3.000708
Not implemented: Window's getComputedStyle() method: with pseudo-elements
    # Subtest: a body changed after signing is rejected
Not implemented: Window's getComputedStyle() method: with pseudo-elements
    ok 2 - a body changed after signing is rejected
  type: 'test'
  type: 'test'
  ...
# Subtest: C2: over HTTP, input that fails its validator is BAD_REQUEST (400) with the failed fields
Not implemented: Window's getComputedStyle() method: with pseudo-elements
  ...
Not implemented: Window's getComputedStyle() method: with pseudo-elements
  ...
Not implemented: Window's getComputedStyle() method: with pseudo-elements
1..22
Not implemented: Window's getComputedStyle() method: with pseudo-elements
  duration_ms: 0.19025
  type: 'test'
  ...
# Subtest: the callback URL is on the site's origin and carries next only when it is a path
Not implemented: Window's getComputedStyle() method: with pseudo-elements
ok 24 - the callback URL is on the site's origin and carries next only when it is a path
Not implemented: Window's getComputedStyle() method: with pseudo-elements
  ---
ok 12 - C2: over HTTP, input that fails its validator is BAD_REQUEST (400) with the failed fields
# tests 22
# suites 0
# pass 22
Not implemented: Window's getComputedStyle() method: with pseudo-elements
Not implemented: Window's getComputedStyle() method: with pseudo-elements
  ---
# Subtest: isLoopbackHost
# fail 0
  duration_ms: 1.628084
      ---
  type: 'test'
  ...
# Subtest: C2: a fault is INTERNAL_SERVER_ERROR (500) and neither its message nor its stack leaves the server
      duration_ms: 0.507666
      type: 'test'
# cancelled 0
      ...
ok 13 - C2: a fault is INTERNAL_SERVER_ERROR (500) and neither its message nor its stack leaves the server
    # Subtest: a delivery with no signature header is rejected
  ---
  duration_ms: 4.264875
    ok 3 - a delivery with no signature header is rejected
      ---
  type: 'test'
Not implemented: Window's getComputedStyle() method: with pseudo-elements
  ...
1..13
# tests 13
# suites 0
# pass 13
# fail 0
      duration_ms: 0.267958
# skipped 0
Not implemented: Window's getComputedStyle() method: with pseudo-elements
# todo 0
# duration_ms 296.879917
      type: 'test'
      ...
    # Subtest: a replayed event id is acknowledged and its handler does not run again
    ok 4 - a replayed event id is acknowledged and its handler does not run again
  duration_ms: 0.100417
  type: 'test'
  ...
# @supabase/ssr: chunked cookie decoded to invalid JSON, treating as absent. This usually indicates that cookie chunks from different writes were combined (e.g. response committed before all Set-Cookie headers were sent).
# cancelled 0
      ---
# @supabase/ssr: chunked cookie decoded to invalid JSON, treating as absent. This usually indicates that cookie chunks from different writes were combined (e.g. response committed before all Set-Cookie headers were sent).
# @supabase/ssr: chunked cookie decoded to invalid JSON, treating as absent. This usually indicates that cookie chunks from different writes were combined (e.g. response committed before all Set-Cookie headers were sent).
# Subtest: C2: on the local stack, updateSession deletes every staging session cookie and nothing else
ok 25 - C2: on the local stack, updateSession deletes every staging session cookie and nothing else
  ---
  duration_ms: 16.852208
  type: 'test'
  ...
    # Subtest: accepts localhost, 127.0.0.0/8 and ::1
    ok 1 - accepts localhost, 127.0.0.0/8 and ::1
      ---
# skipped 0
Not implemented: Window's getComputedStyle() method: with pseudo-elements
# todo 0
# duration_ms 590.645084
Not implemented: Window's getComputedStyle() method: with pseudo-elements
      duration_ms: 0.758208
      duration_ms: 0.686917
      type: 'test'
Not implemented: Window's getComputedStyle() method: with pseudo-elements
Not implemented: Window's getComputedStyle() method: with pseudo-elements
Not implemented: Window's getComputedStyle() method: with pseudo-elements
Not implemented: Window's getComputedStyle() method: with pseudo-elements
# Subtest: C2: the project's own cookies are never purged
ok 26 - C2: the project's own cookies are never purged
  ---
      ...
    # Subtest: refuses every other host, including look-alikes
    ok 2 - refuses every other host, including look-alikes
      type: 'test'
Not implemented: Window's getComputedStyle() method: with pseudo-elements
Not implemented: Window's getComputedStyle() method: with pseudo-elements
  duration_ms: 0.87975
Not implemented: Window's getComputedStyle() method: with pseudo-elements
Not implemented: Window's getComputedStyle() method: with pseudo-elements
Not implemented: Window's getComputedStyle() method: with pseudo-elements
      ---
Not implemented: Window's getComputedStyle() method: with pseudo-elements
Not implemented: Window's getComputedStyle() method: with pseudo-elements
Not implemented: Window's getComputedStyle() method: with pseudo-elements
Not implemented: Window's getComputedStyle() method: with pseudo-elements
Not implemented: Window's getComputedStyle() method: with pseudo-elements
      duration_ms: 0.076792
  type: 'test'
  ...
      ...
Not implemented: Window's getComputedStyle() method: with pseudo-elements
# Subtest: C2: switching back to staging purges the local stack's cookies
ok 27 - C2: switching back to staging purges the local stack's cookies
  ---
  duration_ms: 0.469625
  type: 'test'
  ...
# Subtest: C2: with no foreign cookie, nothing is written
ok 28 - C2: with no foreign cookie, nothing is written
  ---
  duration_ms: 0.3305
  type: 'test'
  ...
Not implemented: Window's getComputedStyle() method: with pseudo-elements
Not implemented: Window's getComputedStyle() method: with pseudo-elements
Not implemented: Window's getComputedStyle() method: with pseudo-elements
Not implemented: Window's getComputedStyle() method: with pseudo-elements
Not implemented: Window's getComputedStyle() method: with pseudo-elements
Not implemented: Window's getComputedStyle() method: with pseudo-elements
Not implemented: Window's getComputedStyle() method: with pseudo-elements
Not implemented: Window's getComputedStyle() method: with pseudo-elements
Not implemented: Window's getComputedStyle() method: with pseudo-elements
Not implemented: Window's getComputedStyle() method: with pseudo-elements
Not implemented: Window's getComputedStyle() method: with pseudo-elements
Not implemented: Window's getComputedStyle() method: with pseudo-elements
Not implemented: Window's getComputedStyle() method: with pseudo-elements
Not implemented: Window's getComputedStyle() method: with pseudo-elements
Not implemented: Window's getComputedStyle() method: with pseudo-elements
Not implemented: Window's getComputedStyle() method: with pseudo-elements
Not implemented: Window's getComputedStyle() method: with pseudo-elements
      type: 'test'
    # Subtest: an event another delivery is still handling gets a retryable non-2xx
      ...
    # Subtest: isLoopbackUrl reads the URL's host and refuses an unparseable URL
    ok 3 - isLoopbackUrl reads the URL's host and refuses an unparseable URL
      ---
      duration_ms: 2.22575
    ok 5 - an event another delivery is still handling gets a retryable non-2xx
      type: 'test'
      ...
    1..3
ok 15 - isLoopbackHost
  ---
      ---
      duration_ms: 0.677833
Not implemented: Window's getComputedStyle() method: with pseudo-elements
Not implemented: Window's getComputedStyle() method: with pseudo-elements
  duration_ms: 3.524375
  type: 'suite'
  ...
# Subtest: the bridge accepts a UUID user and a known role
ok 16 - the bridge accepts a UUID user and a known role
# Subtest: C2: the purge reads every cookie form Supabase writes
Not implemented: Window's getComputedStyle() method: with pseudo-elements
Not implemented: Window's getComputedStyle() method: with pseudo-elements
ok 29 - C2: the purge reads every cookie form Supabase writes
  ---
      type: 'test'
      ...
    # Subtest: with no signing secret configured nothing is verified, and Stripe is told to retry
Not implemented: Window's getComputedStyle() method: with pseudo-elements
    ok 6 - with no signing secret configured nothing is verified, and Stripe is told to retry
Not implemented: Window's getComputedStyle() method: with pseudo-elements
  duration_ms: 0.079166
  type: 'test'
  ...
# Subtest: C2: switching to a tier with no project clears every Supabase session cookie
ok 30 - C2: switching to a tier with no project clears every Supabase session cookie
  ---
  duration_ms: 0.096375
Not implemented: Window's getComputedStyle() method: with pseudo-elements
      ---
  type: 'test'
  ...
Not implemented: Window's getComputedStyle() method: with pseudo-elements
  ---
  duration_ms: 0.831208
  type: 'test'
  ...
# Subtest: the bridge refuses a partial or forged identity before any SQL
      duration_ms: 0.3465
      type: 'test'
1..30
# tests 30
# suites 0
ok 17 - the bridge refuses a partial or forged identity before any SQL
      ...
    1..6
# pass 30
Not implemented: Window's getComputedStyle() method: with pseudo-elements
# fail 0
# cancelled 0
Not implemented: Window's getComputedStyle() method: with pseudo-elements
Not implemented: Window's getComputedStyle() method: with pseudo-elements
Not implemented: Window's getComputedStyle() method: with pseudo-elements
Not implemented: Window's getComputedStyle() method: with pseudo-elements
Not implemented: Window's getComputedStyle() method: with pseudo-elements
# skipped 0
  ---
  duration_ms: 0.31
Not implemented: Window's getComputedStyle() method: with pseudo-elements
ok 1 - C1: an unverified webhook is rejected and a replay is ignored
Not implemented: Window's getComputedStyle() method: with pseudo-elements
  ---
  duration_ms: 5.967125
  type: 'suite'
  ...
# todo 0
# Subtest: C2: a signed event reaches the handler its type maps to
    # Subtest: each type goes to its own handler, and the id is recorded only after
    ok 1 - each type goes to its own handler, and the id is recorded only after
      ---
# duration_ms 306.687583
  type: 'test'
Not implemented: Window's getComputedStyle() method: with pseudo-elements
Not implemented: Window's getComputedStyle() method: with pseudo-elements
  ...
# Subtest: the schema exports tables, and none of them outside public
ok 18 - the schema exports tables, and none of them outside public
  ---
  duration_ms: 0.810125
  type: 'test'
Not implemented: Window's getComputedStyle() method: with pseudo-elements
Not implemented: Window's getComputedStyle() method: with pseudo-elements
Not implemented: Window's getComputedStyle() method: with pseudo-elements
Not implemented: Window's getComputedStyle() method: with pseudo-elements
Not implemented: Window's getComputedStyle() method: with pseudo-elements
Not implemented: Window's getComputedStyle() method: with pseudo-elements
Not implemented: Window's getComputedStyle() method: with pseudo-elements
Not implemented: Window's getComputedStyle() method: with pseudo-elements
Not implemented: Window's getComputedStyle() method: with pseudo-elements
      duration_ms: 9.177792
      type: 'test'
      ...
    1..1
ok 2 - C2: a signed event reaches the handler its type maps to
Not implemented: Window's getComputedStyle() method: with pseudo-elements
Not implemented: Window's getComputedStyle() method: with pseudo-elements
Not implemented: Window's getComputedStyle() method: with pseudo-elements
Not implemented: Window's getComputedStyle() method: with pseudo-elements
Not implemented: Window's getComputedStyle() method: with pseudo-elements
Not implemented: Window's getComputedStyle() method: with pseudo-elements
Not implemented: Window's getComputedStyle() method: with pseudo-elements
Not implemented: Window's getComputedStyle() method: with pseudo-elements
Not implemented: Window's getComputedStyle() method: with pseudo-elements
Not implemented: Window's getComputedStyle() method: with pseudo-elements
stderr | .storybook/stories.test.ts > Primitives/Display/Chart > Bars
The width(0) and height(0) of chart should be greater than 0,
  ---
  ...
# Subtest: authUsers is never exported from the schema
ok 19 - authUsers is never exported from the schema
  duration_ms: 9.397542
       please check the style of container, or the props width(100%) and height(100%),
  ---
  type: 'suite'
       or add a minWidth(0) or minHeight(undefined) or use aspect(undefined) to control the
       height and width.

stderr | .storybook/stories.test.ts > Primitives/Display/Chart > WithLegend
The width(0) and height(0) of chart should be greater than 0,
       please check the style of container, or the props width(100%) and height(100%),
  ...
# Subtest: C3: an event type with no handler is acknowledged and dispatched nowhere
    # Subtest: a 2xx, no handler runs, and the ledger is not touched
       or add a minWidth(0) or minHeight(undefined) or use aspect(undefined) to control the
  duration_ms: 0.061375
  type: 'test'
  ...
       height and width.

# Subtest: every table carries its policies beside it
ok 20 - every table carries its policies beside it
 ✓ .storybook/stories.test.ts (324 tests) 12490ms
   ✓ Catalog/Navigation/Sidebar 10/shadcn (1)
  ---
  duration_ms: 0.188708
     ✓ Default 335ms
   ✓ Catalog/Navigation/Sidebar 15/shadcn (1)
  type: 'test'
  ...
     ✓ Default 423ms

 Test Files  2 passed (2)
      Tests  329 passed (329)
    ok 1 - a 2xx, no handler runs, and the ledger is not touched
1..20
   Start at  21:00:01
   Duration  19.71s (tests 58%, transform 22%, import 10%, environment 7%, setup 3%)

      ---
      duration_ms: 1.114292
      type: 'test'
      ...
    # Subtest: a type named like an object property is not a handler
    ok 2 - a type named like an object property is not a handler
      ---
      duration_ms: 1.193709
      type: 'test'
      ...
    1..2
ok 3 - C3: an event type with no handler is acknowledged and dispatched nowhere
  ---
  duration_ms: 2.509042
  type: 'suite'
  ...
# Subtest: C4: a handler that throws gets a retryable 5xx and is not recorded
    # Subtest: the claim is released, the id is not processed, and the retry runs the handler
    ok 1 - the claim is released, the id is not processed, and the retry runs the handler
      ---
      duration_ms: 4.241
      type: 'test'
      ...
    # Subtest: a ledger that cannot be written is retryable too
    ok 2 - a ledger that cannot be written is retryable too
      ---
      duration_ms: 1.774542
      type: 'test'
      ...
    1..2
ok 4 - C4: a handler that throws gets a retryable 5xx and is not recorded
  ---
  duration_ms: 6.105
  type: 'suite'
  ...
# Subtest: a build without SENTRY_AUTH_TOKEN skips the upload and names no credential
ok 5 - a build without SENTRY_AUTH_TOKEN skips the upload and names no credential
  ---
  duration_ms: 0.540083
  type: 'test'
  ...
# Subtest: a local build with a token still skips the upload
ok 6 - a local build with a token still skips the upload
  ---
  duration_ms: 0.0765
  type: 'test'
  ...
# Subtest: a deployment with the token, org and project uploads under the commit release
ok 7 - a deployment with the token, org and project uploads under the commit release
  ---
  duration_ms: 0.070458
  type: 'test'
  ...
# Subtest: there is no tunnel route, so the app relays no one's events
ok 8 - there is no tunnel route, so the app relays no one's events
  ---
  duration_ms: 0.109209
  type: 'test'
  ...
# Subtest: on local nothing registers, though production's and staging's DSNs are set
# tests 32
# suites 5
# pass 32
# fail 0
# cancelled 0
# skipped 0
# todo 0
# duration_ms 2262.144625
ok 9 - on local nothing registers, though production's and staging's DSNs are set
  ---
  duration_ms: 0.901125
  type: 'test'
  ...
# Subtest: each tier reads only its own DSN, never production's
ok 10 - each tier reads only its own DSN, never production's
  ---
  duration_ms: 0.232209
  type: 'test'
  ...
# Subtest: a local DSN set on purpose registers
ok 11 - a local DSN set on purpose registers
  ---
  duration_ms: 0.212792
  type: 'test'
  ...
# Subtest: with a DSN, the SDK starts with every data category off and the reporter is registered
ok 12 - with a DSN, the SDK starts with every data category off and the reporter is registered
  ---
  duration_ms: 0.694958
  type: 'test'
  ...
# Subtest: every dataCollection category is set explicitly
ok 13 - every dataCollection category is set explicitly
  ---
  duration_ms: 0.081417
  type: 'test'
  ...
# Subtest: beforeSend drops cookies, body, headers and query, keeping url path and method
ok 14 - beforeSend drops cookies, body, headers and query, keeping url path and method
  ---
  duration_ms: 1.498416
  type: 'test'
  ...
# Subtest: the user is reduced to an opaque id
ok 15 - the user is reduced to an opaque id
  ---
  duration_ms: 0.113875
  type: 'test'
  ...
# Subtest: a user without an id is dropped whole
ok 16 - a user without an id is dropped whole
  ---
  duration_ms: 0.148208
  type: 'test'
  ...
# Subtest: free text is scrubbed and extra and breadcrumb data are dropped
ok 17 - free text is scrubbed and extra and breadcrumb data are dropped
  ---
  duration_ms: 0.135125
  type: 'test'
  ...
# Subtest: the input event is not mutated
ok 18 - the input event is not mutated
  ---
  duration_ms: 0.080125
  type: 'test'
  ...
# Subtest: stack frames keep their place but lose their local variables
ok 19 - stack frames keep their place but lose their local variables
  ---
  duration_ms: 0.081042
  type: 'test'
  ...
1..19
# tests 26
# suites 4
# pass 26
# fail 0
# cancelled 0
# skipped 0
# todo 0
# duration_ms 269.733

 Tasks:    12 successful, 12 total
Cached:    12 cached, 12 total
  Time:    295ms >>> FULL TURBO

