command: yarn test:tooling
exit: 0
at: 2026-10-05T00:13:26Z
head: ec8febbaccde98c9dea46ff66fd3784e3d9be6c7
tests: 118
---
TAP version 13
# Subtest: C1: import "@pem/db/client"; in packages/ui/src/zz-probe.ts fails the boundaries lint
ok 1 - C1: import "@pem/db/client"; in packages/ui/src/zz-probe.ts fails the boundaries lint
  ---
  duration_ms: 2279.984875
  type: 'test'
  ...
# Subtest: C1: import "@pem/brand/brand"; in packages/env/src/zz-probe.ts fails the boundaries lint
ok 2 - C1: import "@pem/brand/brand"; in packages/env/src/zz-probe.ts fails the boundaries lint
  ---
  duration_ms: 8.589458
  type: 'test'
  ...
# Subtest: C1: import "../../db/src/client"; in packages/env/src/zz-probe.ts fails the boundaries lint
ok 3 - C1: import "../../db/src/client"; in packages/env/src/zz-probe.ts fails the boundaries lint
  ---
  duration_ms: 13.5455
  type: 'test'
  ...
# Subtest: C1: import "@supabase/ssr"; in packages/db/src/zz-probe.ts fails the boundaries lint
ok 4 - C1: import "@supabase/ssr"; in packages/db/src/zz-probe.ts fails the boundaries lint
  ---
  duration_ms: 5.608375
  type: 'test'
  ...
# Subtest: C1: import "@supabase/supabase-js"; in apps/web/lib/zz-probe.ts fails the boundaries lint
ok 5 - C1: import "@supabase/supabase-js"; in apps/web/lib/zz-probe.ts fails the boundaries lint
  ---
  duration_ms: 6.172875
  type: 'test'
  ...
# Subtest: C1: import "@pem/auth/context"; in packages/db/src/zz-probe.ts fails the boundaries lint
ok 6 - C1: import "@pem/auth/context"; in packages/db/src/zz-probe.ts fails the boundaries lint
  ---
  duration_ms: 3.903792
  type: 'test'
  ...
# Subtest: C1: import "@pem/auth/server"; in packages/email/src/zz-probe.ts fails the boundaries lint
ok 7 - C1: import "@pem/auth/server"; in packages/email/src/zz-probe.ts fails the boundaries lint
  ---
  duration_ms: 9.201917
  type: 'test'
  ...
# Subtest: C1: import "@pem/catalog/manifest"; in apps/web/app/zz-probe.ts fails the boundaries lint
ok 8 - C1: import "@pem/catalog/manifest"; in apps/web/app/zz-probe.ts fails the boundaries lint
  ---
  duration_ms: 4.122042
  type: 'test'
  ...
# Subtest: C1: import "@pem/catalog/manifest"; in packages/ui/src/zz-probe.ts fails the boundaries lint
ok 9 - C1: import "@pem/catalog/manifest"; in packages/ui/src/zz-probe.ts fails the boundaries lint
  ---
  duration_ms: 8.121166
  type: 'test'
  ...
# Subtest: C2: @pem/env/not-exported, which its package does not export, is a resolve error with no stack
ok 10 - C2: @pem/env/not-exported, which its package does not export, is a resolve error with no stack
  ---
  duration_ms: 7.764792
  type: 'test'
  ...
# Subtest: C2: @pem/db, which its package does not export, is a resolve error with no stack
ok 11 - C2: @pem/db, which its package does not export, is a resolve error with no stack
  ---
  duration_ms: 3.983333
  type: 'test'
  ...
# Subtest: C2: import type { Tier } from "@pem/env/tier"; in packages/db/src/zz-probe.ts still passes
ok 12 - C2: import type { Tier } from "@pem/env/tier"; in packages/db/src/zz-probe.ts still passes
  ---
  duration_ms: 5.381666
  type: 'test'
  ...
# Subtest: C2: import "next-themes"; import "react"; in packages/ui/src/zz-probe.ts still passes
ok 13 - C2: import "next-themes"; import "react"; in packages/ui/src/zz-probe.ts still passes
  ---
  duration_ms: 10.048084
  type: 'test'
  ...
# Subtest: C2: import "@supabase/ssr"; import "@supabase/supabase-js"; import "@pem/db/rls"; import "@pem/observability/logger"; in packages/auth/src/zz-probe.ts still passes
ok 14 - C2: import "@supabase/ssr"; import "@supabase/supabase-js"; import "@pem/db/rls"; import "@pem/observability/logger"; in packages/auth/src/zz-probe.ts still passes
  ---
  duration_ms: 9.416792
  type: 'test'
  ...
# Subtest: C2: import "@pem/auth/server"; in apps/web/lib/zz-probe.ts still passes
ok 15 - C2: import "@pem/auth/server"; in apps/web/lib/zz-probe.ts still passes
  ---
  duration_ms: 9.3675
  type: 'test'
  ...
# Subtest: C2: import "@pem/ui/button"; in packages/catalog/src/zz-probe.ts still passes
ok 16 - C2: import "@pem/ui/button"; in packages/catalog/src/zz-probe.ts still passes
  ---
  duration_ms: 11.594542
  type: 'test'
  ...
# Subtest: C2: import "@pem/ui/button"; import "@pem/ui/styles/globals.css"; import "@pem/brand/assets/logo.svg"; import "@/app/layout"; in apps/web/app/zz-probe.ts still passes
ok 17 - C2: import "@pem/ui/button"; import "@pem/ui/styles/globals.css"; import "@pem/brand/assets/logo.svg"; import "@/app/layout"; in apps/web/app/zz-probe.ts still passes
  ---
  duration_ms: 10.852417
  type: 'test'
  ...
# Subtest: C2: states are derived from the tree: storied, planned and link-only, and --write makes STATUS.md current
ok 18 - C2: states are derived from the tree: storied, planned and link-only, and --write makes STATUS.md current
  ---
  duration_ms: 8.712417
  type: 'test'
  ...
# Subtest: C2: a component with no story is present, and fails its ticket
ok 19 - C2: a component with no story is present, and fails its ticket
  ---
  duration_ms: 3.935833
  type: 'test'
  ...
# Subtest: C2: a planned entry fails its ticket, and a ticket with no entries is named
ok 20 - C2: a planned entry fails its ticket, and a ticket with no entries is named
  ---
  duration_ms: 5.415708
  type: 'test'
  ...
# Subtest: C2: a wrong title, a missing or wrong tag, and missing provenance are each named
ok 21 - C2: a wrong title, a missing or wrong tag, and missing provenance are each named
  ---
  duration_ms: 2.732792
  type: 'test'
  ...
# Subtest: C2: a component story with no manifest entry is an orphan
ok 22 - C2: a component story with no manifest entry is an orphan
  ---
  duration_ms: 2.818334
  type: 'test'
  ...
# Subtest: C2: a stale STATUS.md fails until it is rewritten
ok 23 - C2: a stale STATUS.md fails until it is rewritten
  ---
  duration_ms: 2.989417
  type: 'test'
  ...
# Subtest: C2: a malformed entry is named: unknown source, kind outside KINDS, a block in the kit, a path off the layout
ok 24 - C2: a malformed entry is named: unknown source, kind outside KINDS, a block in the kit, a path off the layout
  ---
  duration_ms: 0.499541
  type: 'test'
  ...
# Subtest: C2: a conflicting or negated tag anywhere in the story, and a licence unlike the source's, are each named (batch review B3)
ok 25 - C2: a conflicting or negated tag anywhere in the story, and a licence unlike the source's, are each named (batch review B3)
  ---
  duration_ms: 6.40025
  type: 'test'
  ...
# Subtest: C5: a client chunk holding a server-only sentinel fails, naming the variable and the chunk
ok 26 - C5: a client chunk holding a server-only sentinel fails, naming the variable and the chunk
  ---
  duration_ms: 353.273708
  type: 'test'
  ...
# Subtest: C5: no build output fails
ok 27 - C5: no build output fails
  ---
  duration_ms: 239.834292
  type: 'test'
  ...
# Subtest: C5: clean client chunks pass
ok 28 - C5: clean client chunks pass
  ---
  duration_ms: 108.5445
  type: 'test'
  ...
# Subtest: C5: a scan with no sentinel named is refused
ok 29 - C5: a scan with no sentinel named is refused
  ---
  duration_ms: 210.588958
  type: 'test'
  ...
# Subtest: the plan plants server-only names from .env.example and turbo.json, and fails on drift, naming it
ok 30 - the plan plants server-only names from .env.example and turbo.json, and fails on drift, naming it
  ---
  duration_ms: 126.991417
  type: 'test'
  ...
# Subtest: a pending entry that now exists is stale
ok 31 - a pending entry that now exists is stale
  ---
  duration_ms: 861.964666
  type: 'test'
  ...
# Subtest: a git-ignored pending entry is machine-local and never stale
ok 32 - a git-ignored pending entry is machine-local and never stale
  ---
  duration_ms: 438.437958
  type: 'test'
  ...
# Subtest: C1: a present module missing a listed file fails, naming the module and the file
ok 33 - C1: a present module missing a listed file fails, naming the module and the file
  ---
  duration_ms: 367.755167
  type: 'test'
  ...
# Subtest: C2: a removed module with a leftover file, variable or dependency fails, naming each leftover
ok 34 - C2: a removed module with a leftover file, variable or dependency fails, naming each leftover
  ---
  duration_ms: 543.232291
  type: 'test'
  ...
# Subtest: C2: a clean removal passes, and near-miss names are not leftovers
ok 35 - C2: a clean removal passes, and near-miss names are not leftovers
  ---
  duration_ms: 126.892959
  type: 'test'
  ...
# Subtest: C3: a locked module marked removed fails
ok 36 - C3: a locked module marked removed fails
  ---
  duration_ms: 235.576084
  type: 'test'
  ...
# Subtest: C4: an entry missing any of files, env, dependencies, boundaries, locked or runbook fails, naming the field
ok 37 - C4: an entry missing any of files, env, dependencies, boundaries, locked or runbook fails, naming the field
  ---
  duration_ms: 285.379667
  type: 'test'
  ...
# Subtest: C5: a runbook path that does not exist fails, naming the path
ok 38 - C5: a runbook path that does not exist fails, naming the path
  ---
  duration_ms: 276.686458
  type: 'test'
  ...
# Subtest: C1: a conforming tree passes
ok 39 - C1: a conforming tree passes
  ---
  duration_ms: 17.83425
  type: 'test'
  ...
# Subtest: C1: a stray top-level folder fails, naming it
ok 40 - C1: a stray top-level folder fails, naming it
  ---
  duration_ms: 10.856459
  type: 'test'
  ...
# Subtest: C1: an unknown kind fails, naming it
ok 41 - C1: an unknown kind fails, naming it
  ---
  duration_ms: 8.420542
  type: 'test'
  ...
# Subtest: C1: a component folder without <name>.tsx fails, naming it
ok 42 - C1: a component folder without <name>.tsx fails, naming it
  ---
  duration_ms: 6.4655
  type: 'test'
  ...
# Subtest: C1: a component folder without index.ts fails, naming it
ok 43 - C1: a component folder without index.ts fails, naming it
  ---
  duration_ms: 10.56075
  type: 'test'
  ...
# Subtest: C1: a cva() in the component file fails, naming the file
ok 44 - C1: a cva() in the component file fails, naming the file
  ---
  duration_ms: 9.007375
  type: 'test'
  ...
# Subtest: C1: an export whose target is missing fails, naming the export
ok 45 - C1: an export whose target is missing fails, naming the export
  ---
  duration_ms: 19.587875
  type: 'test'
  ...
# Subtest: review S1: cva in a second file of the folder fails; a comment naming cva() passes
ok 46 - review S1: cva in a second file of the folder fails; a comment naming cva() passes
  ---
  duration_ms: 66.197375
  type: 'test'
  ...
# Subtest: review S3: a primitive with copy.ts fails
ok 47 - review S3: a primitive with copy.ts fails
  ---
  duration_ms: 5.318792
  type: 'test'
  ...
# Subtest: review S3: a primitive importing a composed component fails
ok 48 - review S3: a primitive importing a composed component fails
  ---
  duration_ms: 14.04375
  type: 'test'
  ...
# Subtest: review N6: conditional exports resolve; a wildcard export fails
ok 49 - review N6: conditional exports resolve; a wildcard export fails
  ---
  duration_ms: 28.385541
  type: 'test'
  ...
# Subtest: review N7: the command exits 1 and names the path
ok 50 - review N7: the command exits 1 and names the path
  ---
  duration_ms: 200.878292
  type: 'test'
  ...
# Subtest: STK-23 C1: a missing kind folder fails, naming it
ok 51 - STK-23 C1: a missing kind folder fails, naming it
  ---
  duration_ms: 5.615041
  type: 'test'
  ...
# Subtest: STK-23 C1: a kind folder without README.md fails, naming it
ok 52 - STK-23 C1: a kind folder without README.md fails, naming it
  ---
  duration_ms: 5.839625
  type: 'test'
  ...
# Subtest: STK-23 C1: an AGENTS.md kinds table that differs from KINDS fails
ok 53 - STK-23 C1: an AGENTS.md kinds table that differs from KINDS fails
  ---
  duration_ms: 4.1775
  type: 'test'
  ...
# Subtest: STK-23 review: a primitive may import another primitive, and a story may import anything
ok 54 - STK-23 review: a primitive may import another primitive, and a story may import anything
  ---
  duration_ms: 4.683
  type: 'test'
  ...
# Subtest: a merged as-built is immutable except applied:
ok 55 - a merged as-built is immutable except applied:
  ---
  duration_ms: 7784.074292
  type: 'test'
  ...
# Subtest: A9 commit-msg: an agent branch needs a work-id; another branch does not
ok 56 - A9 commit-msg: an agent branch needs a work-id; another branch does not
  ---
  duration_ms: 2432.049292
  type: 'test'
  ...
# Subtest: A9 pre-commit: staging a hand-edited results.json is refused
ok 57 - A9 pre-commit: staging a hand-edited results.json is refused
  ---
  duration_ms: 2415.114958
  type: 'test'
  ...
# Subtest: A4 contract:init allocates sequential ids, from the template, then starts with every criterion FAIL
ok 58 - A4 contract:init allocates sequential ids, from the template, then starts with every criterion FAIL
  ---
  duration_ms: 2729.162666
  type: 'test'
  ...
# Subtest: the protected branch refuses a start; the operator picks the work branch
ok 59 - the protected branch refuses a start; the operator picks the work branch
  ---
  duration_ms: 1131.349583
  type: 'test'
  ...
# Subtest: parallel tickets: a second item starts on the same branch while the first is open
ok 60 - parallel tickets: a second item starts on the same branch while the first is open
  ---
  duration_ms: 3362.8055
  type: 'test'
  ...
# Subtest: parallel tickets: another ticket's uncommitted file does not block a run, its own does
ok 61 - parallel tickets: another ticket's uncommitted file does not block a run, its own does
  ---
  duration_ms: 4038.83725
  type: 'test'
  ...
# Subtest: parallel tickets: another ticket's commit leaves this ticket's proof fresh
ok 62 - parallel tickets: another ticket's commit leaves this ticket's proof fresh
  ---
  duration_ms: 4481.007417
  type: 'test'
  ...
# Subtest: stacking: a dependent ticket starts on the same branch once its predecessor is built, before any as-built or review
ok 63 - stacking: a dependent ticket starts on the same branch once its predecessor is built, before any as-built or review
  ---
  duration_ms: 4305.437208
  type: 'test'
  ...
# Subtest: a dependency that has not started refuses the start
ok 64 - a dependency that has not started refuses the start
  ---
  duration_ms: 1282.270333
  type: 'test'
  ...
# Subtest: A6: a cited file not approved, or holding a BLOCKING marker, is refused; a plain open marker is listed
ok 65 - A6: a cited file not approved, or holding a BLOCKING marker, is refused; a plain open marker is listed
  ---
  duration_ms: 2915.786709
  type: 'test'
  ...
# Subtest: PR-15 tiers: code is tier 1 with no reviewer; contract:tier 2 adds the review, and a lower tier drops it
ok 66 - PR-15 tiers: code is tier 1 with no reviewer; contract:tier 2 adds the review, and a lower tier drops it
  ---
  duration_ms: 4931.733334
  type: 'test'
  ...
# Subtest: PR-15: check-specs warns on a ticket still closing, and fails it only with --strict
ok 67 - PR-15: check-specs warns on a ticket still closing, and fails it only with --strict
  ---
  duration_ms: 3214.589291
  type: 'test'
  ...
# Subtest: Vigil 9 and 10, tier 2 epic ticket: pre-flight gates the start, review:run follows the as-built, truth:promote follows
ok 68 - Vigil 9 and 10, tier 2 epic ticket: pre-flight gates the start, review:run follows the as-built, truth:promote follows
  ---
  duration_ms: 13362.436958
  type: 'test'
  ...
# Subtest: a fixture reviewer's PASS does not count outside the harness
ok 69 - a fixture reviewer's PASS does not count outside the harness
  ---
  duration_ms: 4638.859459
  type: 'test'
  ...
# Subtest: a pre-flight written by the fixture reviewer does not start a ticket outside the harness
ok 70 - a pre-flight written by the fixture reviewer does not start a ticket outside the harness
  ---
  duration_ms: 1189.16
  type: 'test'
  ...
# Subtest: contract:run refuses an uncommitted tree, then records run records with HEAD and evidence hashes
ok 71 - contract:run refuses an uncommitted tree, then records run records with HEAD and evidence hashes
  ---
  duration_ms: 4952.420583
  type: 'test'
  ...
# Subtest: contract:run FAILs a test criterion whose runner matched zero tests
ok 72 - contract:run FAILs a test criterion whose runner matched zero tests
  ---
  duration_ms: 3156.6005
  type: 'test'
  ...
# Subtest: Vigil 10, one-off: init, run, as-built, status and check-specs close with nothing left
ok 73 - Vigil 10, one-off: init, run, as-built, status and check-specs close with nothing left
  ---
  duration_ms: 5648.548708
  type: 'test'
  ...
# Subtest: C1 a criterion that runs check-specs passes on a second full run, after an earlier criterion's log is rewritten
ok 74 - C1 a criterion that runs check-specs passes on a second full run, after an earlier criterion's log is rewritten
  ---
  duration_ms: 6421.714458
  type: 'test'
  ...
# Subtest: C2 a log rewritten by a newer run, not yet recorded, warns as in flight and check-specs exits 0
ok 75 - C2 a log rewritten by a newer run, not yet recorded, warns as in flight and check-specs exits 0
  ---
  duration_ms: 5112.68425
  type: 'test'
  ...
# Subtest: C3 a log edited after its run fails check-specs as changed after it was recorded, whatever its header claims
ok 76 - C3 a log edited after its run fails check-specs as changed after it was recorded, whatever its header claims
  ---
  duration_ms: 10233.659416
  type: 'test'
  ...
# Subtest: Vigil 3: an open ticket's PASS recorded at X goes stale when a planned path changes at X+1
ok 77 - Vigil 3: an open ticket's PASS recorded at X goes stale when a planned path changes at X+1
  ---
  duration_ms: 6877.534708
  type: 'test'
  ...
# Subtest: PR-16: a closed ticket's proofs are frozen; a later change to its paths does not reopen it
ok 78 - PR-16: a closed ticket's proofs are frozen; a later change to its paths does not reopen it
  ---
  duration_ms: 5538.700167
  type: 'test'
  ...
# Subtest: PR-16: operator_review adds a manual criterion; deferring it lists an operator check and still closes the ticket
ok 79 - PR-16: operator_review adds a manual criterion; deferring it lists an operator check and still closes the ticket
  ---
  duration_ms: 5717.550958
  type: 'test'
  ...
# Subtest: C1: the repo's preset passes every pair in both themes
ok 80 - C1: the repo's preset passes every pair in both themes
  ---
  duration_ms: 158.546625
  type: 'test'
  ...
# Subtest: C1: black on white measures 21:1, the WCAG maximum
ok 81 - C1: black on white measures 21:1, the WCAG maximum
  ---
  duration_ms: 143.268209
  type: 'test'
  ...
# Subtest: C1: a text pair below 4.5:1 fails and is named
ok 82 - C1: a text pair below 4.5:1 fails and is named
  ---
  duration_ms: 129.759167
  type: 'test'
  ...
# Subtest: C1: a focus ring below 3:1 fails in the theme it is set in
ok 83 - C1: a focus ring below 3:1 fails in the theme it is set in
  ---
  duration_ms: 221.02025
  type: 'test'
  ...
# Subtest: C1: see-through text is composited as the browser does
ok 84 - C1: see-through text is composited as the browser does
  ---
  duration_ms: 259.544875
  type: 'test'
  ...
# Subtest: C1: a missing token fails rather than passing silently
ok 85 - C1: a missing token fails rather than passing silently
  ---
  duration_ms: 270.798333
  type: 'test'
  ...
# Subtest: C2: every Vega colour role is a Tailwind colour, set in light and in dark
ok 86 - C2: every Vega colour role is a Tailwind colour, set in light and in dark
  ---
  duration_ms: 0.77425
  type: 'test'
  ...
# Subtest: C2: the radius steps and the four elevation levels are tokens
ok 87 - C2: the radius steps and the four elevation levels are tokens
  ---
  duration_ms: 0.108667
  type: 'test'
  ...
# Subtest: C2: the tk-motion tokens carry their values verbatim
ok 88 - C2: the tk-motion tokens carry their values verbatim
  ---
  duration_ms: 0.357584
  type: 'test'
  ...
# Subtest: C2: "px-[13px]" is rejected
ok 89 - C2: "px-[13px]" is rejected
  ---
  duration_ms: 1866.452084
  type: 'test'
  ...
# Subtest: C2: "focus-visible:ring-[3px]" is rejected
ok 90 - C2: "focus-visible:ring-[3px]" is rejected
  ---
  duration_ms: 15.93875
  type: 'test'
  ...
# Subtest: C2: "duration-[0.35s]" is rejected
ok 91 - C2: "duration-[0.35s]" is rejected
  ---
  duration_ms: 17.245417
  type: 'test'
  ...
# Subtest: C2: "ease-[cubic-bezier(0.2,0,0,1)]" is rejected
ok 92 - C2: "ease-[cubic-bezier(0.2,0,0,1)]" is rejected
  ---
  duration_ms: 11.972041
  type: 'test'
  ...
# Subtest: C2: "bg-red-500" is rejected
ok 93 - C2: "bg-red-500" is rejected
  ---
  duration_ms: 4.671583
  type: 'test'
  ...
# Subtest: C2: "dark:bg-black/10" is rejected
ok 94 - C2: "dark:bg-black/10" is rejected
  ---
  duration_ms: 4.020791
  type: 'test'
  ...
# Subtest: C2: "text-[\#ffffff]" is rejected
ok 95 - C2: "text-[\#ffffff]" is rejected
  ---
  duration_ms: 6.035625
  type: 'test'
  ...
# Subtest: C2: "bg-[oklch(0.5_0_0)]" is rejected
ok 96 - C2: "bg-[oklch(0.5_0_0)]" is rejected
  ---
  duration_ms: 5.173542
  type: 'test'
  ...
# Subtest: C2: "shadow-md" is rejected
ok 97 - C2: "shadow-md" is rejected
  ---
  duration_ms: 8.131667
  type: 'test'
  ...
# Subtest: C2: "shadow-xs" is rejected
ok 98 - C2: "shadow-xs" is rejected
  ---
  duration_ms: 7.870125
  type: 'test'
  ...
# Subtest: C2: "data-open:duration-200" is rejected
ok 99 - C2: "data-open:duration-200" is rejected
  ---
  duration_ms: 5.351375
  type: 'test'
  ...
# Subtest: C2: "ease-in" is rejected
ok 100 - C2: "ease-in" is rejected
  ---
  duration_ms: 4.56375
  type: 'test'
  ...
# Subtest: C2: "shadow-[0_8px_24px_var(--x)]" is rejected
ok 101 - C2: "shadow-[0_8px_24px_var(--x)]" is rejected
  ---
  duration_ms: 4.860792
  type: 'test'
  ...
# Subtest: C2: "p-[13px_20px]" is rejected
ok 102 - C2: "p-[13px_20px]" is rejected
  ---
  duration_ms: 3.896292
  type: 'test'
  ...
# Subtest: C2: "grid-cols-[240px_1fr]" is rejected
ok 103 - C2: "grid-cols-[240px_1fr]" is rejected
  ---
  duration_ms: 3.532166
  type: 'test'
  ...
# Subtest: C2: "[box-shadow:0_8px_24px_var(--x)]" is rejected
ok 104 - C2: "[box-shadow:0_8px_24px_var(--x)]" is rejected
  ---
  duration_ms: 3.036958
  type: 'test'
  ...
# Subtest: C2: "text-[12pt]" is rejected
ok 105 - C2: "text-[12pt]" is rejected
  ---
  duration_ms: 7.42775
  type: 'test'
  ...
# Subtest: C2: "p-[13PX]" is rejected
ok 106 - C2: "p-[13PX]" is rejected
  ---
  duration_ms: 5.012917
  type: 'test'
  ...
# Subtest: C2: "bg-[red]" is rejected
ok 107 - C2: "bg-[red]" is rejected
  ---
  duration_ms: 2.941834
  type: 'test'
  ...
# Subtest: C2: "text-[black]" is rejected
ok 108 - C2: "text-[black]" is rejected
  ---
  duration_ms: 5.441958
  type: 'test'
  ...
# Subtest: C2: "font-['Inter']" is rejected
ok 109 - C2: "font-['Inter']" is rejected
  ---
  duration_ms: 3.410958
  type: 'test'
  ...
# Subtest: C2: "data-[size=sm]:px-2 has-[>svg]:px-2.5 group-data-[orientation=vertical]:flex-col" passes
ok 110 - C2: "data-[size=sm]:px-2 has-[>svg]:px-2.5 group-data-[orientation=vertical]:flex-col" passes
  ---
  duration_ms: 4.81
  type: 'test'
  ...
# Subtest: C2: "active:not-aria-[haspopup]:translate-y-px aria-invalid:ring-destructive/20" passes
ok 111 - C2: "active:not-aria-[haspopup]:translate-y-px aria-invalid:ring-destructive/20" passes
  ---
  duration_ms: 6.81525
  type: 'test'
  ...
# Subtest: C2: "grid-rows-[auto_1fr] transition-[color,box-shadow] max-w-[80%] min-w-[14ch]" passes
ok 112 - C2: "grid-rows-[auto_1fr] transition-[color,box-shadow] max-w-[80%] min-w-[14ch]" passes
  ---
  duration_ms: 2.956833
  type: 'test'
  ...
# Subtest: C2: "w-[calc(var(--sidebar-width-icon)+(--spacing(4)))] translate-x-[calc(100%-2px)]" passes
ok 113 - C2: "w-[calc(var(--sidebar-width-icon)+(--spacing(4)))] translate-x-[calc(100%-2px)]" passes
  ---
  duration_ms: 3.141167
  type: 'test'
  ...
# Subtest: C2: "[--stack-step:0.05] h-[calc(100%-1px)] border-[1px] bg-[transparent] font-[var(--font-display)]" passes
ok 114 - C2: "[--stack-step:0.05] h-[calc(100%-1px)] border-[1px] bg-[transparent] font-[var(--font-display)]" passes
  ---
  duration_ms: 2.594792
  type: 'test'
  ...
# Subtest: C2: "shadow-resting shadow-raised shadow-overlay shadow-modal shadow-none" passes
ok 115 - C2: "shadow-resting shadow-raised shadow-overlay shadow-modal shadow-none" passes
  ---
  duration_ms: 4.266416
  type: 'test'
  ...
# Subtest: C2: "duration-(--motion-duration-base) ease-(--motion-ease-out) ease-in-out" passes
ok 116 - C2: "duration-(--motion-duration-base) ease-(--motion-ease-out) ease-in-out" passes
  ---
  duration_ms: 3.242958
  type: 'test'
  ...
# Subtest: C2: "rounded-xl rounded-4xl ring-3 bg-destructive/10 text-sidebar-accent-foreground" passes
ok 117 - C2: "rounded-xl rounded-4xl ring-3 bg-destructive/10 text-sidebar-accent-foreground" passes
  ---
  duration_ms: 2.659458
  type: 'test'
  ...
# Subtest: C2: a raw value inside cn() is reported once, and an inline style value is rejected
ok 118 - C2: a raw value inside cn() is reported once, and an inline style value is rejected
  ---
  duration_ms: 7.807625
  type: 'test'
  ...
1..118
# tests 118
# suites 0
# pass 118
# fail 0
# cancelled 0
# skipped 0
# todo 0
# duration_ms 55673.723625
