command: yarn test:tooling
exit: 0
at: 2026-10-04T20:48:19Z
head: 6b22653d62b6dda0e33add15790e41222a59bafe
tests: 54
---
TAP version 13
# Subtest: C5: a client chunk holding a server-only sentinel fails, naming the variable and the chunk
ok 1 - C5: a client chunk holding a server-only sentinel fails, naming the variable and the chunk
  ---
  duration_ms: 149.923625
  type: 'test'
  ...
# Subtest: C5: no build output fails
ok 2 - C5: no build output fails
  ---
  duration_ms: 250.272
  type: 'test'
  ...
# Subtest: C5: clean client chunks pass
ok 3 - C5: clean client chunks pass
  ---
  duration_ms: 101.551583
  type: 'test'
  ...
# Subtest: C5: a scan with no sentinel named is refused
ok 4 - C5: a scan with no sentinel named is refused
  ---
  duration_ms: 116.231333
  type: 'test'
  ...
# Subtest: the plan plants server-only names from .env.example and turbo.json, and fails on drift, naming it
ok 5 - the plan plants server-only names from .env.example and turbo.json, and fails on drift, naming it
  ---
  duration_ms: 118.028709
  type: 'test'
  ...
# Subtest: a pending entry that now exists is stale
ok 6 - a pending entry that now exists is stale
  ---
  duration_ms: 291.367166
  type: 'test'
  ...
# Subtest: a git-ignored pending entry is machine-local and never stale
ok 7 - a git-ignored pending entry is machine-local and never stale
  ---
  duration_ms: 235.690709
  type: 'test'
  ...
# Subtest: C1: a present module missing a listed file fails, naming the module and the file
ok 8 - C1: a present module missing a listed file fails, naming the module and the file
  ---
  duration_ms: 150.133417
  type: 'test'
  ...
# Subtest: C2: a removed module with a leftover file, variable or dependency fails, naming each leftover
ok 9 - C2: a removed module with a leftover file, variable or dependency fails, naming each leftover
  ---
  duration_ms: 524.591375
  type: 'test'
  ...
# Subtest: C2: a clean removal passes, and near-miss names are not leftovers
ok 10 - C2: a clean removal passes, and near-miss names are not leftovers
  ---
  duration_ms: 133.310209
  type: 'test'
  ...
# Subtest: C3: a locked module marked removed fails
ok 11 - C3: a locked module marked removed fails
  ---
  duration_ms: 106.257791
  type: 'test'
  ...
# Subtest: C4: an entry missing any of files, env, dependencies, boundaries, locked or runbook fails, naming the field
ok 12 - C4: an entry missing any of files, env, dependencies, boundaries, locked or runbook fails, naming the field
  ---
  duration_ms: 100.771416
  type: 'test'
  ...
# Subtest: C5: a runbook path that does not exist fails, naming the path
ok 13 - C5: a runbook path that does not exist fails, naming the path
  ---
  duration_ms: 107.491208
  type: 'test'
  ...
# Subtest: C1: a conforming tree passes
ok 14 - C1: a conforming tree passes
  ---
  duration_ms: 10.37875
  type: 'test'
  ...
# Subtest: C1: a stray top-level folder fails, naming it
ok 15 - C1: a stray top-level folder fails, naming it
  ---
  duration_ms: 7.284583
  type: 'test'
  ...
# Subtest: C1: an unknown kind fails, naming it
ok 16 - C1: an unknown kind fails, naming it
  ---
  duration_ms: 8.722583
  type: 'test'
  ...
# Subtest: C1: a component folder without <name>.tsx fails, naming it
ok 17 - C1: a component folder without <name>.tsx fails, naming it
  ---
  duration_ms: 4.361958
  type: 'test'
  ...
# Subtest: C1: a component folder without index.ts fails, naming it
ok 18 - C1: a component folder without index.ts fails, naming it
  ---
  duration_ms: 3.432208
  type: 'test'
  ...
# Subtest: C1: a cva() in the component file fails, naming the file
ok 19 - C1: a cva() in the component file fails, naming the file
  ---
  duration_ms: 2.949875
  type: 'test'
  ...
# Subtest: C1: an export whose target is missing fails, naming the export
ok 20 - C1: an export whose target is missing fails, naming the export
  ---
  duration_ms: 5.642583
  type: 'test'
  ...
# Subtest: review S1: cva in a second file of the folder fails; a comment naming cva() passes
ok 21 - review S1: cva in a second file of the folder fails; a comment naming cva() passes
  ---
  duration_ms: 12.268292
  type: 'test'
  ...
# Subtest: review S3: a primitive with copy.ts fails
ok 22 - review S3: a primitive with copy.ts fails
  ---
  duration_ms: 3.710084
  type: 'test'
  ...
# Subtest: review S3: a primitive importing another component fails
ok 23 - review S3: a primitive importing another component fails
  ---
  duration_ms: 2.970958
  type: 'test'
  ...
# Subtest: review N6: conditional exports resolve; a wildcard export fails
ok 24 - review N6: conditional exports resolve; a wildcard export fails
  ---
  duration_ms: 8.918833
  type: 'test'
  ...
# Subtest: review N7: the command exits 1 and names the path
ok 25 - review N7: the command exits 1 and names the path
  ---
  duration_ms: 117.156041
  type: 'test'
  ...
# Subtest: a merged as-built is immutable except applied:
ok 26 - a merged as-built is immutable except applied:
  ---
  duration_ms: 5436.893375
  type: 'test'
  ...
# Subtest: A9 commit-msg: an agent branch needs a work-id; another branch does not
ok 27 - A9 commit-msg: an agent branch needs a work-id; another branch does not
  ---
  duration_ms: 1889.472791
  type: 'test'
  ...
# Subtest: A9 pre-commit: staging a hand-edited results.json is refused
ok 28 - A9 pre-commit: staging a hand-edited results.json is refused
  ---
  duration_ms: 1941.199292
  type: 'test'
  ...
# Subtest: A4 contract:init allocates sequential ids, from the template, then starts with every criterion FAIL
ok 29 - A4 contract:init allocates sequential ids, from the template, then starts with every criterion FAIL
  ---
  duration_ms: 1578.343208
  type: 'test'
  ...
# Subtest: the protected branch refuses a start; the operator picks the work branch
ok 30 - the protected branch refuses a start; the operator picks the work branch
  ---
  duration_ms: 804.094333
  type: 'test'
  ...
# Subtest: parallel tickets: a second item starts on the same branch while the first is open
ok 31 - parallel tickets: a second item starts on the same branch while the first is open
  ---
  duration_ms: 2201.606958
  type: 'test'
  ...
# Subtest: parallel tickets: another ticket's uncommitted file does not block a run, its own does
ok 32 - parallel tickets: another ticket's uncommitted file does not block a run, its own does
  ---
  duration_ms: 3193.880458
  type: 'test'
  ...
# Subtest: parallel tickets: another ticket's commit leaves this ticket's proof fresh
ok 33 - parallel tickets: another ticket's commit leaves this ticket's proof fresh
  ---
  duration_ms: 3423.494583
  type: 'test'
  ...
# Subtest: stacking: a dependent ticket starts on the same branch once its predecessor is built, before any as-built or review
ok 34 - stacking: a dependent ticket starts on the same branch once its predecessor is built, before any as-built or review
  ---
  duration_ms: 3960.522667
  type: 'test'
  ...
# Subtest: a dependency that has not started refuses the start
ok 35 - a dependency that has not started refuses the start
  ---
  duration_ms: 1120.715667
  type: 'test'
  ...
# Subtest: A6: a cited file not approved, or holding a BLOCKING marker, is refused; a plain open marker is listed
ok 36 - A6: a cited file not approved, or holding a BLOCKING marker, is refused; a plain open marker is listed
  ---
  duration_ms: 2731.825875
  type: 'test'
  ...
# Subtest: PR-15 tiers: code is tier 1 with no reviewer; contract:tier 2 adds the review, and a lower tier drops it
ok 37 - PR-15 tiers: code is tier 1 with no reviewer; contract:tier 2 adds the review, and a lower tier drops it
  ---
  duration_ms: 4141.302084
  type: 'test'
  ...
# Subtest: PR-15: check-specs warns on a ticket still closing, and fails it only with --strict
ok 38 - PR-15: check-specs warns on a ticket still closing, and fails it only with --strict
  ---
  duration_ms: 2383.669167
  type: 'test'
  ...
# Subtest: Vigil 9 and 10, tier 2 epic ticket: pre-flight gates the start, review:run follows the as-built, truth:promote follows
ok 39 - Vigil 9 and 10, tier 2 epic ticket: pre-flight gates the start, review:run follows the as-built, truth:promote follows
  ---
  duration_ms: 11653.601291
  type: 'test'
  ...
# Subtest: a fixture reviewer's PASS does not count outside the harness
ok 40 - a fixture reviewer's PASS does not count outside the harness
  ---
  duration_ms: 4766.099334
  type: 'test'
  ...
# Subtest: a pre-flight written by the fixture reviewer does not start a ticket outside the harness
ok 41 - a pre-flight written by the fixture reviewer does not start a ticket outside the harness
  ---
  duration_ms: 1158.366292
  type: 'test'
  ...
# Subtest: contract:run refuses an uncommitted tree, then records run records with HEAD and evidence hashes
ok 42 - contract:run refuses an uncommitted tree, then records run records with HEAD and evidence hashes
  ---
  duration_ms: 3370.149
  type: 'test'
  ...
# Subtest: contract:run FAILs a test criterion whose runner matched zero tests
ok 43 - contract:run FAILs a test criterion whose runner matched zero tests
  ---
  duration_ms: 2025.0645
  type: 'test'
  ...
# Subtest: Vigil 10, one-off: init, run, as-built, status and check-specs close with nothing left
ok 44 - Vigil 10, one-off: init, run, as-built, status and check-specs close with nothing left
  ---
  duration_ms: 5297.678083
  type: 'test'
  ...
# Subtest: C1 a criterion that runs check-specs passes on a second full run, after an earlier criterion's log is rewritten
ok 45 - C1 a criterion that runs check-specs passes on a second full run, after an earlier criterion's log is rewritten
  ---
  duration_ms: 5745.550083
  type: 'test'
  ...
# Subtest: C2 a log rewritten by a newer run, not yet recorded, warns as in flight and check-specs exits 0
ok 46 - C2 a log rewritten by a newer run, not yet recorded, warns as in flight and check-specs exits 0
  ---
  duration_ms: 3459.601333
  type: 'test'
  ...
# Subtest: C3 a log edited after its run fails check-specs as changed after it was recorded, with its header kept or made older
ok 47 - C3 a log edited after its run fails check-specs as changed after it was recorded, with its header kept or made older
  ---
  duration_ms: 4746.477666
  type: 'test'
  ...
# Subtest: Vigil 3: a PASS recorded at X goes stale when a planned path changes at X+1
ok 48 - Vigil 3: a PASS recorded at X goes stale when a planned path changes at X+1
  ---
  duration_ms: 4018.996583
  type: 'test'
  ...
# Subtest: C1: the repo's preset passes every pair in both themes
ok 49 - C1: the repo's preset passes every pair in both themes
  ---
  duration_ms: 143.917375
  type: 'test'
  ...
# Subtest: C1: black on white measures 21:1, the WCAG maximum
ok 50 - C1: black on white measures 21:1, the WCAG maximum
  ---
  duration_ms: 137.097666
  type: 'test'
  ...
# Subtest: C1: a text pair below 4.5:1 fails and is named
ok 51 - C1: a text pair below 4.5:1 fails and is named
  ---
  duration_ms: 126.15075
  type: 'test'
  ...
# Subtest: C1: a focus ring below 3:1 fails in the theme it is set in
ok 52 - C1: a focus ring below 3:1 fails in the theme it is set in
  ---
  duration_ms: 98.717958
  type: 'test'
  ...
# Subtest: C1: see-through text is composited as the browser does
ok 53 - C1: see-through text is composited as the browser does
  ---
  duration_ms: 102.082917
  type: 'test'
  ...
# Subtest: C1: a missing token fails rather than passing silently
ok 54 - C1: a missing token fails rather than passing silently
  ---
  duration_ms: 148.298709
  type: 'test'
  ...
1..54
# tests 54
# suites 0
# pass 54
# fail 0
# cancelled 0
# skipped 0
# todo 0
# duration_ms 30054.316625
