command: yarn check-specs
exit: 0
at: 2026-10-04T20:59:47Z
head: ff170456b89a989ef61867485c7a4200829e6bf2
---
warn  specs/_shared/epics/STK-default-stack/tickets/STK-1-rulings-on-record/results.json: C1's PASS no longer holds: docs/decisions/changelog.md, docs/engineering/codebase-conventions.md, docs/engineering/tech-stack.md changed after it was recorded. Re-record it: yarn contract:run STK-1 C1
warn  specs/_shared/epics/STK-default-stack/tickets/STK-1-rulings-on-record/results.json: C2's PASS no longer holds: docs/decisions/changelog.md, docs/engineering/codebase-conventions.md, docs/engineering/tech-stack.md changed after it was recorded. Re-record it: yarn contract:run STK-1 C2
warn  specs/_shared/epics/STK-default-stack/tickets/STK-1-rulings-on-record/results.json: C3's PASS no longer holds: docs/decisions/changelog.md, docs/engineering/codebase-conventions.md, docs/engineering/tech-stack.md changed after it was recorded. Re-record it: yarn contract:run STK-1 C3
warn  specs/_shared/epics/STK-default-stack/tickets/STK-1-rulings-on-record/results.json: C4's PASS no longer holds: docs/decisions/changelog.md, docs/engineering/codebase-conventions.md, docs/engineering/tech-stack.md changed after it was recorded. Re-record it: yarn contract:record STK-1 C4 --evidence <path>
warn  specs/_shared/epics/STK-default-stack/tickets/STK-2-stack-manifest/results.json: C1's PASS no longer holds: tooling/lib/scratch-repo.ts changed after it was recorded. Re-record it: yarn contract:run STK-2 C1
warn  specs/_shared/epics/STK-default-stack/tickets/STK-2-stack-manifest/results.json: C2's PASS no longer holds: tooling/lib/scratch-repo.ts changed after it was recorded. Re-record it: yarn contract:run STK-2 C2
warn  specs/_shared/epics/STK-default-stack/tickets/STK-2-stack-manifest/results.json: C3's PASS no longer holds: tooling/lib/scratch-repo.ts changed after it was recorded. Re-record it: yarn contract:run STK-2 C3
warn  specs/_shared/epics/STK-default-stack/tickets/STK-2-stack-manifest/results.json: C4's PASS no longer holds: tooling/lib/scratch-repo.ts changed after it was recorded. Re-record it: yarn contract:run STK-2 C4
warn  specs/_shared/epics/STK-default-stack/tickets/STK-2-stack-manifest/results.json: C5's PASS no longer holds: tooling/lib/scratch-repo.ts changed after it was recorded. Re-record it: yarn contract:run STK-2 C5
warn  specs/_shared/epics/STK-default-stack/tickets/STK-2-stack-manifest/results.json: C6's PASS no longer holds: tooling/lib/scratch-repo.ts changed after it was recorded. Re-record it: yarn contract:run STK-2 C6
warn  specs/_shared/epics/STK-default-stack/tickets/STK-2-stack-manifest/results.json: C7's PASS no longer holds: tooling/lib/scratch-repo.ts changed after it was recorded. Re-record it: yarn contract:run STK-2 C7
warn  specs/_shared/epics/STK-default-stack/tickets/STK-3-new-project-guide/results.json: C1's PASS no longer holds: docs/runbooks/new-project.md, docs/runbooks/remove-supabase-auth.md, docs/runbooks/remove-supabase-database.md changed after it was recorded. Re-record it: yarn contract:run STK-3 C1
warn  specs/_shared/epics/STK-default-stack/tickets/STK-3-new-project-guide/results.json: C2's PASS no longer holds: docs/runbooks/new-project.md, docs/runbooks/remove-supabase-auth.md, docs/runbooks/remove-supabase-database.md changed after it was recorded. Re-record it: yarn contract:run STK-3 C2
warn  specs/_shared/epics/STK-default-stack/tickets/STK-3-new-project-guide/results.json: C3's PASS no longer holds: docs/runbooks/new-project.md, docs/runbooks/remove-supabase-auth.md, docs/runbooks/remove-supabase-database.md changed after it was recorded. Re-record it: yarn contract:run STK-3 C3
warn  specs/_shared/epics/STK-default-stack/tickets/STK-3-new-project-guide/results.json: C4's PASS no longer holds: docs/runbooks/new-project.md, docs/runbooks/remove-supabase-auth.md, docs/runbooks/remove-supabase-database.md changed after it was recorded. Re-record it: yarn contract:record STK-3 C4 --evidence <path>
warn  specs/_shared/epics/STK-default-stack/tickets/STK-3-new-project-guide/results.json: review:vigil's PASS no longer holds: docs/runbooks/new-project.md, docs/runbooks/remove-supabase-auth.md, docs/runbooks/remove-supabase-database.md changed after it was recorded. Re-record it: yarn review:run vigil STK-3
warn  specs/_shared/epics/STK-default-stack/tickets/STK-4-env-module/results.json: C1's PASS no longer holds: apps/web/next.config.ts, apps/web/package.json, docs/engineering/codebase-conventions.md and 6 more changed after it was recorded. Re-record it: yarn contract:run STK-4 C1
warn  specs/_shared/epics/STK-default-stack/tickets/STK-4-env-module/results.json: C2's PASS no longer holds: apps/web/next.config.ts, apps/web/package.json, docs/engineering/codebase-conventions.md and 6 more changed after it was recorded. Re-record it: yarn contract:run STK-4 C2
warn  specs/_shared/epics/STK-default-stack/tickets/STK-4-env-module/results.json: C3's PASS no longer holds: apps/web/next.config.ts, apps/web/package.json, docs/engineering/codebase-conventions.md and 6 more changed after it was recorded. Re-record it: yarn contract:run STK-4 C3
warn  specs/_shared/epics/STK-default-stack/tickets/STK-4-env-module/results.json: C4's PASS no longer holds: apps/web/next.config.ts, apps/web/package.json, docs/engineering/codebase-conventions.md and 6 more changed after it was recorded. Re-record it: yarn contract:run STK-4 C4
warn  specs/_shared/epics/STK-default-stack/tickets/STK-4-env-module/results.json: C5's PASS no longer holds: apps/web/next.config.ts, apps/web/package.json, docs/engineering/codebase-conventions.md and 6 more changed after it was recorded. Re-record it: yarn contract:run STK-4 C5
warn  specs/_shared/epics/STK-default-stack/tickets/STK-4-env-module/results.json: C6's PASS no longer holds: apps/web/next.config.ts, apps/web/package.json, docs/engineering/codebase-conventions.md and 6 more changed after it was recorded. Re-record it: yarn contract:run STK-4 C6
warn  specs/_shared/epics/STK-default-stack/tickets/STK-4-env-module/results.json: review:mason's PASS no longer holds: apps/web/next.config.ts, apps/web/package.json, docs/engineering/codebase-conventions.md and 8 more changed after it was recorded. Re-record it: yarn review:run mason STK-4
warn  specs/_shared/epics/STK-default-stack/tickets/STK-4-env-module/results.json: review:vigil's PASS no longer holds: apps/web/next.config.ts, apps/web/package.json, docs/engineering/codebase-conventions.md and 8 more changed after it was recorded. Re-record it: yarn review:run vigil STK-4
warn  specs/_shared/epics/STK-default-stack/tickets/STK-4-env-module/results.json: review:warden's PASS no longer holds: apps/web/next.config.ts, apps/web/package.json, docs/engineering/codebase-conventions.md and 8 more changed after it was recorded. Re-record it: yarn review:run warden STK-4
warn  specs/_shared/epics/STK-default-stack/tickets/STK-6-theme-switch/results.json: C1's PASS no longer holds: apps/docs/app/globals.css, apps/docs/app/layout.tsx, apps/web/app/globals.css and 5 more changed after it was recorded. Re-record it: yarn contract:run STK-6 C1
warn  specs/_shared/epics/STK-default-stack/tickets/STK-6-theme-switch/results.json: C2's PASS no longer holds: apps/docs/app/globals.css, apps/docs/app/layout.tsx, apps/web/app/globals.css and 5 more changed after it was recorded. Re-record it: yarn contract:run STK-6 C2
warn  specs/_shared/epics/STK-default-stack/tickets/STK-6-theme-switch/results.json: C3's PASS no longer holds: apps/docs/app/globals.css, apps/docs/app/layout.tsx, apps/web/app/globals.css and 5 more changed after it was recorded. Re-record it: yarn contract:record STK-6 C3 --evidence <path>
warn  specs/_shared/epics/STK-default-stack/tickets/STK-6-theme-switch/results.json: C4's PASS no longer holds: apps/docs/app/globals.css, apps/docs/app/layout.tsx, apps/web/app/globals.css and 5 more changed after it was recorded. Re-record it: yarn contract:record STK-6 C4 --evidence <path>
warn  specs/_shared/epics/STK-default-stack/tickets/STK-6-theme-switch/results.json: C5's PASS no longer holds: apps/docs/app/globals.css, apps/docs/app/layout.tsx, apps/web/app/globals.css and 5 more changed after it was recorded. Re-record it: yarn contract:record STK-6 C5 --evidence <path>
warn  specs/_shared/epics/STK-default-stack/tickets/STK-6-theme-switch/results.json: C6's PASS no longer holds: apps/docs/app/globals.css, apps/docs/app/layout.tsx, apps/web/app/globals.css and 5 more changed after it was recorded. Re-record it: yarn contract:record STK-6 C6 --evidence <path>
warn  specs/_shared/epics/STK-default-stack/tickets/STK-7-brand-source/results.json: C1's PASS no longer holds: docs/engineering/codebase-conventions.md, docs/engineering/tech-stack.md, docs/runbooks/new-project.md and 3 more changed after it was recorded. Re-record it: yarn contract:run STK-7 C1
warn  specs/_shared/epics/STK-default-stack/tickets/STK-7-brand-source/results.json: C2's PASS no longer holds: docs/engineering/codebase-conventions.md, docs/engineering/tech-stack.md, docs/runbooks/new-project.md and 3 more changed after it was recorded. Re-record it: yarn contract:run STK-7 C2
warn  specs/_shared/epics/STK-default-stack/tickets/STK-7-brand-source/results.json: C3's PASS no longer holds: docs/engineering/codebase-conventions.md, docs/engineering/tech-stack.md, docs/runbooks/new-project.md and 3 more changed after it was recorded. Re-record it: yarn contract:run STK-7 C3
warn  specs/_shared/epics/STK-default-stack/tickets/STK-7-brand-source/results.json: C4's PASS no longer holds: docs/engineering/codebase-conventions.md, docs/engineering/tech-stack.md, docs/runbooks/new-project.md and 3 more changed after it was recorded. Re-record it: yarn contract:record STK-7 C4 --evidence <path>
warn  specs/_shared/epics/STK-default-stack/tickets/STK-8-component-workshop/results.json: C1's PASS no longer holds: .gitignore, docs/engineering/tech-stack.md, packages/config/eslint/boundaries.js and 1 more changed after it was recorded. Re-record it: yarn contract:run STK-8 C1
warn  specs/_shared/epics/STK-default-stack/tickets/STK-8-component-workshop/results.json: C2's PASS no longer holds: .gitignore, docs/engineering/tech-stack.md, packages/config/eslint/boundaries.js and 1 more changed after it was recorded. Re-record it: yarn contract:run STK-8 C2
warn  specs/_shared/epics/STK-default-stack/tickets/STK-8-component-workshop/results.json: C3's PASS no longer holds: .gitignore, docs/engineering/tech-stack.md, packages/config/eslint/boundaries.js and 1 more changed after it was recorded. Re-record it: yarn contract:record STK-8 C3 --evidence <path>
warn  specs/_shared/epics/STK-default-stack/tickets/STK-8-component-workshop/results.json: C4's PASS no longer holds: .gitignore, docs/engineering/tech-stack.md, packages/config/eslint/boundaries.js and 1 more changed after it was recorded. Re-record it: yarn contract:record STK-8 C4 --evidence <path>
warn  specs/_shared/epics/STK-default-stack/tickets/STK-8-component-workshop/results.json: C5's PASS no longer holds: .gitignore, docs/engineering/tech-stack.md, packages/config/eslint/boundaries.js and 1 more changed after it was recorded. Re-record it: yarn contract:run STK-8 C5
warn  specs/_shared/epics/STK-default-stack/tickets/STK-9-db-package/results.json: C1's PASS no longer holds: apps/web/next.config.ts, docs/engineering/codebase-conventions.md, docs/engineering/tech-stack.md and 24 more changed after it was recorded. Re-record it: yarn contract:record STK-9 C1 --evidence <path>
warn  specs/_shared/epics/STK-default-stack/tickets/STK-9-db-package/results.json: C2's PASS no longer holds: apps/web/next.config.ts, docs/engineering/codebase-conventions.md, docs/engineering/tech-stack.md and 24 more changed after it was recorded. Re-record it: yarn contract:run STK-9 C2
warn  specs/_shared/epics/STK-default-stack/tickets/STK-9-db-package/results.json: C3's PASS no longer holds: apps/web/next.config.ts, docs/engineering/codebase-conventions.md, docs/engineering/tech-stack.md and 24 more changed after it was recorded. Re-record it: yarn contract:run STK-9 C3
warn  specs/_shared/epics/STK-default-stack/tickets/STK-9-db-package/results.json: C4's PASS no longer holds: apps/web/next.config.ts, docs/engineering/codebase-conventions.md, docs/engineering/tech-stack.md and 24 more changed after it was recorded. Re-record it: yarn contract:run STK-9 C4
warn  specs/_shared/epics/STK-default-stack/tickets/STK-9-db-package/results.json: C5's PASS no longer holds: apps/web/next.config.ts, docs/engineering/codebase-conventions.md, docs/engineering/tech-stack.md and 24 more changed after it was recorded. Re-record it: yarn contract:record STK-9 C5 --evidence <path>
warn  specs/_shared/epics/STK-default-stack/tickets/STK-9-db-package/results.json: review:mason's PASS no longer holds: apps/web/next.config.ts, docs/engineering/codebase-conventions.md, docs/engineering/tech-stack.md and 24 more changed after it was recorded. Re-record it: yarn review:run mason STK-9
warn  specs/_shared/epics/STK-default-stack/tickets/STK-9-db-package/results.json: review:vigil's PASS no longer holds: apps/web/next.config.ts, docs/engineering/codebase-conventions.md, docs/engineering/tech-stack.md and 24 more changed after it was recorded. Re-record it: yarn review:run vigil STK-9
warn  specs/_shared/epics/STK-default-stack/tickets/STK-9-db-package/results.json: review:warden's PASS no longer holds: apps/web/next.config.ts, docs/engineering/codebase-conventions.md, docs/engineering/tech-stack.md and 24 more changed after it was recorded. Re-record it: yarn review:run warden STK-9
warn  specs/_shared/epics/STK-default-stack/tickets/STK-10-db-guardrails/results.json: C1's PASS no longer holds: tooling/fixtures/specs/fail-evidence-edited-run-header-kept/case.json, tooling/fixtures/specs/fail-evidence-edited-run-header-kept/specs/web/one-offs/WEB-1-filter/contract.md, tooling/fixtures/specs/fail-evidence-edited-run-header-kept/specs/web/one-offs/WEB-1-filter/evidence/C1.log and 7 more changed after it was recorded. Re-record it: yarn contract:run STK-10 C1
warn  specs/_shared/epics/STK-default-stack/tickets/STK-10-db-guardrails/results.json: C2's PASS no longer holds: tooling/fixtures/specs/fail-evidence-edited-run-header-kept/case.json, tooling/fixtures/specs/fail-evidence-edited-run-header-kept/specs/web/one-offs/WEB-1-filter/contract.md, tooling/fixtures/specs/fail-evidence-edited-run-header-kept/specs/web/one-offs/WEB-1-filter/evidence/C1.log and 7 more changed after it was recorded. Re-record it: yarn contract:run STK-10 C2
warn  specs/_shared/epics/STK-default-stack/tickets/STK-10-db-guardrails/results.json: C3's PASS no longer holds: tooling/fixtures/specs/fail-evidence-edited-run-header-kept/case.json, tooling/fixtures/specs/fail-evidence-edited-run-header-kept/specs/web/one-offs/WEB-1-filter/contract.md, tooling/fixtures/specs/fail-evidence-edited-run-header-kept/specs/web/one-offs/WEB-1-filter/evidence/C1.log and 7 more changed after it was recorded. Re-record it: yarn contract:run STK-10 C3
warn  specs/_shared/epics/STK-default-stack/tickets/STK-10-db-guardrails/results.json: C4's PASS no longer holds: tooling/fixtures/specs/fail-evidence-edited-run-header-kept/case.json, tooling/fixtures/specs/fail-evidence-edited-run-header-kept/specs/web/one-offs/WEB-1-filter/contract.md, tooling/fixtures/specs/fail-evidence-edited-run-header-kept/specs/web/one-offs/WEB-1-filter/evidence/C1.log and 7 more changed after it was recorded. Re-record it: yarn contract:run STK-10 C4
warn  specs/_shared/epics/STK-default-stack/tickets/STK-10-db-guardrails/results.json: review:mason's PASS no longer holds: tooling/fixtures/specs/fail-evidence-edited-run-header-kept/case.json, tooling/fixtures/specs/fail-evidence-edited-run-header-kept/specs/web/one-offs/WEB-1-filter/contract.md, tooling/fixtures/specs/fail-evidence-edited-run-header-kept/specs/web/one-offs/WEB-1-filter/evidence/C1.log and 7 more changed after it was recorded. Re-record it: yarn review:run mason STK-10
warn  specs/_shared/epics/STK-default-stack/tickets/STK-10-db-guardrails/results.json: review:vigil's PASS no longer holds: tooling/fixtures/specs/fail-evidence-edited-run-header-kept/case.json, tooling/fixtures/specs/fail-evidence-edited-run-header-kept/specs/web/one-offs/WEB-1-filter/contract.md, tooling/fixtures/specs/fail-evidence-edited-run-header-kept/specs/web/one-offs/WEB-1-filter/evidence/C1.log and 7 more changed after it was recorded. Re-record it: yarn review:run vigil STK-10
warn  specs/_shared/epics/STK-default-stack/tickets/STK-10-db-guardrails/results.json: review:warden's PASS no longer holds: tooling/fixtures/specs/fail-evidence-edited-run-header-kept/case.json, tooling/fixtures/specs/fail-evidence-edited-run-header-kept/specs/web/one-offs/WEB-1-filter/contract.md, tooling/fixtures/specs/fail-evidence-edited-run-header-kept/specs/web/one-offs/WEB-1-filter/evidence/C1.log and 7 more changed after it was recorded. Re-record it: yarn review:run warden STK-10
warn  specs/_shared/epics/STK-default-stack/tickets/STK-11-local-auth-mirror/results.json: C1's PASS no longer holds: docs/engineering/tech-stack.md, toolkit.json, yarn.lock changed after it was recorded. Re-record it: yarn contract:record STK-11 C1 --evidence <path>
warn  specs/_shared/epics/STK-default-stack/tickets/STK-11-local-auth-mirror/results.json: C2's PASS no longer holds: docs/engineering/tech-stack.md, toolkit.json, yarn.lock changed after it was recorded. Re-record it: yarn contract:run STK-11 C2
warn  STK-11 has an as-built, so it is closing, but C3 (last run exited 1), C4 (not proven yet), C5 (not proven yet), review:mason (not proven yet), review:vigil (not proven yet), review:warden (not proven yet) are not PASS. Run: yarn review:run mason STK-11
warn  STK-15 has an as-built, so it is closing, but review:mason (not proven yet), review:vigil (not proven yet), review:warden (not proven yet) are not PASS. Run: yarn review:run mason STK-15
warn  specs/_shared/epics/STK-default-stack/tickets/STK-19-helpers-deploy/results.json: C1's PASS no longer holds: apps/web/next.config.ts, docs/engineering/codebase-conventions.md, package.json and 1 more changed after it was recorded. Re-record it: yarn contract:run STK-19 C1
warn  specs/_shared/epics/STK-default-stack/tickets/STK-19-helpers-deploy/results.json: C2's PASS no longer holds: apps/web/next.config.ts, docs/engineering/codebase-conventions.md, package.json and 1 more changed after it was recorded. Re-record it: yarn contract:run STK-19 C2
warn  STK-19 has an as-built, so it is closing, but C3 (not proven yet) is not PASS. Run: yarn status STK-19
warn  specs/_shared/epics/STK-default-stack/tickets/STK-22-ui-layout/results.json: C1's PASS no longer holds: docs/decisions/changelog.md, docs/engineering/codebase-conventions.md, package.json and 6 more changed after it was recorded. Re-record it: yarn contract:run STK-22 C1
warn  specs/_shared/epics/STK-default-stack/tickets/STK-22-ui-layout/results.json: C2's PASS no longer holds: docs/decisions/changelog.md, docs/engineering/codebase-conventions.md, package.json and 6 more changed after it was recorded. Re-record it: yarn contract:run STK-22 C2
warn  specs/_shared/epics/STK-default-stack/tickets/STK-22-ui-layout/results.json: C3's PASS no longer holds: docs/decisions/changelog.md, docs/engineering/codebase-conventions.md, package.json and 6 more changed after it was recorded. Re-record it: yarn contract:run STK-22 C3
warn  specs/_shared/epics/STK-default-stack/tickets/STK-22-ui-layout/results.json: C4's PASS no longer holds: docs/decisions/changelog.md, docs/engineering/codebase-conventions.md, package.json and 6 more changed after it was recorded. Re-record it: yarn contract:run STK-22 C4
warn  specs/_shared/epics/STK-default-stack/tickets/STK-22-ui-layout/results.json: C5's PASS no longer holds: docs/decisions/changelog.md, docs/engineering/codebase-conventions.md, package.json and 6 more changed after it was recorded. Re-record it: yarn contract:run STK-22 C5
warn  specs/web/one-offs/WEB-3-contract-run-in-flight/results.json: C4's PASS no longer holds: .gitignore, tooling/contract-run.test.ts, tooling/lib/specs.ts changed after it was recorded. Re-record it: yarn contract:run WEB-3 C4
warn  specs/web/one-offs/WEB-3-contract-run-in-flight/results.json: C5's PASS no longer holds: .gitignore, tooling/contract-run.test.ts, tooling/lib/specs.ts changed after it was recorded. Re-record it: yarn contract:run WEB-3 C5
check-specs — 26 fixtures behaved; specs/ is clean.
